[2025-07-09T09:49:24.275+0530][warning][gc] -XX:+PrintGCDetails is deprecated. Will use -Xlog:gc* instead.
[2025-07-09T09:49:24.281+0530][info   ][gc] Using G1
[2025-07-09T09:49:24.282+0530][info   ][gc,init] Version: 17.0.8+9-LTS-211 (release)
[2025-07-09T09:49:24.282+0530][info   ][gc,init] CPUs: 8 total, 8 available
[2025-07-09T09:49:24.282+0530][info   ][gc,init] Memory: 16384M
[2025-07-09T09:49:24.282+0530][info   ][gc,init] Large Page Support: Disabled
[2025-07-09T09:49:24.282+0530][info   ][gc,init] NUMA Support: Disabled
[2025-07-09T09:49:24.282+0530][info   ][gc,init] Compressed Oops: Enabled (Zero based)
[2025-07-09T09:49:24.282+0530][info   ][gc,init] Heap Region Size: 1M
[2025-07-09T09:49:24.282+0530][info   ][gc,init] Heap Min Capacity: 128M
[2025-07-09T09:49:24.282+0530][info   ][gc,init] Heap Initial Capacity: 128M
[2025-07-09T09:49:24.282+0530][info   ][gc,init] Heap Max Capacity: 128M
[2025-07-09T09:49:24.282+0530][info   ][gc,init] Pre-touch: Disabled
[2025-07-09T09:49:24.282+0530][info   ][gc,init] Parallel Workers: 8
[2025-07-09T09:49:24.282+0530][info   ][gc,init] Concurrent Workers: 2
[2025-07-09T09:49:24.282+0530][info   ][gc,init] Concurrent Refinement Workers: 8
[2025-07-09T09:49:24.282+0530][info   ][gc,init] Periodic GC: Disabled
[2025-07-09T09:49:24.291+0530][info   ][gc,metaspace] CDS archive(s) mapped at: [0x000000012d000000-0x000000012dbe4000-0x000000012dbe4000), size 12468224, SharedBaseAddress: 0x000000012d000000, ArchiveRelocationMode: 1.
[2025-07-09T09:49:24.291+0530][info   ][gc,metaspace] Compressed class space mapped at: 0x000000012e000000-0x000000016e000000, reserved size: 1073741824
[2025-07-09T09:49:24.291+0530][info   ][gc,metaspace] Narrow klass base: 0x000000012d000000, Narrow klass shift: 0, Narrow klass range: 0x100000000
[2025-07-09T09:49:24.335+0530][info   ][gc,heap,exit] Heap
[2025-07-09T09:49:24.335+0530][info   ][gc,heap,exit]  garbage-first heap   total 131072K, used 1926K [0x00000007f8000000, 0x0000000800000000)
[2025-07-09T09:49:24.335+0530][info   ][gc,heap,exit]   region size 1024K, 1 young (1024K), 0 survivors (0K)
[2025-07-09T09:49:24.335+0530][info   ][gc,heap,exit]  Metaspace       used 393K, committed 448K, reserved 1114112K
[2025-07-09T09:49:24.335+0530][info   ][gc,heap,exit]   class space    used 38K, committed 64K, reserved 1048576K
