[2025-07-09T09:30:29.613+0530][info][gc] Using G1
[2025-07-09T09:30:29.614+0530][info][gc,init] Version: 17.0.8+9-LTS-211 (release)
[2025-07-09T09:30:29.614+0530][info][gc,init] CPUs: 8 total, 8 available
[2025-07-09T09:30:29.614+0530][info][gc,init] Memory: 16384M
[2025-07-09T09:30:29.614+0530][info][gc,init] Large Page Support: Disabled
[2025-07-09T09:30:29.614+0530][info][gc,init] NUMA Support: Disabled
[2025-07-09T09:30:29.614+0530][info][gc,init] Compressed Oops: Enabled (Zero based)
[2025-07-09T09:30:29.614+0530][info][gc,init] Heap Region Size: 2M
[2025-07-09T09:30:29.614+0530][info][gc,init] Heap Min Capacity: 8M
[2025-07-09T09:30:29.615+0530][info][gc,init] Heap Initial Capacity: 256M
[2025-07-09T09:30:29.615+0530][info][gc,init] Heap Max Capacity: 4G
[2025-07-09T09:30:29.615+0530][info][gc,init] Pre-touch: Disabled
[2025-07-09T09:30:29.615+0530][info][gc,init] Parallel Workers: 8
[2025-07-09T09:30:29.615+0530][info][gc,init] Concurrent Workers: 2
[2025-07-09T09:30:29.615+0530][info][gc,init] Concurrent Refinement Workers: 8
[2025-07-09T09:30:29.615+0530][info][gc,init] Periodic GC: Disabled
[2025-07-09T09:30:29.622+0530][info][gc,metaspace] CDS archive(s) mapped at: [0x0000000130000000-0x0000000130be4000-0x0000000130be4000), size 12468224, SharedBaseAddress: 0x0000000130000000, ArchiveRelocationMode: 1.
[2025-07-09T09:30:29.623+0530][info][gc,metaspace] Compressed class space mapped at: 0x0000000131000000-0x0000000135000000, reserved size: 67108864
[2025-07-09T09:30:29.623+0530][info][gc,metaspace] Narrow klass base: 0x0000000130000000, Narrow klass shift: 0, Narrow klass range: 0x100000000
[2025-07-09T09:30:30.148+0530][info][gc,start    ] GC(0) Pause Young (Normal) (G1 Evacuation Pause)
[2025-07-09T09:30:30.149+0530][info][gc,task     ] GC(0) Using 6 workers of 8 for evacuation
[2025-07-09T09:30:30.152+0530][info][gc,phases   ] GC(0)   Pre Evacuate Collection Set: 0.1ms
[2025-07-09T09:30:30.152+0530][info][gc,phases   ] GC(0)   Merge Heap Roots: 0.1ms
[2025-07-09T09:30:30.152+0530][info][gc,phases   ] GC(0)   Evacuate Collection Set: 2.5ms
[2025-07-09T09:30:30.152+0530][info][gc,phases   ] GC(0)   Post Evacuate Collection Set: 0.3ms
[2025-07-09T09:30:30.152+0530][info][gc,phases   ] GC(0)   Other: 0.7ms
[2025-07-09T09:30:30.152+0530][info][gc,heap     ] GC(0) Eden regions: 11->0(22)
[2025-07-09T09:30:30.152+0530][info][gc,heap     ] GC(0) Survivor regions: 0->2(2)
[2025-07-09T09:30:30.152+0530][info][gc,heap     ] GC(0) Old regions: 0->0
[2025-07-09T09:30:30.152+0530][info][gc,heap     ] GC(0) Archive regions: 2->2
[2025-07-09T09:30:30.152+0530][info][gc,heap     ] GC(0) Humongous regions: 0->0
[2025-07-09T09:30:30.152+0530][info][gc,metaspace] GC(0) Metaspace: 8790K(9024K)->8790K(9024K) NonClass: 7744K(7872K)->7744K(7872K) Class: 1046K(1152K)->1046K(1152K)
[2025-07-09T09:30:30.152+0530][info][gc          ] GC(0) Pause Young (Normal) (G1 Evacuation Pause) 23M->5M(260M) 3.913ms
[2025-07-09T09:30:30.152+0530][info][gc,cpu      ] GC(0) User=0.02s Sys=0.00s Real=0.01s
[2025-07-09T09:30:30.437+0530][info][gc,start    ] GC(1) Pause Young (Normal) (G1 Evacuation Pause)
[2025-07-09T09:30:30.437+0530][info][gc,task     ] GC(1) Using 6 workers of 8 for evacuation
[2025-07-09T09:30:30.442+0530][info][gc,phases   ] GC(1)   Pre Evacuate Collection Set: 0.1ms
[2025-07-09T09:30:30.442+0530][info][gc,phases   ] GC(1)   Merge Heap Roots: 0.0ms
[2025-07-09T09:30:30.442+0530][info][gc,phases   ] GC(1)   Evacuate Collection Set: 4.6ms
[2025-07-09T09:30:30.442+0530][info][gc,phases   ] GC(1)   Post Evacuate Collection Set: 0.4ms
[2025-07-09T09:30:30.442+0530][info][gc,phases   ] GC(1)   Other: 0.2ms
[2025-07-09T09:30:30.442+0530][info][gc,heap     ] GC(1) Eden regions: 22->0(74)
[2025-07-09T09:30:30.442+0530][info][gc,heap     ] GC(1) Survivor regions: 2->2(3)
[2025-07-09T09:30:30.442+0530][info][gc,heap     ] GC(1) Old regions: 0->0
[2025-07-09T09:30:30.442+0530][info][gc,heap     ] GC(1) Archive regions: 2->2
[2025-07-09T09:30:30.442+0530][info][gc,heap     ] GC(1) Humongous regions: 0->0
[2025-07-09T09:30:30.442+0530][info][gc,metaspace] GC(1) Metaspace: 9051K(9408K)->9051K(9408K) NonClass: 8000K(8192K)->8000K(8192K) Class: 1050K(1216K)->1050K(1216K)
[2025-07-09T09:30:30.442+0530][info][gc          ] GC(1) Pause Young (Normal) (G1 Evacuation Pause) 49M->5M(260M) 5.544ms
[2025-07-09T09:30:30.442+0530][info][gc,cpu      ] GC(1) User=0.02s Sys=0.00s Real=0.01s
[2025-07-09T09:30:31.137+0530][info][gc,start    ] GC(2) Pause Young (Normal) (G1 Evacuation Pause)
[2025-07-09T09:30:31.137+0530][info][gc,task     ] GC(2) Using 6 workers of 8 for evacuation
[2025-07-09T09:30:31.141+0530][info][gc,phases   ] GC(2)   Pre Evacuate Collection Set: 0.1ms
[2025-07-09T09:30:31.141+0530][info][gc,phases   ] GC(2)   Merge Heap Roots: 0.0ms
[2025-07-09T09:30:31.141+0530][info][gc,phases   ] GC(2)   Evacuate Collection Set: 3.0ms
[2025-07-09T09:30:31.141+0530][info][gc,phases   ] GC(2)   Post Evacuate Collection Set: 0.4ms
[2025-07-09T09:30:31.141+0530][info][gc,phases   ] GC(2)   Other: 0.2ms
[2025-07-09T09:30:31.141+0530][info][gc,heap     ] GC(2) Eden regions: 74->0(74)
[2025-07-09T09:30:31.141+0530][info][gc,heap     ] GC(2) Survivor regions: 2->2(10)
[2025-07-09T09:30:31.141+0530][info][gc,heap     ] GC(2) Old regions: 0->0
[2025-07-09T09:30:31.141+0530][info][gc,heap     ] GC(2) Archive regions: 2->2
[2025-07-09T09:30:31.141+0530][info][gc,heap     ] GC(2) Humongous regions: 0->0
[2025-07-09T09:30:31.141+0530][info][gc,metaspace] GC(2) Metaspace: 9558K(9920K)->9558K(9920K) NonClass: 8484K(8704K)->8484K(8704K) Class: 1074K(1216K)->1074K(1216K)
[2025-07-09T09:30:31.141+0530][info][gc          ] GC(2) Pause Young (Normal) (G1 Evacuation Pause) 153M->5M(260M) 3.791ms
[2025-07-09T09:30:31.141+0530][info][gc,cpu      ] GC(2) User=0.02s Sys=0.01s Real=0.01s
[2025-07-09T09:30:31.636+0530][info][gc,start    ] GC(3) Pause Young (Normal) (G1 Evacuation Pause)
[2025-07-09T09:30:31.636+0530][info][gc,task     ] GC(3) Using 6 workers of 8 for evacuation
[2025-07-09T09:30:31.639+0530][info][gc,phases   ] GC(3)   Pre Evacuate Collection Set: 0.1ms
[2025-07-09T09:30:31.639+0530][info][gc,phases   ] GC(3)   Merge Heap Roots: 0.1ms
[2025-07-09T09:30:31.639+0530][info][gc,phases   ] GC(3)   Evacuate Collection Set: 2.6ms
[2025-07-09T09:30:31.639+0530][info][gc,phases   ] GC(3)   Post Evacuate Collection Set: 0.4ms
[2025-07-09T09:30:31.639+0530][info][gc,phases   ] GC(3)   Other: 0.1ms
[2025-07-09T09:30:31.639+0530][info][gc,heap     ] GC(3) Eden regions: 74->0(74)
[2025-07-09T09:30:31.639+0530][info][gc,heap     ] GC(3) Survivor regions: 2->2(10)
[2025-07-09T09:30:31.639+0530][info][gc,heap     ] GC(3) Old regions: 0->0
[2025-07-09T09:30:31.639+0530][info][gc,heap     ] GC(3) Archive regions: 2->2
[2025-07-09T09:30:31.639+0530][info][gc,heap     ] GC(3) Humongous regions: 0->0
[2025-07-09T09:30:31.639+0530][info][gc,metaspace] GC(3) Metaspace: 9791K(10304K)->9791K(10304K) NonClass: 8702K(9024K)->8702K(9024K) Class: 1088K(1280K)->1088K(1280K)
[2025-07-09T09:30:31.639+0530][info][gc          ] GC(3) Pause Young (Normal) (G1 Evacuation Pause) 153M->5M(260M) 3.343ms
[2025-07-09T09:30:31.639+0530][info][gc,cpu      ] GC(3) User=0.02s Sys=0.00s Real=0.00s
[2025-07-09T09:30:32.028+0530][info][gc,start    ] GC(4) Pause Young (Normal) (G1 Evacuation Pause)
[2025-07-09T09:30:32.028+0530][info][gc,task     ] GC(4) Using 6 workers of 8 for evacuation
[2025-07-09T09:30:32.031+0530][info][gc,phases   ] GC(4)   Pre Evacuate Collection Set: 0.1ms
[2025-07-09T09:30:32.032+0530][info][gc,phases   ] GC(4)   Merge Heap Roots: 0.1ms
[2025-07-09T09:30:32.032+0530][info][gc,phases   ] GC(4)   Evacuate Collection Set: 3.1ms
[2025-07-09T09:30:32.032+0530][info][gc,phases   ] GC(4)   Post Evacuate Collection Set: 0.5ms
[2025-07-09T09:30:32.032+0530][info][gc,phases   ] GC(4)   Other: 0.1ms
[2025-07-09T09:30:32.032+0530][info][gc,heap     ] GC(4) Eden regions: 74->0(74)
[2025-07-09T09:30:32.032+0530][info][gc,heap     ] GC(4) Survivor regions: 2->2(10)
[2025-07-09T09:30:32.032+0530][info][gc,heap     ] GC(4) Old regions: 0->0
[2025-07-09T09:30:32.032+0530][info][gc,heap     ] GC(4) Archive regions: 2->2
[2025-07-09T09:30:32.032+0530][info][gc,heap     ] GC(4) Humongous regions: 0->0
[2025-07-09T09:30:32.032+0530][info][gc,metaspace] GC(4) Metaspace: 9992K(10624K)->9992K(10624K) NonClass: 8888K(9280K)->8888K(9280K) Class: 1104K(1344K)->1104K(1344K)
[2025-07-09T09:30:32.032+0530][info][gc          ] GC(4) Pause Young (Normal) (G1 Evacuation Pause) 153M->4M(260M) 4.248ms
[2025-07-09T09:30:32.032+0530][info][gc,cpu      ] GC(4) User=0.02s Sys=0.01s Real=0.01s
[2025-07-09T09:30:32.378+0530][info][gc,start    ] GC(5) Pause Young (Normal) (G1 Evacuation Pause)
[2025-07-09T09:30:32.378+0530][info][gc,task     ] GC(5) Using 6 workers of 8 for evacuation
[2025-07-09T09:30:32.382+0530][info][gc,phases   ] GC(5)   Pre Evacuate Collection Set: 0.1ms
[2025-07-09T09:30:32.382+0530][info][gc,phases   ] GC(5)   Merge Heap Roots: 0.1ms
[2025-07-09T09:30:32.382+0530][info][gc,phases   ] GC(5)   Evacuate Collection Set: 2.9ms
[2025-07-09T09:30:32.382+0530][info][gc,phases   ] GC(5)   Post Evacuate Collection Set: 0.4ms
[2025-07-09T09:30:32.382+0530][info][gc,phases   ] GC(5)   Other: 0.1ms
[2025-07-09T09:30:32.382+0530][info][gc,heap     ] GC(5) Eden regions: 74->0(74)
[2025-07-09T09:30:32.382+0530][info][gc,heap     ] GC(5) Survivor regions: 2->2(10)
[2025-07-09T09:30:32.382+0530][info][gc,heap     ] GC(5) Old regions: 0->0
[2025-07-09T09:30:32.382+0530][info][gc,heap     ] GC(5) Archive regions: 2->2
[2025-07-09T09:30:32.382+0530][info][gc,heap     ] GC(5) Humongous regions: 0->0
[2025-07-09T09:30:32.382+0530][info][gc,metaspace] GC(5) Metaspace: 10189K(10944K)->10189K(10944K) NonClass: 9069K(9536K)->9069K(9536K) Class: 1119K(1408K)->1119K(1408K)
[2025-07-09T09:30:32.382+0530][info][gc          ] GC(5) Pause Young (Normal) (G1 Evacuation Pause) 152M->5M(260M) 3.700ms
[2025-07-09T09:30:32.382+0530][info][gc,cpu      ] GC(5) User=0.02s Sys=0.00s Real=0.01s
[2025-07-09T09:30:32.711+0530][info][gc,start    ] GC(6) Pause Young (Normal) (G1 Evacuation Pause)
[2025-07-09T09:30:32.711+0530][info][gc,task     ] GC(6) Using 6 workers of 8 for evacuation
[2025-07-09T09:30:32.714+0530][info][gc,phases   ] GC(6)   Pre Evacuate Collection Set: 0.1ms
[2025-07-09T09:30:32.714+0530][info][gc,phases   ] GC(6)   Merge Heap Roots: 0.1ms
[2025-07-09T09:30:32.714+0530][info][gc,phases   ] GC(6)   Evacuate Collection Set: 2.8ms
[2025-07-09T09:30:32.714+0530][info][gc,phases   ] GC(6)   Post Evacuate Collection Set: 0.5ms
[2025-07-09T09:30:32.714+0530][info][gc,phases   ] GC(6)   Other: 0.2ms
[2025-07-09T09:30:32.714+0530][info][gc,heap     ] GC(6) Eden regions: 74->0(74)
[2025-07-09T09:30:32.714+0530][info][gc,heap     ] GC(6) Survivor regions: 2->2(10)
[2025-07-09T09:30:32.714+0530][info][gc,heap     ] GC(6) Old regions: 0->0
[2025-07-09T09:30:32.714+0530][info][gc,heap     ] GC(6) Archive regions: 2->2
[2025-07-09T09:30:32.714+0530][info][gc,heap     ] GC(6) Humongous regions: 0->0
[2025-07-09T09:30:32.714+0530][info][gc,metaspace] GC(6) Metaspace: 10308K(11200K)->10308K(11200K) NonClass: 9173K(9728K)->9173K(9728K) Class: 1134K(1472K)->1134K(1472K)
[2025-07-09T09:30:32.714+0530][info][gc          ] GC(6) Pause Young (Normal) (G1 Evacuation Pause) 153M->4M(260M) 3.763ms
[2025-07-09T09:30:32.714+0530][info][gc,cpu      ] GC(6) User=0.02s Sys=0.00s Real=0.00s
[2025-07-09T09:30:33.041+0530][info][gc,start    ] GC(7) Pause Young (Normal) (G1 Evacuation Pause)
[2025-07-09T09:30:33.041+0530][info][gc,task     ] GC(7) Using 6 workers of 8 for evacuation
[2025-07-09T09:30:33.045+0530][info][gc,phases   ] GC(7)   Pre Evacuate Collection Set: 0.1ms
[2025-07-09T09:30:33.045+0530][info][gc,phases   ] GC(7)   Merge Heap Roots: 0.1ms
[2025-07-09T09:30:33.045+0530][info][gc,phases   ] GC(7)   Evacuate Collection Set: 3.3ms
[2025-07-09T09:30:33.045+0530][info][gc,phases   ] GC(7)   Post Evacuate Collection Set: 0.5ms
[2025-07-09T09:30:33.045+0530][info][gc,phases   ] GC(7)   Other: 0.2ms
[2025-07-09T09:30:33.045+0530][info][gc,heap     ] GC(7) Eden regions: 74->0(74)
[2025-07-09T09:30:33.045+0530][info][gc,heap     ] GC(7) Survivor regions: 2->2(10)
[2025-07-09T09:30:33.045+0530][info][gc,heap     ] GC(7) Old regions: 0->0
[2025-07-09T09:30:33.045+0530][info][gc,heap     ] GC(7) Archive regions: 2->2
[2025-07-09T09:30:33.045+0530][info][gc,heap     ] GC(7) Humongous regions: 0->0
[2025-07-09T09:30:33.045+0530][info][gc,metaspace] GC(7) Metaspace: 10442K(11520K)->10442K(11520K) NonClass: 9293K(9984K)->9293K(9984K) Class: 1149K(1536K)->1149K(1536K)
[2025-07-09T09:30:33.045+0530][info][gc          ] GC(7) Pause Young (Normal) (G1 Evacuation Pause) 152M->5M(260M) 4.377ms
[2025-07-09T09:30:33.045+0530][info][gc,cpu      ] GC(7) User=0.02s Sys=0.00s Real=0.00s
[2025-07-09T09:30:33.348+0530][info][gc,start    ] GC(8) Pause Young (Normal) (G1 Evacuation Pause)
[2025-07-09T09:30:33.348+0530][info][gc,task     ] GC(8) Using 6 workers of 8 for evacuation
[2025-07-09T09:30:33.353+0530][info][gc,phases   ] GC(8)   Pre Evacuate Collection Set: 0.1ms
[2025-07-09T09:30:33.353+0530][info][gc,phases   ] GC(8)   Merge Heap Roots: 0.0ms
[2025-07-09T09:30:33.353+0530][info][gc,phases   ] GC(8)   Evacuate Collection Set: 4.1ms
[2025-07-09T09:30:33.353+0530][info][gc,phases   ] GC(8)   Post Evacuate Collection Set: 0.5ms
[2025-07-09T09:30:33.353+0530][info][gc,phases   ] GC(8)   Other: 0.1ms
[2025-07-09T09:30:33.353+0530][info][gc,heap     ] GC(8) Eden regions: 74->0(74)
[2025-07-09T09:30:33.353+0530][info][gc,heap     ] GC(8) Survivor regions: 2->2(10)
[2025-07-09T09:30:33.353+0530][info][gc,heap     ] GC(8) Old regions: 0->0
[2025-07-09T09:30:33.353+0530][info][gc,heap     ] GC(8) Archive regions: 2->2
[2025-07-09T09:30:33.353+0530][info][gc,heap     ] GC(8) Humongous regions: 0->0
[2025-07-09T09:30:33.353+0530][info][gc,metaspace] GC(8) Metaspace: 10579K(11776K)->10579K(11776K) NonClass: 9414K(10176K)->9414K(10176K) Class: 1165K(1600K)->1165K(1600K)
[2025-07-09T09:30:33.353+0530][info][gc          ] GC(8) Pause Young (Normal) (G1 Evacuation Pause) 153M->5M(260M) 4.962ms
[2025-07-09T09:30:33.353+0530][info][gc,cpu      ] GC(8) User=0.02s Sys=0.00s Real=0.01s
[2025-07-09T09:30:33.640+0530][info][gc,start    ] GC(9) Pause Young (Normal) (G1 Evacuation Pause)
[2025-07-09T09:30:33.640+0530][info][gc,task     ] GC(9) Using 6 workers of 8 for evacuation
[2025-07-09T09:30:33.645+0530][info][gc,phases   ] GC(9)   Pre Evacuate Collection Set: 0.5ms
[2025-07-09T09:30:33.645+0530][info][gc,phases   ] GC(9)   Merge Heap Roots: 0.2ms
[2025-07-09T09:30:33.645+0530][info][gc,phases   ] GC(9)   Evacuate Collection Set: 3.7ms
[2025-07-09T09:30:33.645+0530][info][gc,phases   ] GC(9)   Post Evacuate Collection Set: 0.7ms
[2025-07-09T09:30:33.645+0530][info][gc,phases   ] GC(9)   Other: 0.2ms
[2025-07-09T09:30:33.645+0530][info][gc,heap     ] GC(9) Eden regions: 74->0(91)
[2025-07-09T09:30:33.645+0530][info][gc,heap     ] GC(9) Survivor regions: 2->2(10)
[2025-07-09T09:30:33.645+0530][info][gc,heap     ] GC(9) Old regions: 0->0
[2025-07-09T09:30:33.645+0530][info][gc,heap     ] GC(9) Archive regions: 2->2
[2025-07-09T09:30:33.645+0530][info][gc,heap     ] GC(9) Humongous regions: 0->0
[2025-07-09T09:30:33.645+0530][info][gc,metaspace] GC(9) Metaspace: 10653K(11968K)->10653K(11968K) NonClass: 9473K(10304K)->9473K(10304K) Class: 1180K(1664K)->1180K(1664K)
[2025-07-09T09:30:33.645+0530][info][gc          ] GC(9) Pause Young (Normal) (G1 Evacuation Pause) 153M->5M(312M) 5.399ms
[2025-07-09T09:30:33.645+0530][info][gc,cpu      ] GC(9) User=0.02s Sys=0.00s Real=0.00s
[2025-07-09T09:30:34.041+0530][info][gc,start    ] GC(10) Pause Young (Normal) (G1 Evacuation Pause)
[2025-07-09T09:30:34.042+0530][info][gc,task     ] GC(10) Using 7 workers of 8 for evacuation
[2025-07-09T09:30:34.045+0530][info][gc,phases   ] GC(10)   Pre Evacuate Collection Set: 0.1ms
[2025-07-09T09:30:34.045+0530][info][gc,phases   ] GC(10)   Merge Heap Roots: 0.1ms
[2025-07-09T09:30:34.045+0530][info][gc,phases   ] GC(10)   Evacuate Collection Set: 2.6ms
[2025-07-09T09:30:34.045+0530][info][gc,phases   ] GC(10)   Post Evacuate Collection Set: 0.5ms
[2025-07-09T09:30:34.045+0530][info][gc,phases   ] GC(10)   Other: 0.3ms
[2025-07-09T09:30:34.045+0530][info][gc,heap     ] GC(10) Eden regions: 91->0(90)
[2025-07-09T09:30:34.045+0530][info][gc,heap     ] GC(10) Survivor regions: 2->3(12)
[2025-07-09T09:30:34.045+0530][info][gc,heap     ] GC(10) Old regions: 0->0
[2025-07-09T09:30:34.045+0530][info][gc,heap     ] GC(10) Archive regions: 2->2
[2025-07-09T09:30:34.045+0530][info][gc,heap     ] GC(10) Humongous regions: 0->0
[2025-07-09T09:30:34.045+0530][info][gc,metaspace] GC(10) Metaspace: 11035K(12480K)->11035K(12480K) NonClass: 9835K(10752K)->9835K(10752K) Class: 1199K(1728K)->1199K(1728K)
[2025-07-09T09:30:34.045+0530][info][gc          ] GC(10) Pause Young (Normal) (G1 Evacuation Pause) 187M->6M(312M) 3.662ms
[2025-07-09T09:30:34.045+0530][info][gc,cpu      ] GC(10) User=0.02s Sys=0.00s Real=0.00s
[2025-07-09T09:30:34.386+0530][info][gc,start    ] GC(11) Pause Young (Normal) (G1 Evacuation Pause)
[2025-07-09T09:30:34.386+0530][info][gc,task     ] GC(11) Using 7 workers of 8 for evacuation
[2025-07-09T09:30:34.390+0530][info][gc,phases   ] GC(11)   Pre Evacuate Collection Set: 0.1ms
[2025-07-09T09:30:34.390+0530][info][gc,phases   ] GC(11)   Merge Heap Roots: 0.1ms
[2025-07-09T09:30:34.390+0530][info][gc,phases   ] GC(11)   Evacuate Collection Set: 3.1ms
[2025-07-09T09:30:34.390+0530][info][gc,phases   ] GC(11)   Post Evacuate Collection Set: 0.7ms
[2025-07-09T09:30:34.390+0530][info][gc,phases   ] GC(11)   Other: 0.1ms
[2025-07-09T09:30:34.390+0530][info][gc,heap     ] GC(11) Eden regions: 90->0(91)
[2025-07-09T09:30:34.390+0530][info][gc,heap     ] GC(11) Survivor regions: 3->2(12)
[2025-07-09T09:30:34.390+0530][info][gc,heap     ] GC(11) Old regions: 0->0
[2025-07-09T09:30:34.390+0530][info][gc,heap     ] GC(11) Archive regions: 2->2
[2025-07-09T09:30:34.390+0530][info][gc,heap     ] GC(11) Humongous regions: 0->0
[2025-07-09T09:30:34.390+0530][info][gc,metaspace] GC(11) Metaspace: 11119K(12736K)->11119K(12736K) NonClass: 9900K(10944K)->9900K(10944K) Class: 1218K(1792K)->1218K(1792K)
[2025-07-09T09:30:34.390+0530][info][gc          ] GC(11) Pause Young (Normal) (G1 Evacuation Pause) 186M->5M(312M) 4.329ms
[2025-07-09T09:30:34.390+0530][info][gc,cpu      ] GC(11) User=0.02s Sys=0.00s Real=0.01s
[2025-07-09T09:30:34.712+0530][info][gc,start    ] GC(12) Pause Young (Normal) (G1 Evacuation Pause)
[2025-07-09T09:30:34.712+0530][info][gc,task     ] GC(12) Using 7 workers of 8 for evacuation
[2025-07-09T09:30:34.716+0530][info][gc,phases   ] GC(12)   Pre Evacuate Collection Set: 0.1ms
[2025-07-09T09:30:34.716+0530][info][gc,phases   ] GC(12)   Merge Heap Roots: 0.1ms
[2025-07-09T09:30:34.716+0530][info][gc,phases   ] GC(12)   Evacuate Collection Set: 3.4ms
[2025-07-09T09:30:34.716+0530][info][gc,phases   ] GC(12)   Post Evacuate Collection Set: 0.9ms
[2025-07-09T09:30:34.716+0530][info][gc,phases   ] GC(12)   Other: 0.1ms
[2025-07-09T09:30:34.716+0530][info][gc,heap     ] GC(12) Eden regions: 91->0(91)
[2025-07-09T09:30:34.716+0530][info][gc,heap     ] GC(12) Survivor regions: 2->2(12)
[2025-07-09T09:30:34.716+0530][info][gc,heap     ] GC(12) Old regions: 0->0
[2025-07-09T09:30:34.716+0530][info][gc,heap     ] GC(12) Archive regions: 2->2
[2025-07-09T09:30:34.716+0530][info][gc,heap     ] GC(12) Humongous regions: 0->0
[2025-07-09T09:30:34.716+0530][info][gc,metaspace] GC(12) Metaspace: 11186K(12928K)->11186K(12928K) NonClass: 9948K(11072K)->9948K(11072K) Class: 1237K(1856K)->1237K(1856K)
[2025-07-09T09:30:34.717+0530][info][gc          ] GC(12) Pause Young (Normal) (G1 Evacuation Pause) 187M->4M(312M) 4.785ms
[2025-07-09T09:30:34.717+0530][info][gc,cpu      ] GC(12) User=0.02s Sys=0.00s Real=0.00s
[2025-07-09T09:30:35.119+0530][info][gc,start    ] GC(13) Pause Young (Normal) (G1 Evacuation Pause)
[2025-07-09T09:30:35.119+0530][info][gc,task     ] GC(13) Using 7 workers of 8 for evacuation
[2025-07-09T09:30:35.123+0530][info][gc,phases   ] GC(13)   Pre Evacuate Collection Set: 0.1ms
[2025-07-09T09:30:35.123+0530][info][gc,phases   ] GC(13)   Merge Heap Roots: 0.1ms
[2025-07-09T09:30:35.123+0530][info][gc,phases   ] GC(13)   Evacuate Collection Set: 2.9ms
[2025-07-09T09:30:35.123+0530][info][gc,phases   ] GC(13)   Post Evacuate Collection Set: 0.6ms
[2025-07-09T09:30:35.123+0530][info][gc,phases   ] GC(13)   Other: 0.1ms
[2025-07-09T09:30:35.123+0530][info][gc,heap     ] GC(13) Eden regions: 91->0(91)
[2025-07-09T09:30:35.123+0530][info][gc,heap     ] GC(13) Survivor regions: 2->2(12)
[2025-07-09T09:30:35.123+0530][info][gc,heap     ] GC(13) Old regions: 0->0
[2025-07-09T09:30:35.123+0530][info][gc,heap     ] GC(13) Archive regions: 2->2
[2025-07-09T09:30:35.123+0530][info][gc,heap     ] GC(13) Humongous regions: 0->0
[2025-07-09T09:30:35.123+0530][info][gc,metaspace] GC(13) Metaspace: 11270K(13312K)->11270K(13312K) NonClass: 10014K(11328K)->10014K(11328K) Class: 1256K(1984K)->1256K(1984K)
[2025-07-09T09:30:35.123+0530][info][gc          ] GC(13) Pause Young (Normal) (G1 Evacuation Pause) 186M->5M(312M) 3.885ms
[2025-07-09T09:30:35.123+0530][info][gc,cpu      ] GC(13) User=0.01s Sys=0.00s Real=0.01s
[2025-07-09T09:30:35.445+0530][info][gc,start    ] GC(14) Pause Young (Normal) (G1 Evacuation Pause)
[2025-07-09T09:30:35.445+0530][info][gc,task     ] GC(14) Using 7 workers of 8 for evacuation
[2025-07-09T09:30:35.449+0530][info][gc,phases   ] GC(14)   Pre Evacuate Collection Set: 0.1ms
[2025-07-09T09:30:35.449+0530][info][gc,phases   ] GC(14)   Merge Heap Roots: 0.1ms
[2025-07-09T09:30:35.449+0530][info][gc,phases   ] GC(14)   Evacuate Collection Set: 3.6ms
[2025-07-09T09:30:35.449+0530][info][gc,phases   ] GC(14)   Post Evacuate Collection Set: 0.5ms
[2025-07-09T09:30:35.449+0530][info][gc,phases   ] GC(14)   Other: 0.1ms
[2025-07-09T09:30:35.449+0530][info][gc,heap     ] GC(14) Eden regions: 91->0(91)
[2025-07-09T09:30:35.449+0530][info][gc,heap     ] GC(14) Survivor regions: 2->2(12)
[2025-07-09T09:30:35.449+0530][info][gc,heap     ] GC(14) Old regions: 0->0
[2025-07-09T09:30:35.449+0530][info][gc,heap     ] GC(14) Archive regions: 2->2
[2025-07-09T09:30:35.449+0530][info][gc,heap     ] GC(14) Humongous regions: 0->0
[2025-07-09T09:30:35.449+0530][info][gc,metaspace] GC(14) Metaspace: 11335K(13504K)->11335K(13504K) NonClass: 10060K(11456K)->10060K(11456K) Class: 1275K(2048K)->1275K(2048K)
[2025-07-09T09:30:35.449+0530][info][gc          ] GC(14) Pause Young (Normal) (G1 Evacuation Pause) 187M->5M(312M) 4.477ms
[2025-07-09T09:30:35.449+0530][info][gc,cpu      ] GC(14) User=0.01s Sys=0.00s Real=0.00s
[2025-07-09T09:30:35.736+0530][info][gc,start    ] GC(15) Pause Young (Normal) (G1 Evacuation Pause)
[2025-07-09T09:30:35.736+0530][info][gc,task     ] GC(15) Using 7 workers of 8 for evacuation
[2025-07-09T09:30:35.741+0530][info][gc,phases   ] GC(15)   Pre Evacuate Collection Set: 0.1ms
[2025-07-09T09:30:35.741+0530][info][gc,phases   ] GC(15)   Merge Heap Roots: 0.1ms
[2025-07-09T09:30:35.741+0530][info][gc,phases   ] GC(15)   Evacuate Collection Set: 3.6ms
[2025-07-09T09:30:35.741+0530][info][gc,phases   ] GC(15)   Post Evacuate Collection Set: 0.8ms
[2025-07-09T09:30:35.741+0530][info][gc,phases   ] GC(15)   Other: 0.1ms
[2025-07-09T09:30:35.741+0530][info][gc,heap     ] GC(15) Eden regions: 91->0(110)
[2025-07-09T09:30:35.741+0530][info][gc,heap     ] GC(15) Survivor regions: 2->2(12)
[2025-07-09T09:30:35.741+0530][info][gc,heap     ] GC(15) Old regions: 0->1
[2025-07-09T09:30:35.741+0530][info][gc,heap     ] GC(15) Archive regions: 2->2
[2025-07-09T09:30:35.741+0530][info][gc,heap     ] GC(15) Humongous regions: 0->0
[2025-07-09T09:30:35.741+0530][info][gc,metaspace] GC(15) Metaspace: 11421K(13760K)->11421K(13760K) NonClass: 10127K(11648K)->10127K(11648K) Class: 1294K(2112K)->1294K(2112K)
[2025-07-09T09:30:35.741+0530][info][gc          ] GC(15) Pause Young (Normal) (G1 Evacuation Pause) 187M->6M(376M) 4.763ms
[2025-07-09T09:30:35.741+0530][info][gc,cpu      ] GC(15) User=0.02s Sys=0.00s Real=0.01s
[2025-07-09T09:30:36.144+0530][info][gc,start    ] GC(16) Pause Young (Normal) (G1 Evacuation Pause)
[2025-07-09T09:30:36.144+0530][info][gc,task     ] GC(16) Using 8 workers of 8 for evacuation
[2025-07-09T09:30:36.146+0530][info][gc,phases   ] GC(16)   Pre Evacuate Collection Set: 0.1ms
[2025-07-09T09:30:36.146+0530][info][gc,phases   ] GC(16)   Merge Heap Roots: 0.1ms
[2025-07-09T09:30:36.146+0530][info][gc,phases   ] GC(16)   Evacuate Collection Set: 1.4ms
[2025-07-09T09:30:36.146+0530][info][gc,phases   ] GC(16)   Post Evacuate Collection Set: 0.3ms
[2025-07-09T09:30:36.146+0530][info][gc,phases   ] GC(16)   Other: 0.3ms
[2025-07-09T09:30:36.146+0530][info][gc,heap     ] GC(16) Eden regions: 110->0(110)
[2025-07-09T09:30:36.146+0530][info][gc,heap     ] GC(16) Survivor regions: 2->2(14)
[2025-07-09T09:30:36.146+0530][info][gc,heap     ] GC(16) Old regions: 1->1
[2025-07-09T09:30:36.146+0530][info][gc,heap     ] GC(16) Archive regions: 2->2
[2025-07-09T09:30:36.146+0530][info][gc,heap     ] GC(16) Humongous regions: 0->0
[2025-07-09T09:30:36.146+0530][info][gc,metaspace] GC(16) Metaspace: 12088K(14592K)->12088K(14592K) NonClass: 10771K(12416K)->10771K(12416K) Class: 1316K(2176K)->1316K(2176K)
[2025-07-09T09:30:36.146+0530][info][gc          ] GC(16) Pause Young (Normal) (G1 Evacuation Pause) 226M->6M(376M) 2.231ms
[2025-07-09T09:30:36.146+0530][info][gc,cpu      ] GC(16) User=0.01s Sys=0.00s Real=0.00s
[2025-07-09T09:30:36.568+0530][info][gc,start    ] GC(17) Pause Young (Normal) (G1 Evacuation Pause)
[2025-07-09T09:30:36.568+0530][info][gc,task     ] GC(17) Using 8 workers of 8 for evacuation
[2025-07-09T09:30:36.570+0530][info][gc,phases   ] GC(17)   Pre Evacuate Collection Set: 0.1ms
[2025-07-09T09:30:36.570+0530][info][gc,phases   ] GC(17)   Merge Heap Roots: 0.1ms
[2025-07-09T09:30:36.570+0530][info][gc,phases   ] GC(17)   Evacuate Collection Set: 1.5ms
[2025-07-09T09:30:36.570+0530][info][gc,phases   ] GC(17)   Post Evacuate Collection Set: 0.3ms
[2025-07-09T09:30:36.570+0530][info][gc,phases   ] GC(17)   Other: 0.2ms
[2025-07-09T09:30:36.570+0530][info][gc,heap     ] GC(17) Eden regions: 110->0(110)
[2025-07-09T09:30:36.570+0530][info][gc,heap     ] GC(17) Survivor regions: 2->2(14)
[2025-07-09T09:30:36.570+0530][info][gc,heap     ] GC(17) Old regions: 1->1
[2025-07-09T09:30:36.570+0530][info][gc,heap     ] GC(17) Archive regions: 2->2
[2025-07-09T09:30:36.570+0530][info][gc,heap     ] GC(17) Humongous regions: 0->0
[2025-07-09T09:30:36.570+0530][info][gc,metaspace] GC(17) Metaspace: 12156K(14912K)->12156K(14912K) NonClass: 10816K(12608K)->10816K(12608K) Class: 1340K(2304K)->1340K(2304K)
[2025-07-09T09:30:36.570+0530][info][gc          ] GC(17) Pause Young (Normal) (G1 Evacuation Pause) 226M->6M(376M) 2.283ms
[2025-07-09T09:30:36.570+0530][info][gc,cpu      ] GC(17) User=0.01s Sys=0.00s Real=0.01s
[2025-07-09T09:30:36.897+0530][info][gc,start    ] GC(18) Pause Young (Normal) (G1 Evacuation Pause)
[2025-07-09T09:30:36.897+0530][info][gc,task     ] GC(18) Using 8 workers of 8 for evacuation
[2025-07-09T09:30:36.899+0530][info][gc,phases   ] GC(18)   Pre Evacuate Collection Set: 0.1ms
[2025-07-09T09:30:36.899+0530][info][gc,phases   ] GC(18)   Merge Heap Roots: 0.1ms
[2025-07-09T09:30:36.899+0530][info][gc,phases   ] GC(18)   Evacuate Collection Set: 1.9ms
[2025-07-09T09:30:36.899+0530][info][gc,phases   ] GC(18)   Post Evacuate Collection Set: 0.3ms
[2025-07-09T09:30:36.899+0530][info][gc,phases   ] GC(18)   Other: 0.1ms
[2025-07-09T09:30:36.899+0530][info][gc,heap     ] GC(18) Eden regions: 110->0(110)
[2025-07-09T09:30:36.899+0530][info][gc,heap     ] GC(18) Survivor regions: 2->2(14)
[2025-07-09T09:30:36.899+0530][info][gc,heap     ] GC(18) Old regions: 1->2
[2025-07-09T09:30:36.899+0530][info][gc,heap     ] GC(18) Archive regions: 2->2
[2025-07-09T09:30:36.899+0530][info][gc,heap     ] GC(18) Humongous regions: 0->0
[2025-07-09T09:30:36.899+0530][info][gc,metaspace] GC(18) Metaspace: 12243K(15168K)->12243K(15168K) NonClass: 10880K(12800K)->10880K(12800K) Class: 1363K(2368K)->1363K(2368K)
[2025-07-09T09:30:36.899+0530][info][gc          ] GC(18) Pause Young (Normal) (G1 Evacuation Pause) 226M->6M(376M) 2.617ms
[2025-07-09T09:30:36.899+0530][info][gc,cpu      ] GC(18) User=0.01s Sys=0.00s Real=0.00s
[2025-07-09T09:30:37.241+0530][info][gc,start    ] GC(19) Pause Young (Normal) (G1 Evacuation Pause)
[2025-07-09T09:30:37.241+0530][info][gc,task     ] GC(19) Using 8 workers of 8 for evacuation
[2025-07-09T09:30:37.243+0530][info][gc,phases   ] GC(19)   Pre Evacuate Collection Set: 0.1ms
[2025-07-09T09:30:37.243+0530][info][gc,phases   ] GC(19)   Merge Heap Roots: 0.1ms
[2025-07-09T09:30:37.243+0530][info][gc,phases   ] GC(19)   Evacuate Collection Set: 1.6ms
[2025-07-09T09:30:37.243+0530][info][gc,phases   ] GC(19)   Post Evacuate Collection Set: 0.3ms
[2025-07-09T09:30:37.243+0530][info][gc,phases   ] GC(19)   Other: 0.2ms
[2025-07-09T09:30:37.243+0530][info][gc,heap     ] GC(19) Eden regions: 110->0(110)
[2025-07-09T09:30:37.243+0530][info][gc,heap     ] GC(19) Survivor regions: 2->2(14)
[2025-07-09T09:30:37.243+0530][info][gc,heap     ] GC(19) Old regions: 2->2
[2025-07-09T09:30:37.243+0530][info][gc,heap     ] GC(19) Archive regions: 2->2
[2025-07-09T09:30:37.243+0530][info][gc,heap     ] GC(19) Humongous regions: 0->0
[2025-07-09T09:30:37.243+0530][info][gc,metaspace] GC(19) Metaspace: 12329K(15488K)->12329K(15488K) NonClass: 10942K(12992K)->10942K(12992K) Class: 1386K(2496K)->1386K(2496K)
[2025-07-09T09:30:37.243+0530][info][gc          ] GC(19) Pause Young (Normal) (G1 Evacuation Pause) 226M->6M(376M) 2.285ms
[2025-07-09T09:30:37.243+0530][info][gc,cpu      ] GC(19) User=0.01s Sys=0.00s Real=0.00s
[2025-07-09T09:30:37.678+0530][info][gc,start    ] GC(20) Pause Young (Normal) (G1 Evacuation Pause)
[2025-07-09T09:30:37.678+0530][info][gc,task     ] GC(20) Using 8 workers of 8 for evacuation
[2025-07-09T09:30:37.680+0530][info][gc,phases   ] GC(20)   Pre Evacuate Collection Set: 0.1ms
[2025-07-09T09:30:37.680+0530][info][gc,phases   ] GC(20)   Merge Heap Roots: 0.1ms
[2025-07-09T09:30:37.680+0530][info][gc,phases   ] GC(20)   Evacuate Collection Set: 1.4ms
[2025-07-09T09:30:37.680+0530][info][gc,phases   ] GC(20)   Post Evacuate Collection Set: 0.3ms
[2025-07-09T09:30:37.680+0530][info][gc,phases   ] GC(20)   Other: 0.2ms
[2025-07-09T09:30:37.680+0530][info][gc,heap     ] GC(20) Eden regions: 110->0(110)
[2025-07-09T09:30:37.680+0530][info][gc,heap     ] GC(20) Survivor regions: 2->2(14)
[2025-07-09T09:30:37.680+0530][info][gc,heap     ] GC(20) Old regions: 2->2
[2025-07-09T09:30:37.680+0530][info][gc,heap     ] GC(20) Archive regions: 2->2
[2025-07-09T09:30:37.680+0530][info][gc,heap     ] GC(20) Humongous regions: 0->0
[2025-07-09T09:30:37.680+0530][info][gc,metaspace] GC(20) Metaspace: 12394K(15744K)->12394K(15744K) NonClass: 10985K(13184K)->10985K(13184K) Class: 1408K(2560K)->1408K(2560K)
[2025-07-09T09:30:37.680+0530][info][gc          ] GC(20) Pause Young (Normal) (G1 Evacuation Pause) 226M->6M(376M) 2.196ms
[2025-07-09T09:30:37.680+0530][info][gc,cpu      ] GC(20) User=0.01s Sys=0.01s Real=0.01s
[2025-07-09T09:30:38.194+0530][info][gc,start    ] GC(21) Pause Young (Normal) (G1 Evacuation Pause)
[2025-07-09T09:30:38.194+0530][info][gc,task     ] GC(21) Using 8 workers of 8 for evacuation
[2025-07-09T09:30:38.196+0530][info][gc,phases   ] GC(21)   Pre Evacuate Collection Set: 0.1ms
[2025-07-09T09:30:38.196+0530][info][gc,phases   ] GC(21)   Merge Heap Roots: 0.1ms
[2025-07-09T09:30:38.196+0530][info][gc,phases   ] GC(21)   Evacuate Collection Set: 1.4ms
[2025-07-09T09:30:38.196+0530][info][gc,phases   ] GC(21)   Post Evacuate Collection Set: 0.3ms
[2025-07-09T09:30:38.196+0530][info][gc,phases   ] GC(21)   Other: 0.1ms
[2025-07-09T09:30:38.196+0530][info][gc,heap     ] GC(21) Eden regions: 110->0(110)
[2025-07-09T09:30:38.196+0530][info][gc,heap     ] GC(21) Survivor regions: 2->2(14)
[2025-07-09T09:30:38.196+0530][info][gc,heap     ] GC(21) Old regions: 2->2
[2025-07-09T09:30:38.196+0530][info][gc,heap     ] GC(21) Archive regions: 2->2
[2025-07-09T09:30:38.196+0530][info][gc,heap     ] GC(21) Humongous regions: 0->0
[2025-07-09T09:30:38.196+0530][info][gc,metaspace] GC(21) Metaspace: 12464K(16000K)->12464K(16000K) NonClass: 11032K(13376K)->11032K(13376K) Class: 1431K(2624K)->1431K(2624K)
[2025-07-09T09:30:38.196+0530][info][gc          ] GC(21) Pause Young (Normal) (G1 Evacuation Pause) 226M->7M(376M) 2.190ms
[2025-07-09T09:30:38.196+0530][info][gc,cpu      ] GC(21) User=0.01s Sys=0.00s Real=0.00s
[2025-07-09T09:30:38.566+0530][info][gc,start    ] GC(22) Pause Young (Normal) (G1 Evacuation Pause)
[2025-07-09T09:30:38.566+0530][info][gc,task     ] GC(22) Using 8 workers of 8 for evacuation
[2025-07-09T09:30:38.569+0530][info][gc,phases   ] GC(22)   Pre Evacuate Collection Set: 0.1ms
[2025-07-09T09:30:38.569+0530][info][gc,phases   ] GC(22)   Merge Heap Roots: 0.1ms
[2025-07-09T09:30:38.569+0530][info][gc,phases   ] GC(22)   Evacuate Collection Set: 2.0ms
[2025-07-09T09:30:38.569+0530][info][gc,phases   ] GC(22)   Post Evacuate Collection Set: 0.4ms
[2025-07-09T09:30:38.569+0530][info][gc,phases   ] GC(22)   Other: 0.1ms
[2025-07-09T09:30:38.569+0530][info][gc,heap     ] GC(22) Eden regions: 110->0(110)
[2025-07-09T09:30:38.569+0530][info][gc,heap     ] GC(22) Survivor regions: 2->2(14)
[2025-07-09T09:30:38.569+0530][info][gc,heap     ] GC(22) Old regions: 2->2
[2025-07-09T09:30:38.569+0530][info][gc,heap     ] GC(22) Archive regions: 2->2
[2025-07-09T09:30:38.569+0530][info][gc,heap     ] GC(22) Humongous regions: 0->0
[2025-07-09T09:30:38.569+0530][info][gc,metaspace] GC(22) Metaspace: 12546K(16320K)->12546K(16320K) NonClass: 11091K(13568K)->11091K(13568K) Class: 1454K(2752K)->1454K(2752K)
[2025-07-09T09:30:38.569+0530][info][gc          ] GC(22) Pause Young (Normal) (G1 Evacuation Pause) 227M->7M(376M) 2.778ms
[2025-07-09T09:30:38.569+0530][info][gc,cpu      ] GC(22) User=0.02s Sys=0.00s Real=0.00s
[2025-07-09T09:30:38.925+0530][info][gc,start    ] GC(23) Pause Young (Normal) (G1 Evacuation Pause)
[2025-07-09T09:30:38.925+0530][info][gc,task     ] GC(23) Using 8 workers of 8 for evacuation
[2025-07-09T09:30:38.927+0530][info][gc,phases   ] GC(23)   Pre Evacuate Collection Set: 0.1ms
[2025-07-09T09:30:38.927+0530][info][gc,phases   ] GC(23)   Merge Heap Roots: 0.1ms
[2025-07-09T09:30:38.927+0530][info][gc,phases   ] GC(23)   Evacuate Collection Set: 1.1ms
[2025-07-09T09:30:38.927+0530][info][gc,phases   ] GC(23)   Post Evacuate Collection Set: 0.3ms
[2025-07-09T09:30:38.927+0530][info][gc,phases   ] GC(23)   Other: 0.1ms
[2025-07-09T09:30:38.927+0530][info][gc,heap     ] GC(23) Eden regions: 110->0(111)
[2025-07-09T09:30:38.927+0530][info][gc,heap     ] GC(23) Survivor regions: 2->1(14)
[2025-07-09T09:30:38.927+0530][info][gc,heap     ] GC(23) Old regions: 2->2
[2025-07-09T09:30:38.927+0530][info][gc,heap     ] GC(23) Archive regions: 2->2
[2025-07-09T09:30:38.927+0530][info][gc,heap     ] GC(23) Humongous regions: 0->0
[2025-07-09T09:30:38.927+0530][info][gc,metaspace] GC(23) Metaspace: 12613K(16576K)->12613K(16576K) NonClass: 11135K(13760K)->11135K(13760K) Class: 1477K(2816K)->1477K(2816K)
[2025-07-09T09:30:38.927+0530][info][gc          ] GC(23) Pause Young (Normal) (G1 Evacuation Pause) 227M->6M(376M) 1.694ms
[2025-07-09T09:30:38.927+0530][info][gc,cpu      ] GC(23) User=0.01s Sys=0.00s Real=0.00s
[2025-07-09T09:30:39.274+0530][info][gc,start    ] GC(24) Pause Young (Normal) (G1 Evacuation Pause)
[2025-07-09T09:30:39.274+0530][info][gc,task     ] GC(24) Using 8 workers of 8 for evacuation
[2025-07-09T09:30:39.276+0530][info][gc,phases   ] GC(24)   Pre Evacuate Collection Set: 0.1ms
[2025-07-09T09:30:39.276+0530][info][gc,phases   ] GC(24)   Merge Heap Roots: 0.1ms
[2025-07-09T09:30:39.276+0530][info][gc,phases   ] GC(24)   Evacuate Collection Set: 1.5ms
[2025-07-09T09:30:39.276+0530][info][gc,phases   ] GC(24)   Post Evacuate Collection Set: 0.3ms
[2025-07-09T09:30:39.276+0530][info][gc,phases   ] GC(24)   Other: 0.1ms
[2025-07-09T09:30:39.276+0530][info][gc,heap     ] GC(24) Eden regions: 111->0(110)
[2025-07-09T09:30:39.276+0530][info][gc,heap     ] GC(24) Survivor regions: 1->2(14)
[2025-07-09T09:30:39.276+0530][info][gc,heap     ] GC(24) Old regions: 2->2
[2025-07-09T09:30:39.276+0530][info][gc,heap     ] GC(24) Archive regions: 2->2
[2025-07-09T09:30:39.276+0530][info][gc,heap     ] GC(24) Humongous regions: 0->0
[2025-07-09T09:30:39.276+0530][info][gc,metaspace] GC(24) Metaspace: 12701K(16896K)->12701K(16896K) NonClass: 11200K(13952K)->11200K(13952K) Class: 1500K(2944K)->1500K(2944K)
[2025-07-09T09:30:39.276+0530][info][gc          ] GC(24) Pause Young (Normal) (G1 Evacuation Pause) 228M->6M(376M) 2.385ms
[2025-07-09T09:30:39.276+0530][info][gc,cpu      ] GC(24) User=0.01s Sys=0.01s Real=0.00s
[2025-07-09T09:30:39.624+0530][info][gc,start    ] GC(25) Pause Young (Normal) (G1 Evacuation Pause)
[2025-07-09T09:30:39.624+0530][info][gc,task     ] GC(25) Using 8 workers of 8 for evacuation
[2025-07-09T09:30:39.626+0530][info][gc,phases   ] GC(25)   Pre Evacuate Collection Set: 0.1ms
[2025-07-09T09:30:39.626+0530][info][gc,phases   ] GC(25)   Merge Heap Roots: 0.1ms
[2025-07-09T09:30:39.626+0530][info][gc,phases   ] GC(25)   Evacuate Collection Set: 1.7ms
[2025-07-09T09:30:39.626+0530][info][gc,phases   ] GC(25)   Post Evacuate Collection Set: 0.3ms
[2025-07-09T09:30:39.626+0530][info][gc,phases   ] GC(25)   Other: 0.2ms
[2025-07-09T09:30:39.626+0530][info][gc,heap     ] GC(25) Eden regions: 110->0(110)
[2025-07-09T09:30:39.626+0530][info][gc,heap     ] GC(25) Survivor regions: 2->2(14)
[2025-07-09T09:30:39.626+0530][info][gc,heap     ] GC(25) Old regions: 2->2
[2025-07-09T09:30:39.626+0530][info][gc,heap     ] GC(25) Archive regions: 2->2
[2025-07-09T09:30:39.626+0530][info][gc,heap     ] GC(25) Humongous regions: 0->0
[2025-07-09T09:30:39.626+0530][info][gc,metaspace] GC(25) Metaspace: 12772K(17152K)->12772K(17152K) NonClass: 11248K(14144K)->11248K(14144K) Class: 1523K(3008K)->1523K(3008K)
[2025-07-09T09:30:39.626+0530][info][gc          ] GC(25) Pause Young (Normal) (G1 Evacuation Pause) 226M->7M(376M) 2.400ms
[2025-07-09T09:30:39.627+0530][info][gc,cpu      ] GC(25) User=0.01s Sys=0.00s Real=0.00s
[2025-07-09T09:30:40.026+0530][info][gc,start    ] GC(26) Pause Young (Normal) (G1 Evacuation Pause)
[2025-07-09T09:30:40.026+0530][info][gc,task     ] GC(26) Using 8 workers of 8 for evacuation
[2025-07-09T09:30:40.028+0530][info][gc,phases   ] GC(26)   Pre Evacuate Collection Set: 0.1ms
[2025-07-09T09:30:40.028+0530][info][gc,phases   ] GC(26)   Merge Heap Roots: 0.1ms
[2025-07-09T09:30:40.028+0530][info][gc,phases   ] GC(26)   Evacuate Collection Set: 1.4ms
[2025-07-09T09:30:40.028+0530][info][gc,phases   ] GC(26)   Post Evacuate Collection Set: 0.3ms
[2025-07-09T09:30:40.028+0530][info][gc,phases   ] GC(26)   Other: 0.1ms
[2025-07-09T09:30:40.028+0530][info][gc,heap     ] GC(26) Eden regions: 110->0(110)
[2025-07-09T09:30:40.028+0530][info][gc,heap     ] GC(26) Survivor regions: 2->2(14)
[2025-07-09T09:30:40.028+0530][info][gc,heap     ] GC(26) Old regions: 2->2
[2025-07-09T09:30:40.028+0530][info][gc,heap     ] GC(26) Archive regions: 2->2
[2025-07-09T09:30:40.028+0530][info][gc,heap     ] GC(26) Humongous regions: 0->0
[2025-07-09T09:30:40.028+0530][info][gc,metaspace] GC(26) Metaspace: 12838K(17408K)->12838K(17408K) NonClass: 11291K(14336K)->11291K(14336K) Class: 1546K(3072K)->1546K(3072K)
[2025-07-09T09:30:40.028+0530][info][gc          ] GC(26) Pause Young (Normal) (G1 Evacuation Pause) 227M->7M(376M) 2.106ms
[2025-07-09T09:30:40.028+0530][info][gc,cpu      ] GC(26) User=0.01s Sys=0.00s Real=0.00s
[2025-07-09T09:30:40.355+0530][info][gc,start    ] GC(27) Pause Young (Normal) (G1 Evacuation Pause)
[2025-07-09T09:30:40.355+0530][info][gc,task     ] GC(27) Using 8 workers of 8 for evacuation
[2025-07-09T09:30:40.357+0530][info][gc,phases   ] GC(27)   Pre Evacuate Collection Set: 0.3ms
[2025-07-09T09:30:40.358+0530][info][gc,phases   ] GC(27)   Merge Heap Roots: 0.1ms
[2025-07-09T09:30:40.358+0530][info][gc,phases   ] GC(27)   Evacuate Collection Set: 1.7ms
[2025-07-09T09:30:40.358+0530][info][gc,phases   ] GC(27)   Post Evacuate Collection Set: 0.6ms
[2025-07-09T09:30:40.358+0530][info][gc,phases   ] GC(27)   Other: 0.2ms
[2025-07-09T09:30:40.358+0530][info][gc,heap     ] GC(27) Eden regions: 110->0(110)
[2025-07-09T09:30:40.358+0530][info][gc,heap     ] GC(27) Survivor regions: 2->2(14)
[2025-07-09T09:30:40.358+0530][info][gc,heap     ] GC(27) Old regions: 2->2
[2025-07-09T09:30:40.358+0530][info][gc,heap     ] GC(27) Archive regions: 2->2
[2025-07-09T09:30:40.358+0530][info][gc,heap     ] GC(27) Humongous regions: 0->0
[2025-07-09T09:30:40.358+0530][info][gc,metaspace] GC(27) Metaspace: 12903K(17728K)->12903K(17728K) NonClass: 11334K(14528K)->11334K(14528K) Class: 1569K(3200K)->1569K(3200K)
[2025-07-09T09:30:40.358+0530][info][gc          ] GC(27) Pause Young (Normal) (G1 Evacuation Pause) 227M->7M(376M) 3.345ms
[2025-07-09T09:30:40.358+0530][info][gc,cpu      ] GC(27) User=0.01s Sys=0.00s Real=0.00s
[2025-07-09T09:30:40.675+0530][info][gc,start    ] GC(28) Pause Young (Normal) (G1 Evacuation Pause)
[2025-07-09T09:30:40.675+0530][info][gc,task     ] GC(28) Using 8 workers of 8 for evacuation
[2025-07-09T09:30:40.677+0530][info][gc,phases   ] GC(28)   Pre Evacuate Collection Set: 0.1ms
[2025-07-09T09:30:40.677+0530][info][gc,phases   ] GC(28)   Merge Heap Roots: 0.1ms
[2025-07-09T09:30:40.677+0530][info][gc,phases   ] GC(28)   Evacuate Collection Set: 1.6ms
[2025-07-09T09:30:40.677+0530][info][gc,phases   ] GC(28)   Post Evacuate Collection Set: 0.3ms
[2025-07-09T09:30:40.677+0530][info][gc,phases   ] GC(28)   Other: 0.3ms
[2025-07-09T09:30:40.677+0530][info][gc,heap     ] GC(28) Eden regions: 110->0(110)
[2025-07-09T09:30:40.677+0530][info][gc,heap     ] GC(28) Survivor regions: 2->2(14)
[2025-07-09T09:30:40.677+0530][info][gc,heap     ] GC(28) Old regions: 2->2
[2025-07-09T09:30:40.677+0530][info][gc,heap     ] GC(28) Archive regions: 2->2
[2025-07-09T09:30:40.677+0530][info][gc,heap     ] GC(28) Humongous regions: 0->0
[2025-07-09T09:30:40.677+0530][info][gc,metaspace] GC(28) Metaspace: 13011K(17984K)->13011K(17984K) NonClass: 11419K(14720K)->11419K(14720K) Class: 1592K(3264K)->1592K(3264K)
[2025-07-09T09:30:40.677+0530][info][gc          ] GC(28) Pause Young (Normal) (G1 Evacuation Pause) 227M->7M(376M) 2.495ms
[2025-07-09T09:30:40.677+0530][info][gc,cpu      ] GC(28) User=0.01s Sys=0.01s Real=0.00s
[2025-07-09T09:30:41.149+0530][info][gc,start    ] GC(29) Pause Young (Normal) (G1 Evacuation Pause)
[2025-07-09T09:30:41.149+0530][info][gc,task     ] GC(29) Using 8 workers of 8 for evacuation
[2025-07-09T09:30:41.152+0530][info][gc,phases   ] GC(29)   Pre Evacuate Collection Set: 0.3ms
[2025-07-09T09:30:41.152+0530][info][gc,phases   ] GC(29)   Merge Heap Roots: 0.1ms
[2025-07-09T09:30:41.152+0530][info][gc,phases   ] GC(29)   Evacuate Collection Set: 1.8ms
[2025-07-09T09:30:41.152+0530][info][gc,phases   ] GC(29)   Post Evacuate Collection Set: 0.4ms
[2025-07-09T09:30:41.152+0530][info][gc,phases   ] GC(29)   Other: 0.1ms
[2025-07-09T09:30:41.152+0530][info][gc,heap     ] GC(29) Eden regions: 110->0(110)
[2025-07-09T09:30:41.152+0530][info][gc,heap     ] GC(29) Survivor regions: 2->2(14)
[2025-07-09T09:30:41.152+0530][info][gc,heap     ] GC(29) Old regions: 2->2
[2025-07-09T09:30:41.152+0530][info][gc,heap     ] GC(29) Archive regions: 2->2
[2025-07-09T09:30:41.152+0530][info][gc,heap     ] GC(29) Humongous regions: 0->0
[2025-07-09T09:30:41.152+0530][info][gc,metaspace] GC(29) Metaspace: 13077K(18304K)->13077K(18304K) NonClass: 11461K(14912K)->11461K(14912K) Class: 1615K(3392K)->1615K(3392K)
[2025-07-09T09:30:41.152+0530][info][gc          ] GC(29) Pause Young (Normal) (G1 Evacuation Pause) 227M->7M(376M) 3.027ms
[2025-07-09T09:30:41.152+0530][info][gc,cpu      ] GC(29) User=0.01s Sys=0.00s Real=0.01s
[2025-07-09T09:30:41.504+0530][info][gc,start    ] GC(30) Pause Young (Normal) (G1 Evacuation Pause)
[2025-07-09T09:30:41.504+0530][info][gc,task     ] GC(30) Using 8 workers of 8 for evacuation
[2025-07-09T09:30:41.507+0530][info][gc,phases   ] GC(30)   Pre Evacuate Collection Set: 0.1ms
[2025-07-09T09:30:41.507+0530][info][gc,phases   ] GC(30)   Merge Heap Roots: 0.1ms
[2025-07-09T09:30:41.507+0530][info][gc,phases   ] GC(30)   Evacuate Collection Set: 1.9ms
[2025-07-09T09:30:41.507+0530][info][gc,phases   ] GC(30)   Post Evacuate Collection Set: 0.4ms
[2025-07-09T09:30:41.507+0530][info][gc,phases   ] GC(30)   Other: 0.1ms
[2025-07-09T09:30:41.507+0530][info][gc,heap     ] GC(30) Eden regions: 110->0(110)
[2025-07-09T09:30:41.507+0530][info][gc,heap     ] GC(30) Survivor regions: 2->2(14)
[2025-07-09T09:30:41.507+0530][info][gc,heap     ] GC(30) Old regions: 2->2
[2025-07-09T09:30:41.507+0530][info][gc,heap     ] GC(30) Archive regions: 2->2
[2025-07-09T09:30:41.507+0530][info][gc,heap     ] GC(30) Humongous regions: 0->0
[2025-07-09T09:30:41.507+0530][info][gc,metaspace] GC(30) Metaspace: 13142K(18496K)->13142K(18496K) NonClass: 11504K(15040K)->11504K(15040K) Class: 1637K(3456K)->1637K(3456K)
[2025-07-09T09:30:41.507+0530][info][gc          ] GC(30) Pause Young (Normal) (G1 Evacuation Pause) 227M->8M(376M) 2.820ms
[2025-07-09T09:30:41.507+0530][info][gc,cpu      ] GC(30) User=0.01s Sys=0.01s Real=0.00s
[2025-07-09T09:30:41.821+0530][info][gc,start    ] GC(31) Pause Young (Normal) (G1 Evacuation Pause)
[2025-07-09T09:30:41.821+0530][info][gc,task     ] GC(31) Using 8 workers of 8 for evacuation
[2025-07-09T09:30:41.824+0530][info][gc,phases   ] GC(31)   Pre Evacuate Collection Set: 0.1ms
[2025-07-09T09:30:41.824+0530][info][gc,phases   ] GC(31)   Merge Heap Roots: 0.1ms
[2025-07-09T09:30:41.824+0530][info][gc,phases   ] GC(31)   Evacuate Collection Set: 2.7ms
[2025-07-09T09:30:41.824+0530][info][gc,phases   ] GC(31)   Post Evacuate Collection Set: 0.6ms
[2025-07-09T09:30:41.824+0530][info][gc,phases   ] GC(31)   Other: 0.2ms
[2025-07-09T09:30:41.824+0530][info][gc,heap     ] GC(31) Eden regions: 110->0(111)
[2025-07-09T09:30:41.825+0530][info][gc,heap     ] GC(31) Survivor regions: 2->1(14)
[2025-07-09T09:30:41.825+0530][info][gc,heap     ] GC(31) Old regions: 2->2
[2025-07-09T09:30:41.825+0530][info][gc,heap     ] GC(31) Archive regions: 2->2
[2025-07-09T09:30:41.825+0530][info][gc,heap     ] GC(31) Humongous regions: 0->0
[2025-07-09T09:30:41.825+0530][info][gc,metaspace] GC(31) Metaspace: 13215K(18752K)->13215K(18752K) NonClass: 11554K(15232K)->11554K(15232K) Class: 1661K(3520K)->1661K(3520K)
[2025-07-09T09:30:41.825+0530][info][gc          ] GC(31) Pause Young (Normal) (G1 Evacuation Pause) 228M->6M(376M) 3.891ms
[2025-07-09T09:30:41.825+0530][info][gc,cpu      ] GC(31) User=0.01s Sys=0.00s Real=0.00s
[2025-07-09T09:30:42.167+0530][info][gc,start    ] GC(32) Pause Young (Normal) (G1 Evacuation Pause)
[2025-07-09T09:30:42.167+0530][info][gc,task     ] GC(32) Using 8 workers of 8 for evacuation
[2025-07-09T09:30:42.170+0530][info][gc,phases   ] GC(32)   Pre Evacuate Collection Set: 0.4ms
[2025-07-09T09:30:42.170+0530][info][gc,phases   ] GC(32)   Merge Heap Roots: 0.1ms
[2025-07-09T09:30:42.170+0530][info][gc,phases   ] GC(32)   Evacuate Collection Set: 2.2ms
[2025-07-09T09:30:42.170+0530][info][gc,phases   ] GC(32)   Post Evacuate Collection Set: 0.7ms
[2025-07-09T09:30:42.170+0530][info][gc,phases   ] GC(32)   Other: 0.2ms
[2025-07-09T09:30:42.170+0530][info][gc,heap     ] GC(32) Eden regions: 111->0(110)
[2025-07-09T09:30:42.170+0530][info][gc,heap     ] GC(32) Survivor regions: 1->2(14)
[2025-07-09T09:30:42.170+0530][info][gc,heap     ] GC(32) Old regions: 2->2
[2025-07-09T09:30:42.171+0530][info][gc,heap     ] GC(32) Archive regions: 2->2
[2025-07-09T09:30:42.171+0530][info][gc,heap     ] GC(32) Humongous regions: 0->0
[2025-07-09T09:30:42.171+0530][info][gc,metaspace] GC(32) Metaspace: 13281K(19072K)->13281K(19072K) NonClass: 11597K(15424K)->11597K(15424K) Class: 1684K(3648K)->1684K(3648K)
[2025-07-09T09:30:42.171+0530][info][gc          ] GC(32) Pause Young (Normal) (G1 Evacuation Pause) 228M->7M(376M) 3.991ms
[2025-07-09T09:30:42.171+0530][info][gc,cpu      ] GC(32) User=0.01s Sys=0.00s Real=0.01s
[2025-07-09T09:30:42.627+0530][info][gc,start    ] GC(33) Pause Young (Normal) (G1 Evacuation Pause)
[2025-07-09T09:30:42.627+0530][info][gc,task     ] GC(33) Using 8 workers of 8 for evacuation
[2025-07-09T09:30:42.629+0530][info][gc,phases   ] GC(33)   Pre Evacuate Collection Set: 0.1ms
[2025-07-09T09:30:42.629+0530][info][gc,phases   ] GC(33)   Merge Heap Roots: 0.1ms
[2025-07-09T09:30:42.629+0530][info][gc,phases   ] GC(33)   Evacuate Collection Set: 1.4ms
[2025-07-09T09:30:42.629+0530][info][gc,phases   ] GC(33)   Post Evacuate Collection Set: 0.4ms
[2025-07-09T09:30:42.629+0530][info][gc,phases   ] GC(33)   Other: 0.1ms
[2025-07-09T09:30:42.629+0530][info][gc,heap     ] GC(33) Eden regions: 110->0(110)
[2025-07-09T09:30:42.629+0530][info][gc,heap     ] GC(33) Survivor regions: 2->2(14)
[2025-07-09T09:30:42.629+0530][info][gc,heap     ] GC(33) Old regions: 2->2
[2025-07-09T09:30:42.629+0530][info][gc,heap     ] GC(33) Archive regions: 2->2
[2025-07-09T09:30:42.629+0530][info][gc,heap     ] GC(33) Humongous regions: 0->0
[2025-07-09T09:30:42.630+0530][info][gc,metaspace] GC(33) Metaspace: 13348K(19328K)->13348K(19328K) NonClass: 11641K(15616K)->11641K(15616K) Class: 1706K(3712K)->1706K(3712K)
[2025-07-09T09:30:42.630+0530][info][gc          ] GC(33) Pause Young (Normal) (G1 Evacuation Pause) 227M->8M(376M) 2.218ms
[2025-07-09T09:30:42.630+0530][info][gc,cpu      ] GC(33) User=0.01s Sys=0.00s Real=0.01s
[2025-07-09T09:30:42.949+0530][info][gc,start    ] GC(34) Pause Young (Normal) (G1 Evacuation Pause)
[2025-07-09T09:30:42.949+0530][info][gc,task     ] GC(34) Using 8 workers of 8 for evacuation
[2025-07-09T09:30:42.952+0530][info][gc,phases   ] GC(34)   Pre Evacuate Collection Set: 0.1ms
[2025-07-09T09:30:42.952+0530][info][gc,phases   ] GC(34)   Merge Heap Roots: 0.0ms
[2025-07-09T09:30:42.952+0530][info][gc,phases   ] GC(34)   Evacuate Collection Set: 2.4ms
[2025-07-09T09:30:42.952+0530][info][gc,phases   ] GC(34)   Post Evacuate Collection Set: 0.5ms
[2025-07-09T09:30:42.952+0530][info][gc,phases   ] GC(34)   Other: 0.1ms
[2025-07-09T09:30:42.952+0530][info][gc,heap     ] GC(34) Eden regions: 110->0(110)
[2025-07-09T09:30:42.952+0530][info][gc,heap     ] GC(34) Survivor regions: 2->2(14)
[2025-07-09T09:30:42.952+0530][info][gc,heap     ] GC(34) Old regions: 2->2
[2025-07-09T09:30:42.952+0530][info][gc,heap     ] GC(34) Archive regions: 2->2
[2025-07-09T09:30:42.952+0530][info][gc,heap     ] GC(34) Humongous regions: 0->0
[2025-07-09T09:30:42.952+0530][info][gc,metaspace] GC(34) Metaspace: 13414K(19648K)->13414K(19648K) NonClass: 11684K(15808K)->11684K(15808K) Class: 1729K(3840K)->1729K(3840K)
[2025-07-09T09:30:42.952+0530][info][gc          ] GC(34) Pause Young (Normal) (G1 Evacuation Pause) 228M->8M(376M) 3.280ms
[2025-07-09T09:30:42.952+0530][info][gc,cpu      ] GC(34) User=0.01s Sys=0.01s Real=0.01s
[2025-07-09T09:30:43.313+0530][info][gc,start    ] GC(35) Pause Young (Normal) (G1 Evacuation Pause)
[2025-07-09T09:30:43.313+0530][info][gc,task     ] GC(35) Using 8 workers of 8 for evacuation
[2025-07-09T09:30:43.316+0530][info][gc,phases   ] GC(35)   Pre Evacuate Collection Set: 0.1ms
[2025-07-09T09:30:43.316+0530][info][gc,phases   ] GC(35)   Merge Heap Roots: 0.1ms
[2025-07-09T09:30:43.316+0530][info][gc,phases   ] GC(35)   Evacuate Collection Set: 1.8ms
[2025-07-09T09:30:43.316+0530][info][gc,phases   ] GC(35)   Post Evacuate Collection Set: 0.3ms
[2025-07-09T09:30:43.316+0530][info][gc,phases   ] GC(35)   Other: 0.1ms
[2025-07-09T09:30:43.316+0530][info][gc,heap     ] GC(35) Eden regions: 110->0(110)
[2025-07-09T09:30:43.316+0530][info][gc,heap     ] GC(35) Survivor regions: 2->2(14)
[2025-07-09T09:30:43.316+0530][info][gc,heap     ] GC(35) Old regions: 2->2
[2025-07-09T09:30:43.316+0530][info][gc,heap     ] GC(35) Archive regions: 2->2
[2025-07-09T09:30:43.316+0530][info][gc,heap     ] GC(35) Humongous regions: 0->0
[2025-07-09T09:30:43.316+0530][info][gc,metaspace] GC(35) Metaspace: 13479K(19904K)->13479K(19904K) NonClass: 11727K(16000K)->11727K(16000K) Class: 1752K(3904K)->1752K(3904K)
[2025-07-09T09:30:43.316+0530][info][gc          ] GC(35) Pause Young (Normal) (G1 Evacuation Pause) 228M->8M(376M) 2.519ms
[2025-07-09T09:30:43.316+0530][info][gc,cpu      ] GC(35) User=0.01s Sys=0.00s Real=0.00s
[2025-07-09T09:30:43.691+0530][info][gc,start    ] GC(36) Pause Young (Normal) (G1 Evacuation Pause)
[2025-07-09T09:30:43.691+0530][info][gc,task     ] GC(36) Using 8 workers of 8 for evacuation
[2025-07-09T09:30:43.694+0530][info][gc,phases   ] GC(36)   Pre Evacuate Collection Set: 0.1ms
[2025-07-09T09:30:43.694+0530][info][gc,phases   ] GC(36)   Merge Heap Roots: 0.1ms
[2025-07-09T09:30:43.694+0530][info][gc,phases   ] GC(36)   Evacuate Collection Set: 2.0ms
[2025-07-09T09:30:43.694+0530][info][gc,phases   ] GC(36)   Post Evacuate Collection Set: 0.4ms
[2025-07-09T09:30:43.694+0530][info][gc,phases   ] GC(36)   Other: 0.1ms
[2025-07-09T09:30:43.694+0530][info][gc,heap     ] GC(36) Eden regions: 110->0(110)
[2025-07-09T09:30:43.694+0530][info][gc,heap     ] GC(36) Survivor regions: 2->2(14)
[2025-07-09T09:30:43.694+0530][info][gc,heap     ] GC(36) Old regions: 2->2
[2025-07-09T09:30:43.694+0530][info][gc,heap     ] GC(36) Archive regions: 2->2
[2025-07-09T09:30:43.694+0530][info][gc,heap     ] GC(36) Humongous regions: 0->0
[2025-07-09T09:30:43.694+0530][info][gc,metaspace] GC(36) Metaspace: 13557K(20224K)->13557K(20224K) NonClass: 11782K(16192K)->11782K(16192K) Class: 1775K(4032K)->1775K(4032K)
[2025-07-09T09:30:43.694+0530][info][gc          ] GC(36) Pause Young (Normal) (G1 Evacuation Pause) 228M->8M(376M) 2.805ms
[2025-07-09T09:30:43.694+0530][info][gc,cpu      ] GC(36) User=0.01s Sys=0.00s Real=0.00s
[2025-07-09T09:30:44.010+0530][info][gc,start    ] GC(37) Pause Young (Normal) (G1 Evacuation Pause)
[2025-07-09T09:30:44.010+0530][info][gc,task     ] GC(37) Using 8 workers of 8 for evacuation
[2025-07-09T09:30:44.012+0530][info][gc,phases   ] GC(37)   Pre Evacuate Collection Set: 0.1ms
[2025-07-09T09:30:44.013+0530][info][gc,phases   ] GC(37)   Merge Heap Roots: 0.1ms
[2025-07-09T09:30:44.013+0530][info][gc,phases   ] GC(37)   Evacuate Collection Set: 1.6ms
[2025-07-09T09:30:44.013+0530][info][gc,phases   ] GC(37)   Post Evacuate Collection Set: 0.3ms
[2025-07-09T09:30:44.013+0530][info][gc,phases   ] GC(37)   Other: 0.1ms
[2025-07-09T09:30:44.013+0530][info][gc,heap     ] GC(37) Eden regions: 110->0(110)
[2025-07-09T09:30:44.013+0530][info][gc,heap     ] GC(37) Survivor regions: 2->2(14)
[2025-07-09T09:30:44.013+0530][info][gc,heap     ] GC(37) Old regions: 2->2
[2025-07-09T09:30:44.013+0530][info][gc,heap     ] GC(37) Archive regions: 2->2
[2025-07-09T09:30:44.013+0530][info][gc,heap     ] GC(37) Humongous regions: 0->0
[2025-07-09T09:30:44.013+0530][info][gc,metaspace] GC(37) Metaspace: 13623K(20416K)->13623K(20416K) NonClass: 11824K(16320K)->11824K(16320K) Class: 1798K(4096K)->1798K(4096K)
[2025-07-09T09:30:44.013+0530][info][gc          ] GC(37) Pause Young (Normal) (G1 Evacuation Pause) 228M->9M(376M) 2.360ms
[2025-07-09T09:30:44.013+0530][info][gc,cpu      ] GC(37) User=0.01s Sys=0.00s Real=0.00s
[2025-07-09T09:30:44.308+0530][info][gc,start    ] GC(38) Pause Young (Normal) (G1 Evacuation Pause)
[2025-07-09T09:30:44.308+0530][info][gc,task     ] GC(38) Using 8 workers of 8 for evacuation
[2025-07-09T09:30:44.310+0530][info][gc,phases   ] GC(38)   Pre Evacuate Collection Set: 0.1ms
[2025-07-09T09:30:44.310+0530][info][gc,phases   ] GC(38)   Merge Heap Roots: 0.1ms
[2025-07-09T09:30:44.310+0530][info][gc,phases   ] GC(38)   Evacuate Collection Set: 1.4ms
[2025-07-09T09:30:44.310+0530][info][gc,phases   ] GC(38)   Post Evacuate Collection Set: 0.3ms
[2025-07-09T09:30:44.310+0530][info][gc,phases   ] GC(38)   Other: 0.3ms
[2025-07-09T09:30:44.310+0530][info][gc,heap     ] GC(38) Eden regions: 110->0(110)
[2025-07-09T09:30:44.310+0530][info][gc,heap     ] GC(38) Survivor regions: 2->2(14)
[2025-07-09T09:30:44.310+0530][info][gc,heap     ] GC(38) Old regions: 2->2
[2025-07-09T09:30:44.310+0530][info][gc,heap     ] GC(38) Archive regions: 2->2
[2025-07-09T09:30:44.310+0530][info][gc,heap     ] GC(38) Humongous regions: 0->0
[2025-07-09T09:30:44.310+0530][info][gc,metaspace] GC(38) Metaspace: 13690K(20672K)->13690K(20672K) NonClass: 11868K(16512K)->11868K(16512K) Class: 1821K(4160K)->1821K(4160K)
[2025-07-09T09:30:44.310+0530][info][gc          ] GC(38) Pause Young (Normal) (G1 Evacuation Pause) 229M->8M(376M) 2.225ms
[2025-07-09T09:30:44.310+0530][info][gc,cpu      ] GC(38) User=0.01s Sys=0.00s Real=0.01s
[2025-07-09T09:30:44.619+0530][info][gc,start    ] GC(39) Pause Young (Normal) (G1 Evacuation Pause)
[2025-07-09T09:30:44.619+0530][info][gc,task     ] GC(39) Using 8 workers of 8 for evacuation
[2025-07-09T09:30:44.621+0530][info][gc,phases   ] GC(39)   Pre Evacuate Collection Set: 0.1ms
[2025-07-09T09:30:44.621+0530][info][gc,phases   ] GC(39)   Merge Heap Roots: 0.1ms
[2025-07-09T09:30:44.621+0530][info][gc,phases   ] GC(39)   Evacuate Collection Set: 1.1ms
[2025-07-09T09:30:44.621+0530][info][gc,phases   ] GC(39)   Post Evacuate Collection Set: 0.3ms
[2025-07-09T09:30:44.621+0530][info][gc,phases   ] GC(39)   Other: 0.2ms
[2025-07-09T09:30:44.621+0530][info][gc,heap     ] GC(39) Eden regions: 110->0(110)
[2025-07-09T09:30:44.621+0530][info][gc,heap     ] GC(39) Survivor regions: 2->2(14)
[2025-07-09T09:30:44.621+0530][info][gc,heap     ] GC(39) Old regions: 2->2
[2025-07-09T09:30:44.621+0530][info][gc,heap     ] GC(39) Archive regions: 2->2
[2025-07-09T09:30:44.621+0530][info][gc,heap     ] GC(39) Humongous regions: 0->0
[2025-07-09T09:30:44.621+0530][info][gc,metaspace] GC(39) Metaspace: 13779K(20992K)->13779K(20992K) NonClass: 11935K(16704K)->11935K(16704K) Class: 1844K(4288K)->1844K(4288K)
[2025-07-09T09:30:44.621+0530][info][gc          ] GC(39) Pause Young (Normal) (G1 Evacuation Pause) 228M->8M(376M) 1.851ms
[2025-07-09T09:30:44.621+0530][info][gc,cpu      ] GC(39) User=0.00s Sys=0.00s Real=0.01s
[2025-07-09T09:30:44.914+0530][info][gc,start    ] GC(40) Pause Young (Normal) (G1 Evacuation Pause)
[2025-07-09T09:30:44.914+0530][info][gc,task     ] GC(40) Using 8 workers of 8 for evacuation
[2025-07-09T09:30:44.916+0530][info][gc,phases   ] GC(40)   Pre Evacuate Collection Set: 0.1ms
[2025-07-09T09:30:44.916+0530][info][gc,phases   ] GC(40)   Merge Heap Roots: 0.1ms
[2025-07-09T09:30:44.916+0530][info][gc,phases   ] GC(40)   Evacuate Collection Set: 1.4ms
[2025-07-09T09:30:44.916+0530][info][gc,phases   ] GC(40)   Post Evacuate Collection Set: 0.3ms
[2025-07-09T09:30:44.916+0530][info][gc,phases   ] GC(40)   Other: 0.1ms
[2025-07-09T09:30:44.916+0530][info][gc,heap     ] GC(40) Eden regions: 110->0(110)
[2025-07-09T09:30:44.916+0530][info][gc,heap     ] GC(40) Survivor regions: 2->2(14)
[2025-07-09T09:30:44.916+0530][info][gc,heap     ] GC(40) Old regions: 2->2
[2025-07-09T09:30:44.916+0530][info][gc,heap     ] GC(40) Archive regions: 2->2
[2025-07-09T09:30:44.916+0530][info][gc,heap     ] GC(40) Humongous regions: 0->0
[2025-07-09T09:30:44.916+0530][info][gc,metaspace] GC(40) Metaspace: 13845K(21248K)->13845K(21248K) NonClass: 11978K(16896K)->11978K(16896K) Class: 1867K(4352K)->1867K(4352K)
[2025-07-09T09:30:44.916+0530][info][gc          ] GC(40) Pause Young (Normal) (G1 Evacuation Pause) 228M->8M(376M) 2.072ms
[2025-07-09T09:30:44.916+0530][info][gc,cpu      ] GC(40) User=0.01s Sys=0.00s Real=0.00s
[2025-07-09T09:30:45.273+0530][info][gc,start    ] GC(41) Pause Young (Concurrent Start) (Metadata GC Threshold)
[2025-07-09T09:30:45.273+0530][info][gc,task     ] GC(41) Using 8 workers of 8 for evacuation
[2025-07-09T09:30:45.276+0530][info][gc,phases   ] GC(41)   Pre Evacuate Collection Set: 0.2ms
[2025-07-09T09:30:45.276+0530][info][gc,phases   ] GC(41)   Merge Heap Roots: 0.1ms
[2025-07-09T09:30:45.276+0530][info][gc,phases   ] GC(41)   Evacuate Collection Set: 2.2ms
[2025-07-09T09:30:45.276+0530][info][gc,phases   ] GC(41)   Post Evacuate Collection Set: 0.4ms
[2025-07-09T09:30:45.276+0530][info][gc,phases   ] GC(41)   Other: 0.2ms
[2025-07-09T09:30:45.276+0530][info][gc,heap     ] GC(41) Eden regions: 105->0(111)
[2025-07-09T09:30:45.276+0530][info][gc,heap     ] GC(41) Survivor regions: 2->1(14)
[2025-07-09T09:30:45.276+0530][info][gc,heap     ] GC(41) Old regions: 2->3
[2025-07-09T09:30:45.276+0530][info][gc,heap     ] GC(41) Archive regions: 2->2
[2025-07-09T09:30:45.276+0530][info][gc,heap     ] GC(41) Humongous regions: 0->0
[2025-07-09T09:30:45.276+0530][info][gc,metaspace] GC(41) Metaspace: 13907K(21504K)->13907K(21504K) NonClass: 12018K(17088K)->12018K(17088K) Class: 1888K(4416K)->1888K(4416K)
[2025-07-09T09:30:45.276+0530][info][gc          ] GC(41) Pause Young (Concurrent Start) (Metadata GC Threshold) 217M->8M(376M) 3.415ms
[2025-07-09T09:30:45.276+0530][info][gc,cpu      ] GC(41) User=0.01s Sys=0.00s Real=0.00s
[2025-07-09T09:30:45.276+0530][info][gc          ] GC(42) Concurrent Mark Cycle
[2025-07-09T09:30:45.276+0530][info][gc,marking  ] GC(42) Concurrent Clear Claimed Marks
[2025-07-09T09:30:45.276+0530][info][gc,marking  ] GC(42) Concurrent Clear Claimed Marks 0.134ms
[2025-07-09T09:30:45.276+0530][info][gc,marking  ] GC(42) Concurrent Scan Root Regions
[2025-07-09T09:30:45.278+0530][info][gc,marking  ] GC(42) Concurrent Scan Root Regions 1.339ms
[2025-07-09T09:30:45.278+0530][info][gc,marking  ] GC(42) Concurrent Mark
[2025-07-09T09:30:45.278+0530][info][gc,marking  ] GC(42) Concurrent Mark From Roots
[2025-07-09T09:30:45.278+0530][info][gc,task     ] GC(42) Using 2 workers of 2 for marking
[2025-07-09T09:30:45.284+0530][info][gc,marking  ] GC(42) Concurrent Mark From Roots 5.751ms
[2025-07-09T09:30:45.284+0530][info][gc,marking  ] GC(42) Concurrent Preclean
[2025-07-09T09:30:45.284+0530][info][gc,marking  ] GC(42) Concurrent Preclean 0.146ms
[2025-07-09T09:30:45.284+0530][info][gc,start    ] GC(42) Pause Remark
[2025-07-09T09:30:45.287+0530][info][gc          ] GC(42) Pause Remark 13M->13M(60M) 3.160ms
[2025-07-09T09:30:45.287+0530][info][gc,cpu      ] GC(42) User=0.02s Sys=0.00s Real=0.00s
[2025-07-09T09:30:45.287+0530][info][gc,marking  ] GC(42) Concurrent Mark 9.411ms
[2025-07-09T09:30:45.287+0530][info][gc,marking  ] GC(42) Concurrent Rebuild Remembered Sets
[2025-07-09T09:30:45.291+0530][info][gc,marking  ] GC(42) Concurrent Rebuild Remembered Sets 3.697ms
[2025-07-09T09:30:45.291+0530][info][gc,start    ] GC(42) Pause Cleanup
[2025-07-09T09:30:45.291+0530][info][gc          ] GC(42) Pause Cleanup 14M->14M(60M) 0.098ms
[2025-07-09T09:30:45.291+0530][info][gc,cpu      ] GC(42) User=0.00s Sys=0.00s Real=0.00s
[2025-07-09T09:30:45.291+0530][info][gc,marking  ] GC(42) Concurrent Cleanup for Next Mark
[2025-07-09T09:30:45.292+0530][info][gc,marking  ] GC(42) Concurrent Cleanup for Next Mark 0.652ms
[2025-07-09T09:30:45.292+0530][info][gc          ] GC(42) Concurrent Mark Cycle 15.765ms
[2025-07-09T09:30:45.383+0530][info][gc,start    ] GC(43) Pause Young (Normal) (G1 Preventive Collection)
[2025-07-09T09:30:45.383+0530][info][gc,task     ] GC(43) Using 5 workers of 8 for evacuation
[2025-07-09T09:30:45.386+0530][info][gc,phases   ] GC(43)   Pre Evacuate Collection Set: 0.1ms
[2025-07-09T09:30:45.386+0530][info][gc,phases   ] GC(43)   Merge Heap Roots: 0.1ms
[2025-07-09T09:30:45.386+0530][info][gc,phases   ] GC(43)   Evacuate Collection Set: 2.7ms
[2025-07-09T09:30:45.386+0530][info][gc,phases   ] GC(43)   Post Evacuate Collection Set: 0.3ms
[2025-07-09T09:30:45.386+0530][info][gc,phases   ] GC(43)   Other: 0.1ms
[2025-07-09T09:30:45.386+0530][info][gc,heap     ] GC(43) Eden regions: 23->0(17)
[2025-07-09T09:30:45.386+0530][info][gc,heap     ] GC(43) Survivor regions: 1->2(14)
[2025-07-09T09:30:45.386+0530][info][gc,heap     ] GC(43) Old regions: 3->4
[2025-07-09T09:30:45.386+0530][info][gc,heap     ] GC(43) Archive regions: 2->2
[2025-07-09T09:30:45.386+0530][info][gc,heap     ] GC(43) Humongous regions: 0->0
[2025-07-09T09:30:45.386+0530][info][gc,metaspace] GC(43) Metaspace: 13921K(21568K)->13921K(21568K) NonClass: 12027K(17088K)->12027K(17088K) Class: 1893K(4480K)->1893K(4480K)
[2025-07-09T09:30:45.386+0530][info][gc          ] GC(43) Pause Young (Normal) (G1 Preventive Collection) 54M->8M(64M) 3.461ms
[2025-07-09T09:30:45.386+0530][info][gc,cpu      ] GC(43) User=0.01s Sys=0.00s Real=0.00s
[2025-07-09T09:30:45.432+0530][info][gc,start    ] GC(44) Pause Young (Normal) (G1 Evacuation Pause)
[2025-07-09T09:30:45.432+0530][info][gc,task     ] GC(44) Using 3 workers of 8 for evacuation
[2025-07-09T09:30:45.434+0530][info][gc,phases   ] GC(44)   Pre Evacuate Collection Set: 0.1ms
[2025-07-09T09:30:45.434+0530][info][gc,phases   ] GC(44)   Merge Heap Roots: 0.0ms
[2025-07-09T09:30:45.434+0530][info][gc,phases   ] GC(44)   Evacuate Collection Set: 1.7ms
[2025-07-09T09:30:45.434+0530][info][gc,phases   ] GC(44)   Post Evacuate Collection Set: 0.2ms
[2025-07-09T09:30:45.434+0530][info][gc,phases   ] GC(44)   Other: 0.1ms
[2025-07-09T09:30:45.434+0530][info][gc,heap     ] GC(44) Eden regions: 17->0(17)
[2025-07-09T09:30:45.434+0530][info][gc,heap     ] GC(44) Survivor regions: 2->2(3)
[2025-07-09T09:30:45.434+0530][info][gc,heap     ] GC(44) Old regions: 4->4
[2025-07-09T09:30:45.434+0530][info][gc,heap     ] GC(44) Archive regions: 2->2
[2025-07-09T09:30:45.434+0530][info][gc,heap     ] GC(44) Humongous regions: 0->0
[2025-07-09T09:30:45.434+0530][info][gc,metaspace] GC(44) Metaspace: 13931K(21632K)->13931K(21632K) NonClass: 12034K(17152K)->12034K(17152K) Class: 1897K(4480K)->1897K(4480K)
[2025-07-09T09:30:45.434+0530][info][gc          ] GC(44) Pause Young (Normal) (G1 Evacuation Pause) 42M->8M(64M) 2.353ms
[2025-07-09T09:30:45.434+0530][info][gc,cpu      ] GC(44) User=0.01s Sys=0.00s Real=0.00s
[2025-07-09T09:30:45.482+0530][info][gc,start    ] GC(45) Pause Young (Normal) (G1 Evacuation Pause)
[2025-07-09T09:30:45.482+0530][info][gc,task     ] GC(45) Using 2 workers of 8 for evacuation
[2025-07-09T09:30:45.485+0530][info][gc,phases   ] GC(45)   Pre Evacuate Collection Set: 0.1ms
[2025-07-09T09:30:45.485+0530][info][gc,phases   ] GC(45)   Merge Heap Roots: 0.0ms
[2025-07-09T09:30:45.485+0530][info][gc,phases   ] GC(45)   Evacuate Collection Set: 2.6ms
[2025-07-09T09:30:45.486+0530][info][gc,phases   ] GC(45)   Post Evacuate Collection Set: 0.4ms
[2025-07-09T09:30:45.486+0530][info][gc,phases   ] GC(45)   Other: 0.2ms
[2025-07-09T09:30:45.486+0530][info][gc,heap     ] GC(45) Eden regions: 17->0(17)
[2025-07-09T09:30:45.486+0530][info][gc,heap     ] GC(45) Survivor regions: 2->2(3)
[2025-07-09T09:30:45.486+0530][info][gc,heap     ] GC(45) Old regions: 4->4
[2025-07-09T09:30:45.486+0530][info][gc,heap     ] GC(45) Archive regions: 2->2
[2025-07-09T09:30:45.486+0530][info][gc,heap     ] GC(45) Humongous regions: 0->0
[2025-07-09T09:30:45.486+0530][info][gc,metaspace] GC(45) Metaspace: 13942K(21632K)->13942K(21632K) NonClass: 12041K(17152K)->12041K(17152K) Class: 1900K(4480K)->1900K(4480K)
[2025-07-09T09:30:45.486+0530][info][gc          ] GC(45) Pause Young (Normal) (G1 Evacuation Pause) 42M->8M(64M) 3.601ms
[2025-07-09T09:30:45.486+0530][info][gc,cpu      ] GC(45) User=0.01s Sys=0.00s Real=0.00s
[2025-07-09T09:30:45.535+0530][info][gc,start    ] GC(46) Pause Young (Normal) (G1 Evacuation Pause)
[2025-07-09T09:30:45.535+0530][info][gc,task     ] GC(46) Using 2 workers of 8 for evacuation
[2025-07-09T09:30:45.538+0530][info][gc,phases   ] GC(46)   Pre Evacuate Collection Set: 0.1ms
[2025-07-09T09:30:45.538+0530][info][gc,phases   ] GC(46)   Merge Heap Roots: 0.1ms
[2025-07-09T09:30:45.538+0530][info][gc,phases   ] GC(46)   Evacuate Collection Set: 2.3ms
[2025-07-09T09:30:45.538+0530][info][gc,phases   ] GC(46)   Post Evacuate Collection Set: 0.4ms
[2025-07-09T09:30:45.538+0530][info][gc,phases   ] GC(46)   Other: 0.2ms
[2025-07-09T09:30:45.538+0530][info][gc,heap     ] GC(46) Eden regions: 17->0(24)
[2025-07-09T09:30:45.538+0530][info][gc,heap     ] GC(46) Survivor regions: 2->2(3)
[2025-07-09T09:30:45.538+0530][info][gc,heap     ] GC(46) Old regions: 4->4
[2025-07-09T09:30:45.538+0530][info][gc,heap     ] GC(46) Archive regions: 2->2
[2025-07-09T09:30:45.538+0530][info][gc,heap     ] GC(46) Humongous regions: 0->0
[2025-07-09T09:30:45.538+0530][info][gc,metaspace] GC(46) Metaspace: 13952K(21696K)->13952K(21696K) NonClass: 12047K(17216K)->12047K(17216K) Class: 1904K(4480K)->1904K(4480K)
[2025-07-09T09:30:45.538+0530][info][gc          ] GC(46) Pause Young (Normal) (G1 Evacuation Pause) 42M->9M(88M) 3.231ms
[2025-07-09T09:30:45.538+0530][info][gc,cpu      ] GC(46) User=0.01s Sys=0.00s Real=0.00s
[2025-07-09T09:30:45.618+0530][info][gc,start    ] GC(47) Pause Young (Normal) (G1 Evacuation Pause)
[2025-07-09T09:30:45.618+0530][info][gc,task     ] GC(47) Using 2 workers of 8 for evacuation
[2025-07-09T09:30:45.620+0530][info][gc,phases   ] GC(47)   Pre Evacuate Collection Set: 0.1ms
[2025-07-09T09:30:45.620+0530][info][gc,phases   ] GC(47)   Merge Heap Roots: 0.1ms
[2025-07-09T09:30:45.620+0530][info][gc,phases   ] GC(47)   Evacuate Collection Set: 1.8ms
[2025-07-09T09:30:45.620+0530][info][gc,phases   ] GC(47)   Post Evacuate Collection Set: 0.2ms
[2025-07-09T09:30:45.620+0530][info][gc,phases   ] GC(47)   Other: 0.2ms
[2025-07-09T09:30:45.620+0530][info][gc,heap     ] GC(47) Eden regions: 24->0(25)
[2025-07-09T09:30:45.620+0530][info][gc,heap     ] GC(47) Survivor regions: 2->1(4)
[2025-07-09T09:30:45.620+0530][info][gc,heap     ] GC(47) Old regions: 4->4
[2025-07-09T09:30:45.620+0530][info][gc,heap     ] GC(47) Archive regions: 2->2
[2025-07-09T09:30:45.620+0530][info][gc,heap     ] GC(47) Humongous regions: 0->0
[2025-07-09T09:30:45.620+0530][info][gc,metaspace] GC(47) Metaspace: 13966K(21760K)->13966K(21760K) NonClass: 12057K(17216K)->12057K(17216K) Class: 1909K(4544K)->1909K(4544K)
[2025-07-09T09:30:45.620+0530][info][gc          ] GC(47) Pause Young (Normal) (G1 Evacuation Pause) 57M->8M(88M) 2.539ms
[2025-07-09T09:30:45.620+0530][info][gc,cpu      ] GC(47) User=0.01s Sys=0.00s Real=0.01s
[2025-07-09T09:30:45.685+0530][info][gc,start    ] GC(48) Pause Young (Normal) (G1 Evacuation Pause)
[2025-07-09T09:30:45.685+0530][info][gc,task     ] GC(48) Using 2 workers of 8 for evacuation
[2025-07-09T09:30:45.688+0530][info][gc,phases   ] GC(48)   Pre Evacuate Collection Set: 0.1ms
[2025-07-09T09:30:45.688+0530][info][gc,phases   ] GC(48)   Merge Heap Roots: 0.1ms
[2025-07-09T09:30:45.688+0530][info][gc,phases   ] GC(48)   Evacuate Collection Set: 2.1ms
[2025-07-09T09:30:45.688+0530][info][gc,phases   ] GC(48)   Post Evacuate Collection Set: 0.2ms
[2025-07-09T09:30:45.688+0530][info][gc,phases   ] GC(48)   Other: 0.1ms
[2025-07-09T09:30:45.688+0530][info][gc,heap     ] GC(48) Eden regions: 25->0(24)
[2025-07-09T09:30:45.688+0530][info][gc,heap     ] GC(48) Survivor regions: 1->2(4)
[2025-07-09T09:30:45.688+0530][info][gc,heap     ] GC(48) Old regions: 4->4
[2025-07-09T09:30:45.688+0530][info][gc,heap     ] GC(48) Archive regions: 2->2
[2025-07-09T09:30:45.688+0530][info][gc,heap     ] GC(48) Humongous regions: 0->0
[2025-07-09T09:30:45.688+0530][info][gc,metaspace] GC(48) Metaspace: 13981K(21824K)->13981K(21824K) NonClass: 12066K(17280K)->12066K(17280K) Class: 1914K(4544K)->1914K(4544K)
[2025-07-09T09:30:45.688+0530][info][gc          ] GC(48) Pause Young (Normal) (G1 Evacuation Pause) 58M->9M(88M) 2.872ms
[2025-07-09T09:30:45.688+0530][info][gc,cpu      ] GC(48) User=0.00s Sys=0.00s Real=0.00s
[2025-07-09T09:30:45.753+0530][info][gc,start    ] GC(49) Pause Young (Normal) (G1 Evacuation Pause)
[2025-07-09T09:30:45.753+0530][info][gc,task     ] GC(49) Using 2 workers of 8 for evacuation
[2025-07-09T09:30:45.755+0530][info][gc,phases   ] GC(49)   Pre Evacuate Collection Set: 0.0ms
[2025-07-09T09:30:45.755+0530][info][gc,phases   ] GC(49)   Merge Heap Roots: 0.0ms
[2025-07-09T09:30:45.755+0530][info][gc,phases   ] GC(49)   Evacuate Collection Set: 1.7ms
[2025-07-09T09:30:45.755+0530][info][gc,phases   ] GC(49)   Post Evacuate Collection Set: 0.2ms
[2025-07-09T09:30:45.755+0530][info][gc,phases   ] GC(49)   Other: 0.1ms
[2025-07-09T09:30:45.755+0530][info][gc,heap     ] GC(49) Eden regions: 24->0(25)
[2025-07-09T09:30:45.755+0530][info][gc,heap     ] GC(49) Survivor regions: 2->1(4)
[2025-07-09T09:30:45.755+0530][info][gc,heap     ] GC(49) Old regions: 4->4
[2025-07-09T09:30:45.755+0530][info][gc,heap     ] GC(49) Archive regions: 2->2
[2025-07-09T09:30:45.755+0530][info][gc,heap     ] GC(49) Humongous regions: 0->0
[2025-07-09T09:30:45.755+0530][info][gc,metaspace] GC(49) Metaspace: 13996K(21888K)->13996K(21888K) NonClass: 12076K(17344K)->12076K(17344K) Class: 1919K(4544K)->1919K(4544K)
[2025-07-09T09:30:45.755+0530][info][gc          ] GC(49) Pause Young (Normal) (G1 Evacuation Pause) 57M->8M(88M) 2.319ms
[2025-07-09T09:30:45.755+0530][info][gc,cpu      ] GC(49) User=0.00s Sys=0.00s Real=0.00s
[2025-07-09T09:30:45.823+0530][info][gc,start    ] GC(50) Pause Young (Normal) (G1 Evacuation Pause)
[2025-07-09T09:30:45.823+0530][info][gc,task     ] GC(50) Using 2 workers of 8 for evacuation
[2025-07-09T09:30:45.825+0530][info][gc,phases   ] GC(50)   Pre Evacuate Collection Set: 0.1ms
[2025-07-09T09:30:45.825+0530][info][gc,phases   ] GC(50)   Merge Heap Roots: 0.1ms
[2025-07-09T09:30:45.825+0530][info][gc,phases   ] GC(50)   Evacuate Collection Set: 2.0ms
[2025-07-09T09:30:45.825+0530][info][gc,phases   ] GC(50)   Post Evacuate Collection Set: 0.4ms
[2025-07-09T09:30:45.825+0530][info][gc,phases   ] GC(50)   Other: 0.1ms
[2025-07-09T09:30:45.825+0530][info][gc,heap     ] GC(50) Eden regions: 25->0(35)
[2025-07-09T09:30:45.825+0530][info][gc,heap     ] GC(50) Survivor regions: 1->1(4)
[2025-07-09T09:30:45.825+0530][info][gc,heap     ] GC(50) Old regions: 4->4
[2025-07-09T09:30:45.825+0530][info][gc,heap     ] GC(50) Archive regions: 2->2
[2025-07-09T09:30:45.825+0530][info][gc,heap     ] GC(50) Humongous regions: 0->0
[2025-07-09T09:30:45.825+0530][info][gc,metaspace] GC(50) Metaspace: 14011K(21952K)->14011K(21952K) NonClass: 12085K(17344K)->12085K(17344K) Class: 1925K(4608K)->1925K(4608K)
[2025-07-09T09:30:45.825+0530][info][gc          ] GC(50) Pause Young (Normal) (G1 Evacuation Pause) 58M->9M(120M) 2.860ms
[2025-07-09T09:30:45.825+0530][info][gc,cpu      ] GC(50) User=0.01s Sys=0.00s Real=0.00s
[2025-07-09T09:30:45.936+0530][info][gc,start    ] GC(51) Pause Young (Normal) (G1 Evacuation Pause)
[2025-07-09T09:30:45.936+0530][info][gc,task     ] GC(51) Using 2 workers of 8 for evacuation
[2025-07-09T09:30:45.939+0530][info][gc,phases   ] GC(51)   Pre Evacuate Collection Set: 0.1ms
[2025-07-09T09:30:45.939+0530][info][gc,phases   ] GC(51)   Merge Heap Roots: 0.1ms
[2025-07-09T09:30:45.939+0530][info][gc,phases   ] GC(51)   Evacuate Collection Set: 2.3ms
[2025-07-09T09:30:45.939+0530][info][gc,phases   ] GC(51)   Post Evacuate Collection Set: 0.3ms
[2025-07-09T09:30:45.939+0530][info][gc,phases   ] GC(51)   Other: 0.1ms
[2025-07-09T09:30:45.939+0530][info][gc,heap     ] GC(51) Eden regions: 35->0(34)
[2025-07-09T09:30:45.939+0530][info][gc,heap     ] GC(51) Survivor regions: 1->2(5)
[2025-07-09T09:30:45.939+0530][info][gc,heap     ] GC(51) Old regions: 4->4
[2025-07-09T09:30:45.939+0530][info][gc,heap     ] GC(51) Archive regions: 2->2
[2025-07-09T09:30:45.939+0530][info][gc,heap     ] GC(51) Humongous regions: 0->0
[2025-07-09T09:30:45.939+0530][info][gc,metaspace] GC(51) Metaspace: 14031K(22016K)->14031K(22016K) NonClass: 12099K(17408K)->12099K(17408K) Class: 1932K(4608K)->1932K(4608K)
[2025-07-09T09:30:45.939+0530][info][gc          ] GC(51) Pause Young (Normal) (G1 Evacuation Pause) 79M->9M(120M) 2.889ms
[2025-07-09T09:30:45.939+0530][info][gc,cpu      ] GC(51) User=0.00s Sys=0.00s Real=0.00s
[2025-07-09T09:30:46.029+0530][info][gc,start    ] GC(52) Pause Young (Normal) (G1 Evacuation Pause)
[2025-07-09T09:30:46.029+0530][info][gc,task     ] GC(52) Using 2 workers of 8 for evacuation
[2025-07-09T09:30:46.032+0530][info][gc,phases   ] GC(52)   Pre Evacuate Collection Set: 0.1ms
[2025-07-09T09:30:46.032+0530][info][gc,phases   ] GC(52)   Merge Heap Roots: 0.0ms
[2025-07-09T09:30:46.032+0530][info][gc,phases   ] GC(52)   Evacuate Collection Set: 2.4ms
[2025-07-09T09:30:46.032+0530][info][gc,phases   ] GC(52)   Post Evacuate Collection Set: 0.2ms
[2025-07-09T09:30:46.032+0530][info][gc,phases   ] GC(52)   Other: 0.1ms
[2025-07-09T09:30:46.032+0530][info][gc,heap     ] GC(52) Eden regions: 34->0(34)
[2025-07-09T09:30:46.032+0530][info][gc,heap     ] GC(52) Survivor regions: 2->2(5)
[2025-07-09T09:30:46.032+0530][info][gc,heap     ] GC(52) Old regions: 4->4
[2025-07-09T09:30:46.032+0530][info][gc,heap     ] GC(52) Archive regions: 2->2
[2025-07-09T09:30:46.032+0530][info][gc,heap     ] GC(52) Humongous regions: 0->0
[2025-07-09T09:30:46.032+0530][info][gc,metaspace] GC(52) Metaspace: 14052K(22144K)->14052K(22144K) NonClass: 12112K(17472K)->12112K(17472K) Class: 1939K(4672K)->1939K(4672K)
[2025-07-09T09:30:46.032+0530][info][gc          ] GC(52) Pause Young (Normal) (G1 Evacuation Pause) 77M->9M(120M) 2.950ms
[2025-07-09T09:30:46.032+0530][info][gc,cpu      ] GC(52) User=0.01s Sys=0.00s Real=0.01s
[2025-07-09T09:30:46.123+0530][info][gc,start    ] GC(53) Pause Young (Normal) (G1 Evacuation Pause)
[2025-07-09T09:30:46.123+0530][info][gc,task     ] GC(53) Using 2 workers of 8 for evacuation
[2025-07-09T09:30:46.125+0530][info][gc,phases   ] GC(53)   Pre Evacuate Collection Set: 0.1ms
[2025-07-09T09:30:46.126+0530][info][gc,phases   ] GC(53)   Merge Heap Roots: 0.1ms
[2025-07-09T09:30:46.126+0530][info][gc,phases   ] GC(53)   Evacuate Collection Set: 2.3ms
[2025-07-09T09:30:46.126+0530][info][gc,phases   ] GC(53)   Post Evacuate Collection Set: 0.3ms
[2025-07-09T09:30:46.126+0530][info][gc,phases   ] GC(53)   Other: 0.1ms
[2025-07-09T09:30:46.126+0530][info][gc,heap     ] GC(53) Eden regions: 34->0(34)
[2025-07-09T09:30:46.126+0530][info][gc,heap     ] GC(53) Survivor regions: 2->2(5)
[2025-07-09T09:30:46.126+0530][info][gc,heap     ] GC(53) Old regions: 4->4
[2025-07-09T09:30:46.126+0530][info][gc,heap     ] GC(53) Archive regions: 2->2
[2025-07-09T09:30:46.126+0530][info][gc,heap     ] GC(53) Humongous regions: 0->0
[2025-07-09T09:30:46.126+0530][info][gc,metaspace] GC(53) Metaspace: 14072K(22208K)->14072K(22208K) NonClass: 12126K(17536K)->12126K(17536K) Class: 1946K(4672K)->1946K(4672K)
[2025-07-09T09:30:46.126+0530][info][gc          ] GC(53) Pause Young (Normal) (G1 Evacuation Pause) 77M->9M(120M) 3.317ms
[2025-07-09T09:30:46.126+0530][info][gc,cpu      ] GC(53) User=0.00s Sys=0.00s Real=0.00s
[2025-07-09T09:30:46.217+0530][info][gc,start    ] GC(54) Pause Young (Normal) (G1 Evacuation Pause)
[2025-07-09T09:30:46.217+0530][info][gc,task     ] GC(54) Using 2 workers of 8 for evacuation
[2025-07-09T09:30:46.220+0530][info][gc,phases   ] GC(54)   Pre Evacuate Collection Set: 0.1ms
[2025-07-09T09:30:46.220+0530][info][gc,phases   ] GC(54)   Merge Heap Roots: 0.1ms
[2025-07-09T09:30:46.220+0530][info][gc,phases   ] GC(54)   Evacuate Collection Set: 2.4ms
[2025-07-09T09:30:46.220+0530][info][gc,phases   ] GC(54)   Post Evacuate Collection Set: 0.3ms
[2025-07-09T09:30:46.220+0530][info][gc,phases   ] GC(54)   Other: 0.1ms
[2025-07-09T09:30:46.220+0530][info][gc,heap     ] GC(54) Eden regions: 34->0(44)
[2025-07-09T09:30:46.220+0530][info][gc,heap     ] GC(54) Survivor regions: 2->1(5)
[2025-07-09T09:30:46.220+0530][info][gc,heap     ] GC(54) Old regions: 4->4
[2025-07-09T09:30:46.220+0530][info][gc,heap     ] GC(54) Archive regions: 2->2
[2025-07-09T09:30:46.220+0530][info][gc,heap     ] GC(54) Humongous regions: 0->0
[2025-07-09T09:30:46.220+0530][info][gc,metaspace] GC(54) Metaspace: 14093K(22272K)->14093K(22272K) NonClass: 12139K(17600K)->12139K(17600K) Class: 1953K(4672K)->1953K(4672K)
[2025-07-09T09:30:46.220+0530][info][gc          ] GC(54) Pause Young (Normal) (G1 Evacuation Pause) 77M->9M(152M) 3.057ms
[2025-07-09T09:30:46.220+0530][info][gc,cpu      ] GC(54) User=0.01s Sys=0.00s Real=0.01s
[2025-07-09T09:30:46.355+0530][info][gc,start    ] GC(55) Pause Young (Normal) (G1 Evacuation Pause)
[2025-07-09T09:30:46.355+0530][info][gc,task     ] GC(55) Using 3 workers of 8 for evacuation
[2025-07-09T09:30:46.358+0530][info][gc,phases   ] GC(55)   Pre Evacuate Collection Set: 0.1ms
[2025-07-09T09:30:46.358+0530][info][gc,phases   ] GC(55)   Merge Heap Roots: 0.0ms
[2025-07-09T09:30:46.358+0530][info][gc,phases   ] GC(55)   Evacuate Collection Set: 1.8ms
[2025-07-09T09:30:46.358+0530][info][gc,phases   ] GC(55)   Post Evacuate Collection Set: 0.3ms
[2025-07-09T09:30:46.358+0530][info][gc,phases   ] GC(55)   Other: 0.1ms
[2025-07-09T09:30:46.358+0530][info][gc,heap     ] GC(55) Eden regions: 44->0(44)
[2025-07-09T09:30:46.358+0530][info][gc,heap     ] GC(55) Survivor regions: 1->1(6)
[2025-07-09T09:30:46.358+0530][info][gc,heap     ] GC(55) Old regions: 4->4
[2025-07-09T09:30:46.358+0530][info][gc,heap     ] GC(55) Archive regions: 2->2
[2025-07-09T09:30:46.358+0530][info][gc,heap     ] GC(55) Humongous regions: 0->0
[2025-07-09T09:30:46.358+0530][info][gc,metaspace] GC(55) Metaspace: 14119K(22400K)->14119K(22400K) NonClass: 12156K(17664K)->12156K(17664K) Class: 1962K(4736K)->1962K(4736K)
[2025-07-09T09:30:46.358+0530][info][gc          ] GC(55) Pause Young (Normal) (G1 Evacuation Pause) 97M->9M(152M) 2.550ms
[2025-07-09T09:30:46.358+0530][info][gc,cpu      ] GC(55) User=0.01s Sys=0.00s Real=0.00s
[2025-07-09T09:30:46.480+0530][info][gc,start    ] GC(56) Pause Young (Normal) (G1 Evacuation Pause)
[2025-07-09T09:30:46.480+0530][info][gc,task     ] GC(56) Using 3 workers of 8 for evacuation
[2025-07-09T09:30:46.482+0530][info][gc,phases   ] GC(56)   Pre Evacuate Collection Set: 0.1ms
[2025-07-09T09:30:46.482+0530][info][gc,phases   ] GC(56)   Merge Heap Roots: 0.1ms
[2025-07-09T09:30:46.482+0530][info][gc,phases   ] GC(56)   Evacuate Collection Set: 1.6ms
[2025-07-09T09:30:46.482+0530][info][gc,phases   ] GC(56)   Post Evacuate Collection Set: 0.3ms
[2025-07-09T09:30:46.482+0530][info][gc,phases   ] GC(56)   Other: 0.1ms
[2025-07-09T09:30:46.482+0530][info][gc,heap     ] GC(56) Eden regions: 44->0(44)
[2025-07-09T09:30:46.482+0530][info][gc,heap     ] GC(56) Survivor regions: 1->1(6)
[2025-07-09T09:30:46.482+0530][info][gc,heap     ] GC(56) Old regions: 4->4
[2025-07-09T09:30:46.482+0530][info][gc,heap     ] GC(56) Archive regions: 2->2
[2025-07-09T09:30:46.482+0530][info][gc,heap     ] GC(56) Humongous regions: 0->0
[2025-07-09T09:30:46.482+0530][info][gc,metaspace] GC(56) Metaspace: 14161K(22528K)->14161K(22528K) NonClass: 12188K(17728K)->12188K(17728K) Class: 1972K(4800K)->1972K(4800K)
[2025-07-09T09:30:46.482+0530][info][gc          ] GC(56) Pause Young (Normal) (G1 Evacuation Pause) 97M->9M(152M) 2.198ms
[2025-07-09T09:30:46.482+0530][info][gc,cpu      ] GC(56) User=0.01s Sys=0.00s Real=0.00s
[2025-07-09T09:30:46.665+0530][info][gc,start    ] GC(57) Pause Young (Normal) (G1 Evacuation Pause)
[2025-07-09T09:30:46.665+0530][info][gc,task     ] GC(57) Using 3 workers of 8 for evacuation
[2025-07-09T09:30:46.668+0530][info][gc,phases   ] GC(57)   Pre Evacuate Collection Set: 0.1ms
[2025-07-09T09:30:46.668+0530][info][gc,phases   ] GC(57)   Merge Heap Roots: 0.1ms
[2025-07-09T09:30:46.668+0530][info][gc,phases   ] GC(57)   Evacuate Collection Set: 1.8ms
[2025-07-09T09:30:46.668+0530][info][gc,phases   ] GC(57)   Post Evacuate Collection Set: 0.3ms
[2025-07-09T09:30:46.668+0530][info][gc,phases   ] GC(57)   Other: 0.1ms
[2025-07-09T09:30:46.668+0530][info][gc,heap     ] GC(57) Eden regions: 44->0(44)
[2025-07-09T09:30:46.668+0530][info][gc,heap     ] GC(57) Survivor regions: 1->1(6)
[2025-07-09T09:30:46.668+0530][info][gc,heap     ] GC(57) Old regions: 4->4
[2025-07-09T09:30:46.668+0530][info][gc,heap     ] GC(57) Archive regions: 2->2
[2025-07-09T09:30:46.668+0530][info][gc,heap     ] GC(57) Humongous regions: 0->0
[2025-07-09T09:30:46.668+0530][info][gc,metaspace] GC(57) Metaspace: 14187K(22592K)->14187K(22592K) NonClass: 12206K(17792K)->12206K(17792K) Class: 1981K(4800K)->1981K(4800K)
[2025-07-09T09:30:46.668+0530][info][gc          ] GC(57) Pause Young (Normal) (G1 Evacuation Pause) 97M->9M(152M) 2.564ms
[2025-07-09T09:30:46.668+0530][info][gc,cpu      ] GC(57) User=0.00s Sys=0.00s Real=0.00s
[2025-07-09T09:30:46.788+0530][info][gc,start    ] GC(58) Pause Young (Normal) (G1 Evacuation Pause)
[2025-07-09T09:30:46.788+0530][info][gc,task     ] GC(58) Using 3 workers of 8 for evacuation
[2025-07-09T09:30:46.790+0530][info][gc,phases   ] GC(58)   Pre Evacuate Collection Set: 0.1ms
[2025-07-09T09:30:46.790+0530][info][gc,phases   ] GC(58)   Merge Heap Roots: 0.2ms
[2025-07-09T09:30:46.790+0530][info][gc,phases   ] GC(58)   Evacuate Collection Set: 1.4ms
[2025-07-09T09:30:46.790+0530][info][gc,phases   ] GC(58)   Post Evacuate Collection Set: 0.3ms
[2025-07-09T09:30:46.790+0530][info][gc,phases   ] GC(58)   Other: 0.1ms
[2025-07-09T09:30:46.790+0530][info][gc,heap     ] GC(58) Eden regions: 44->0(54)
[2025-07-09T09:30:46.790+0530][info][gc,heap     ] GC(58) Survivor regions: 1->1(6)
[2025-07-09T09:30:46.790+0530][info][gc,heap     ] GC(58) Old regions: 4->4
[2025-07-09T09:30:46.790+0530][info][gc,heap     ] GC(58) Archive regions: 2->2
[2025-07-09T09:30:46.790+0530][info][gc,heap     ] GC(58) Humongous regions: 0->0
[2025-07-09T09:30:46.790+0530][info][gc,metaspace] GC(58) Metaspace: 14213K(22784K)->14213K(22784K) NonClass: 12223K(17920K)->12223K(17920K) Class: 1990K(4864K)->1990K(4864K)
[2025-07-09T09:30:46.790+0530][info][gc          ] GC(58) Pause Young (Normal) (G1 Evacuation Pause) 97M->9M(184M) 2.272ms
[2025-07-09T09:30:46.790+0530][info][gc,cpu      ] GC(58) User=0.01s Sys=0.00s Real=0.01s
[2025-07-09T09:30:46.953+0530][info][gc,start    ] GC(59) Pause Young (Normal) (G1 Evacuation Pause)
[2025-07-09T09:30:46.954+0530][info][gc,task     ] GC(59) Using 4 workers of 8 for evacuation
[2025-07-09T09:30:46.955+0530][info][gc,phases   ] GC(59)   Pre Evacuate Collection Set: 0.1ms
[2025-07-09T09:30:46.955+0530][info][gc,phases   ] GC(59)   Merge Heap Roots: 0.0ms
[2025-07-09T09:30:46.955+0530][info][gc,phases   ] GC(59)   Evacuate Collection Set: 0.6ms
[2025-07-09T09:30:46.955+0530][info][gc,phases   ] GC(59)   Post Evacuate Collection Set: 0.3ms
[2025-07-09T09:30:46.955+0530][info][gc,phases   ] GC(59)   Other: 0.2ms
[2025-07-09T09:30:46.955+0530][info][gc,heap     ] GC(59) Eden regions: 54->0(54)
[2025-07-09T09:30:46.955+0530][info][gc,heap     ] GC(59) Survivor regions: 1->1(7)
[2025-07-09T09:30:46.955+0530][info][gc,heap     ] GC(59) Old regions: 4->4
[2025-07-09T09:30:46.955+0530][info][gc,heap     ] GC(59) Archive regions: 2->2
[2025-07-09T09:30:46.955+0530][info][gc,heap     ] GC(59) Humongous regions: 0->0
[2025-07-09T09:30:46.955+0530][info][gc,metaspace] GC(59) Metaspace: 14247K(22848K)->14247K(22848K) NonClass: 12245K(17984K)->12245K(17984K) Class: 2002K(4864K)->2002K(4864K)
[2025-07-09T09:30:46.955+0530][info][gc          ] GC(59) Pause Young (Normal) (G1 Evacuation Pause) 117M->8M(184M) 1.225ms
[2025-07-09T09:30:46.955+0530][info][gc,cpu      ] GC(59) User=0.00s Sys=0.00s Real=0.00s
[2025-07-09T09:30:47.102+0530][info][gc,start    ] GC(60) Pause Young (Normal) (G1 Evacuation Pause)
[2025-07-09T09:30:47.102+0530][info][gc,task     ] GC(60) Using 4 workers of 8 for evacuation
[2025-07-09T09:30:47.104+0530][info][gc,phases   ] GC(60)   Pre Evacuate Collection Set: 0.1ms
[2025-07-09T09:30:47.104+0530][info][gc,phases   ] GC(60)   Merge Heap Roots: 0.0ms
[2025-07-09T09:30:47.104+0530][info][gc,phases   ] GC(60)   Evacuate Collection Set: 0.8ms
[2025-07-09T09:30:47.104+0530][info][gc,phases   ] GC(60)   Post Evacuate Collection Set: 0.3ms
[2025-07-09T09:30:47.104+0530][info][gc,phases   ] GC(60)   Other: 0.1ms
[2025-07-09T09:30:47.104+0530][info][gc,heap     ] GC(60) Eden regions: 54->0(54)
[2025-07-09T09:30:47.104+0530][info][gc,heap     ] GC(60) Survivor regions: 1->1(7)
[2025-07-09T09:30:47.104+0530][info][gc,heap     ] GC(60) Old regions: 4->4
[2025-07-09T09:30:47.104+0530][info][gc,heap     ] GC(60) Archive regions: 2->2
[2025-07-09T09:30:47.104+0530][info][gc,heap     ] GC(60) Humongous regions: 0->0
[2025-07-09T09:30:47.104+0530][info][gc,metaspace] GC(60) Metaspace: 14279K(22976K)->14279K(22976K) NonClass: 12266K(18048K)->12266K(18048K) Class: 2013K(4928K)->2013K(4928K)
[2025-07-09T09:30:47.104+0530][info][gc          ] GC(60) Pause Young (Normal) (G1 Evacuation Pause) 116M->8M(184M) 1.423ms
[2025-07-09T09:30:47.104+0530][info][gc,cpu      ] GC(60) User=0.00s Sys=0.01s Real=0.00s
[2025-07-09T09:30:47.252+0530][info][gc,start    ] GC(61) Pause Young (Normal) (G1 Evacuation Pause)
[2025-07-09T09:30:47.252+0530][info][gc,task     ] GC(61) Using 4 workers of 8 for evacuation
[2025-07-09T09:30:47.254+0530][info][gc,phases   ] GC(61)   Pre Evacuate Collection Set: 0.1ms
[2025-07-09T09:30:47.254+0530][info][gc,phases   ] GC(61)   Merge Heap Roots: 0.0ms
[2025-07-09T09:30:47.254+0530][info][gc,phases   ] GC(61)   Evacuate Collection Set: 0.9ms
[2025-07-09T09:30:47.254+0530][info][gc,phases   ] GC(61)   Post Evacuate Collection Set: 0.2ms
[2025-07-09T09:30:47.254+0530][info][gc,phases   ] GC(61)   Other: 0.2ms
[2025-07-09T09:30:47.254+0530][info][gc,heap     ] GC(61) Eden regions: 54->0(54)
[2025-07-09T09:30:47.254+0530][info][gc,heap     ] GC(61) Survivor regions: 1->1(7)
[2025-07-09T09:30:47.254+0530][info][gc,heap     ] GC(61) Old regions: 4->4
[2025-07-09T09:30:47.254+0530][info][gc,heap     ] GC(61) Archive regions: 2->2
[2025-07-09T09:30:47.254+0530][info][gc,heap     ] GC(61) Humongous regions: 0->0
[2025-07-09T09:30:47.254+0530][info][gc,metaspace] GC(61) Metaspace: 14311K(23168K)->14311K(23168K) NonClass: 12287K(18176K)->12287K(18176K) Class: 2024K(4992K)->2024K(4992K)
[2025-07-09T09:30:47.254+0530][info][gc          ] GC(61) Pause Young (Normal) (G1 Evacuation Pause) 116M->9M(184M) 1.478ms
[2025-07-09T09:30:47.254+0530][info][gc,cpu      ] GC(61) User=0.00s Sys=0.00s Real=0.00s
[2025-07-09T09:30:47.400+0530][info][gc,start    ] GC(62) Pause Young (Normal) (G1 Evacuation Pause)
[2025-07-09T09:30:47.400+0530][info][gc,task     ] GC(62) Using 4 workers of 8 for evacuation
[2025-07-09T09:30:47.402+0530][info][gc,phases   ] GC(62)   Pre Evacuate Collection Set: 0.1ms
[2025-07-09T09:30:47.402+0530][info][gc,phases   ] GC(62)   Merge Heap Roots: 0.1ms
[2025-07-09T09:30:47.402+0530][info][gc,phases   ] GC(62)   Evacuate Collection Set: 1.6ms
[2025-07-09T09:30:47.403+0530][info][gc,phases   ] GC(62)   Post Evacuate Collection Set: 0.3ms
[2025-07-09T09:30:47.403+0530][info][gc,phases   ] GC(62)   Other: 0.1ms
[2025-07-09T09:30:47.403+0530][info][gc,heap     ] GC(62) Eden regions: 54->0(54)
[2025-07-09T09:30:47.403+0530][info][gc,heap     ] GC(62) Survivor regions: 1->1(7)
[2025-07-09T09:30:47.403+0530][info][gc,heap     ] GC(62) Old regions: 4->4
[2025-07-09T09:30:47.403+0530][info][gc,heap     ] GC(62) Archive regions: 2->2
[2025-07-09T09:30:47.403+0530][info][gc,heap     ] GC(62) Humongous regions: 0->0
[2025-07-09T09:30:47.403+0530][info][gc,metaspace] GC(62) Metaspace: 14369K(23296K)->14369K(23296K) NonClass: 12333K(18304K)->12333K(18304K) Class: 2035K(4992K)->2035K(4992K)
[2025-07-09T09:30:47.403+0530][info][gc          ] GC(62) Pause Young (Normal) (G1 Evacuation Pause) 117M->9M(184M) 2.580ms
[2025-07-09T09:30:47.403+0530][info][gc,cpu      ] GC(62) User=0.01s Sys=0.00s Real=0.00s
[2025-07-09T09:30:47.557+0530][info][gc,start    ] GC(63) Pause Young (Normal) (G1 Evacuation Pause)
[2025-07-09T09:30:47.557+0530][info][gc,task     ] GC(63) Using 4 workers of 8 for evacuation
[2025-07-09T09:30:47.560+0530][info][gc,phases   ] GC(63)   Pre Evacuate Collection Set: 0.1ms
[2025-07-09T09:30:47.560+0530][info][gc,phases   ] GC(63)   Merge Heap Roots: 0.1ms
[2025-07-09T09:30:47.560+0530][info][gc,phases   ] GC(63)   Evacuate Collection Set: 1.7ms
[2025-07-09T09:30:47.560+0530][info][gc,phases   ] GC(63)   Post Evacuate Collection Set: 0.4ms
[2025-07-09T09:30:47.560+0530][info][gc,phases   ] GC(63)   Other: 0.2ms
[2025-07-09T09:30:47.560+0530][info][gc,heap     ] GC(63) Eden regions: 54->0(54)
[2025-07-09T09:30:47.560+0530][info][gc,heap     ] GC(63) Survivor regions: 1->1(7)
[2025-07-09T09:30:47.560+0530][info][gc,heap     ] GC(63) Old regions: 4->4
[2025-07-09T09:30:47.560+0530][info][gc,heap     ] GC(63) Archive regions: 2->2
[2025-07-09T09:30:47.560+0530][info][gc,heap     ] GC(63) Humongous regions: 0->0
[2025-07-09T09:30:47.560+0530][info][gc,metaspace] GC(63) Metaspace: 14401K(23424K)->14401K(23424K) NonClass: 12354K(18368K)->12354K(18368K) Class: 2046K(5056K)->2046K(5056K)
[2025-07-09T09:30:47.560+0530][info][gc          ] GC(63) Pause Young (Normal) (G1 Evacuation Pause) 117M->9M(184M) 2.638ms
[2025-07-09T09:30:47.560+0530][info][gc,cpu      ] GC(63) User=0.01s Sys=0.00s Real=0.01s
[2025-07-09T09:30:47.700+0530][info][gc,start    ] GC(64) Pause Young (Normal) (G1 Evacuation Pause)
[2025-07-09T09:30:47.700+0530][info][gc,task     ] GC(64) Using 4 workers of 8 for evacuation
[2025-07-09T09:30:47.702+0530][info][gc,phases   ] GC(64)   Pre Evacuate Collection Set: 0.1ms
[2025-07-09T09:30:47.702+0530][info][gc,phases   ] GC(64)   Merge Heap Roots: 0.0ms
[2025-07-09T09:30:47.702+0530][info][gc,phases   ] GC(64)   Evacuate Collection Set: 1.3ms
[2025-07-09T09:30:47.702+0530][info][gc,phases   ] GC(64)   Post Evacuate Collection Set: 0.4ms
[2025-07-09T09:30:47.702+0530][info][gc,phases   ] GC(64)   Other: 0.2ms
[2025-07-09T09:30:47.702+0530][info][gc,heap     ] GC(64) Eden regions: 54->0(54)
[2025-07-09T09:30:47.702+0530][info][gc,heap     ] GC(64) Survivor regions: 1->1(7)
[2025-07-09T09:30:47.702+0530][info][gc,heap     ] GC(64) Old regions: 4->4
[2025-07-09T09:30:47.702+0530][info][gc,heap     ] GC(64) Archive regions: 2->2
[2025-07-09T09:30:47.702+0530][info][gc,heap     ] GC(64) Humongous regions: 0->0
[2025-07-09T09:30:47.702+0530][info][gc,metaspace] GC(64) Metaspace: 14433K(23552K)->14433K(23552K) NonClass: 12375K(18432K)->12375K(18432K) Class: 2057K(5120K)->2057K(5120K)
[2025-07-09T09:30:47.702+0530][info][gc          ] GC(64) Pause Young (Normal) (G1 Evacuation Pause) 117M->9M(184M) 2.193ms
[2025-07-09T09:30:47.702+0530][info][gc,cpu      ] GC(64) User=0.00s Sys=0.00s Real=0.00s
[2025-07-09T09:30:47.841+0530][info][gc,start    ] GC(65) Pause Young (Normal) (G1 Evacuation Pause)
[2025-07-09T09:30:47.841+0530][info][gc,task     ] GC(65) Using 4 workers of 8 for evacuation
[2025-07-09T09:30:47.844+0530][info][gc,phases   ] GC(65)   Pre Evacuate Collection Set: 0.1ms
[2025-07-09T09:30:47.844+0530][info][gc,phases   ] GC(65)   Merge Heap Roots: 0.1ms
[2025-07-09T09:30:47.844+0530][info][gc,phases   ] GC(65)   Evacuate Collection Set: 1.9ms
[2025-07-09T09:30:47.844+0530][info][gc,phases   ] GC(65)   Post Evacuate Collection Set: 0.5ms
[2025-07-09T09:30:47.844+0530][info][gc,phases   ] GC(65)   Other: 0.1ms
[2025-07-09T09:30:47.844+0530][info][gc,heap     ] GC(65) Eden regions: 54->0(64)
[2025-07-09T09:30:47.844+0530][info][gc,heap     ] GC(65) Survivor regions: 1->2(7)
[2025-07-09T09:30:47.844+0530][info][gc,heap     ] GC(65) Old regions: 4->4
[2025-07-09T09:30:47.844+0530][info][gc,heap     ] GC(65) Archive regions: 2->2
[2025-07-09T09:30:47.844+0530][info][gc,heap     ] GC(65) Humongous regions: 0->0
[2025-07-09T09:30:47.844+0530][info][gc,metaspace] GC(65) Metaspace: 14465K(23744K)->14465K(23744K) NonClass: 12396K(18560K)->12396K(18560K) Class: 2069K(5184K)->2069K(5184K)
[2025-07-09T09:30:47.844+0530][info][gc          ] GC(65) Pause Young (Normal) (G1 Evacuation Pause) 117M->10M(222M) 2.759ms
[2025-07-09T09:30:47.844+0530][info][gc,cpu      ] GC(65) User=0.01s Sys=0.00s Real=0.00s
[2025-07-09T09:30:48.100+0530][info][gc,start    ] GC(66) Pause Young (Normal) (G1 Evacuation Pause)
[2025-07-09T09:30:48.100+0530][info][gc,task     ] GC(66) Using 5 workers of 8 for evacuation
[2025-07-09T09:30:48.102+0530][info][gc,phases   ] GC(66)   Pre Evacuate Collection Set: 0.1ms
[2025-07-09T09:30:48.102+0530][info][gc,phases   ] GC(66)   Merge Heap Roots: 0.1ms
[2025-07-09T09:30:48.102+0530][info][gc,phases   ] GC(66)   Evacuate Collection Set: 0.9ms
[2025-07-09T09:30:48.102+0530][info][gc,phases   ] GC(66)   Post Evacuate Collection Set: 0.4ms
[2025-07-09T09:30:48.102+0530][info][gc,phases   ] GC(66)   Other: 0.1ms
[2025-07-09T09:30:48.102+0530][info][gc,heap     ] GC(66) Eden regions: 64->0(65)
[2025-07-09T09:30:48.102+0530][info][gc,heap     ] GC(66) Survivor regions: 2->1(9)
[2025-07-09T09:30:48.102+0530][info][gc,heap     ] GC(66) Old regions: 4->4
[2025-07-09T09:30:48.102+0530][info][gc,heap     ] GC(66) Archive regions: 2->2
[2025-07-09T09:30:48.102+0530][info][gc,heap     ] GC(66) Humongous regions: 0->0
[2025-07-09T09:30:48.102+0530][info][gc,metaspace] GC(66) Metaspace: 14505K(23808K)->14505K(23808K) NonClass: 12422K(18624K)->12422K(18624K) Class: 2082K(5184K)->2082K(5184K)
[2025-07-09T09:30:48.102+0530][info][gc          ] GC(66) Pause Young (Normal) (G1 Evacuation Pause) 138M->9M(222M) 1.697ms
[2025-07-09T09:30:48.102+0530][info][gc,cpu      ] GC(66) User=0.01s Sys=0.00s Real=0.00s
[2025-07-09T09:30:48.271+0530][info][gc,start    ] GC(67) Pause Young (Normal) (G1 Evacuation Pause)
[2025-07-09T09:30:48.271+0530][info][gc,task     ] GC(67) Using 5 workers of 8 for evacuation
[2025-07-09T09:30:48.273+0530][info][gc,phases   ] GC(67)   Pre Evacuate Collection Set: 0.1ms
[2025-07-09T09:30:48.273+0530][info][gc,phases   ] GC(67)   Merge Heap Roots: 0.2ms
[2025-07-09T09:30:48.273+0530][info][gc,phases   ] GC(67)   Evacuate Collection Set: 1.1ms
[2025-07-09T09:30:48.273+0530][info][gc,phases   ] GC(67)   Post Evacuate Collection Set: 0.2ms
[2025-07-09T09:30:48.273+0530][info][gc,phases   ] GC(67)   Other: 0.1ms
[2025-07-09T09:30:48.273+0530][info][gc,heap     ] GC(67) Eden regions: 65->0(64)
[2025-07-09T09:30:48.273+0530][info][gc,heap     ] GC(67) Survivor regions: 1->2(9)
[2025-07-09T09:30:48.273+0530][info][gc,heap     ] GC(67) Old regions: 4->5
[2025-07-09T09:30:48.273+0530][info][gc,heap     ] GC(67) Archive regions: 2->2
[2025-07-09T09:30:48.273+0530][info][gc,heap     ] GC(67) Humongous regions: 0->0
[2025-07-09T09:30:48.273+0530][info][gc,metaspace] GC(67) Metaspace: 14544K(24000K)->14544K(24000K) NonClass: 12448K(18752K)->12448K(18752K) Class: 2095K(5248K)->2095K(5248K)
[2025-07-09T09:30:48.273+0530][info][gc          ] GC(67) Pause Young (Normal) (G1 Evacuation Pause) 139M->10M(222M) 1.865ms
[2025-07-09T09:30:48.273+0530][info][gc,cpu      ] GC(67) User=0.01s Sys=0.00s Real=0.00s
[2025-07-09T09:30:48.450+0530][info][gc,start    ] GC(68) Pause Young (Normal) (G1 Evacuation Pause)
[2025-07-09T09:30:48.451+0530][info][gc,task     ] GC(68) Using 5 workers of 8 for evacuation
[2025-07-09T09:30:48.452+0530][info][gc,phases   ] GC(68)   Pre Evacuate Collection Set: 0.1ms
[2025-07-09T09:30:48.452+0530][info][gc,phases   ] GC(68)   Merge Heap Roots: 0.1ms
[2025-07-09T09:30:48.452+0530][info][gc,phases   ] GC(68)   Evacuate Collection Set: 1.2ms
[2025-07-09T09:30:48.452+0530][info][gc,phases   ] GC(68)   Post Evacuate Collection Set: 0.3ms
[2025-07-09T09:30:48.452+0530][info][gc,phases   ] GC(68)   Other: 0.1ms
[2025-07-09T09:30:48.452+0530][info][gc,heap     ] GC(68) Eden regions: 64->0(65)
[2025-07-09T09:30:48.452+0530][info][gc,heap     ] GC(68) Survivor regions: 2->1(9)
[2025-07-09T09:30:48.452+0530][info][gc,heap     ] GC(68) Old regions: 5->5
[2025-07-09T09:30:48.452+0530][info][gc,heap     ] GC(68) Archive regions: 2->2
[2025-07-09T09:30:48.452+0530][info][gc,heap     ] GC(68) Humongous regions: 0->0
[2025-07-09T09:30:48.452+0530][info][gc,metaspace] GC(68) Metaspace: 14606K(24192K)->14606K(24192K) NonClass: 12496K(18880K)->12496K(18880K) Class: 2109K(5312K)->2109K(5312K)
[2025-07-09T09:30:48.452+0530][info][gc          ] GC(68) Pause Young (Normal) (G1 Evacuation Pause) 138M->9M(222M) 1.897ms
[2025-07-09T09:30:48.452+0530][info][gc,cpu      ] GC(68) User=0.01s Sys=0.00s Real=0.00s
[2025-07-09T09:30:48.618+0530][info][gc,start    ] GC(69) Pause Young (Normal) (G1 Evacuation Pause)
[2025-07-09T09:30:48.618+0530][info][gc,task     ] GC(69) Using 5 workers of 8 for evacuation
[2025-07-09T09:30:48.620+0530][info][gc,phases   ] GC(69)   Pre Evacuate Collection Set: 0.1ms
[2025-07-09T09:30:48.620+0530][info][gc,phases   ] GC(69)   Merge Heap Roots: 0.1ms
[2025-07-09T09:30:48.620+0530][info][gc,phases   ] GC(69)   Evacuate Collection Set: 1.4ms
[2025-07-09T09:30:48.620+0530][info][gc,phases   ] GC(69)   Post Evacuate Collection Set: 0.3ms
[2025-07-09T09:30:48.620+0530][info][gc,phases   ] GC(69)   Other: 0.2ms
[2025-07-09T09:30:48.620+0530][info][gc,heap     ] GC(69) Eden regions: 65->0(65)
[2025-07-09T09:30:48.620+0530][info][gc,heap     ] GC(69) Survivor regions: 1->1(9)
[2025-07-09T09:30:48.620+0530][info][gc,heap     ] GC(69) Old regions: 5->5
[2025-07-09T09:30:48.620+0530][info][gc,heap     ] GC(69) Archive regions: 2->2
[2025-07-09T09:30:48.620+0530][info][gc,heap     ] GC(69) Humongous regions: 0->0
[2025-07-09T09:30:48.620+0530][info][gc,metaspace] GC(69) Metaspace: 14644K(24384K)->14644K(24384K) NonClass: 12521K(19008K)->12521K(19008K) Class: 2122K(5376K)->2122K(5376K)
[2025-07-09T09:30:48.620+0530][info][gc          ] GC(69) Pause Young (Normal) (G1 Evacuation Pause) 139M->10M(222M) 2.145ms
[2025-07-09T09:30:48.620+0530][info][gc,cpu      ] GC(69) User=0.00s Sys=0.00s Real=0.01s
[2025-07-09T09:30:48.786+0530][info][gc,start    ] GC(70) Pause Young (Normal) (G1 Evacuation Pause)
[2025-07-09T09:30:48.786+0530][info][gc,task     ] GC(70) Using 5 workers of 8 for evacuation
[2025-07-09T09:30:48.788+0530][info][gc,phases   ] GC(70)   Pre Evacuate Collection Set: 0.1ms
[2025-07-09T09:30:48.788+0530][info][gc,phases   ] GC(70)   Merge Heap Roots: 0.1ms
[2025-07-09T09:30:48.788+0530][info][gc,phases   ] GC(70)   Evacuate Collection Set: 1.0ms
[2025-07-09T09:30:48.788+0530][info][gc,phases   ] GC(70)   Post Evacuate Collection Set: 0.3ms
[2025-07-09T09:30:48.788+0530][info][gc,phases   ] GC(70)   Other: 0.1ms
[2025-07-09T09:30:48.788+0530][info][gc,heap     ] GC(70) Eden regions: 65->0(65)
[2025-07-09T09:30:48.788+0530][info][gc,heap     ] GC(70) Survivor regions: 1->1(9)
[2025-07-09T09:30:48.788+0530][info][gc,heap     ] GC(70) Old regions: 5->5
[2025-07-09T09:30:48.788+0530][info][gc,heap     ] GC(70) Archive regions: 2->2
[2025-07-09T09:30:48.788+0530][info][gc,heap     ] GC(70) Humongous regions: 0->0
[2025-07-09T09:30:48.788+0530][info][gc,metaspace] GC(70) Metaspace: 14684K(24512K)->14684K(24512K) NonClass: 12547K(19072K)->12547K(19072K) Class: 2136K(5440K)->2136K(5440K)
[2025-07-09T09:30:48.788+0530][info][gc          ] GC(70) Pause Young (Normal) (G1 Evacuation Pause) 140M->10M(222M) 1.713ms
[2025-07-09T09:30:48.788+0530][info][gc,cpu      ] GC(70) User=0.00s Sys=0.00s Real=0.00s
[2025-07-09T09:30:48.963+0530][info][gc,start    ] GC(71) Pause Young (Normal) (G1 Evacuation Pause)
[2025-07-09T09:30:48.963+0530][info][gc,task     ] GC(71) Using 5 workers of 8 for evacuation
[2025-07-09T09:30:48.965+0530][info][gc,phases   ] GC(71)   Pre Evacuate Collection Set: 0.1ms
[2025-07-09T09:30:48.965+0530][info][gc,phases   ] GC(71)   Merge Heap Roots: 0.1ms
[2025-07-09T09:30:48.965+0530][info][gc,phases   ] GC(71)   Evacuate Collection Set: 1.6ms
[2025-07-09T09:30:48.965+0530][info][gc,phases   ] GC(71)   Post Evacuate Collection Set: 0.4ms
[2025-07-09T09:30:48.965+0530][info][gc,phases   ] GC(71)   Other: 0.1ms
[2025-07-09T09:30:48.965+0530][info][gc,heap     ] GC(71) Eden regions: 65->0(64)
[2025-07-09T09:30:48.965+0530][info][gc,heap     ] GC(71) Survivor regions: 1->2(9)
[2025-07-09T09:30:48.965+0530][info][gc,heap     ] GC(71) Old regions: 5->5
[2025-07-09T09:30:48.965+0530][info][gc,heap     ] GC(71) Archive regions: 2->2
[2025-07-09T09:30:48.965+0530][info][gc,heap     ] GC(71) Humongous regions: 0->0
[2025-07-09T09:30:48.965+0530][info][gc,metaspace] GC(71) Metaspace: 14722K(24704K)->14722K(24704K) NonClass: 12572K(19200K)->12572K(19200K) Class: 2149K(5504K)->2149K(5504K)
[2025-07-09T09:30:48.965+0530][info][gc          ] GC(71) Pause Young (Normal) (G1 Evacuation Pause) 140M->10M(222M) 2.352ms
[2025-07-09T09:30:48.965+0530][info][gc,cpu      ] GC(71) User=0.01s Sys=0.00s Real=0.00s
[2025-07-09T09:30:49.140+0530][info][gc,start    ] GC(72) Pause Young (Normal) (G1 Evacuation Pause)
[2025-07-09T09:30:49.140+0530][info][gc,task     ] GC(72) Using 5 workers of 8 for evacuation
[2025-07-09T09:30:49.142+0530][info][gc,phases   ] GC(72)   Pre Evacuate Collection Set: 0.1ms
[2025-07-09T09:30:49.142+0530][info][gc,phases   ] GC(72)   Merge Heap Roots: 0.0ms
[2025-07-09T09:30:49.142+0530][info][gc,phases   ] GC(72)   Evacuate Collection Set: 1.3ms
[2025-07-09T09:30:49.142+0530][info][gc,phases   ] GC(72)   Post Evacuate Collection Set: 0.3ms
[2025-07-09T09:30:49.142+0530][info][gc,phases   ] GC(72)   Other: 0.1ms
[2025-07-09T09:30:49.142+0530][info][gc,heap     ] GC(72) Eden regions: 64->0(65)
[2025-07-09T09:30:49.142+0530][info][gc,heap     ] GC(72) Survivor regions: 2->1(9)
[2025-07-09T09:30:49.142+0530][info][gc,heap     ] GC(72) Old regions: 5->5
[2025-07-09T09:30:49.142+0530][info][gc,heap     ] GC(72) Archive regions: 2->2
[2025-07-09T09:30:49.142+0530][info][gc,heap     ] GC(72) Humongous regions: 0->0
[2025-07-09T09:30:49.142+0530][info][gc,metaspace] GC(72) Metaspace: 14765K(24832K)->14765K(24832K) NonClass: 12602K(19328K)->12602K(19328K) Class: 2163K(5504K)->2163K(5504K)
[2025-07-09T09:30:49.142+0530][info][gc          ] GC(72) Pause Young (Normal) (G1 Evacuation Pause) 138M->9M(222M) 1.936ms
[2025-07-09T09:30:49.142+0530][info][gc,cpu      ] GC(72) User=0.00s Sys=0.00s Real=0.00s
[2025-07-09T09:30:49.307+0530][info][gc,start    ] GC(73) Pause Young (Normal) (G1 Evacuation Pause)
[2025-07-09T09:30:49.307+0530][info][gc,task     ] GC(73) Using 5 workers of 8 for evacuation
[2025-07-09T09:30:49.310+0530][info][gc,phases   ] GC(73)   Pre Evacuate Collection Set: 0.2ms
[2025-07-09T09:30:49.310+0530][info][gc,phases   ] GC(73)   Merge Heap Roots: 0.1ms
[2025-07-09T09:30:49.310+0530][info][gc,phases   ] GC(73)   Evacuate Collection Set: 2.1ms
[2025-07-09T09:30:49.310+0530][info][gc,phases   ] GC(73)   Post Evacuate Collection Set: 0.4ms
[2025-07-09T09:30:49.310+0530][info][gc,phases   ] GC(73)   Other: 0.3ms
[2025-07-09T09:30:49.310+0530][info][gc,heap     ] GC(73) Eden regions: 65->0(64)
[2025-07-09T09:30:49.310+0530][info][gc,heap     ] GC(73) Survivor regions: 1->2(9)
[2025-07-09T09:30:49.310+0530][info][gc,heap     ] GC(73) Old regions: 5->5
[2025-07-09T09:30:49.310+0530][info][gc,heap     ] GC(73) Archive regions: 2->2
[2025-07-09T09:30:49.310+0530][info][gc,heap     ] GC(73) Humongous regions: 0->0
[2025-07-09T09:30:49.310+0530][info][gc,metaspace] GC(73) Metaspace: 14803K(24960K)->14803K(24960K) NonClass: 12626K(19392K)->12626K(19392K) Class: 2176K(5568K)->2176K(5568K)
[2025-07-09T09:30:49.310+0530][info][gc          ] GC(73) Pause Young (Normal) (G1 Evacuation Pause) 139M->10M(222M) 3.049ms
[2025-07-09T09:30:49.310+0530][info][gc,cpu      ] GC(73) User=0.01s Sys=0.00s Real=0.01s
[2025-07-09T09:30:49.530+0530][info][gc,start    ] GC(74) Pause Young (Normal) (G1 Evacuation Pause)
[2025-07-09T09:30:49.530+0530][info][gc,task     ] GC(74) Using 5 workers of 8 for evacuation
[2025-07-09T09:30:49.531+0530][info][gc,phases   ] GC(74)   Pre Evacuate Collection Set: 0.1ms
[2025-07-09T09:30:49.531+0530][info][gc,phases   ] GC(74)   Merge Heap Roots: 0.1ms
[2025-07-09T09:30:49.531+0530][info][gc,phases   ] GC(74)   Evacuate Collection Set: 1.0ms
[2025-07-09T09:30:49.531+0530][info][gc,phases   ] GC(74)   Post Evacuate Collection Set: 0.4ms
[2025-07-09T09:30:49.531+0530][info][gc,phases   ] GC(74)   Other: 0.1ms
[2025-07-09T09:30:49.531+0530][info][gc,heap     ] GC(74) Eden regions: 64->0(79)
[2025-07-09T09:30:49.531+0530][info][gc,heap     ] GC(74) Survivor regions: 2->1(9)
[2025-07-09T09:30:49.531+0530][info][gc,heap     ] GC(74) Old regions: 5->5
[2025-07-09T09:30:49.531+0530][info][gc,heap     ] GC(74) Archive regions: 2->2
[2025-07-09T09:30:49.531+0530][info][gc,heap     ] GC(74) Humongous regions: 0->0
[2025-07-09T09:30:49.531+0530][info][gc,metaspace] GC(74) Metaspace: 14843K(25152K)->14843K(25152K) NonClass: 12652K(19520K)->12652K(19520K) Class: 2190K(5632K)->2190K(5632K)
[2025-07-09T09:30:49.531+0530][info][gc          ] GC(74) Pause Young (Normal) (G1 Evacuation Pause) 138M->9M(268M) 1.677ms
[2025-07-09T09:30:49.531+0530][info][gc,cpu      ] GC(74) User=0.00s Sys=0.00s Real=0.00s
[2025-07-09T09:30:49.762+0530][info][gc,start    ] GC(75) Pause Young (Normal) (G1 Evacuation Pause)
[2025-07-09T09:30:49.762+0530][info][gc,task     ] GC(75) Using 6 workers of 8 for evacuation
[2025-07-09T09:30:49.763+0530][info][gc,phases   ] GC(75)   Pre Evacuate Collection Set: 0.1ms
[2025-07-09T09:30:49.763+0530][info][gc,phases   ] GC(75)   Merge Heap Roots: 0.1ms
[2025-07-09T09:30:49.763+0530][info][gc,phases   ] GC(75)   Evacuate Collection Set: 1.1ms
[2025-07-09T09:30:49.763+0530][info][gc,phases   ] GC(75)   Post Evacuate Collection Set: 0.3ms
[2025-07-09T09:30:49.763+0530][info][gc,phases   ] GC(75)   Other: 0.1ms
[2025-07-09T09:30:49.763+0530][info][gc,heap     ] GC(75) Eden regions: 79->0(79)
[2025-07-09T09:30:49.763+0530][info][gc,heap     ] GC(75) Survivor regions: 1->1(10)
[2025-07-09T09:30:49.763+0530][info][gc,heap     ] GC(75) Old regions: 5->5
[2025-07-09T09:30:49.763+0530][info][gc,heap     ] GC(75) Archive regions: 2->2
[2025-07-09T09:30:49.763+0530][info][gc,heap     ] GC(75) Humongous regions: 0->0
[2025-07-09T09:30:49.763+0530][info][gc,metaspace] GC(75) Metaspace: 14889K(25344K)->14889K(25344K) NonClass: 12683K(19648K)->12683K(19648K) Class: 2206K(5696K)->2206K(5696K)
[2025-07-09T09:30:49.763+0530][info][gc          ] GC(75) Pause Young (Normal) (G1 Evacuation Pause) 167M->10M(268M) 1.744ms
[2025-07-09T09:30:49.763+0530][info][gc,cpu      ] GC(75) User=0.00s Sys=0.00s Real=0.00s
[2025-07-09T09:30:49.963+0530][info][gc,start    ] GC(76) Pause Young (Normal) (G1 Evacuation Pause)
[2025-07-09T09:30:49.963+0530][info][gc,task     ] GC(76) Using 6 workers of 8 for evacuation
[2025-07-09T09:30:49.965+0530][info][gc,phases   ] GC(76)   Pre Evacuate Collection Set: 0.1ms
[2025-07-09T09:30:49.965+0530][info][gc,phases   ] GC(76)   Merge Heap Roots: 0.1ms
[2025-07-09T09:30:49.965+0530][info][gc,phases   ] GC(76)   Evacuate Collection Set: 1.3ms
[2025-07-09T09:30:49.965+0530][info][gc,phases   ] GC(76)   Post Evacuate Collection Set: 0.2ms
[2025-07-09T09:30:49.965+0530][info][gc,phases   ] GC(76)   Other: 0.1ms
[2025-07-09T09:30:49.965+0530][info][gc,heap     ] GC(76) Eden regions: 79->0(78)
[2025-07-09T09:30:49.965+0530][info][gc,heap     ] GC(76) Survivor regions: 1->2(10)
[2025-07-09T09:30:49.965+0530][info][gc,heap     ] GC(76) Old regions: 5->5
[2025-07-09T09:30:49.965+0530][info][gc,heap     ] GC(76) Archive regions: 2->2
[2025-07-09T09:30:49.965+0530][info][gc,heap     ] GC(76) Humongous regions: 0->0
[2025-07-09T09:30:49.965+0530][info][gc,metaspace] GC(76) Metaspace: 14936K(25536K)->14936K(25536K) NonClass: 12713K(19776K)->12713K(19776K) Class: 2222K(5760K)->2222K(5760K)
[2025-07-09T09:30:49.965+0530][info][gc          ] GC(76) Pause Young (Normal) (G1 Evacuation Pause) 168M->10M(268M) 1.926ms
[2025-07-09T09:30:49.965+0530][info][gc,cpu      ] GC(76) User=0.01s Sys=0.00s Real=0.00s
[2025-07-09T09:30:50.164+0530][info][gc,start    ] GC(77) Pause Young (Normal) (G1 Evacuation Pause)
[2025-07-09T09:30:50.164+0530][info][gc,task     ] GC(77) Using 6 workers of 8 for evacuation
[2025-07-09T09:30:50.166+0530][info][gc,phases   ] GC(77)   Pre Evacuate Collection Set: 0.1ms
[2025-07-09T09:30:50.166+0530][info][gc,phases   ] GC(77)   Merge Heap Roots: 0.1ms
[2025-07-09T09:30:50.166+0530][info][gc,phases   ] GC(77)   Evacuate Collection Set: 1.2ms
[2025-07-09T09:30:50.166+0530][info][gc,phases   ] GC(77)   Post Evacuate Collection Set: 0.3ms
[2025-07-09T09:30:50.166+0530][info][gc,phases   ] GC(77)   Other: 0.1ms
[2025-07-09T09:30:50.166+0530][info][gc,heap     ] GC(77) Eden regions: 78->0(78)
[2025-07-09T09:30:50.166+0530][info][gc,heap     ] GC(77) Survivor regions: 2->2(10)
[2025-07-09T09:30:50.166+0530][info][gc,heap     ] GC(77) Old regions: 5->5
[2025-07-09T09:30:50.166+0530][info][gc,heap     ] GC(77) Archive regions: 2->2
[2025-07-09T09:30:50.166+0530][info][gc,heap     ] GC(77) Humongous regions: 0->0
[2025-07-09T09:30:50.166+0530][info][gc,metaspace] GC(77) Metaspace: 14983K(25728K)->14983K(25728K) NonClass: 12744K(19904K)->12744K(19904K) Class: 2239K(5824K)->2239K(5824K)
[2025-07-09T09:30:50.166+0530][info][gc          ] GC(77) Pause Young (Normal) (G1 Evacuation Pause) 166M->10M(268M) 1.882ms
[2025-07-09T09:30:50.166+0530][info][gc,cpu      ] GC(77) User=0.01s Sys=0.00s Real=0.00s
[2025-07-09T09:30:50.554+0530][info][gc,start    ] GC(78) Pause Young (Normal) (G1 Evacuation Pause)
[2025-07-09T09:30:50.554+0530][info][gc,task     ] GC(78) Using 6 workers of 8 for evacuation
[2025-07-09T09:30:50.562+0530][info][gc,phases   ] GC(78)   Pre Evacuate Collection Set: 0.1ms
[2025-07-09T09:30:50.562+0530][info][gc,phases   ] GC(78)   Merge Heap Roots: 0.1ms
[2025-07-09T09:30:50.562+0530][info][gc,phases   ] GC(78)   Evacuate Collection Set: 7.3ms
[2025-07-09T09:30:50.562+0530][info][gc,phases   ] GC(78)   Post Evacuate Collection Set: 0.5ms
[2025-07-09T09:30:50.562+0530][info][gc,phases   ] GC(78)   Other: 0.2ms
[2025-07-09T09:30:50.563+0530][info][gc,heap     ] GC(78) Eden regions: 78->0(78)
[2025-07-09T09:30:50.563+0530][info][gc,heap     ] GC(78) Survivor regions: 2->2(10)
[2025-07-09T09:30:50.563+0530][info][gc,heap     ] GC(78) Old regions: 5->5
[2025-07-09T09:30:50.563+0530][info][gc,heap     ] GC(78) Archive regions: 2->2
[2025-07-09T09:30:50.563+0530][info][gc,heap     ] GC(78) Humongous regions: 0->0
[2025-07-09T09:30:50.563+0530][info][gc,metaspace] GC(78) Metaspace: 15030K(25920K)->15030K(25920K) NonClass: 12774K(20032K)->12774K(20032K) Class: 2255K(5888K)->2255K(5888K)
[2025-07-09T09:30:50.563+0530][info][gc          ] GC(78) Pause Young (Normal) (G1 Evacuation Pause) 166M->11M(268M) 8.445ms
[2025-07-09T09:30:50.563+0530][info][gc,cpu      ] GC(78) User=0.02s Sys=0.00s Real=0.01s
[2025-07-09T09:30:50.810+0530][info][gc,start    ] GC(79) Pause Young (Normal) (G1 Evacuation Pause)
[2025-07-09T09:30:50.810+0530][info][gc,task     ] GC(79) Using 6 workers of 8 for evacuation
[2025-07-09T09:30:50.812+0530][info][gc,phases   ] GC(79)   Pre Evacuate Collection Set: 0.1ms
[2025-07-09T09:30:50.812+0530][info][gc,phases   ] GC(79)   Merge Heap Roots: 0.1ms
[2025-07-09T09:30:50.812+0530][info][gc,phases   ] GC(79)   Evacuate Collection Set: 1.7ms
[2025-07-09T09:30:50.812+0530][info][gc,phases   ] GC(79)   Post Evacuate Collection Set: 0.2ms
[2025-07-09T09:30:50.812+0530][info][gc,phases   ] GC(79)   Other: 0.1ms
[2025-07-09T09:30:50.812+0530][info][gc,heap     ] GC(79) Eden regions: 78->0(78)
[2025-07-09T09:30:50.812+0530][info][gc,heap     ] GC(79) Survivor regions: 2->2(10)
[2025-07-09T09:30:50.812+0530][info][gc,heap     ] GC(79) Old regions: 5->5
[2025-07-09T09:30:50.812+0530][info][gc,heap     ] GC(79) Archive regions: 2->2
[2025-07-09T09:30:50.812+0530][info][gc,heap     ] GC(79) Humongous regions: 0->0
[2025-07-09T09:30:50.812+0530][info][gc,metaspace] GC(79) Metaspace: 15076K(26112K)->15076K(26112K) NonClass: 12805K(20160K)->12805K(20160K) Class: 2271K(5952K)->2271K(5952K)
[2025-07-09T09:30:50.812+0530][info][gc          ] GC(79) Pause Young (Normal) (G1 Evacuation Pause) 167M->11M(268M) 2.300ms
[2025-07-09T09:30:50.812+0530][info][gc,cpu      ] GC(79) User=0.01s Sys=0.00s Real=0.00s
[2025-07-09T09:30:51.000+0530][info][gc,start    ] GC(80) Pause Young (Normal) (G1 Evacuation Pause)
[2025-07-09T09:30:51.000+0530][info][gc,task     ] GC(80) Using 6 workers of 8 for evacuation
[2025-07-09T09:30:51.002+0530][info][gc,phases   ] GC(80)   Pre Evacuate Collection Set: 0.1ms
[2025-07-09T09:30:51.002+0530][info][gc,phases   ] GC(80)   Merge Heap Roots: 0.1ms
[2025-07-09T09:30:51.002+0530][info][gc,phases   ] GC(80)   Evacuate Collection Set: 1.4ms
[2025-07-09T09:30:51.002+0530][info][gc,phases   ] GC(80)   Post Evacuate Collection Set: 0.3ms
[2025-07-09T09:30:51.002+0530][info][gc,phases   ] GC(80)   Other: 0.2ms
[2025-07-09T09:30:51.002+0530][info][gc,heap     ] GC(80) Eden regions: 78->0(78)
[2025-07-09T09:30:51.002+0530][info][gc,heap     ] GC(80) Survivor regions: 2->2(10)
[2025-07-09T09:30:51.002+0530][info][gc,heap     ] GC(80) Old regions: 5->5
[2025-07-09T09:30:51.002+0530][info][gc,heap     ] GC(80) Archive regions: 2->2
[2025-07-09T09:30:51.002+0530][info][gc,heap     ] GC(80) Humongous regions: 0->0
[2025-07-09T09:30:51.002+0530][info][gc,metaspace] GC(80) Metaspace: 15123K(26304K)->15123K(26304K) NonClass: 12835K(20288K)->12835K(20288K) Class: 2287K(6016K)->2287K(6016K)
[2025-07-09T09:30:51.002+0530][info][gc          ] GC(80) Pause Young (Normal) (G1 Evacuation Pause) 167M->11M(268M) 2.172ms
[2025-07-09T09:30:51.002+0530][info][gc,cpu      ] GC(80) User=0.01s Sys=0.00s Real=0.00s
[2025-07-09T09:30:51.198+0530][info][gc,start    ] GC(81) Pause Young (Normal) (G1 Evacuation Pause)
[2025-07-09T09:30:51.198+0530][info][gc,task     ] GC(81) Using 6 workers of 8 for evacuation
[2025-07-09T09:30:51.200+0530][info][gc,phases   ] GC(81)   Pre Evacuate Collection Set: 0.1ms
[2025-07-09T09:30:51.200+0530][info][gc,phases   ] GC(81)   Merge Heap Roots: 0.0ms
[2025-07-09T09:30:51.200+0530][info][gc,phases   ] GC(81)   Evacuate Collection Set: 1.3ms
[2025-07-09T09:30:51.200+0530][info][gc,phases   ] GC(81)   Post Evacuate Collection Set: 0.3ms
[2025-07-09T09:30:51.200+0530][info][gc,phases   ] GC(81)   Other: 0.1ms
[2025-07-09T09:30:51.200+0530][info][gc,heap     ] GC(81) Eden regions: 78->0(78)
[2025-07-09T09:30:51.200+0530][info][gc,heap     ] GC(81) Survivor regions: 2->2(10)
[2025-07-09T09:30:51.200+0530][info][gc,heap     ] GC(81) Old regions: 5->5
[2025-07-09T09:30:51.200+0530][info][gc,heap     ] GC(81) Archive regions: 2->2
[2025-07-09T09:30:51.200+0530][info][gc,heap     ] GC(81) Humongous regions: 0->0
[2025-07-09T09:30:51.200+0530][info][gc,metaspace] GC(81) Metaspace: 15170K(26496K)->15170K(26496K) NonClass: 12866K(20416K)->12866K(20416K) Class: 2304K(6080K)->2304K(6080K)
[2025-07-09T09:30:51.200+0530][info][gc          ] GC(81) Pause Young (Normal) (G1 Evacuation Pause) 167M->11M(268M) 1.964ms
[2025-07-09T09:30:51.200+0530][info][gc,cpu      ] GC(81) User=0.01s Sys=0.00s Real=0.01s
[2025-07-09T09:30:51.430+0530][info][gc,start    ] GC(82) Pause Young (Normal) (G1 Evacuation Pause)
[2025-07-09T09:30:51.430+0530][info][gc,task     ] GC(82) Using 6 workers of 8 for evacuation
[2025-07-09T09:30:51.432+0530][info][gc,phases   ] GC(82)   Pre Evacuate Collection Set: 0.1ms
[2025-07-09T09:30:51.432+0530][info][gc,phases   ] GC(82)   Merge Heap Roots: 0.1ms
[2025-07-09T09:30:51.432+0530][info][gc,phases   ] GC(82)   Evacuate Collection Set: 1.4ms
[2025-07-09T09:30:51.432+0530][info][gc,phases   ] GC(82)   Post Evacuate Collection Set: 0.4ms
[2025-07-09T09:30:51.432+0530][info][gc,phases   ] GC(82)   Other: 0.1ms
[2025-07-09T09:30:51.432+0530][info][gc,heap     ] GC(82) Eden regions: 78->0(78)
[2025-07-09T09:30:51.432+0530][info][gc,heap     ] GC(82) Survivor regions: 2->2(10)
[2025-07-09T09:30:51.432+0530][info][gc,heap     ] GC(82) Old regions: 5->5
[2025-07-09T09:30:51.432+0530][info][gc,heap     ] GC(82) Archive regions: 2->2
[2025-07-09T09:30:51.432+0530][info][gc,heap     ] GC(82) Humongous regions: 0->0
[2025-07-09T09:30:51.432+0530][info][gc,metaspace] GC(82) Metaspace: 15217K(26688K)->15217K(26688K) NonClass: 12896K(20544K)->12896K(20544K) Class: 2320K(6144K)->2320K(6144K)
[2025-07-09T09:30:51.432+0530][info][gc          ] GC(82) Pause Young (Normal) (G1 Evacuation Pause) 167M->11M(268M) 2.282ms
[2025-07-09T09:30:51.432+0530][info][gc,cpu      ] GC(82) User=0.01s Sys=0.00s Real=0.00s
[2025-07-09T09:30:51.682+0530][info][gc,start    ] GC(83) Pause Young (Normal) (G1 Evacuation Pause)
[2025-07-09T09:30:51.682+0530][info][gc,task     ] GC(83) Using 6 workers of 8 for evacuation
[2025-07-09T09:30:51.684+0530][info][gc,phases   ] GC(83)   Pre Evacuate Collection Set: 0.1ms
[2025-07-09T09:30:51.684+0530][info][gc,phases   ] GC(83)   Merge Heap Roots: 0.0ms
[2025-07-09T09:30:51.684+0530][info][gc,phases   ] GC(83)   Evacuate Collection Set: 1.5ms
[2025-07-09T09:30:51.684+0530][info][gc,phases   ] GC(83)   Post Evacuate Collection Set: 0.3ms
[2025-07-09T09:30:51.684+0530][info][gc,phases   ] GC(83)   Other: 0.1ms
[2025-07-09T09:30:51.684+0530][info][gc,heap     ] GC(83) Eden regions: 78->0(78)
[2025-07-09T09:30:51.684+0530][info][gc,heap     ] GC(83) Survivor regions: 2->2(10)
[2025-07-09T09:30:51.684+0530][info][gc,heap     ] GC(83) Old regions: 5->5
[2025-07-09T09:30:51.684+0530][info][gc,heap     ] GC(83) Archive regions: 2->2
[2025-07-09T09:30:51.684+0530][info][gc,heap     ] GC(83) Humongous regions: 0->0
[2025-07-09T09:30:51.684+0530][info][gc,metaspace] GC(83) Metaspace: 15263K(26880K)->15263K(26880K) NonClass: 12927K(20672K)->12927K(20672K) Class: 2336K(6208K)->2336K(6208K)
[2025-07-09T09:30:51.684+0530][info][gc          ] GC(83) Pause Young (Normal) (G1 Evacuation Pause) 167M->11M(268M) 2.158ms
[2025-07-09T09:30:51.684+0530][info][gc,cpu      ] GC(83) User=0.01s Sys=0.00s Real=0.00s
[2025-07-09T09:30:51.960+0530][info][gc,start    ] GC(84) Pause Young (Normal) (G1 Evacuation Pause)
[2025-07-09T09:30:51.960+0530][info][gc,task     ] GC(84) Using 6 workers of 8 for evacuation
[2025-07-09T09:30:51.962+0530][info][gc,phases   ] GC(84)   Pre Evacuate Collection Set: 0.1ms
[2025-07-09T09:30:51.962+0530][info][gc,phases   ] GC(84)   Merge Heap Roots: 0.1ms
[2025-07-09T09:30:51.962+0530][info][gc,phases   ] GC(84)   Evacuate Collection Set: 1.9ms
[2025-07-09T09:30:51.962+0530][info][gc,phases   ] GC(84)   Post Evacuate Collection Set: 0.4ms
[2025-07-09T09:30:51.962+0530][info][gc,phases   ] GC(84)   Other: 0.1ms
[2025-07-09T09:30:51.962+0530][info][gc,heap     ] GC(84) Eden regions: 78->0(78)
[2025-07-09T09:30:51.962+0530][info][gc,heap     ] GC(84) Survivor regions: 2->2(10)
[2025-07-09T09:30:51.962+0530][info][gc,heap     ] GC(84) Old regions: 5->5
[2025-07-09T09:30:51.962+0530][info][gc,heap     ] GC(84) Archive regions: 2->2
[2025-07-09T09:30:51.962+0530][info][gc,heap     ] GC(84) Humongous regions: 0->0
[2025-07-09T09:30:51.962+0530][info][gc,metaspace] GC(84) Metaspace: 15310K(27072K)->15310K(27072K) NonClass: 12957K(20800K)->12957K(20800K) Class: 2352K(6272K)->2352K(6272K)
[2025-07-09T09:30:51.962+0530][info][gc          ] GC(84) Pause Young (Normal) (G1 Evacuation Pause) 167M->11M(268M) 2.719ms
[2025-07-09T09:30:51.962+0530][info][gc,cpu      ] GC(84) User=0.01s Sys=0.00s Real=0.00s
[2025-07-09T09:30:52.200+0530][info][gc,start    ] GC(85) Pause Young (Normal) (G1 Evacuation Pause)
[2025-07-09T09:30:52.200+0530][info][gc,task     ] GC(85) Using 6 workers of 8 for evacuation
[2025-07-09T09:30:52.202+0530][info][gc,phases   ] GC(85)   Pre Evacuate Collection Set: 0.1ms
[2025-07-09T09:30:52.202+0530][info][gc,phases   ] GC(85)   Merge Heap Roots: 0.1ms
[2025-07-09T09:30:52.202+0530][info][gc,phases   ] GC(85)   Evacuate Collection Set: 1.3ms
[2025-07-09T09:30:52.202+0530][info][gc,phases   ] GC(85)   Post Evacuate Collection Set: 0.3ms
[2025-07-09T09:30:52.202+0530][info][gc,phases   ] GC(85)   Other: 0.1ms
[2025-07-09T09:30:52.202+0530][info][gc,heap     ] GC(85) Eden regions: 78->0(78)
[2025-07-09T09:30:52.202+0530][info][gc,heap     ] GC(85) Survivor regions: 2->2(10)
[2025-07-09T09:30:52.202+0530][info][gc,heap     ] GC(85) Old regions: 5->5
[2025-07-09T09:30:52.202+0530][info][gc,heap     ] GC(85) Archive regions: 2->2
[2025-07-09T09:30:52.202+0530][info][gc,heap     ] GC(85) Humongous regions: 0->0
[2025-07-09T09:30:52.202+0530][info][gc,metaspace] GC(85) Metaspace: 15357K(27264K)->15357K(27264K) NonClass: 12988K(20928K)->12988K(20928K) Class: 2369K(6336K)->2369K(6336K)
[2025-07-09T09:30:52.202+0530][info][gc          ] GC(85) Pause Young (Normal) (G1 Evacuation Pause) 167M->11M(268M) 2.048ms
[2025-07-09T09:30:52.202+0530][info][gc,cpu      ] GC(85) User=0.01s Sys=0.00s Real=0.00s
[2025-07-09T09:30:52.396+0530][info][gc,start    ] GC(86) Pause Young (Normal) (G1 Evacuation Pause)
[2025-07-09T09:30:52.396+0530][info][gc,task     ] GC(86) Using 6 workers of 8 for evacuation
[2025-07-09T09:30:52.398+0530][info][gc,phases   ] GC(86)   Pre Evacuate Collection Set: 0.1ms
[2025-07-09T09:30:52.398+0530][info][gc,phases   ] GC(86)   Merge Heap Roots: 0.1ms
[2025-07-09T09:30:52.398+0530][info][gc,phases   ] GC(86)   Evacuate Collection Set: 1.8ms
[2025-07-09T09:30:52.398+0530][info][gc,phases   ] GC(86)   Post Evacuate Collection Set: 0.3ms
[2025-07-09T09:30:52.398+0530][info][gc,phases   ] GC(86)   Other: 0.1ms
[2025-07-09T09:30:52.398+0530][info][gc,heap     ] GC(86) Eden regions: 78->0(78)
[2025-07-09T09:30:52.398+0530][info][gc,heap     ] GC(86) Survivor regions: 2->2(10)
[2025-07-09T09:30:52.398+0530][info][gc,heap     ] GC(86) Old regions: 5->5
[2025-07-09T09:30:52.398+0530][info][gc,heap     ] GC(86) Archive regions: 2->2
[2025-07-09T09:30:52.398+0530][info][gc,heap     ] GC(86) Humongous regions: 0->0
[2025-07-09T09:30:52.398+0530][info][gc,metaspace] GC(86) Metaspace: 15404K(27456K)->15404K(27456K) NonClass: 13018K(21056K)->13018K(21056K) Class: 2385K(6400K)->2385K(6400K)
[2025-07-09T09:30:52.398+0530][info][gc          ] GC(86) Pause Young (Normal) (G1 Evacuation Pause) 167M->11M(268M) 2.555ms
[2025-07-09T09:30:52.398+0530][info][gc,cpu      ] GC(86) User=0.01s Sys=0.00s Real=0.00s
[2025-07-09T09:30:52.624+0530][info][gc,start    ] GC(87) Pause Young (Normal) (G1 Evacuation Pause)
[2025-07-09T09:30:52.624+0530][info][gc,task     ] GC(87) Using 6 workers of 8 for evacuation
[2025-07-09T09:30:52.627+0530][info][gc,phases   ] GC(87)   Pre Evacuate Collection Set: 0.1ms
[2025-07-09T09:30:52.627+0530][info][gc,phases   ] GC(87)   Merge Heap Roots: 0.1ms
[2025-07-09T09:30:52.627+0530][info][gc,phases   ] GC(87)   Evacuate Collection Set: 1.7ms
[2025-07-09T09:30:52.627+0530][info][gc,phases   ] GC(87)   Post Evacuate Collection Set: 0.4ms
[2025-07-09T09:30:52.627+0530][info][gc,phases   ] GC(87)   Other: 0.1ms
[2025-07-09T09:30:52.627+0530][info][gc,heap     ] GC(87) Eden regions: 78->0(78)
[2025-07-09T09:30:52.627+0530][info][gc,heap     ] GC(87) Survivor regions: 2->2(10)
[2025-07-09T09:30:52.627+0530][info][gc,heap     ] GC(87) Old regions: 5->5
[2025-07-09T09:30:52.627+0530][info][gc,heap     ] GC(87) Archive regions: 2->2
[2025-07-09T09:30:52.627+0530][info][gc,heap     ] GC(87) Humongous regions: 0->0
[2025-07-09T09:30:52.627+0530][info][gc,metaspace] GC(87) Metaspace: 15452K(27648K)->15452K(27648K) NonClass: 13050K(21184K)->13050K(21184K) Class: 2402K(6464K)->2402K(6464K)
[2025-07-09T09:30:52.627+0530][info][gc          ] GC(87) Pause Young (Normal) (G1 Evacuation Pause) 167M->11M(268M) 2.410ms
[2025-07-09T09:30:52.627+0530][info][gc,cpu      ] GC(87) User=0.00s Sys=0.00s Real=0.00s
[2025-07-09T09:30:52.815+0530][info][gc,start    ] GC(88) Pause Young (Normal) (G1 Evacuation Pause)
[2025-07-09T09:30:52.815+0530][info][gc,task     ] GC(88) Using 6 workers of 8 for evacuation
[2025-07-09T09:30:52.817+0530][info][gc,phases   ] GC(88)   Pre Evacuate Collection Set: 0.1ms
[2025-07-09T09:30:52.817+0530][info][gc,phases   ] GC(88)   Merge Heap Roots: 0.1ms
[2025-07-09T09:30:52.817+0530][info][gc,phases   ] GC(88)   Evacuate Collection Set: 1.5ms
[2025-07-09T09:30:52.817+0530][info][gc,phases   ] GC(88)   Post Evacuate Collection Set: 0.3ms
[2025-07-09T09:30:52.817+0530][info][gc,phases   ] GC(88)   Other: 0.2ms
[2025-07-09T09:30:52.817+0530][info][gc,heap     ] GC(88) Eden regions: 78->0(78)
[2025-07-09T09:30:52.817+0530][info][gc,heap     ] GC(88) Survivor regions: 2->2(10)
[2025-07-09T09:30:52.817+0530][info][gc,heap     ] GC(88) Old regions: 5->5
[2025-07-09T09:30:52.817+0530][info][gc,heap     ] GC(88) Archive regions: 2->2
[2025-07-09T09:30:52.817+0530][info][gc,heap     ] GC(88) Humongous regions: 0->0
[2025-07-09T09:30:52.817+0530][info][gc,metaspace] GC(88) Metaspace: 15499K(27840K)->15499K(27840K) NonClass: 13080K(21312K)->13080K(21312K) Class: 2418K(6528K)->2418K(6528K)
[2025-07-09T09:30:52.817+0530][info][gc          ] GC(88) Pause Young (Normal) (G1 Evacuation Pause) 167M->11M(268M) 2.305ms
[2025-07-09T09:30:52.817+0530][info][gc,cpu      ] GC(88) User=0.00s Sys=0.00s Real=0.00s
[2025-07-09T09:30:53.007+0530][info][gc,start    ] GC(89) Pause Young (Normal) (G1 Evacuation Pause)
[2025-07-09T09:30:53.007+0530][info][gc,task     ] GC(89) Using 6 workers of 8 for evacuation
[2025-07-09T09:30:53.009+0530][info][gc,phases   ] GC(89)   Pre Evacuate Collection Set: 0.1ms
[2025-07-09T09:30:53.009+0530][info][gc,phases   ] GC(89)   Merge Heap Roots: 0.1ms
[2025-07-09T09:30:53.009+0530][info][gc,phases   ] GC(89)   Evacuate Collection Set: 1.2ms
[2025-07-09T09:30:53.009+0530][info][gc,phases   ] GC(89)   Post Evacuate Collection Set: 0.3ms
[2025-07-09T09:30:53.009+0530][info][gc,phases   ] GC(89)   Other: 0.1ms
[2025-07-09T09:30:53.009+0530][info][gc,heap     ] GC(89) Eden regions: 78->0(78)
[2025-07-09T09:30:53.009+0530][info][gc,heap     ] GC(89) Survivor regions: 2->2(10)
[2025-07-09T09:30:53.009+0530][info][gc,heap     ] GC(89) Old regions: 5->5
[2025-07-09T09:30:53.009+0530][info][gc,heap     ] GC(89) Archive regions: 2->2
[2025-07-09T09:30:53.009+0530][info][gc,heap     ] GC(89) Humongous regions: 0->0
[2025-07-09T09:30:53.009+0530][info][gc,metaspace] GC(89) Metaspace: 15545K(28032K)->15545K(28032K) NonClass: 13111K(21440K)->13111K(21440K) Class: 2434K(6592K)->2434K(6592K)
[2025-07-09T09:30:53.009+0530][info][gc          ] GC(89) Pause Young (Normal) (G1 Evacuation Pause) 167M->11M(268M) 1.927ms
[2025-07-09T09:30:53.009+0530][info][gc,cpu      ] GC(89) User=0.01s Sys=0.00s Real=0.00s
[2025-07-09T09:30:53.195+0530][info][gc,start    ] GC(90) Pause Young (Normal) (G1 Evacuation Pause)
[2025-07-09T09:30:53.195+0530][info][gc,task     ] GC(90) Using 6 workers of 8 for evacuation
[2025-07-09T09:30:53.197+0530][info][gc,phases   ] GC(90)   Pre Evacuate Collection Set: 0.1ms
[2025-07-09T09:30:53.197+0530][info][gc,phases   ] GC(90)   Merge Heap Roots: 0.1ms
[2025-07-09T09:30:53.197+0530][info][gc,phases   ] GC(90)   Evacuate Collection Set: 1.4ms
[2025-07-09T09:30:53.197+0530][info][gc,phases   ] GC(90)   Post Evacuate Collection Set: 0.4ms
[2025-07-09T09:30:53.197+0530][info][gc,phases   ] GC(90)   Other: 0.2ms
[2025-07-09T09:30:53.197+0530][info][gc,heap     ] GC(90) Eden regions: 78->0(78)
[2025-07-09T09:30:53.197+0530][info][gc,heap     ] GC(90) Survivor regions: 2->2(10)
[2025-07-09T09:30:53.197+0530][info][gc,heap     ] GC(90) Old regions: 5->5
[2025-07-09T09:30:53.197+0530][info][gc,heap     ] GC(90) Archive regions: 2->2
[2025-07-09T09:30:53.197+0530][info][gc,heap     ] GC(90) Humongous regions: 0->0
[2025-07-09T09:30:53.197+0530][info][gc,metaspace] GC(90) Metaspace: 15592K(28224K)->15592K(28224K) NonClass: 13141K(21568K)->13141K(21568K) Class: 2450K(6656K)->2450K(6656K)
[2025-07-09T09:30:53.197+0530][info][gc          ] GC(90) Pause Young (Normal) (G1 Evacuation Pause) 167M->11M(268M) 2.292ms
[2025-07-09T09:30:53.197+0530][info][gc,cpu      ] GC(90) User=0.01s Sys=0.00s Real=0.00s
[2025-07-09T09:30:53.383+0530][info][gc,start    ] GC(91) Pause Young (Normal) (G1 Evacuation Pause)
[2025-07-09T09:30:53.383+0530][info][gc,task     ] GC(91) Using 6 workers of 8 for evacuation
[2025-07-09T09:30:53.385+0530][info][gc,phases   ] GC(91)   Pre Evacuate Collection Set: 0.1ms
[2025-07-09T09:30:53.386+0530][info][gc,phases   ] GC(91)   Merge Heap Roots: 0.0ms
[2025-07-09T09:30:53.386+0530][info][gc,phases   ] GC(91)   Evacuate Collection Set: 1.6ms
[2025-07-09T09:30:53.386+0530][info][gc,phases   ] GC(91)   Post Evacuate Collection Set: 0.3ms
[2025-07-09T09:30:53.386+0530][info][gc,phases   ] GC(91)   Other: 0.1ms
[2025-07-09T09:30:53.386+0530][info][gc,heap     ] GC(91) Eden regions: 78->0(78)
[2025-07-09T09:30:53.386+0530][info][gc,heap     ] GC(91) Survivor regions: 2->2(10)
[2025-07-09T09:30:53.386+0530][info][gc,heap     ] GC(91) Old regions: 5->5
[2025-07-09T09:30:53.386+0530][info][gc,heap     ] GC(91) Archive regions: 2->2
[2025-07-09T09:30:53.386+0530][info][gc,heap     ] GC(91) Humongous regions: 0->0
[2025-07-09T09:30:53.386+0530][info][gc,metaspace] GC(91) Metaspace: 15639K(28416K)->15639K(28416K) NonClass: 13172K(21696K)->13172K(21696K) Class: 2467K(6720K)->2467K(6720K)
[2025-07-09T09:30:53.386+0530][info][gc          ] GC(91) Pause Young (Normal) (G1 Evacuation Pause) 167M->11M(268M) 2.278ms
[2025-07-09T09:30:53.386+0530][info][gc,cpu      ] GC(91) User=0.01s Sys=0.00s Real=0.00s
[2025-07-09T09:30:53.571+0530][info][gc,start    ] GC(92) Pause Young (Normal) (G1 Evacuation Pause)
[2025-07-09T09:30:53.571+0530][info][gc,task     ] GC(92) Using 6 workers of 8 for evacuation
[2025-07-09T09:30:53.573+0530][info][gc,phases   ] GC(92)   Pre Evacuate Collection Set: 0.1ms
[2025-07-09T09:30:53.573+0530][info][gc,phases   ] GC(92)   Merge Heap Roots: 0.1ms
[2025-07-09T09:30:53.573+0530][info][gc,phases   ] GC(92)   Evacuate Collection Set: 1.6ms
[2025-07-09T09:30:53.573+0530][info][gc,phases   ] GC(92)   Post Evacuate Collection Set: 0.3ms
[2025-07-09T09:30:53.573+0530][info][gc,phases   ] GC(92)   Other: 0.1ms
[2025-07-09T09:30:53.573+0530][info][gc,heap     ] GC(92) Eden regions: 78->0(78)
[2025-07-09T09:30:53.573+0530][info][gc,heap     ] GC(92) Survivor regions: 2->2(10)
[2025-07-09T09:30:53.573+0530][info][gc,heap     ] GC(92) Old regions: 5->5
[2025-07-09T09:30:53.573+0530][info][gc,heap     ] GC(92) Archive regions: 2->2
[2025-07-09T09:30:53.573+0530][info][gc,heap     ] GC(92) Humongous regions: 0->0
[2025-07-09T09:30:53.573+0530][info][gc,metaspace] GC(92) Metaspace: 15686K(28608K)->15686K(28608K) NonClass: 13202K(21824K)->13202K(21824K) Class: 2483K(6784K)->2483K(6784K)
[2025-07-09T09:30:53.573+0530][info][gc          ] GC(92) Pause Young (Normal) (G1 Evacuation Pause) 167M->12M(268M) 2.256ms
[2025-07-09T09:30:53.573+0530][info][gc,cpu      ] GC(92) User=0.01s Sys=0.00s Real=0.00s
[2025-07-09T09:30:53.763+0530][info][gc,start    ] GC(93) Pause Young (Normal) (G1 Evacuation Pause)
[2025-07-09T09:30:53.763+0530][info][gc,task     ] GC(93) Using 6 workers of 8 for evacuation
[2025-07-09T09:30:53.765+0530][info][gc,phases   ] GC(93)   Pre Evacuate Collection Set: 0.1ms
[2025-07-09T09:30:53.765+0530][info][gc,phases   ] GC(93)   Merge Heap Roots: 0.1ms
[2025-07-09T09:30:53.765+0530][info][gc,phases   ] GC(93)   Evacuate Collection Set: 1.5ms
[2025-07-09T09:30:53.765+0530][info][gc,phases   ] GC(93)   Post Evacuate Collection Set: 0.4ms
[2025-07-09T09:30:53.765+0530][info][gc,phases   ] GC(93)   Other: 0.1ms
[2025-07-09T09:30:53.765+0530][info][gc,heap     ] GC(93) Eden regions: 78->0(78)
[2025-07-09T09:30:53.765+0530][info][gc,heap     ] GC(93) Survivor regions: 2->2(10)
[2025-07-09T09:30:53.765+0530][info][gc,heap     ] GC(93) Old regions: 5->5
[2025-07-09T09:30:53.765+0530][info][gc,heap     ] GC(93) Archive regions: 2->2
[2025-07-09T09:30:53.765+0530][info][gc,heap     ] GC(93) Humongous regions: 0->0
[2025-07-09T09:30:53.765+0530][info][gc,metaspace] GC(93) Metaspace: 15732K(28800K)->15732K(28800K) NonClass: 13233K(21952K)->13233K(21952K) Class: 2499K(6848K)->2499K(6848K)
[2025-07-09T09:30:53.765+0530][info][gc          ] GC(93) Pause Young (Normal) (G1 Evacuation Pause) 168M->12M(268M) 2.309ms
[2025-07-09T09:30:53.765+0530][info][gc,cpu      ] GC(93) User=0.01s Sys=0.00s Real=0.00s
[2025-07-09T09:30:53.954+0530][info][gc,start    ] GC(94) Pause Young (Normal) (G1 Evacuation Pause)
[2025-07-09T09:30:53.954+0530][info][gc,task     ] GC(94) Using 6 workers of 8 for evacuation
[2025-07-09T09:30:53.956+0530][info][gc,phases   ] GC(94)   Pre Evacuate Collection Set: 0.1ms
[2025-07-09T09:30:53.956+0530][info][gc,phases   ] GC(94)   Merge Heap Roots: 0.1ms
[2025-07-09T09:30:53.956+0530][info][gc,phases   ] GC(94)   Evacuate Collection Set: 1.3ms
[2025-07-09T09:30:53.956+0530][info][gc,phases   ] GC(94)   Post Evacuate Collection Set: 0.4ms
[2025-07-09T09:30:53.956+0530][info][gc,phases   ] GC(94)   Other: 0.1ms
[2025-07-09T09:30:53.956+0530][info][gc,heap     ] GC(94) Eden regions: 78->0(94)
[2025-07-09T09:30:53.956+0530][info][gc,heap     ] GC(94) Survivor regions: 2->2(10)
[2025-07-09T09:30:53.956+0530][info][gc,heap     ] GC(94) Old regions: 5->5
[2025-07-09T09:30:53.956+0530][info][gc,heap     ] GC(94) Archive regions: 2->2
[2025-07-09T09:30:53.956+0530][info][gc,heap     ] GC(94) Humongous regions: 0->0
[2025-07-09T09:30:53.956+0530][info][gc,metaspace] GC(94) Metaspace: 15779K(28992K)->15779K(28992K) NonClass: 13263K(22080K)->13263K(22080K) Class: 2515K(6912K)->2515K(6912K)
[2025-07-09T09:30:53.956+0530][info][gc          ] GC(94) Pause Young (Normal) (G1 Evacuation Pause) 168M->12M(322M) 2.089ms
[2025-07-09T09:30:53.956+0530][info][gc,cpu      ] GC(94) User=0.01s Sys=0.00s Real=0.00s
[2025-07-09T09:30:54.207+0530][info][gc,start    ] GC(95) Pause Young (Normal) (G1 Evacuation Pause)
[2025-07-09T09:30:54.207+0530][info][gc,task     ] GC(95) Using 7 workers of 8 for evacuation
[2025-07-09T09:30:54.209+0530][info][gc,phases   ] GC(95)   Pre Evacuate Collection Set: 0.1ms
[2025-07-09T09:30:54.209+0530][info][gc,phases   ] GC(95)   Merge Heap Roots: 0.1ms
[2025-07-09T09:30:54.209+0530][info][gc,phases   ] GC(95)   Evacuate Collection Set: 1.1ms
[2025-07-09T09:30:54.209+0530][info][gc,phases   ] GC(95)   Post Evacuate Collection Set: 0.3ms
[2025-07-09T09:30:54.209+0530][info][gc,phases   ] GC(95)   Other: 0.1ms
[2025-07-09T09:30:54.209+0530][info][gc,heap     ] GC(95) Eden regions: 94->0(94)
[2025-07-09T09:30:54.209+0530][info][gc,heap     ] GC(95) Survivor regions: 2->2(12)
[2025-07-09T09:30:54.209+0530][info][gc,heap     ] GC(95) Old regions: 5->5
[2025-07-09T09:30:54.209+0530][info][gc,heap     ] GC(95) Archive regions: 2->2
[2025-07-09T09:30:54.209+0530][info][gc,heap     ] GC(95) Humongous regions: 0->0
[2025-07-09T09:30:54.209+0530][info][gc,metaspace] GC(95) Metaspace: 15836K(29184K)->15836K(29184K) NonClass: 13300K(22208K)->13300K(22208K) Class: 2535K(6976K)->2535K(6976K)
[2025-07-09T09:30:54.209+0530][info][gc          ] GC(95) Pause Young (Normal) (G1 Evacuation Pause) 200M->11M(322M) 1.883ms
[2025-07-09T09:30:54.209+0530][info][gc,cpu      ] GC(95) User=0.00s Sys=0.00s Real=0.00s
[2025-07-09T09:30:54.430+0530][info][gc,start    ] GC(96) Pause Young (Normal) (G1 Evacuation Pause)
[2025-07-09T09:30:54.430+0530][info][gc,task     ] GC(96) Using 7 workers of 8 for evacuation
[2025-07-09T09:30:54.433+0530][info][gc,phases   ] GC(96)   Pre Evacuate Collection Set: 0.1ms
[2025-07-09T09:30:54.433+0530][info][gc,phases   ] GC(96)   Merge Heap Roots: 0.1ms
[2025-07-09T09:30:54.433+0530][info][gc,phases   ] GC(96)   Evacuate Collection Set: 1.5ms
[2025-07-09T09:30:54.433+0530][info][gc,phases   ] GC(96)   Post Evacuate Collection Set: 0.4ms
[2025-07-09T09:30:54.433+0530][info][gc,phases   ] GC(96)   Other: 0.2ms
[2025-07-09T09:30:54.433+0530][info][gc,heap     ] GC(96) Eden regions: 94->0(94)
[2025-07-09T09:30:54.433+0530][info][gc,heap     ] GC(96) Survivor regions: 2->2(12)
[2025-07-09T09:30:54.433+0530][info][gc,heap     ] GC(96) Old regions: 5->5
[2025-07-09T09:30:54.433+0530][info][gc,heap     ] GC(96) Archive regions: 2->2
[2025-07-09T09:30:54.433+0530][info][gc,heap     ] GC(96) Humongous regions: 0->0
[2025-07-09T09:30:54.433+0530][info][gc,metaspace] GC(96) Metaspace: 15892K(29440K)->15892K(29440K) NonClass: 13337K(22400K)->13337K(22400K) Class: 2555K(7040K)->2555K(7040K)
[2025-07-09T09:30:54.433+0530][info][gc          ] GC(96) Pause Young (Normal) (G1 Evacuation Pause) 199M->12M(322M) 2.446ms
[2025-07-09T09:30:54.433+0530][info][gc,cpu      ] GC(96) User=0.01s Sys=0.01s Real=0.00s
[2025-07-09T09:30:54.660+0530][info][gc,start    ] GC(97) Pause Young (Normal) (G1 Evacuation Pause)
[2025-07-09T09:30:54.660+0530][info][gc,task     ] GC(97) Using 7 workers of 8 for evacuation
[2025-07-09T09:30:54.662+0530][info][gc,phases   ] GC(97)   Pre Evacuate Collection Set: 0.1ms
[2025-07-09T09:30:54.662+0530][info][gc,phases   ] GC(97)   Merge Heap Roots: 0.1ms
[2025-07-09T09:30:54.662+0530][info][gc,phases   ] GC(97)   Evacuate Collection Set: 1.4ms
[2025-07-09T09:30:54.662+0530][info][gc,phases   ] GC(97)   Post Evacuate Collection Set: 0.3ms
[2025-07-09T09:30:54.662+0530][info][gc,phases   ] GC(97)   Other: 0.1ms
[2025-07-09T09:30:54.662+0530][info][gc,heap     ] GC(97) Eden regions: 94->0(94)
[2025-07-09T09:30:54.662+0530][info][gc,heap     ] GC(97) Survivor regions: 2->2(12)
[2025-07-09T09:30:54.662+0530][info][gc,heap     ] GC(97) Old regions: 5->5
[2025-07-09T09:30:54.663+0530][info][gc,heap     ] GC(97) Archive regions: 2->2
[2025-07-09T09:30:54.663+0530][info][gc,heap     ] GC(97) Humongous regions: 0->0
[2025-07-09T09:30:54.663+0530][info][gc,metaspace] GC(97) Metaspace: 15949K(29696K)->15949K(29696K) NonClass: 13374K(22528K)->13374K(22528K) Class: 2574K(7168K)->2574K(7168K)
[2025-07-09T09:30:54.663+0530][info][gc          ] GC(97) Pause Young (Normal) (G1 Evacuation Pause) 200M->12M(322M) 2.162ms
[2025-07-09T09:30:54.663+0530][info][gc,cpu      ] GC(97) User=0.01s Sys=0.01s Real=0.00s
[2025-07-09T09:30:54.889+0530][info][gc,start    ] GC(98) Pause Young (Normal) (G1 Evacuation Pause)
[2025-07-09T09:30:54.889+0530][info][gc,task     ] GC(98) Using 7 workers of 8 for evacuation
[2025-07-09T09:30:54.890+0530][info][gc,phases   ] GC(98)   Pre Evacuate Collection Set: 0.1ms
[2025-07-09T09:30:54.891+0530][info][gc,phases   ] GC(98)   Merge Heap Roots: 0.1ms
[2025-07-09T09:30:54.891+0530][info][gc,phases   ] GC(98)   Evacuate Collection Set: 1.1ms
[2025-07-09T09:30:54.891+0530][info][gc,phases   ] GC(98)   Post Evacuate Collection Set: 0.4ms
[2025-07-09T09:30:54.891+0530][info][gc,phases   ] GC(98)   Other: 0.1ms
[2025-07-09T09:30:54.891+0530][info][gc,heap     ] GC(98) Eden regions: 94->0(95)
[2025-07-09T09:30:54.891+0530][info][gc,heap     ] GC(98) Survivor regions: 2->1(12)
[2025-07-09T09:30:54.891+0530][info][gc,heap     ] GC(98) Old regions: 5->5
[2025-07-09T09:30:54.891+0530][info][gc,heap     ] GC(98) Archive regions: 2->2
[2025-07-09T09:30:54.891+0530][info][gc,heap     ] GC(98) Humongous regions: 0->0
[2025-07-09T09:30:54.891+0530][info][gc,metaspace] GC(98) Metaspace: 16006K(29952K)->16006K(29952K) NonClass: 13411K(22720K)->13411K(22720K) Class: 2594K(7232K)->2594K(7232K)
[2025-07-09T09:30:54.891+0530][info][gc          ] GC(98) Pause Young (Normal) (G1 Evacuation Pause) 200M->11M(322M) 1.894ms
[2025-07-09T09:30:54.891+0530][info][gc,cpu      ] GC(98) User=0.01s Sys=0.01s Real=0.01s
[2025-07-09T09:30:55.118+0530][info][gc,start    ] GC(99) Pause Young (Normal) (G1 Evacuation Pause)
[2025-07-09T09:30:55.118+0530][info][gc,task     ] GC(99) Using 7 workers of 8 for evacuation
[2025-07-09T09:30:55.120+0530][info][gc,phases   ] GC(99)   Pre Evacuate Collection Set: 0.1ms
[2025-07-09T09:30:55.120+0530][info][gc,phases   ] GC(99)   Merge Heap Roots: 0.1ms
[2025-07-09T09:30:55.120+0530][info][gc,phases   ] GC(99)   Evacuate Collection Set: 1.4ms
[2025-07-09T09:30:55.120+0530][info][gc,phases   ] GC(99)   Post Evacuate Collection Set: 0.3ms
[2025-07-09T09:30:55.120+0530][info][gc,phases   ] GC(99)   Other: 0.1ms
[2025-07-09T09:30:55.120+0530][info][gc,heap     ] GC(99) Eden regions: 95->0(94)
[2025-07-09T09:30:55.120+0530][info][gc,heap     ] GC(99) Survivor regions: 1->2(12)
[2025-07-09T09:30:55.120+0530][info][gc,heap     ] GC(99) Old regions: 5->5
[2025-07-09T09:30:55.120+0530][info][gc,heap     ] GC(99) Archive regions: 2->2
[2025-07-09T09:30:55.120+0530][info][gc,heap     ] GC(99) Humongous regions: 0->0
[2025-07-09T09:30:55.120+0530][info][gc,metaspace] GC(99) Metaspace: 16061K(30144K)->16061K(30144K) NonClass: 13447K(22848K)->13447K(22848K) Class: 2613K(7296K)->2613K(7296K)
[2025-07-09T09:30:55.120+0530][info][gc          ] GC(99) Pause Young (Normal) (G1 Evacuation Pause) 201M->12M(322M) 2.128ms
[2025-07-09T09:30:55.120+0530][info][gc,cpu      ] GC(99) User=0.01s Sys=0.00s Real=0.01s
[2025-07-09T09:30:55.350+0530][info][gc,start    ] GC(100) Pause Young (Normal) (G1 Evacuation Pause)
[2025-07-09T09:30:55.350+0530][info][gc,task     ] GC(100) Using 7 workers of 8 for evacuation
[2025-07-09T09:30:55.351+0530][info][gc,phases   ] GC(100)   Pre Evacuate Collection Set: 0.1ms
[2025-07-09T09:30:55.351+0530][info][gc,phases   ] GC(100)   Merge Heap Roots: 0.1ms
[2025-07-09T09:30:55.351+0530][info][gc,phases   ] GC(100)   Evacuate Collection Set: 1.2ms
[2025-07-09T09:30:55.352+0530][info][gc,phases   ] GC(100)   Post Evacuate Collection Set: 0.3ms
[2025-07-09T09:30:55.352+0530][info][gc,phases   ] GC(100)   Other: 0.1ms
[2025-07-09T09:30:55.352+0530][info][gc,heap     ] GC(100) Eden regions: 94->0(94)
[2025-07-09T09:30:55.352+0530][info][gc,heap     ] GC(100) Survivor regions: 2->2(12)
[2025-07-09T09:30:55.352+0530][info][gc,heap     ] GC(100) Old regions: 5->5
[2025-07-09T09:30:55.352+0530][info][gc,heap     ] GC(100) Archive regions: 2->2
[2025-07-09T09:30:55.352+0530][info][gc,heap     ] GC(100) Humongous regions: 0->0
[2025-07-09T09:30:55.352+0530][info][gc,metaspace] GC(100) Metaspace: 16118K(30400K)->16118K(30400K) NonClass: 13484K(23040K)->13484K(23040K) Class: 2633K(7360K)->2633K(7360K)
[2025-07-09T09:30:55.352+0530][info][gc          ] GC(100) Pause Young (Normal) (G1 Evacuation Pause) 200M->12M(322M) 1.889ms
[2025-07-09T09:30:55.352+0530][info][gc,cpu      ] GC(100) User=0.00s Sys=0.01s Real=0.00s
[2025-07-09T09:30:55.576+0530][info][gc,start    ] GC(101) Pause Young (Normal) (G1 Evacuation Pause)
[2025-07-09T09:30:55.576+0530][info][gc,task     ] GC(101) Using 7 workers of 8 for evacuation
[2025-07-09T09:30:55.578+0530][info][gc,phases   ] GC(101)   Pre Evacuate Collection Set: 0.1ms
[2025-07-09T09:30:55.578+0530][info][gc,phases   ] GC(101)   Merge Heap Roots: 0.1ms
[2025-07-09T09:30:55.578+0530][info][gc,phases   ] GC(101)   Evacuate Collection Set: 1.2ms
[2025-07-09T09:30:55.578+0530][info][gc,phases   ] GC(101)   Post Evacuate Collection Set: 0.4ms
[2025-07-09T09:30:55.578+0530][info][gc,phases   ] GC(101)   Other: 0.2ms
[2025-07-09T09:30:55.578+0530][info][gc,heap     ] GC(101) Eden regions: 94->0(95)
[2025-07-09T09:30:55.578+0530][info][gc,heap     ] GC(101) Survivor regions: 2->1(12)
[2025-07-09T09:30:55.578+0530][info][gc,heap     ] GC(101) Old regions: 5->6
[2025-07-09T09:30:55.578+0530][info][gc,heap     ] GC(101) Archive regions: 2->2
[2025-07-09T09:30:55.578+0530][info][gc,heap     ] GC(101) Humongous regions: 0->0
[2025-07-09T09:30:55.578+0530][info][gc,metaspace] GC(101) Metaspace: 16175K(30592K)->16175K(30592K) NonClass: 13521K(23168K)->13521K(23168K) Class: 2653K(7424K)->2653K(7424K)
[2025-07-09T09:30:55.578+0530][info][gc          ] GC(101) Pause Young (Normal) (G1 Evacuation Pause) 200M->11M(322M) 1.988ms
[2025-07-09T09:30:55.578+0530][info][gc,cpu      ] GC(101) User=0.01s Sys=0.00s Real=0.00s
[2025-07-09T09:30:55.807+0530][info][gc,start    ] GC(102) Pause Young (Normal) (G1 Evacuation Pause)
[2025-07-09T09:30:55.807+0530][info][gc,task     ] GC(102) Using 7 workers of 8 for evacuation
[2025-07-09T09:30:55.809+0530][info][gc,phases   ] GC(102)   Pre Evacuate Collection Set: 0.1ms
[2025-07-09T09:30:55.809+0530][info][gc,phases   ] GC(102)   Merge Heap Roots: 0.0ms
[2025-07-09T09:30:55.809+0530][info][gc,phases   ] GC(102)   Evacuate Collection Set: 1.1ms
[2025-07-09T09:30:55.809+0530][info][gc,phases   ] GC(102)   Post Evacuate Collection Set: 0.4ms
[2025-07-09T09:30:55.809+0530][info][gc,phases   ] GC(102)   Other: 0.1ms
[2025-07-09T09:30:55.809+0530][info][gc,heap     ] GC(102) Eden regions: 95->0(95)
[2025-07-09T09:30:55.809+0530][info][gc,heap     ] GC(102) Survivor regions: 1->1(12)
[2025-07-09T09:30:55.809+0530][info][gc,heap     ] GC(102) Old regions: 6->6
[2025-07-09T09:30:55.809+0530][info][gc,heap     ] GC(102) Archive regions: 2->2
[2025-07-09T09:30:55.809+0530][info][gc,heap     ] GC(102) Humongous regions: 0->0
[2025-07-09T09:30:55.809+0530][info][gc,metaspace] GC(102) Metaspace: 16232K(30848K)->16232K(30848K) NonClass: 13559K(23296K)->13559K(23296K) Class: 2673K(7552K)->2673K(7552K)
[2025-07-09T09:30:55.809+0530][info][gc          ] GC(102) Pause Young (Normal) (G1 Evacuation Pause) 201M->11M(322M) 1.908ms
[2025-07-09T09:30:55.809+0530][info][gc,cpu      ] GC(102) User=0.01s Sys=0.00s Real=0.00s
[2025-07-09T09:30:56.033+0530][info][gc,start    ] GC(103) Pause Young (Normal) (G1 Evacuation Pause)
[2025-07-09T09:30:56.033+0530][info][gc,task     ] GC(103) Using 7 workers of 8 for evacuation
[2025-07-09T09:30:56.034+0530][info][gc,phases   ] GC(103)   Pre Evacuate Collection Set: 0.1ms
[2025-07-09T09:30:56.034+0530][info][gc,phases   ] GC(103)   Merge Heap Roots: 0.1ms
[2025-07-09T09:30:56.034+0530][info][gc,phases   ] GC(103)   Evacuate Collection Set: 1.0ms
[2025-07-09T09:30:56.034+0530][info][gc,phases   ] GC(103)   Post Evacuate Collection Set: 0.3ms
[2025-07-09T09:30:56.034+0530][info][gc,phases   ] GC(103)   Other: 0.1ms
[2025-07-09T09:30:56.034+0530][info][gc,heap     ] GC(103) Eden regions: 95->0(95)
[2025-07-09T09:30:56.034+0530][info][gc,heap     ] GC(103) Survivor regions: 1->1(12)
[2025-07-09T09:30:56.034+0530][info][gc,heap     ] GC(103) Old regions: 6->6
[2025-07-09T09:30:56.034+0530][info][gc,heap     ] GC(103) Archive regions: 2->2
[2025-07-09T09:30:56.034+0530][info][gc,heap     ] GC(103) Humongous regions: 0->0
[2025-07-09T09:30:56.034+0530][info][gc,metaspace] GC(103) Metaspace: 16289K(31104K)->16289K(31104K) NonClass: 13596K(23488K)->13596K(23488K) Class: 2693K(7616K)->2693K(7616K)
[2025-07-09T09:30:56.034+0530][info][gc          ] GC(103) Pause Young (Normal) (G1 Evacuation Pause) 201M->11M(322M) 1.749ms
[2025-07-09T09:30:56.034+0530][info][gc,cpu      ] GC(103) User=0.01s Sys=0.00s Real=0.00s
[2025-07-09T09:30:56.258+0530][info][gc,start    ] GC(104) Pause Young (Normal) (G1 Evacuation Pause)
[2025-07-09T09:30:56.258+0530][info][gc,task     ] GC(104) Using 7 workers of 8 for evacuation
[2025-07-09T09:30:56.261+0530][info][gc,phases   ] GC(104)   Pre Evacuate Collection Set: 0.1ms
[2025-07-09T09:30:56.261+0530][info][gc,phases   ] GC(104)   Merge Heap Roots: 0.1ms
[2025-07-09T09:30:56.261+0530][info][gc,phases   ] GC(104)   Evacuate Collection Set: 1.6ms
[2025-07-09T09:30:56.261+0530][info][gc,phases   ] GC(104)   Post Evacuate Collection Set: 0.4ms
[2025-07-09T09:30:56.261+0530][info][gc,phases   ] GC(104)   Other: 0.2ms
[2025-07-09T09:30:56.261+0530][info][gc,heap     ] GC(104) Eden regions: 95->0(94)
[2025-07-09T09:30:56.261+0530][info][gc,heap     ] GC(104) Survivor regions: 1->2(12)
[2025-07-09T09:30:56.261+0530][info][gc,heap     ] GC(104) Old regions: 6->6
[2025-07-09T09:30:56.261+0530][info][gc,heap     ] GC(104) Archive regions: 2->2
[2025-07-09T09:30:56.261+0530][info][gc,heap     ] GC(104) Humongous regions: 0->0
[2025-07-09T09:30:56.261+0530][info][gc,metaspace] GC(104) Metaspace: 16345K(31296K)->16345K(31296K) NonClass: 13632K(23616K)->13632K(23616K) Class: 2712K(7680K)->2712K(7680K)
[2025-07-09T09:30:56.261+0530][info][gc          ] GC(104) Pause Young (Normal) (G1 Evacuation Pause) 201M->13M(322M) 2.518ms
[2025-07-09T09:30:56.261+0530][info][gc,cpu      ] GC(104) User=0.01s Sys=0.00s Real=0.01s
[2025-07-09T09:30:56.488+0530][info][gc,start    ] GC(105) Pause Young (Normal) (G1 Evacuation Pause)
[2025-07-09T09:30:56.488+0530][info][gc,task     ] GC(105) Using 7 workers of 8 for evacuation
[2025-07-09T09:30:56.490+0530][info][gc,phases   ] GC(105)   Pre Evacuate Collection Set: 0.1ms
[2025-07-09T09:30:56.490+0530][info][gc,phases   ] GC(105)   Merge Heap Roots: 0.1ms
[2025-07-09T09:30:56.490+0530][info][gc,phases   ] GC(105)   Evacuate Collection Set: 1.5ms
[2025-07-09T09:30:56.490+0530][info][gc,phases   ] GC(105)   Post Evacuate Collection Set: 0.4ms
[2025-07-09T09:30:56.490+0530][info][gc,phases   ] GC(105)   Other: 0.1ms
[2025-07-09T09:30:56.490+0530][info][gc,heap     ] GC(105) Eden regions: 94->0(94)
[2025-07-09T09:30:56.490+0530][info][gc,heap     ] GC(105) Survivor regions: 2->2(12)
[2025-07-09T09:30:56.490+0530][info][gc,heap     ] GC(105) Old regions: 6->6
[2025-07-09T09:30:56.490+0530][info][gc,heap     ] GC(105) Archive regions: 2->2
[2025-07-09T09:30:56.490+0530][info][gc,heap     ] GC(105) Humongous regions: 0->0
[2025-07-09T09:30:56.490+0530][info][gc,metaspace] GC(105) Metaspace: 16402K(31552K)->16402K(31552K) NonClass: 13669K(23808K)->13669K(23808K) Class: 2732K(7744K)->2732K(7744K)
[2025-07-09T09:30:56.490+0530][info][gc          ] GC(105) Pause Young (Normal) (G1 Evacuation Pause) 201M->12M(322M) 2.338ms
[2025-07-09T09:30:56.490+0530][info][gc,cpu      ] GC(105) User=0.01s Sys=0.00s Real=0.01s
[2025-07-09T09:30:56.714+0530][info][gc,start    ] GC(106) Pause Young (Normal) (G1 Evacuation Pause)
[2025-07-09T09:30:56.714+0530][info][gc,task     ] GC(106) Using 7 workers of 8 for evacuation
[2025-07-09T09:30:56.716+0530][info][gc,phases   ] GC(106)   Pre Evacuate Collection Set: 0.1ms
[2025-07-09T09:30:56.716+0530][info][gc,phases   ] GC(106)   Merge Heap Roots: 0.1ms
[2025-07-09T09:30:56.716+0530][info][gc,phases   ] GC(106)   Evacuate Collection Set: 1.2ms
[2025-07-09T09:30:56.716+0530][info][gc,phases   ] GC(106)   Post Evacuate Collection Set: 0.4ms
[2025-07-09T09:30:56.716+0530][info][gc,phases   ] GC(106)   Other: 0.1ms
[2025-07-09T09:30:56.716+0530][info][gc,heap     ] GC(106) Eden regions: 94->0(95)
[2025-07-09T09:30:56.716+0530][info][gc,heap     ] GC(106) Survivor regions: 2->1(12)
[2025-07-09T09:30:56.716+0530][info][gc,heap     ] GC(106) Old regions: 6->6
[2025-07-09T09:30:56.716+0530][info][gc,heap     ] GC(106) Archive regions: 2->2
[2025-07-09T09:30:56.716+0530][info][gc,heap     ] GC(106) Humongous regions: 0->0
[2025-07-09T09:30:56.716+0530][info][gc,metaspace] GC(106) Metaspace: 16458K(31808K)->16458K(31808K) NonClass: 13706K(23936K)->13706K(23936K) Class: 2752K(7872K)->2752K(7872K)
[2025-07-09T09:30:56.716+0530][info][gc          ] GC(106) Pause Young (Normal) (G1 Evacuation Pause) 200M->12M(322M) 1.936ms
[2025-07-09T09:30:56.716+0530][info][gc,cpu      ] GC(106) User=0.00s Sys=0.00s Real=0.00s
[2025-07-09T09:30:56.970+0530][info][gc,start    ] GC(107) Pause Young (Normal) (G1 Evacuation Pause)
[2025-07-09T09:30:56.970+0530][info][gc,task     ] GC(107) Using 7 workers of 8 for evacuation
[2025-07-09T09:30:56.972+0530][info][gc,phases   ] GC(107)   Pre Evacuate Collection Set: 0.1ms
[2025-07-09T09:30:56.972+0530][info][gc,phases   ] GC(107)   Merge Heap Roots: 0.1ms
[2025-07-09T09:30:56.972+0530][info][gc,phases   ] GC(107)   Evacuate Collection Set: 1.4ms
[2025-07-09T09:30:56.972+0530][info][gc,phases   ] GC(107)   Post Evacuate Collection Set: 0.3ms
[2025-07-09T09:30:56.972+0530][info][gc,phases   ] GC(107)   Other: 0.1ms
[2025-07-09T09:30:56.972+0530][info][gc,heap     ] GC(107) Eden regions: 95->0(95)
[2025-07-09T09:30:56.972+0530][info][gc,heap     ] GC(107) Survivor regions: 1->1(12)
[2025-07-09T09:30:56.972+0530][info][gc,heap     ] GC(107) Old regions: 6->6
[2025-07-09T09:30:56.972+0530][info][gc,heap     ] GC(107) Archive regions: 2->2
[2025-07-09T09:30:56.972+0530][info][gc,heap     ] GC(107) Humongous regions: 0->0
[2025-07-09T09:30:56.972+0530][info][gc,metaspace] GC(107) Metaspace: 16515K(32064K)->16515K(32064K) NonClass: 13744K(24128K)->13744K(24128K) Class: 2771K(7936K)->2771K(7936K)
[2025-07-09T09:30:56.972+0530][info][gc          ] GC(107) Pause Young (Normal) (G1 Evacuation Pause) 202M->12M(322M) 2.035ms
[2025-07-09T09:30:56.972+0530][info][gc,cpu      ] GC(107) User=0.00s Sys=0.00s Real=0.00s
[2025-07-09T09:30:57.202+0530][info][gc,start    ] GC(108) Pause Young (Normal) (G1 Evacuation Pause)
[2025-07-09T09:30:57.202+0530][info][gc,task     ] GC(108) Using 7 workers of 8 for evacuation
[2025-07-09T09:30:57.204+0530][info][gc,phases   ] GC(108)   Pre Evacuate Collection Set: 0.1ms
[2025-07-09T09:30:57.204+0530][info][gc,phases   ] GC(108)   Merge Heap Roots: 0.1ms
[2025-07-09T09:30:57.204+0530][info][gc,phases   ] GC(108)   Evacuate Collection Set: 1.3ms
[2025-07-09T09:30:57.204+0530][info][gc,phases   ] GC(108)   Post Evacuate Collection Set: 0.3ms
[2025-07-09T09:30:57.204+0530][info][gc,phases   ] GC(108)   Other: 0.1ms
[2025-07-09T09:30:57.204+0530][info][gc,heap     ] GC(108) Eden regions: 95->0(95)
[2025-07-09T09:30:57.204+0530][info][gc,heap     ] GC(108) Survivor regions: 1->1(12)
[2025-07-09T09:30:57.204+0530][info][gc,heap     ] GC(108) Old regions: 6->6
[2025-07-09T09:30:57.204+0530][info][gc,heap     ] GC(108) Archive regions: 2->2
[2025-07-09T09:30:57.204+0530][info][gc,heap     ] GC(108) Humongous regions: 0->0
[2025-07-09T09:30:57.204+0530][info][gc,metaspace] GC(108) Metaspace: 16572K(32256K)->16572K(32256K) NonClass: 13781K(24256K)->13781K(24256K) Class: 2791K(8000K)->2791K(8000K)
[2025-07-09T09:30:57.204+0530][info][gc          ] GC(108) Pause Young (Normal) (G1 Evacuation Pause) 202M->12M(322M) 1.982ms
[2025-07-09T09:30:57.204+0530][info][gc,cpu      ] GC(108) User=0.01s Sys=0.00s Real=0.00s
[2025-07-09T09:30:57.426+0530][info][gc,start    ] GC(109) Pause Young (Normal) (G1 Evacuation Pause)
[2025-07-09T09:30:57.426+0530][info][gc,task     ] GC(109) Using 7 workers of 8 for evacuation
[2025-07-09T09:30:57.428+0530][info][gc,phases   ] GC(109)   Pre Evacuate Collection Set: 0.1ms
[2025-07-09T09:30:57.428+0530][info][gc,phases   ] GC(109)   Merge Heap Roots: 0.0ms
[2025-07-09T09:30:57.428+0530][info][gc,phases   ] GC(109)   Evacuate Collection Set: 1.3ms
[2025-07-09T09:30:57.428+0530][info][gc,phases   ] GC(109)   Post Evacuate Collection Set: 0.3ms
[2025-07-09T09:30:57.428+0530][info][gc,phases   ] GC(109)   Other: 0.1ms
[2025-07-09T09:30:57.428+0530][info][gc,heap     ] GC(109) Eden regions: 95->0(95)
[2025-07-09T09:30:57.428+0530][info][gc,heap     ] GC(109) Survivor regions: 1->1(12)
[2025-07-09T09:30:57.428+0530][info][gc,heap     ] GC(109) Old regions: 6->6
[2025-07-09T09:30:57.428+0530][info][gc,heap     ] GC(109) Archive regions: 2->2
[2025-07-09T09:30:57.428+0530][info][gc,heap     ] GC(109) Humongous regions: 0->0
[2025-07-09T09:30:57.428+0530][info][gc,metaspace] GC(109) Metaspace: 16629K(32448K)->16629K(32448K) NonClass: 13818K(24384K)->13818K(24384K) Class: 2811K(8064K)->2811K(8064K)
[2025-07-09T09:30:57.428+0530][info][gc          ] GC(109) Pause Young (Normal) (G1 Evacuation Pause) 202M->12M(322M) 2.012ms
[2025-07-09T09:30:57.428+0530][info][gc,cpu      ] GC(109) User=0.01s Sys=0.00s Real=0.00s
[2025-07-09T09:30:57.664+0530][info][gc,start    ] GC(110) Pause Young (Normal) (G1 Evacuation Pause)
[2025-07-09T09:30:57.664+0530][info][gc,task     ] GC(110) Using 7 workers of 8 for evacuation
[2025-07-09T09:30:57.666+0530][info][gc,phases   ] GC(110)   Pre Evacuate Collection Set: 0.1ms
[2025-07-09T09:30:57.666+0530][info][gc,phases   ] GC(110)   Merge Heap Roots: 0.0ms
[2025-07-09T09:30:57.666+0530][info][gc,phases   ] GC(110)   Evacuate Collection Set: 1.5ms
[2025-07-09T09:30:57.666+0530][info][gc,phases   ] GC(110)   Post Evacuate Collection Set: 0.3ms
[2025-07-09T09:30:57.666+0530][info][gc,phases   ] GC(110)   Other: 0.2ms
[2025-07-09T09:30:57.666+0530][info][gc,heap     ] GC(110) Eden regions: 95->0(94)
[2025-07-09T09:30:57.666+0530][info][gc,heap     ] GC(110) Survivor regions: 1->2(12)
[2025-07-09T09:30:57.666+0530][info][gc,heap     ] GC(110) Old regions: 6->6
[2025-07-09T09:30:57.666+0530][info][gc,heap     ] GC(110) Archive regions: 2->2
[2025-07-09T09:30:57.666+0530][info][gc,heap     ] GC(110) Humongous regions: 0->0
[2025-07-09T09:30:57.666+0530][info][gc,metaspace] GC(110) Metaspace: 16685K(32704K)->16685K(32704K) NonClass: 13854K(24576K)->13854K(24576K) Class: 2830K(8128K)->2830K(8128K)
[2025-07-09T09:30:57.666+0530][info][gc          ] GC(110) Pause Young (Normal) (G1 Evacuation Pause) 202M->13M(322M) 2.164ms
[2025-07-09T09:30:57.666+0530][info][gc,cpu      ] GC(110) User=0.01s Sys=0.00s Real=0.00s
[2025-07-09T09:30:57.899+0530][info][gc,start    ] GC(111) Pause Young (Normal) (G1 Evacuation Pause)
[2025-07-09T09:30:57.899+0530][info][gc,task     ] GC(111) Using 7 workers of 8 for evacuation
[2025-07-09T09:30:57.901+0530][info][gc,phases   ] GC(111)   Pre Evacuate Collection Set: 0.1ms
[2025-07-09T09:30:57.901+0530][info][gc,phases   ] GC(111)   Merge Heap Roots: 0.1ms
[2025-07-09T09:30:57.901+0530][info][gc,phases   ] GC(111)   Evacuate Collection Set: 1.3ms
[2025-07-09T09:30:57.901+0530][info][gc,phases   ] GC(111)   Post Evacuate Collection Set: 0.3ms
[2025-07-09T09:30:57.901+0530][info][gc,phases   ] GC(111)   Other: 0.1ms
[2025-07-09T09:30:57.901+0530][info][gc,heap     ] GC(111) Eden regions: 94->0(94)
[2025-07-09T09:30:57.901+0530][info][gc,heap     ] GC(111) Survivor regions: 2->2(12)
[2025-07-09T09:30:57.901+0530][info][gc,heap     ] GC(111) Old regions: 6->6
[2025-07-09T09:30:57.901+0530][info][gc,heap     ] GC(111) Archive regions: 2->2
[2025-07-09T09:30:57.901+0530][info][gc,heap     ] GC(111) Humongous regions: 0->0
[2025-07-09T09:30:57.901+0530][info][gc,metaspace] GC(111) Metaspace: 16742K(32960K)->16742K(32960K) NonClass: 13891K(24704K)->13891K(24704K) Class: 2850K(8256K)->2850K(8256K)
[2025-07-09T09:30:57.901+0530][info][gc          ] GC(111) Pause Young (Normal) (G1 Evacuation Pause) 201M->13M(322M) 1.935ms
[2025-07-09T09:30:57.901+0530][info][gc,cpu      ] GC(111) User=0.01s Sys=0.00s Real=0.01s
[2025-07-09T09:30:58.150+0530][info][gc,start    ] GC(112) Pause Young (Normal) (G1 Evacuation Pause)
[2025-07-09T09:30:58.150+0530][info][gc,task     ] GC(112) Using 7 workers of 8 for evacuation
[2025-07-09T09:30:58.152+0530][info][gc,phases   ] GC(112)   Pre Evacuate Collection Set: 0.1ms
[2025-07-09T09:30:58.152+0530][info][gc,phases   ] GC(112)   Merge Heap Roots: 0.1ms
[2025-07-09T09:30:58.152+0530][info][gc,phases   ] GC(112)   Evacuate Collection Set: 1.4ms
[2025-07-09T09:30:58.152+0530][info][gc,phases   ] GC(112)   Post Evacuate Collection Set: 0.3ms
[2025-07-09T09:30:58.152+0530][info][gc,phases   ] GC(112)   Other: 0.1ms
[2025-07-09T09:30:58.152+0530][info][gc,heap     ] GC(112) Eden regions: 94->0(95)
[2025-07-09T09:30:58.152+0530][info][gc,heap     ] GC(112) Survivor regions: 2->1(12)
[2025-07-09T09:30:58.152+0530][info][gc,heap     ] GC(112) Old regions: 6->6
[2025-07-09T09:30:58.152+0530][info][gc,heap     ] GC(112) Archive regions: 2->2
[2025-07-09T09:30:58.152+0530][info][gc,heap     ] GC(112) Humongous regions: 0->0
[2025-07-09T09:30:58.152+0530][info][gc,metaspace] GC(112) Metaspace: 16799K(33216K)->16799K(33216K) NonClass: 13928K(24896K)->13928K(24896K) Class: 2870K(8320K)->2870K(8320K)
[2025-07-09T09:30:58.152+0530][info][gc          ] GC(112) Pause Young (Normal) (G1 Evacuation Pause) 201M->12M(322M) 2.076ms
[2025-07-09T09:30:58.152+0530][info][gc,cpu      ] GC(112) User=0.01s Sys=0.00s Real=0.00s
[2025-07-09T09:30:58.389+0530][info][gc,start    ] GC(113) Pause Young (Normal) (G1 Evacuation Pause)
[2025-07-09T09:30:58.389+0530][info][gc,task     ] GC(113) Using 7 workers of 8 for evacuation
[2025-07-09T09:30:58.391+0530][info][gc,phases   ] GC(113)   Pre Evacuate Collection Set: 0.1ms
[2025-07-09T09:30:58.391+0530][info][gc,phases   ] GC(113)   Merge Heap Roots: 0.0ms
[2025-07-09T09:30:58.391+0530][info][gc,phases   ] GC(113)   Evacuate Collection Set: 1.2ms
[2025-07-09T09:30:58.391+0530][info][gc,phases   ] GC(113)   Post Evacuate Collection Set: 0.4ms
[2025-07-09T09:30:58.391+0530][info][gc,phases   ] GC(113)   Other: 0.2ms
[2025-07-09T09:30:58.391+0530][info][gc,heap     ] GC(113) Eden regions: 95->0(95)
[2025-07-09T09:30:58.391+0530][info][gc,heap     ] GC(113) Survivor regions: 1->1(12)
[2025-07-09T09:30:58.391+0530][info][gc,heap     ] GC(113) Old regions: 6->6
[2025-07-09T09:30:58.391+0530][info][gc,heap     ] GC(113) Archive regions: 2->2
[2025-07-09T09:30:58.391+0530][info][gc,heap     ] GC(113) Humongous regions: 0->0
[2025-07-09T09:30:58.391+0530][info][gc,metaspace] GC(113) Metaspace: 16856K(33408K)->16856K(33408K) NonClass: 13966K(25024K)->13966K(25024K) Class: 2890K(8384K)->2890K(8384K)
[2025-07-09T09:30:58.391+0530][info][gc          ] GC(113) Pause Young (Normal) (G1 Evacuation Pause) 202M->12M(322M) 1.968ms
[2025-07-09T09:30:58.391+0530][info][gc,cpu      ] GC(113) User=0.01s Sys=0.01s Real=0.01s
[2025-07-09T09:30:58.632+0530][info][gc,start    ] GC(114) Pause Young (Normal) (G1 Evacuation Pause)
[2025-07-09T09:30:58.632+0530][info][gc,task     ] GC(114) Using 7 workers of 8 for evacuation
[2025-07-09T09:30:58.634+0530][info][gc,phases   ] GC(114)   Pre Evacuate Collection Set: 0.1ms
[2025-07-09T09:30:58.634+0530][info][gc,phases   ] GC(114)   Merge Heap Roots: 0.0ms
[2025-07-09T09:30:58.634+0530][info][gc,phases   ] GC(114)   Evacuate Collection Set: 1.2ms
[2025-07-09T09:30:58.634+0530][info][gc,phases   ] GC(114)   Post Evacuate Collection Set: 0.3ms
[2025-07-09T09:30:58.634+0530][info][gc,phases   ] GC(114)   Other: 0.1ms
[2025-07-09T09:30:58.634+0530][info][gc,heap     ] GC(114) Eden regions: 95->0(95)
[2025-07-09T09:30:58.634+0530][info][gc,heap     ] GC(114) Survivor regions: 1->1(12)
[2025-07-09T09:30:58.634+0530][info][gc,heap     ] GC(114) Old regions: 6->6
[2025-07-09T09:30:58.634+0530][info][gc,heap     ] GC(114) Archive regions: 2->2
[2025-07-09T09:30:58.634+0530][info][gc,heap     ] GC(114) Humongous regions: 0->0
[2025-07-09T09:30:58.634+0530][info][gc,metaspace] GC(114) Metaspace: 16913K(33664K)->16913K(33664K) NonClass: 14003K(25216K)->14003K(25216K) Class: 2910K(8448K)->2910K(8448K)
[2025-07-09T09:30:58.634+0530][info][gc          ] GC(114) Pause Young (Normal) (G1 Evacuation Pause) 202M->12M(322M) 1.809ms
[2025-07-09T09:30:58.634+0530][info][gc,cpu      ] GC(114) User=0.00s Sys=0.00s Real=0.00s
[2025-07-09T09:30:58.862+0530][info][gc,start    ] GC(115) Pause Young (Normal) (G1 Evacuation Pause)
[2025-07-09T09:30:58.862+0530][info][gc,task     ] GC(115) Using 7 workers of 8 for evacuation
[2025-07-09T09:30:58.864+0530][info][gc,phases   ] GC(115)   Pre Evacuate Collection Set: 0.1ms
[2025-07-09T09:30:58.864+0530][info][gc,phases   ] GC(115)   Merge Heap Roots: 0.1ms
[2025-07-09T09:30:58.864+0530][info][gc,phases   ] GC(115)   Evacuate Collection Set: 1.2ms
[2025-07-09T09:30:58.864+0530][info][gc,phases   ] GC(115)   Post Evacuate Collection Set: 0.3ms
[2025-07-09T09:30:58.864+0530][info][gc,phases   ] GC(115)   Other: 0.2ms
[2025-07-09T09:30:58.864+0530][info][gc,heap     ] GC(115) Eden regions: 95->0(95)
[2025-07-09T09:30:58.864+0530][info][gc,heap     ] GC(115) Survivor regions: 1->1(12)
[2025-07-09T09:30:58.864+0530][info][gc,heap     ] GC(115) Old regions: 6->6
[2025-07-09T09:30:58.864+0530][info][gc,heap     ] GC(115) Archive regions: 2->2
[2025-07-09T09:30:58.864+0530][info][gc,heap     ] GC(115) Humongous regions: 0->0
[2025-07-09T09:30:58.864+0530][info][gc,metaspace] GC(115) Metaspace: 16970K(33856K)->16970K(33856K) NonClass: 14040K(25344K)->14040K(25344K) Class: 2929K(8512K)->2929K(8512K)
[2025-07-09T09:30:58.864+0530][info][gc          ] GC(115) Pause Young (Normal) (G1 Evacuation Pause) 202M->12M(322M) 1.973ms
[2025-07-09T09:30:58.864+0530][info][gc,cpu      ] GC(115) User=0.00s Sys=0.00s Real=0.00s
[2025-07-09T09:30:59.093+0530][info][gc,start    ] GC(116) Pause Young (Normal) (G1 Evacuation Pause)
[2025-07-09T09:30:59.093+0530][info][gc,task     ] GC(116) Using 7 workers of 8 for evacuation
[2025-07-09T09:30:59.095+0530][info][gc,phases   ] GC(116)   Pre Evacuate Collection Set: 0.1ms
[2025-07-09T09:30:59.095+0530][info][gc,phases   ] GC(116)   Merge Heap Roots: 0.1ms
[2025-07-09T09:30:59.095+0530][info][gc,phases   ] GC(116)   Evacuate Collection Set: 1.9ms
[2025-07-09T09:30:59.095+0530][info][gc,phases   ] GC(116)   Post Evacuate Collection Set: 0.3ms
[2025-07-09T09:30:59.095+0530][info][gc,phases   ] GC(116)   Other: 0.1ms
[2025-07-09T09:30:59.095+0530][info][gc,heap     ] GC(116) Eden regions: 95->0(94)
[2025-07-09T09:30:59.095+0530][info][gc,heap     ] GC(116) Survivor regions: 1->2(12)
[2025-07-09T09:30:59.095+0530][info][gc,heap     ] GC(116) Old regions: 6->6
[2025-07-09T09:30:59.095+0530][info][gc,heap     ] GC(116) Archive regions: 2->2
[2025-07-09T09:30:59.095+0530][info][gc,heap     ] GC(116) Humongous regions: 0->0
[2025-07-09T09:30:59.095+0530][info][gc,metaspace] GC(116) Metaspace: 17025K(34112K)->17025K(34112K) NonClass: 14076K(25472K)->14076K(25472K) Class: 2949K(8640K)->2949K(8640K)
[2025-07-09T09:30:59.095+0530][info][gc          ] GC(116) Pause Young (Normal) (G1 Evacuation Pause) 202M->14M(322M) 2.615ms
[2025-07-09T09:30:59.095+0530][info][gc,cpu      ] GC(116) User=0.01s Sys=0.00s Real=0.00s
[2025-07-09T09:30:59.382+0530][info][gc,start    ] GC(117) Pause Young (Normal) (G1 Evacuation Pause)
[2025-07-09T09:30:59.382+0530][info][gc,task     ] GC(117) Using 7 workers of 8 for evacuation
[2025-07-09T09:30:59.384+0530][info][gc,phases   ] GC(117)   Pre Evacuate Collection Set: 0.1ms
[2025-07-09T09:30:59.384+0530][info][gc,phases   ] GC(117)   Merge Heap Roots: 0.1ms
[2025-07-09T09:30:59.384+0530][info][gc,phases   ] GC(117)   Evacuate Collection Set: 1.6ms
[2025-07-09T09:30:59.384+0530][info][gc,phases   ] GC(117)   Post Evacuate Collection Set: 0.3ms
[2025-07-09T09:30:59.384+0530][info][gc,phases   ] GC(117)   Other: 0.1ms
[2025-07-09T09:30:59.384+0530][info][gc,heap     ] GC(117) Eden regions: 94->0(94)
[2025-07-09T09:30:59.384+0530][info][gc,heap     ] GC(117) Survivor regions: 2->2(12)
[2025-07-09T09:30:59.384+0530][info][gc,heap     ] GC(117) Old regions: 6->6
[2025-07-09T09:30:59.384+0530][info][gc,heap     ] GC(117) Archive regions: 2->2
[2025-07-09T09:30:59.384+0530][info][gc,heap     ] GC(117) Humongous regions: 0->0
[2025-07-09T09:30:59.384+0530][info][gc,metaspace] GC(117) Metaspace: 17082K(34368K)->17082K(34368K) NonClass: 14113K(25664K)->14113K(25664K) Class: 2968K(8704K)->2968K(8704K)
[2025-07-09T09:30:59.384+0530][info][gc          ] GC(117) Pause Young (Normal) (G1 Evacuation Pause) 202M->13M(322M) 2.428ms
[2025-07-09T09:30:59.384+0530][info][gc,cpu      ] GC(117) User=0.01s Sys=0.00s Real=0.00s
[2025-07-09T09:30:59.618+0530][info][gc,start    ] GC(118) Pause Young (Normal) (G1 Evacuation Pause)
[2025-07-09T09:30:59.618+0530][info][gc,task     ] GC(118) Using 7 workers of 8 for evacuation
[2025-07-09T09:30:59.619+0530][info][gc,phases   ] GC(118)   Pre Evacuate Collection Set: 0.1ms
[2025-07-09T09:30:59.619+0530][info][gc,phases   ] GC(118)   Merge Heap Roots: 0.1ms
[2025-07-09T09:30:59.619+0530][info][gc,phases   ] GC(118)   Evacuate Collection Set: 1.2ms
[2025-07-09T09:30:59.619+0530][info][gc,phases   ] GC(118)   Post Evacuate Collection Set: 0.3ms
[2025-07-09T09:30:59.619+0530][info][gc,phases   ] GC(118)   Other: 0.1ms
[2025-07-09T09:30:59.619+0530][info][gc,heap     ] GC(118) Eden regions: 94->0(95)
[2025-07-09T09:30:59.619+0530][info][gc,heap     ] GC(118) Survivor regions: 2->1(12)
[2025-07-09T09:30:59.619+0530][info][gc,heap     ] GC(118) Old regions: 6->6
[2025-07-09T09:30:59.619+0530][info][gc,heap     ] GC(118) Archive regions: 2->2
[2025-07-09T09:30:59.619+0530][info][gc,heap     ] GC(118) Humongous regions: 0->0
[2025-07-09T09:30:59.619+0530][info][gc,metaspace] GC(118) Metaspace: 17139K(34560K)->17139K(34560K) NonClass: 14151K(25792K)->14151K(25792K) Class: 2988K(8768K)->2988K(8768K)
[2025-07-09T09:30:59.619+0530][info][gc          ] GC(118) Pause Young (Normal) (G1 Evacuation Pause) 201M->13M(322M) 1.837ms
[2025-07-09T09:30:59.619+0530][info][gc,cpu      ] GC(118) User=0.01s Sys=0.00s Real=0.00s
[2025-07-09T09:30:59.854+0530][info][gc,start    ] GC(119) Pause Young (Normal) (G1 Evacuation Pause)
[2025-07-09T09:30:59.854+0530][info][gc,task     ] GC(119) Using 7 workers of 8 for evacuation
[2025-07-09T09:30:59.856+0530][info][gc,phases   ] GC(119)   Pre Evacuate Collection Set: 0.1ms
[2025-07-09T09:30:59.856+0530][info][gc,phases   ] GC(119)   Merge Heap Roots: 0.1ms
[2025-07-09T09:30:59.856+0530][info][gc,phases   ] GC(119)   Evacuate Collection Set: 1.4ms
[2025-07-09T09:30:59.856+0530][info][gc,phases   ] GC(119)   Post Evacuate Collection Set: 0.3ms
[2025-07-09T09:30:59.856+0530][info][gc,phases   ] GC(119)   Other: 0.1ms
[2025-07-09T09:30:59.856+0530][info][gc,heap     ] GC(119) Eden regions: 95->0(95)
[2025-07-09T09:30:59.856+0530][info][gc,heap     ] GC(119) Survivor regions: 1->1(12)
[2025-07-09T09:30:59.856+0530][info][gc,heap     ] GC(119) Old regions: 6->6
[2025-07-09T09:30:59.856+0530][info][gc,heap     ] GC(119) Archive regions: 2->2
[2025-07-09T09:30:59.856+0530][info][gc,heap     ] GC(119) Humongous regions: 0->0
[2025-07-09T09:30:59.856+0530][info][gc,metaspace] GC(119) Metaspace: 17196K(34816K)->17196K(34816K) NonClass: 14188K(25984K)->14188K(25984K) Class: 3008K(8832K)->3008K(8832K)
[2025-07-09T09:30:59.856+0530][info][gc          ] GC(119) Pause Young (Normal) (G1 Evacuation Pause) 203M->13M(322M) 2.030ms
[2025-07-09T09:30:59.856+0530][info][gc,cpu      ] GC(119) User=0.01s Sys=0.00s Real=0.00s
[2025-07-09T09:31:00.093+0530][info][gc,start    ] GC(120) Pause Young (Normal) (G1 Evacuation Pause)
[2025-07-09T09:31:00.094+0530][info][gc,task     ] GC(120) Using 7 workers of 8 for evacuation
[2025-07-09T09:31:00.095+0530][info][gc,phases   ] GC(120)   Pre Evacuate Collection Set: 0.1ms
[2025-07-09T09:31:00.095+0530][info][gc,phases   ] GC(120)   Merge Heap Roots: 0.1ms
[2025-07-09T09:31:00.095+0530][info][gc,phases   ] GC(120)   Evacuate Collection Set: 1.2ms
[2025-07-09T09:31:00.095+0530][info][gc,phases   ] GC(120)   Post Evacuate Collection Set: 0.3ms
[2025-07-09T09:31:00.095+0530][info][gc,phases   ] GC(120)   Other: 0.1ms
[2025-07-09T09:31:00.095+0530][info][gc,heap     ] GC(120) Eden regions: 95->0(95)
[2025-07-09T09:31:00.095+0530][info][gc,heap     ] GC(120) Survivor regions: 1->1(12)
[2025-07-09T09:31:00.095+0530][info][gc,heap     ] GC(120) Old regions: 6->6
[2025-07-09T09:31:00.095+0530][info][gc,heap     ] GC(120) Archive regions: 2->2
[2025-07-09T09:31:00.095+0530][info][gc,heap     ] GC(120) Humongous regions: 0->0
[2025-07-09T09:31:00.095+0530][info][gc,metaspace] GC(120) Metaspace: 17253K(35072K)->17253K(35072K) NonClass: 14225K(26112K)->14225K(26112K) Class: 3028K(8960K)->3028K(8960K)
[2025-07-09T09:31:00.095+0530][info][gc          ] GC(120) Pause Young (Normal) (G1 Evacuation Pause) 203M->13M(322M) 1.836ms
[2025-07-09T09:31:00.095+0530][info][gc,cpu      ] GC(120) User=0.01s Sys=0.00s Real=0.00s
[2025-07-09T09:31:00.328+0530][info][gc,start    ] GC(121) Pause Young (Normal) (G1 Evacuation Pause)
[2025-07-09T09:31:00.328+0530][info][gc,task     ] GC(121) Using 7 workers of 8 for evacuation
[2025-07-09T09:31:00.330+0530][info][gc,phases   ] GC(121)   Pre Evacuate Collection Set: 0.1ms
[2025-07-09T09:31:00.330+0530][info][gc,phases   ] GC(121)   Merge Heap Roots: 0.1ms
[2025-07-09T09:31:00.330+0530][info][gc,phases   ] GC(121)   Evacuate Collection Set: 1.7ms
[2025-07-09T09:31:00.330+0530][info][gc,phases   ] GC(121)   Post Evacuate Collection Set: 0.3ms
[2025-07-09T09:31:00.330+0530][info][gc,phases   ] GC(121)   Other: 0.1ms
[2025-07-09T09:31:00.330+0530][info][gc,heap     ] GC(121) Eden regions: 95->0(94)
[2025-07-09T09:31:00.330+0530][info][gc,heap     ] GC(121) Survivor regions: 1->2(12)
[2025-07-09T09:31:00.330+0530][info][gc,heap     ] GC(121) Old regions: 6->6
[2025-07-09T09:31:00.330+0530][info][gc,heap     ] GC(121) Archive regions: 2->2
[2025-07-09T09:31:00.330+0530][info][gc,heap     ] GC(121) Humongous regions: 0->0
[2025-07-09T09:31:00.330+0530][info][gc,metaspace] GC(121) Metaspace: 17309K(35264K)->17309K(35264K) NonClass: 14261K(26240K)->14261K(26240K) Class: 3047K(9024K)->3047K(9024K)
[2025-07-09T09:31:00.330+0530][info][gc          ] GC(121) Pause Young (Normal) (G1 Evacuation Pause) 203M->14M(322M) 2.455ms
[2025-07-09T09:31:00.330+0530][info][gc,cpu      ] GC(121) User=0.01s Sys=0.00s Real=0.01s
[2025-07-09T09:31:00.565+0530][info][gc,start    ] GC(122) Pause Young (Normal) (G1 Evacuation Pause)
[2025-07-09T09:31:00.565+0530][info][gc,task     ] GC(122) Using 7 workers of 8 for evacuation
[2025-07-09T09:31:00.567+0530][info][gc,phases   ] GC(122)   Pre Evacuate Collection Set: 0.1ms
[2025-07-09T09:31:00.567+0530][info][gc,phases   ] GC(122)   Merge Heap Roots: 0.1ms
[2025-07-09T09:31:00.567+0530][info][gc,phases   ] GC(122)   Evacuate Collection Set: 1.5ms
[2025-07-09T09:31:00.567+0530][info][gc,phases   ] GC(122)   Post Evacuate Collection Set: 0.3ms
[2025-07-09T09:31:00.567+0530][info][gc,phases   ] GC(122)   Other: 0.1ms
[2025-07-09T09:31:00.567+0530][info][gc,heap     ] GC(122) Eden regions: 94->0(94)
[2025-07-09T09:31:00.567+0530][info][gc,heap     ] GC(122) Survivor regions: 2->2(12)
[2025-07-09T09:31:00.567+0530][info][gc,heap     ] GC(122) Old regions: 6->6
[2025-07-09T09:31:00.567+0530][info][gc,heap     ] GC(122) Archive regions: 2->2
[2025-07-09T09:31:00.567+0530][info][gc,heap     ] GC(122) Humongous regions: 0->0
[2025-07-09T09:31:00.567+0530][info][gc,metaspace] GC(122) Metaspace: 17366K(35520K)->17366K(35520K) NonClass: 14298K(26432K)->14298K(26432K) Class: 3067K(9088K)->3067K(9088K)
[2025-07-09T09:31:00.567+0530][info][gc          ] GC(122) Pause Young (Normal) (G1 Evacuation Pause) 202M->14M(322M) 2.264ms
[2025-07-09T09:31:00.567+0530][info][gc,cpu      ] GC(122) User=0.01s Sys=0.00s Real=0.00s
[2025-07-09T09:31:00.800+0530][info][gc,start    ] GC(123) Pause Young (Normal) (G1 Evacuation Pause)
[2025-07-09T09:31:00.800+0530][info][gc,task     ] GC(123) Using 7 workers of 8 for evacuation
[2025-07-09T09:31:00.802+0530][info][gc,phases   ] GC(123)   Pre Evacuate Collection Set: 0.1ms
[2025-07-09T09:31:00.802+0530][info][gc,phases   ] GC(123)   Merge Heap Roots: 0.0ms
[2025-07-09T09:31:00.802+0530][info][gc,phases   ] GC(123)   Evacuate Collection Set: 1.4ms
[2025-07-09T09:31:00.802+0530][info][gc,phases   ] GC(123)   Post Evacuate Collection Set: 0.3ms
[2025-07-09T09:31:00.802+0530][info][gc,phases   ] GC(123)   Other: 0.1ms
[2025-07-09T09:31:00.802+0530][info][gc,heap     ] GC(123) Eden regions: 94->0(95)
[2025-07-09T09:31:00.802+0530][info][gc,heap     ] GC(123) Survivor regions: 2->1(12)
[2025-07-09T09:31:00.802+0530][info][gc,heap     ] GC(123) Old regions: 6->6
[2025-07-09T09:31:00.802+0530][info][gc,heap     ] GC(123) Archive regions: 2->2
[2025-07-09T09:31:00.802+0530][info][gc,heap     ] GC(123) Humongous regions: 0->0
[2025-07-09T09:31:00.802+0530][info][gc,metaspace] GC(123) Metaspace: 17423K(35712K)->17423K(35712K) NonClass: 14335K(26560K)->14335K(26560K) Class: 3087K(9152K)->3087K(9152K)
[2025-07-09T09:31:00.802+0530][info][gc          ] GC(123) Pause Young (Normal) (G1 Evacuation Pause) 202M->13M(322M) 2.066ms
[2025-07-09T09:31:00.802+0530][info][gc,cpu      ] GC(123) User=0.01s Sys=0.00s Real=0.00s
[2025-07-09T09:31:01.039+0530][info][gc,start    ] GC(124) Pause Young (Normal) (G1 Evacuation Pause)
[2025-07-09T09:31:01.039+0530][info][gc,task     ] GC(124) Using 7 workers of 8 for evacuation
[2025-07-09T09:31:01.041+0530][info][gc,phases   ] GC(124)   Pre Evacuate Collection Set: 0.1ms
[2025-07-09T09:31:01.041+0530][info][gc,phases   ] GC(124)   Merge Heap Roots: 0.1ms
[2025-07-09T09:31:01.041+0530][info][gc,phases   ] GC(124)   Evacuate Collection Set: 1.2ms
[2025-07-09T09:31:01.041+0530][info][gc,phases   ] GC(124)   Post Evacuate Collection Set: 0.3ms
[2025-07-09T09:31:01.041+0530][info][gc,phases   ] GC(124)   Other: 0.1ms
[2025-07-09T09:31:01.041+0530][info][gc,heap     ] GC(124) Eden regions: 95->0(95)
[2025-07-09T09:31:01.041+0530][info][gc,heap     ] GC(124) Survivor regions: 1->1(12)
[2025-07-09T09:31:01.041+0530][info][gc,heap     ] GC(124) Old regions: 6->6
[2025-07-09T09:31:01.041+0530][info][gc,heap     ] GC(124) Archive regions: 2->2
[2025-07-09T09:31:01.041+0530][info][gc,heap     ] GC(124) Humongous regions: 0->0
[2025-07-09T09:31:01.041+0530][info][gc,metaspace] GC(124) Metaspace: 17480K(35968K)->17480K(35968K) NonClass: 14373K(26752K)->14373K(26752K) Class: 3107K(9216K)->3107K(9216K)
[2025-07-09T09:31:01.041+0530][info][gc          ] GC(124) Pause Young (Normal) (G1 Evacuation Pause) 203M->13M(322M) 1.885ms
[2025-07-09T09:31:01.041+0530][info][gc,cpu      ] GC(124) User=0.01s Sys=0.00s Real=0.01s
[2025-07-09T09:31:01.066+0530][info][gc,start    ] GC(125) Pause Young (Concurrent Start) (Metadata GC Threshold)
[2025-07-09T09:31:01.066+0530][info][gc,task     ] GC(125) Using 7 workers of 8 for evacuation
[2025-07-09T09:31:01.068+0530][info][gc,phases   ] GC(125)   Pre Evacuate Collection Set: 0.4ms
[2025-07-09T09:31:01.068+0530][info][gc,phases   ] GC(125)   Merge Heap Roots: 0.1ms
[2025-07-09T09:31:01.068+0530][info][gc,phases   ] GC(125)   Evacuate Collection Set: 1.7ms
[2025-07-09T09:31:01.068+0530][info][gc,phases   ] GC(125)   Post Evacuate Collection Set: 0.3ms
[2025-07-09T09:31:01.068+0530][info][gc,phases   ] GC(125)   Other: 0.1ms
[2025-07-09T09:31:01.068+0530][info][gc,heap     ] GC(125) Eden regions: 10->0(95)
[2025-07-09T09:31:01.068+0530][info][gc,heap     ] GC(125) Survivor regions: 1->1(12)
[2025-07-09T09:31:01.068+0530][info][gc,heap     ] GC(125) Old regions: 6->7
[2025-07-09T09:31:01.068+0530][info][gc,heap     ] GC(125) Archive regions: 2->2
[2025-07-09T09:31:01.068+0530][info][gc,heap     ] GC(125) Humongous regions: 0->0
[2025-07-09T09:31:01.068+0530][info][gc,metaspace] GC(125) Metaspace: 17485K(35968K)->17485K(35968K) NonClass: 14376K(26752K)->14376K(26752K) Class: 3108K(9216K)->3108K(9216K)
[2025-07-09T09:31:01.068+0530][info][gc          ] GC(125) Pause Young (Concurrent Start) (Metadata GC Threshold) 33M->13M(322M) 2.731ms
[2025-07-09T09:31:01.068+0530][info][gc,cpu      ] GC(125) User=0.01s Sys=0.00s Real=0.00s
[2025-07-09T09:31:01.068+0530][info][gc          ] GC(126) Concurrent Mark Cycle
[2025-07-09T09:31:01.069+0530][info][gc,marking  ] GC(126) Concurrent Clear Claimed Marks
[2025-07-09T09:31:01.069+0530][info][gc,marking  ] GC(126) Concurrent Clear Claimed Marks 0.171ms
[2025-07-09T09:31:01.069+0530][info][gc,marking  ] GC(126) Concurrent Scan Root Regions
[2025-07-09T09:31:01.069+0530][info][gc,marking  ] GC(126) Concurrent Scan Root Regions 0.771ms
[2025-07-09T09:31:01.070+0530][info][gc,marking  ] GC(126) Concurrent Mark
[2025-07-09T09:31:01.070+0530][info][gc,marking  ] GC(126) Concurrent Mark From Roots
[2025-07-09T09:31:01.070+0530][info][gc,task     ] GC(126) Using 2 workers of 2 for marking
[2025-07-09T09:31:01.078+0530][info][gc,marking  ] GC(126) Concurrent Mark From Roots 8.538ms
[2025-07-09T09:31:01.078+0530][info][gc,marking  ] GC(126) Concurrent Preclean
[2025-07-09T09:31:01.078+0530][info][gc,marking  ] GC(126) Concurrent Preclean 0.046ms
[2025-07-09T09:31:01.078+0530][info][gc,start    ] GC(126) Pause Remark
[2025-07-09T09:31:01.080+0530][info][gc          ] GC(126) Pause Remark 21M->21M(94M) 2.072ms
[2025-07-09T09:31:01.080+0530][info][gc,cpu      ] GC(126) User=0.01s Sys=0.00s Real=0.01s
[2025-07-09T09:31:01.080+0530][info][gc,marking  ] GC(126) Concurrent Mark 10.880ms
[2025-07-09T09:31:01.080+0530][info][gc,marking  ] GC(126) Concurrent Rebuild Remembered Sets
[2025-07-09T09:31:01.085+0530][info][gc,marking  ] GC(126) Concurrent Rebuild Remembered Sets 4.126ms
[2025-07-09T09:31:01.085+0530][info][gc,start    ] GC(126) Pause Cleanup
[2025-07-09T09:31:01.085+0530][info][gc          ] GC(126) Pause Cleanup 24M->24M(94M) 0.102ms
[2025-07-09T09:31:01.085+0530][info][gc,cpu      ] GC(126) User=0.00s Sys=0.00s Real=0.00s
[2025-07-09T09:31:01.085+0530][info][gc,marking  ] GC(126) Concurrent Cleanup for Next Mark
[2025-07-09T09:31:01.085+0530][info][gc,marking  ] GC(126) Concurrent Cleanup for Next Mark 0.456ms
[2025-07-09T09:31:01.085+0530][info][gc          ] GC(126) Concurrent Mark Cycle 16.938ms
[2025-07-09T09:31:01.160+0530][info][gc,start    ] GC(127) Pause Young (Normal) (G1 Preventive Collection)
[2025-07-09T09:31:01.160+0530][info][gc,task     ] GC(127) Using 4 workers of 8 for evacuation
[2025-07-09T09:31:01.162+0530][info][gc,phases   ] GC(127)   Pre Evacuate Collection Set: 0.1ms
[2025-07-09T09:31:01.162+0530][info][gc,phases   ] GC(127)   Merge Heap Roots: 0.1ms
[2025-07-09T09:31:01.162+0530][info][gc,phases   ] GC(127)   Evacuate Collection Set: 1.7ms
[2025-07-09T09:31:01.162+0530][info][gc,phases   ] GC(127)   Post Evacuate Collection Set: 0.3ms
[2025-07-09T09:31:01.162+0530][info][gc,phases   ] GC(127)   Other: 0.1ms
[2025-07-09T09:31:01.162+0530][info][gc,heap     ] GC(127) Eden regions: 36->0(27)
[2025-07-09T09:31:01.162+0530][info][gc,heap     ] GC(127) Survivor regions: 1->2(12)
[2025-07-09T09:31:01.162+0530][info][gc,heap     ] GC(127) Old regions: 7->8
[2025-07-09T09:31:01.162+0530][info][gc,heap     ] GC(127) Archive regions: 2->2
[2025-07-09T09:31:01.162+0530][info][gc,heap     ] GC(127) Humongous regions: 0->0
[2025-07-09T09:31:01.162+0530][info][gc,metaspace] GC(127) Metaspace: 17506K(36096K)->17506K(36096K) NonClass: 14390K(26816K)->14390K(26816K) Class: 3116K(9280K)->3116K(9280K)
[2025-07-09T09:31:01.162+0530][info][gc          ] GC(127) Pause Young (Normal) (G1 Preventive Collection) 85M->14M(98M) 2.322ms
[2025-07-09T09:31:01.162+0530][info][gc,cpu      ] GC(127) User=0.01s Sys=0.00s Real=0.00s
[2025-07-09T09:31:01.236+0530][info][gc,start    ] GC(128) Pause Young (Normal) (G1 Evacuation Pause)
[2025-07-09T09:31:01.236+0530][info][gc,task     ] GC(128) Using 3 workers of 8 for evacuation
[2025-07-09T09:31:01.239+0530][info][gc,phases   ] GC(128)   Pre Evacuate Collection Set: 0.1ms
[2025-07-09T09:31:01.239+0530][info][gc,phases   ] GC(128)   Merge Heap Roots: 0.0ms
[2025-07-09T09:31:01.239+0530][info][gc,phases   ] GC(128)   Evacuate Collection Set: 2.0ms
[2025-07-09T09:31:01.239+0530][info][gc,phases   ] GC(128)   Post Evacuate Collection Set: 0.3ms
[2025-07-09T09:31:01.239+0530][info][gc,phases   ] GC(128)   Other: 0.1ms
[2025-07-09T09:31:01.239+0530][info][gc,heap     ] GC(128) Eden regions: 27->0(27)
[2025-07-09T09:31:01.239+0530][info][gc,heap     ] GC(128) Survivor regions: 2->2(4)
[2025-07-09T09:31:01.239+0530][info][gc,heap     ] GC(128) Old regions: 8->8
[2025-07-09T09:31:01.239+0530][info][gc,heap     ] GC(128) Archive regions: 2->2
[2025-07-09T09:31:01.239+0530][info][gc,heap     ] GC(128) Humongous regions: 0->0
[2025-07-09T09:31:01.239+0530][info][gc,metaspace] GC(128) Metaspace: 17522K(36160K)->17522K(36160K) NonClass: 14400K(26880K)->14400K(26880K) Class: 3121K(9280K)->3121K(9280K)
[2025-07-09T09:31:01.239+0530][info][gc          ] GC(128) Pause Young (Normal) (G1 Evacuation Pause) 68M->14M(98M) 2.610ms
[2025-07-09T09:31:01.239+0530][info][gc,cpu      ] GC(128) User=0.01s Sys=0.00s Real=0.00s
[2025-07-09T09:31:01.301+0530][info][gc,start    ] GC(129) Pause Young (Normal) (G1 Evacuation Pause)
[2025-07-09T09:31:01.301+0530][info][gc,task     ] GC(129) Using 2 workers of 8 for evacuation
[2025-07-09T09:31:01.304+0530][info][gc,phases   ] GC(129)   Pre Evacuate Collection Set: 0.1ms
[2025-07-09T09:31:01.304+0530][info][gc,phases   ] GC(129)   Merge Heap Roots: 0.0ms
[2025-07-09T09:31:01.304+0530][info][gc,phases   ] GC(129)   Evacuate Collection Set: 2.5ms
[2025-07-09T09:31:01.304+0530][info][gc,phases   ] GC(129)   Post Evacuate Collection Set: 0.2ms
[2025-07-09T09:31:01.304+0530][info][gc,phases   ] GC(129)   Other: 0.1ms
[2025-07-09T09:31:01.304+0530][info][gc,heap     ] GC(129) Eden regions: 27->0(27)
[2025-07-09T09:31:01.304+0530][info][gc,heap     ] GC(129) Survivor regions: 2->2(4)
[2025-07-09T09:31:01.304+0530][info][gc,heap     ] GC(129) Old regions: 8->8
[2025-07-09T09:31:01.304+0530][info][gc,heap     ] GC(129) Archive regions: 2->2
[2025-07-09T09:31:01.304+0530][info][gc,heap     ] GC(129) Humongous regions: 0->0
[2025-07-09T09:31:01.304+0530][info][gc,metaspace] GC(129) Metaspace: 17538K(36224K)->17538K(36224K) NonClass: 14411K(26880K)->14411K(26880K) Class: 3127K(9344K)->3127K(9344K)
[2025-07-09T09:31:01.304+0530][info][gc          ] GC(129) Pause Young (Normal) (G1 Evacuation Pause) 68M->14M(98M) 3.069ms
[2025-07-09T09:31:01.304+0530][info][gc,cpu      ] GC(129) User=0.00s Sys=0.00s Real=0.00s
[2025-07-09T09:31:01.370+0530][info][gc,start    ] GC(130) Pause Young (Normal) (G1 Evacuation Pause)
[2025-07-09T09:31:01.370+0530][info][gc,task     ] GC(130) Using 2 workers of 8 for evacuation
[2025-07-09T09:31:01.371+0530][info][gc,phases   ] GC(130)   Pre Evacuate Collection Set: 0.0ms
[2025-07-09T09:31:01.371+0530][info][gc,phases   ] GC(130)   Merge Heap Roots: 0.0ms
[2025-07-09T09:31:01.372+0530][info][gc,phases   ] GC(130)   Evacuate Collection Set: 1.2ms
[2025-07-09T09:31:01.372+0530][info][gc,phases   ] GC(130)   Post Evacuate Collection Set: 0.3ms
[2025-07-09T09:31:01.372+0530][info][gc,phases   ] GC(130)   Other: 0.2ms
[2025-07-09T09:31:01.372+0530][info][gc,heap     ] GC(130) Eden regions: 27->0(36)
[2025-07-09T09:31:01.372+0530][info][gc,heap     ] GC(130) Survivor regions: 2->1(4)
[2025-07-09T09:31:01.372+0530][info][gc,heap     ] GC(130) Old regions: 8->8
[2025-07-09T09:31:01.372+0530][info][gc,heap     ] GC(130) Archive regions: 2->2
[2025-07-09T09:31:01.372+0530][info][gc,heap     ] GC(130) Humongous regions: 0->0
[2025-07-09T09:31:01.372+0530][info][gc,metaspace] GC(130) Metaspace: 17556K(36288K)->17556K(36288K) NonClass: 14422K(26944K)->14422K(26944K) Class: 3133K(9344K)->3133K(9344K)
[2025-07-09T09:31:01.372+0530][info][gc          ] GC(130) Pause Young (Normal) (G1 Evacuation Pause) 68M->13M(124M) 1.866ms
[2025-07-09T09:31:01.372+0530][info][gc,cpu      ] GC(130) User=0.00s Sys=0.00s Real=0.00s
[2025-07-09T09:31:01.498+0530][info][gc,start    ] GC(131) Pause Young (Normal) (G1 Evacuation Pause)
[2025-07-09T09:31:01.498+0530][info][gc,task     ] GC(131) Using 2 workers of 8 for evacuation
[2025-07-09T09:31:01.501+0530][info][gc,phases   ] GC(131)   Pre Evacuate Collection Set: 0.1ms
[2025-07-09T09:31:01.501+0530][info][gc,phases   ] GC(131)   Merge Heap Roots: 0.1ms
[2025-07-09T09:31:01.501+0530][info][gc,phases   ] GC(131)   Evacuate Collection Set: 2.3ms
[2025-07-09T09:31:01.501+0530][info][gc,phases   ] GC(131)   Post Evacuate Collection Set: 0.3ms
[2025-07-09T09:31:01.501+0530][info][gc,phases   ] GC(131)   Other: 0.2ms
[2025-07-09T09:31:01.501+0530][info][gc,heap     ] GC(131) Eden regions: 36->0(35)
[2025-07-09T09:31:01.501+0530][info][gc,heap     ] GC(131) Survivor regions: 1->2(5)
[2025-07-09T09:31:01.501+0530][info][gc,heap     ] GC(131) Old regions: 8->8
[2025-07-09T09:31:01.501+0530][info][gc,heap     ] GC(131) Archive regions: 2->2
[2025-07-09T09:31:01.501+0530][info][gc,heap     ] GC(131) Humongous regions: 0->0
[2025-07-09T09:31:01.501+0530][info][gc,metaspace] GC(131) Metaspace: 17576K(36352K)->17576K(36352K) NonClass: 14436K(27008K)->14436K(27008K) Class: 3140K(9344K)->3140K(9344K)
[2025-07-09T09:31:01.501+0530][info][gc          ] GC(131) Pause Young (Normal) (G1 Evacuation Pause) 85M->14M(124M) 3.095ms
[2025-07-09T09:31:01.501+0530][info][gc,cpu      ] GC(131) User=0.01s Sys=0.00s Real=0.01s
[2025-07-09T09:31:01.588+0530][info][gc,start    ] GC(132) Pause Young (Normal) (G1 Evacuation Pause)
[2025-07-09T09:31:01.589+0530][info][gc,task     ] GC(132) Using 2 workers of 8 for evacuation
[2025-07-09T09:31:01.590+0530][info][gc,phases   ] GC(132)   Pre Evacuate Collection Set: 0.1ms
[2025-07-09T09:31:01.590+0530][info][gc,phases   ] GC(132)   Merge Heap Roots: 0.1ms
[2025-07-09T09:31:01.590+0530][info][gc,phases   ] GC(132)   Evacuate Collection Set: 1.4ms
[2025-07-09T09:31:01.590+0530][info][gc,phases   ] GC(132)   Post Evacuate Collection Set: 0.3ms
[2025-07-09T09:31:01.591+0530][info][gc,phases   ] GC(132)   Other: 0.1ms
[2025-07-09T09:31:01.591+0530][info][gc,heap     ] GC(132) Eden regions: 35->0(36)
[2025-07-09T09:31:01.591+0530][info][gc,heap     ] GC(132) Survivor regions: 2->1(5)
[2025-07-09T09:31:01.591+0530][info][gc,heap     ] GC(132) Old regions: 8->8
[2025-07-09T09:31:01.591+0530][info][gc,heap     ] GC(132) Archive regions: 2->2
[2025-07-09T09:31:01.591+0530][info][gc,heap     ] GC(132) Humongous regions: 0->0
[2025-07-09T09:31:01.591+0530][info][gc,metaspace] GC(132) Metaspace: 17598K(36480K)->17598K(36480K) NonClass: 14450K(27072K)->14450K(27072K) Class: 3148K(9408K)->3148K(9408K)
[2025-07-09T09:31:01.591+0530][info][gc          ] GC(132) Pause Young (Normal) (G1 Evacuation Pause) 84M->14M(124M) 2.155ms
[2025-07-09T09:31:01.591+0530][info][gc,cpu      ] GC(132) User=0.00s Sys=0.00s Real=0.01s
[2025-07-09T09:31:01.677+0530][info][gc,start    ] GC(133) Pause Young (Normal) (G1 Evacuation Pause)
[2025-07-09T09:31:01.678+0530][info][gc,task     ] GC(133) Using 2 workers of 8 for evacuation
[2025-07-09T09:31:01.680+0530][info][gc,phases   ] GC(133)   Pre Evacuate Collection Set: 0.1ms
[2025-07-09T09:31:01.681+0530][info][gc,phases   ] GC(133)   Merge Heap Roots: 0.1ms
[2025-07-09T09:31:01.681+0530][info][gc,phases   ] GC(133)   Evacuate Collection Set: 2.4ms
[2025-07-09T09:31:01.681+0530][info][gc,phases   ] GC(133)   Post Evacuate Collection Set: 0.4ms
[2025-07-09T09:31:01.681+0530][info][gc,phases   ] GC(133)   Other: 0.2ms
[2025-07-09T09:31:01.681+0530][info][gc,heap     ] GC(133) Eden regions: 36->0(35)
[2025-07-09T09:31:01.681+0530][info][gc,heap     ] GC(133) Survivor regions: 1->2(5)
[2025-07-09T09:31:01.681+0530][info][gc,heap     ] GC(133) Old regions: 8->8
[2025-07-09T09:31:01.681+0530][info][gc,heap     ] GC(133) Archive regions: 2->2
[2025-07-09T09:31:01.681+0530][info][gc,heap     ] GC(133) Humongous regions: 0->0
[2025-07-09T09:31:01.681+0530][info][gc,metaspace] GC(133) Metaspace: 17618K(36544K)->17618K(36544K) NonClass: 14463K(27136K)->14463K(27136K) Class: 3155K(9408K)->3155K(9408K)
[2025-07-09T09:31:01.681+0530][info][gc          ] GC(133) Pause Young (Normal) (G1 Evacuation Pause) 86M->14M(124M) 3.205ms
[2025-07-09T09:31:01.681+0530][info][gc,cpu      ] GC(133) User=0.00s Sys=0.00s Real=0.01s
[2025-07-09T09:31:01.767+0530][info][gc,start    ] GC(134) Pause Young (Normal) (G1 Evacuation Pause)
[2025-07-09T09:31:01.767+0530][info][gc,task     ] GC(134) Using 2 workers of 8 for evacuation
[2025-07-09T09:31:01.769+0530][info][gc,phases   ] GC(134)   Pre Evacuate Collection Set: 0.1ms
[2025-07-09T09:31:01.769+0530][info][gc,phases   ] GC(134)   Merge Heap Roots: 0.1ms
[2025-07-09T09:31:01.769+0530][info][gc,phases   ] GC(134)   Evacuate Collection Set: 1.6ms
[2025-07-09T09:31:01.769+0530][info][gc,phases   ] GC(134)   Post Evacuate Collection Set: 0.4ms
[2025-07-09T09:31:01.769+0530][info][gc,phases   ] GC(134)   Other: 0.1ms
[2025-07-09T09:31:01.769+0530][info][gc,heap     ] GC(134) Eden regions: 35->0(44)
[2025-07-09T09:31:01.769+0530][info][gc,heap     ] GC(134) Survivor regions: 2->1(5)
[2025-07-09T09:31:01.769+0530][info][gc,heap     ] GC(134) Old regions: 8->8
[2025-07-09T09:31:01.769+0530][info][gc,heap     ] GC(134) Archive regions: 2->2
[2025-07-09T09:31:01.769+0530][info][gc,heap     ] GC(134) Humongous regions: 0->0
[2025-07-09T09:31:01.769+0530][info][gc,metaspace] GC(134) Metaspace: 17640K(36672K)->17640K(36672K) NonClass: 14477K(27200K)->14477K(27200K) Class: 3162K(9472K)->3162K(9472K)
[2025-07-09T09:31:01.769+0530][info][gc          ] GC(134) Pause Young (Normal) (G1 Evacuation Pause) 84M->14M(150M) 2.418ms
[2025-07-09T09:31:01.769+0530][info][gc,cpu      ] GC(134) User=0.01s Sys=0.00s Real=0.00s
[2025-07-09T09:31:01.890+0530][info][gc,start    ] GC(135) Pause Young (Normal) (G1 Evacuation Pause)
[2025-07-09T09:31:01.890+0530][info][gc,task     ] GC(135) Using 3 workers of 8 for evacuation
[2025-07-09T09:31:01.892+0530][info][gc,phases   ] GC(135)   Pre Evacuate Collection Set: 0.1ms
[2025-07-09T09:31:01.892+0530][info][gc,phases   ] GC(135)   Merge Heap Roots: 0.1ms
[2025-07-09T09:31:01.892+0530][info][gc,phases   ] GC(135)   Evacuate Collection Set: 1.2ms
[2025-07-09T09:31:01.892+0530][info][gc,phases   ] GC(135)   Post Evacuate Collection Set: 0.3ms
[2025-07-09T09:31:01.892+0530][info][gc,phases   ] GC(135)   Other: 0.2ms
[2025-07-09T09:31:01.892+0530][info][gc,heap     ] GC(135) Eden regions: 44->0(44)
[2025-07-09T09:31:01.892+0530][info][gc,heap     ] GC(135) Survivor regions: 1->1(6)
[2025-07-09T09:31:01.892+0530][info][gc,heap     ] GC(135) Old regions: 8->8
[2025-07-09T09:31:01.892+0530][info][gc,heap     ] GC(135) Archive regions: 2->2
[2025-07-09T09:31:01.892+0530][info][gc,heap     ] GC(135) Humongous regions: 0->0
[2025-07-09T09:31:01.892+0530][info][gc,metaspace] GC(135) Metaspace: 17667K(36736K)->17667K(36736K) NonClass: 14495K(27264K)->14495K(27264K) Class: 3172K(9472K)->3172K(9472K)
[2025-07-09T09:31:01.892+0530][info][gc          ] GC(135) Pause Young (Normal) (G1 Evacuation Pause) 102M->14M(150M) 1.893ms
[2025-07-09T09:31:01.892+0530][info][gc,cpu      ] GC(135) User=0.00s Sys=0.00s Real=0.00s
[2025-07-09T09:31:02.000+0530][info][gc,start    ] GC(136) Pause Young (Normal) (G1 Evacuation Pause)
[2025-07-09T09:31:02.000+0530][info][gc,task     ] GC(136) Using 3 workers of 8 for evacuation
[2025-07-09T09:31:02.002+0530][info][gc,phases   ] GC(136)   Pre Evacuate Collection Set: 0.1ms
[2025-07-09T09:31:02.002+0530][info][gc,phases   ] GC(136)   Merge Heap Roots: 0.0ms
[2025-07-09T09:31:02.002+0530][info][gc,phases   ] GC(136)   Evacuate Collection Set: 1.4ms
[2025-07-09T09:31:02.002+0530][info][gc,phases   ] GC(136)   Post Evacuate Collection Set: 0.3ms
[2025-07-09T09:31:02.002+0530][info][gc,phases   ] GC(136)   Other: 0.1ms
[2025-07-09T09:31:02.002+0530][info][gc,heap     ] GC(136) Eden regions: 44->0(44)
[2025-07-09T09:31:02.002+0530][info][gc,heap     ] GC(136) Survivor regions: 1->1(6)
[2025-07-09T09:31:02.002+0530][info][gc,heap     ] GC(136) Old regions: 8->8
[2025-07-09T09:31:02.002+0530][info][gc,heap     ] GC(136) Archive regions: 2->2
[2025-07-09T09:31:02.002+0530][info][gc,heap     ] GC(136) Humongous regions: 0->0
[2025-07-09T09:31:02.002+0530][info][gc,metaspace] GC(136) Metaspace: 17693K(36864K)->17693K(36864K) NonClass: 14512K(27328K)->14512K(27328K) Class: 3181K(9536K)->3181K(9536K)
[2025-07-09T09:31:02.002+0530][info][gc          ] GC(136) Pause Young (Normal) (G1 Evacuation Pause) 102M->14M(150M) 2.008ms
[2025-07-09T09:31:02.002+0530][info][gc,cpu      ] GC(136) User=0.01s Sys=0.00s Real=0.00s
[2025-07-09T09:31:02.113+0530][info][gc,start    ] GC(137) Pause Young (Normal) (G1 Evacuation Pause)
[2025-07-09T09:31:02.113+0530][info][gc,task     ] GC(137) Using 3 workers of 8 for evacuation
[2025-07-09T09:31:02.114+0530][info][gc,phases   ] GC(137)   Pre Evacuate Collection Set: 0.1ms
[2025-07-09T09:31:02.114+0530][info][gc,phases   ] GC(137)   Merge Heap Roots: 0.1ms
[2025-07-09T09:31:02.114+0530][info][gc,phases   ] GC(137)   Evacuate Collection Set: 1.4ms
[2025-07-09T09:31:02.114+0530][info][gc,phases   ] GC(137)   Post Evacuate Collection Set: 0.2ms
[2025-07-09T09:31:02.115+0530][info][gc,phases   ] GC(137)   Other: 0.1ms
[2025-07-09T09:31:02.115+0530][info][gc,heap     ] GC(137) Eden regions: 44->0(44)
[2025-07-09T09:31:02.115+0530][info][gc,heap     ] GC(137) Survivor regions: 1->1(6)
[2025-07-09T09:31:02.115+0530][info][gc,heap     ] GC(137) Old regions: 8->8
[2025-07-09T09:31:02.115+0530][info][gc,heap     ] GC(137) Archive regions: 2->2
[2025-07-09T09:31:02.115+0530][info][gc,heap     ] GC(137) Humongous regions: 0->0
[2025-07-09T09:31:02.115+0530][info][gc,metaspace] GC(137) Metaspace: 17719K(36992K)->17719K(36992K) NonClass: 14529K(27392K)->14529K(27392K) Class: 3190K(9600K)->3190K(9600K)
[2025-07-09T09:31:02.115+0530][info][gc          ] GC(137) Pause Young (Normal) (G1 Evacuation Pause) 102M->14M(150M) 2.078ms
[2025-07-09T09:31:02.115+0530][info][gc,cpu      ] GC(137) User=0.01s Sys=0.00s Real=0.00s
[2025-07-09T09:31:02.220+0530][info][gc,start    ] GC(138) Pause Young (Normal) (G1 Evacuation Pause)
[2025-07-09T09:31:02.220+0530][info][gc,task     ] GC(138) Using 3 workers of 8 for evacuation
[2025-07-09T09:31:02.222+0530][info][gc,phases   ] GC(138)   Pre Evacuate Collection Set: 0.1ms
[2025-07-09T09:31:02.222+0530][info][gc,phases   ] GC(138)   Merge Heap Roots: 0.1ms
[2025-07-09T09:31:02.222+0530][info][gc,phases   ] GC(138)   Evacuate Collection Set: 1.3ms
[2025-07-09T09:31:02.222+0530][info][gc,phases   ] GC(138)   Post Evacuate Collection Set: 0.4ms
[2025-07-09T09:31:02.222+0530][info][gc,phases   ] GC(138)   Other: 0.1ms
[2025-07-09T09:31:02.222+0530][info][gc,heap     ] GC(138) Eden regions: 44->0(53)
[2025-07-09T09:31:02.222+0530][info][gc,heap     ] GC(138) Survivor regions: 1->1(6)
[2025-07-09T09:31:02.222+0530][info][gc,heap     ] GC(138) Old regions: 8->8
[2025-07-09T09:31:02.222+0530][info][gc,heap     ] GC(138) Archive regions: 2->2
[2025-07-09T09:31:02.222+0530][info][gc,heap     ] GC(138) Humongous regions: 0->0
[2025-07-09T09:31:02.222+0530][info][gc,metaspace] GC(138) Metaspace: 17746K(37056K)->17746K(37056K) NonClass: 14546K(27456K)->14546K(27456K) Class: 3199K(9600K)->3199K(9600K)
[2025-07-09T09:31:02.222+0530][info][gc          ] GC(138) Pause Young (Normal) (G1 Evacuation Pause) 102M->14M(180M) 2.041ms
[2025-07-09T09:31:02.222+0530][info][gc,cpu      ] GC(138) User=0.00s Sys=0.00s Real=0.00s
[2025-07-09T09:31:02.365+0530][info][gc,start    ] GC(139) Pause Young (Normal) (G1 Evacuation Pause)
[2025-07-09T09:31:02.365+0530][info][gc,task     ] GC(139) Using 4 workers of 8 for evacuation
[2025-07-09T09:31:02.366+0530][info][gc,phases   ] GC(139)   Pre Evacuate Collection Set: 0.1ms
[2025-07-09T09:31:02.366+0530][info][gc,phases   ] GC(139)   Merge Heap Roots: 0.0ms
[2025-07-09T09:31:02.366+0530][info][gc,phases   ] GC(139)   Evacuate Collection Set: 0.9ms
[2025-07-09T09:31:02.366+0530][info][gc,phases   ] GC(139)   Post Evacuate Collection Set: 0.3ms
[2025-07-09T09:31:02.366+0530][info][gc,phases   ] GC(139)   Other: 0.1ms
[2025-07-09T09:31:02.366+0530][info][gc,heap     ] GC(139) Eden regions: 53->0(53)
[2025-07-09T09:31:02.366+0530][info][gc,heap     ] GC(139) Survivor regions: 1->1(7)
[2025-07-09T09:31:02.366+0530][info][gc,heap     ] GC(139) Old regions: 8->8
[2025-07-09T09:31:02.366+0530][info][gc,heap     ] GC(139) Archive regions: 2->2
[2025-07-09T09:31:02.366+0530][info][gc,heap     ] GC(139) Humongous regions: 0->0
[2025-07-09T09:31:02.366+0530][info][gc,metaspace] GC(139) Metaspace: 17778K(37248K)->17778K(37248K) NonClass: 14567K(27584K)->14567K(27584K) Class: 3210K(9664K)->3210K(9664K)
[2025-07-09T09:31:02.366+0530][info][gc          ] GC(139) Pause Young (Normal) (G1 Evacuation Pause) 120M->14M(180M) 1.545ms
[2025-07-09T09:31:02.366+0530][info][gc,cpu      ] GC(139) User=0.01s Sys=0.00s Real=0.00s
[2025-07-09T09:31:02.498+0530][info][gc,start    ] GC(140) Pause Young (Normal) (G1 Evacuation Pause)
[2025-07-09T09:31:02.498+0530][info][gc,task     ] GC(140) Using 4 workers of 8 for evacuation
[2025-07-09T09:31:02.500+0530][info][gc,phases   ] GC(140)   Pre Evacuate Collection Set: 0.1ms
[2025-07-09T09:31:02.500+0530][info][gc,phases   ] GC(140)   Merge Heap Roots: 0.1ms
[2025-07-09T09:31:02.500+0530][info][gc,phases   ] GC(140)   Evacuate Collection Set: 1.5ms
[2025-07-09T09:31:02.500+0530][info][gc,phases   ] GC(140)   Post Evacuate Collection Set: 0.3ms
[2025-07-09T09:31:02.500+0530][info][gc,phases   ] GC(140)   Other: 0.2ms
[2025-07-09T09:31:02.500+0530][info][gc,heap     ] GC(140) Eden regions: 53->0(52)
[2025-07-09T09:31:02.500+0530][info][gc,heap     ] GC(140) Survivor regions: 1->2(7)
[2025-07-09T09:31:02.500+0530][info][gc,heap     ] GC(140) Old regions: 8->8
[2025-07-09T09:31:02.500+0530][info][gc,heap     ] GC(140) Archive regions: 2->2
[2025-07-09T09:31:02.500+0530][info][gc,heap     ] GC(140) Humongous regions: 0->0
[2025-07-09T09:31:02.500+0530][info][gc,metaspace] GC(140) Metaspace: 17808K(37312K)->17808K(37312K) NonClass: 14587K(27648K)->14587K(27648K) Class: 3221K(9664K)->3221K(9664K)
[2025-07-09T09:31:02.500+0530][info][gc          ] GC(140) Pause Young (Normal) (G1 Evacuation Pause) 120M->15M(180M) 2.178ms
[2025-07-09T09:31:02.500+0530][info][gc,cpu      ] GC(140) User=0.01s Sys=0.01s Real=0.01s
[2025-07-09T09:31:02.632+0530][info][gc,start    ] GC(141) Pause Young (Normal) (G1 Evacuation Pause)
[2025-07-09T09:31:02.632+0530][info][gc,task     ] GC(141) Using 4 workers of 8 for evacuation
[2025-07-09T09:31:02.633+0530][info][gc,phases   ] GC(141)   Pre Evacuate Collection Set: 0.1ms
[2025-07-09T09:31:02.633+0530][info][gc,phases   ] GC(141)   Merge Heap Roots: 0.0ms
[2025-07-09T09:31:02.633+0530][info][gc,phases   ] GC(141)   Evacuate Collection Set: 0.9ms
[2025-07-09T09:31:02.633+0530][info][gc,phases   ] GC(141)   Post Evacuate Collection Set: 0.3ms
[2025-07-09T09:31:02.633+0530][info][gc,phases   ] GC(141)   Other: 0.1ms
[2025-07-09T09:31:02.633+0530][info][gc,heap     ] GC(141) Eden regions: 52->0(53)
[2025-07-09T09:31:02.633+0530][info][gc,heap     ] GC(141) Survivor regions: 2->1(7)
[2025-07-09T09:31:02.633+0530][info][gc,heap     ] GC(141) Old regions: 8->8
[2025-07-09T09:31:02.633+0530][info][gc,heap     ] GC(141) Archive regions: 2->2
[2025-07-09T09:31:02.633+0530][info][gc,heap     ] GC(141) Humongous regions: 0->0
[2025-07-09T09:31:02.633+0530][info][gc,metaspace] GC(141) Metaspace: 17841K(37440K)->17841K(37440K) NonClass: 14608K(27712K)->14608K(27712K) Class: 3232K(9728K)->3232K(9728K)
[2025-07-09T09:31:02.633+0530][info][gc          ] GC(141) Pause Young (Normal) (G1 Evacuation Pause) 119M->14M(180M) 1.530ms
[2025-07-09T09:31:02.633+0530][info][gc,cpu      ] GC(141) User=0.01s Sys=0.00s Real=0.00s
[2025-07-09T09:31:02.761+0530][info][gc,start    ] GC(142) Pause Young (Normal) (G1 Evacuation Pause)
[2025-07-09T09:31:02.761+0530][info][gc,task     ] GC(142) Using 4 workers of 8 for evacuation
[2025-07-09T09:31:02.763+0530][info][gc,phases   ] GC(142)   Pre Evacuate Collection Set: 0.1ms
[2025-07-09T09:31:02.763+0530][info][gc,phases   ] GC(142)   Merge Heap Roots: 0.1ms
[2025-07-09T09:31:02.763+0530][info][gc,phases   ] GC(142)   Evacuate Collection Set: 1.0ms
[2025-07-09T09:31:02.763+0530][info][gc,phases   ] GC(142)   Post Evacuate Collection Set: 0.2ms
[2025-07-09T09:31:02.763+0530][info][gc,phases   ] GC(142)   Other: 0.2ms
[2025-07-09T09:31:02.763+0530][info][gc,heap     ] GC(142) Eden regions: 53->0(53)
[2025-07-09T09:31:02.763+0530][info][gc,heap     ] GC(142) Survivor regions: 1->1(7)
[2025-07-09T09:31:02.763+0530][info][gc,heap     ] GC(142) Old regions: 8->8
[2025-07-09T09:31:02.763+0530][info][gc,heap     ] GC(142) Archive regions: 2->2
[2025-07-09T09:31:02.763+0530][info][gc,heap     ] GC(142) Humongous regions: 0->0
[2025-07-09T09:31:02.763+0530][info][gc,metaspace] GC(142) Metaspace: 17873K(37632K)->17873K(37632K) NonClass: 14629K(27840K)->14629K(27840K) Class: 3243K(9792K)->3243K(9792K)
[2025-07-09T09:31:02.763+0530][info][gc          ] GC(142) Pause Young (Normal) (G1 Evacuation Pause) 120M->14M(180M) 1.648ms
[2025-07-09T09:31:02.763+0530][info][gc,cpu      ] GC(142) User=0.00s Sys=0.00s Real=0.00s
[2025-07-09T09:31:02.894+0530][info][gc,start    ] GC(143) Pause Young (Normal) (G1 Evacuation Pause)
[2025-07-09T09:31:02.894+0530][info][gc,task     ] GC(143) Using 4 workers of 8 for evacuation
[2025-07-09T09:31:02.896+0530][info][gc,phases   ] GC(143)   Pre Evacuate Collection Set: 0.1ms
[2025-07-09T09:31:02.896+0530][info][gc,phases   ] GC(143)   Merge Heap Roots: 0.1ms
[2025-07-09T09:31:02.896+0530][info][gc,phases   ] GC(143)   Evacuate Collection Set: 1.3ms
[2025-07-09T09:31:02.896+0530][info][gc,phases   ] GC(143)   Post Evacuate Collection Set: 0.3ms
[2025-07-09T09:31:02.896+0530][info][gc,phases   ] GC(143)   Other: 0.2ms
[2025-07-09T09:31:02.896+0530][info][gc,heap     ] GC(143) Eden regions: 53->0(53)
[2025-07-09T09:31:02.896+0530][info][gc,heap     ] GC(143) Survivor regions: 1->1(7)
[2025-07-09T09:31:02.896+0530][info][gc,heap     ] GC(143) Old regions: 8->8
[2025-07-09T09:31:02.896+0530][info][gc,heap     ] GC(143) Archive regions: 2->2
[2025-07-09T09:31:02.896+0530][info][gc,heap     ] GC(143) Humongous regions: 0->0
[2025-07-09T09:31:02.896+0530][info][gc,metaspace] GC(143) Metaspace: 17903K(37696K)->17903K(37696K) NonClass: 14649K(27904K)->14649K(27904K) Class: 3254K(9792K)->3254K(9792K)
[2025-07-09T09:31:02.896+0530][info][gc          ] GC(143) Pause Young (Normal) (G1 Evacuation Pause) 120M->15M(180M) 2.034ms
[2025-07-09T09:31:02.896+0530][info][gc,cpu      ] GC(143) User=0.00s Sys=0.00s Real=0.00s
[2025-07-09T09:31:03.023+0530][info][gc,start    ] GC(144) Pause Young (Normal) (G1 Evacuation Pause)
[2025-07-09T09:31:03.023+0530][info][gc,task     ] GC(144) Using 4 workers of 8 for evacuation
[2025-07-09T09:31:03.026+0530][info][gc,phases   ] GC(144)   Pre Evacuate Collection Set: 0.1ms
[2025-07-09T09:31:03.026+0530][info][gc,phases   ] GC(144)   Merge Heap Roots: 0.0ms
[2025-07-09T09:31:03.026+0530][info][gc,phases   ] GC(144)   Evacuate Collection Set: 1.6ms
[2025-07-09T09:31:03.026+0530][info][gc,phases   ] GC(144)   Post Evacuate Collection Set: 0.5ms
[2025-07-09T09:31:03.026+0530][info][gc,phases   ] GC(144)   Other: 0.1ms
[2025-07-09T09:31:03.026+0530][info][gc,heap     ] GC(144) Eden regions: 53->0(63)
[2025-07-09T09:31:03.026+0530][info][gc,heap     ] GC(144) Survivor regions: 1->1(7)
[2025-07-09T09:31:03.026+0530][info][gc,heap     ] GC(144) Old regions: 8->8
[2025-07-09T09:31:03.026+0530][info][gc,heap     ] GC(144) Archive regions: 2->2
[2025-07-09T09:31:03.026+0530][info][gc,heap     ] GC(144) Humongous regions: 0->0
[2025-07-09T09:31:03.026+0530][info][gc,metaspace] GC(144) Metaspace: 17935K(37824K)->17935K(37824K) NonClass: 14670K(27968K)->14670K(27968K) Class: 3265K(9856K)->3265K(9856K)
[2025-07-09T09:31:03.026+0530][info][gc          ] GC(144) Pause Young (Normal) (G1 Evacuation Pause) 121M->15M(216M) 2.562ms
[2025-07-09T09:31:03.026+0530][info][gc,cpu      ] GC(144) User=0.00s Sys=0.00s Real=0.00s
[2025-07-09T09:31:03.203+0530][info][gc,start    ] GC(145) Pause Young (Normal) (G1 Evacuation Pause)
[2025-07-09T09:31:03.203+0530][info][gc,task     ] GC(145) Using 5 workers of 8 for evacuation
[2025-07-09T09:31:03.204+0530][info][gc,phases   ] GC(145)   Pre Evacuate Collection Set: 0.1ms
[2025-07-09T09:31:03.205+0530][info][gc,phases   ] GC(145)   Merge Heap Roots: 0.0ms
[2025-07-09T09:31:03.205+0530][info][gc,phases   ] GC(145)   Evacuate Collection Set: 1.2ms
[2025-07-09T09:31:03.205+0530][info][gc,phases   ] GC(145)   Post Evacuate Collection Set: 0.3ms
[2025-07-09T09:31:03.205+0530][info][gc,phases   ] GC(145)   Other: 0.1ms
[2025-07-09T09:31:03.205+0530][info][gc,heap     ] GC(145) Eden regions: 63->0(63)
[2025-07-09T09:31:03.205+0530][info][gc,heap     ] GC(145) Survivor regions: 1->1(8)
[2025-07-09T09:31:03.205+0530][info][gc,heap     ] GC(145) Old regions: 8->8
[2025-07-09T09:31:03.205+0530][info][gc,heap     ] GC(145) Archive regions: 2->2
[2025-07-09T09:31:03.205+0530][info][gc,heap     ] GC(145) Humongous regions: 0->0
[2025-07-09T09:31:03.205+0530][info][gc,metaspace] GC(145) Metaspace: 17973K(38016K)->17973K(38016K) NonClass: 14695K(28096K)->14695K(28096K) Class: 3278K(9920K)->3278K(9920K)
[2025-07-09T09:31:03.205+0530][info][gc          ] GC(145) Pause Young (Normal) (G1 Evacuation Pause) 141M->15M(216M) 1.889ms
[2025-07-09T09:31:03.205+0530][info][gc,cpu      ] GC(145) User=0.01s Sys=0.00s Real=0.00s
[2025-07-09T09:31:03.362+0530][info][gc,start    ] GC(146) Pause Young (Normal) (G1 Evacuation Pause)
[2025-07-09T09:31:03.362+0530][info][gc,task     ] GC(146) Using 5 workers of 8 for evacuation
[2025-07-09T09:31:03.364+0530][info][gc,phases   ] GC(146)   Pre Evacuate Collection Set: 0.1ms
[2025-07-09T09:31:03.364+0530][info][gc,phases   ] GC(146)   Merge Heap Roots: 0.1ms
[2025-07-09T09:31:03.364+0530][info][gc,phases   ] GC(146)   Evacuate Collection Set: 1.2ms
[2025-07-09T09:31:03.364+0530][info][gc,phases   ] GC(146)   Post Evacuate Collection Set: 0.2ms
[2025-07-09T09:31:03.364+0530][info][gc,phases   ] GC(146)   Other: 0.1ms
[2025-07-09T09:31:03.364+0530][info][gc,heap     ] GC(146) Eden regions: 63->0(63)
[2025-07-09T09:31:03.364+0530][info][gc,heap     ] GC(146) Survivor regions: 1->1(8)
[2025-07-09T09:31:03.364+0530][info][gc,heap     ] GC(146) Old regions: 8->8
[2025-07-09T09:31:03.364+0530][info][gc,heap     ] GC(146) Archive regions: 2->2
[2025-07-09T09:31:03.364+0530][info][gc,heap     ] GC(146) Humongous regions: 0->0
[2025-07-09T09:31:03.364+0530][info][gc,metaspace] GC(146) Metaspace: 18011K(38208K)->18011K(38208K) NonClass: 14720K(28224K)->14720K(28224K) Class: 3291K(9984K)->3291K(9984K)
[2025-07-09T09:31:03.364+0530][info][gc          ] GC(146) Pause Young (Normal) (G1 Evacuation Pause) 141M->14M(216M) 1.887ms
[2025-07-09T09:31:03.364+0530][info][gc,cpu      ] GC(146) User=0.00s Sys=0.00s Real=0.00s
[2025-07-09T09:31:03.517+0530][info][gc,start    ] GC(147) Pause Young (Normal) (G1 Evacuation Pause)
[2025-07-09T09:31:03.517+0530][info][gc,task     ] GC(147) Using 5 workers of 8 for evacuation
[2025-07-09T09:31:03.518+0530][info][gc,phases   ] GC(147)   Pre Evacuate Collection Set: 0.1ms
[2025-07-09T09:31:03.518+0530][info][gc,phases   ] GC(147)   Merge Heap Roots: 0.1ms
[2025-07-09T09:31:03.518+0530][info][gc,phases   ] GC(147)   Evacuate Collection Set: 1.0ms
[2025-07-09T09:31:03.518+0530][info][gc,phases   ] GC(147)   Post Evacuate Collection Set: 0.3ms
[2025-07-09T09:31:03.518+0530][info][gc,phases   ] GC(147)   Other: 0.1ms
[2025-07-09T09:31:03.518+0530][info][gc,heap     ] GC(147) Eden regions: 63->0(63)
[2025-07-09T09:31:03.518+0530][info][gc,heap     ] GC(147) Survivor regions: 1->1(8)
[2025-07-09T09:31:03.518+0530][info][gc,heap     ] GC(147) Old regions: 8->8
[2025-07-09T09:31:03.518+0530][info][gc,heap     ] GC(147) Archive regions: 2->2
[2025-07-09T09:31:03.518+0530][info][gc,heap     ] GC(147) Humongous regions: 0->0
[2025-07-09T09:31:03.518+0530][info][gc,metaspace] GC(147) Metaspace: 18049K(38336K)->18049K(38336K) NonClass: 14744K(28288K)->14744K(28288K) Class: 3305K(10048K)->3305K(10048K)
[2025-07-09T09:31:03.518+0530][info][gc          ] GC(147) Pause Young (Normal) (G1 Evacuation Pause) 140M->14M(216M) 1.629ms
[2025-07-09T09:31:03.518+0530][info][gc,cpu      ] GC(147) User=0.00s Sys=0.00s Real=0.00s
[2025-07-09T09:31:03.674+0530][info][gc,start    ] GC(148) Pause Young (Normal) (G1 Evacuation Pause)
[2025-07-09T09:31:03.674+0530][info][gc,task     ] GC(148) Using 5 workers of 8 for evacuation
[2025-07-09T09:31:03.675+0530][info][gc,phases   ] GC(148)   Pre Evacuate Collection Set: 0.1ms
[2025-07-09T09:31:03.675+0530][info][gc,phases   ] GC(148)   Merge Heap Roots: 0.1ms
[2025-07-09T09:31:03.676+0530][info][gc,phases   ] GC(148)   Evacuate Collection Set: 1.3ms
[2025-07-09T09:31:03.676+0530][info][gc,phases   ] GC(148)   Post Evacuate Collection Set: 0.3ms
[2025-07-09T09:31:03.676+0530][info][gc,phases   ] GC(148)   Other: 0.1ms
[2025-07-09T09:31:03.676+0530][info][gc,heap     ] GC(148) Eden regions: 63->0(62)
[2025-07-09T09:31:03.676+0530][info][gc,heap     ] GC(148) Survivor regions: 1->2(8)
[2025-07-09T09:31:03.676+0530][info][gc,heap     ] GC(148) Old regions: 8->8
[2025-07-09T09:31:03.676+0530][info][gc,heap     ] GC(148) Archive regions: 2->2
[2025-07-09T09:31:03.676+0530][info][gc,heap     ] GC(148) Humongous regions: 0->0
[2025-07-09T09:31:03.676+0530][info][gc,metaspace] GC(148) Metaspace: 18086K(38464K)->18086K(38464K) NonClass: 14768K(28416K)->14768K(28416K) Class: 3317K(10048K)->3317K(10048K)
[2025-07-09T09:31:03.676+0530][info][gc          ] GC(148) Pause Young (Normal) (G1 Evacuation Pause) 140M->15M(216M) 1.904ms
[2025-07-09T09:31:03.676+0530][info][gc,cpu      ] GC(148) User=0.01s Sys=0.00s Real=0.00s
[2025-07-09T09:31:03.831+0530][info][gc,start    ] GC(149) Pause Young (Normal) (G1 Evacuation Pause)
[2025-07-09T09:31:03.831+0530][info][gc,task     ] GC(149) Using 5 workers of 8 for evacuation
[2025-07-09T09:31:03.833+0530][info][gc,phases   ] GC(149)   Pre Evacuate Collection Set: 0.1ms
[2025-07-09T09:31:03.833+0530][info][gc,phases   ] GC(149)   Merge Heap Roots: 0.1ms
[2025-07-09T09:31:03.833+0530][info][gc,phases   ] GC(149)   Evacuate Collection Set: 1.2ms
[2025-07-09T09:31:03.833+0530][info][gc,phases   ] GC(149)   Post Evacuate Collection Set: 0.3ms
[2025-07-09T09:31:03.833+0530][info][gc,phases   ] GC(149)   Other: 0.2ms
[2025-07-09T09:31:03.833+0530][info][gc,heap     ] GC(149) Eden regions: 62->0(63)
[2025-07-09T09:31:03.833+0530][info][gc,heap     ] GC(149) Survivor regions: 2->1(8)
[2025-07-09T09:31:03.833+0530][info][gc,heap     ] GC(149) Old regions: 8->8
[2025-07-09T09:31:03.833+0530][info][gc,heap     ] GC(149) Archive regions: 2->2
[2025-07-09T09:31:03.833+0530][info][gc,heap     ] GC(149) Humongous regions: 0->0
[2025-07-09T09:31:03.833+0530][info][gc,metaspace] GC(149) Metaspace: 18124K(38592K)->18124K(38592K) NonClass: 14793K(28480K)->14793K(28480K) Class: 3330K(10112K)->3330K(10112K)
[2025-07-09T09:31:03.833+0530][info][gc          ] GC(149) Pause Young (Normal) (G1 Evacuation Pause) 139M->15M(216M) 1.837ms
[2025-07-09T09:31:03.833+0530][info][gc,cpu      ] GC(149) User=0.01s Sys=0.00s Real=0.00s
[2025-07-09T09:31:04.003+0530][info][gc,start    ] GC(150) Pause Young (Normal) (G1 Evacuation Pause)
[2025-07-09T09:31:04.003+0530][info][gc,task     ] GC(150) Using 5 workers of 8 for evacuation
[2025-07-09T09:31:04.004+0530][info][gc,phases   ] GC(150)   Pre Evacuate Collection Set: 0.0ms
[2025-07-09T09:31:04.004+0530][info][gc,phases   ] GC(150)   Merge Heap Roots: 0.1ms
[2025-07-09T09:31:04.005+0530][info][gc,phases   ] GC(150)   Evacuate Collection Set: 1.2ms
[2025-07-09T09:31:04.005+0530][info][gc,phases   ] GC(150)   Post Evacuate Collection Set: 0.4ms
[2025-07-09T09:31:04.005+0530][info][gc,phases   ] GC(150)   Other: 0.1ms
[2025-07-09T09:31:04.005+0530][info][gc,heap     ] GC(150) Eden regions: 63->0(77)
[2025-07-09T09:31:04.005+0530][info][gc,heap     ] GC(150) Survivor regions: 1->1(8)
[2025-07-09T09:31:04.005+0530][info][gc,heap     ] GC(150) Old regions: 8->8
[2025-07-09T09:31:04.005+0530][info][gc,heap     ] GC(150) Archive regions: 2->2
[2025-07-09T09:31:04.005+0530][info][gc,heap     ] GC(150) Humongous regions: 0->0
[2025-07-09T09:31:04.005+0530][info][gc,metaspace] GC(150) Metaspace: 18162K(38784K)->18162K(38784K) NonClass: 14818K(28608K)->14818K(28608K) Class: 3344K(10176K)->3344K(10176K)
[2025-07-09T09:31:04.005+0530][info][gc          ] GC(150) Pause Young (Normal) (G1 Evacuation Pause) 141M->15M(260M) 2.013ms
[2025-07-09T09:31:04.005+0530][info][gc,cpu      ] GC(150) User=0.01s Sys=0.00s Real=0.00s
[2025-07-09T09:31:04.222+0530][info][gc,start    ] GC(151) Pause Young (Normal) (G1 Evacuation Pause)
[2025-07-09T09:31:04.222+0530][info][gc,task     ] GC(151) Using 6 workers of 8 for evacuation
[2025-07-09T09:31:04.226+0530][info][gc,phases   ] GC(151)   Pre Evacuate Collection Set: 0.2ms
[2025-07-09T09:31:04.226+0530][info][gc,phases   ] GC(151)   Merge Heap Roots: 0.2ms
[2025-07-09T09:31:04.226+0530][info][gc,phases   ] GC(151)   Evacuate Collection Set: 2.7ms
[2025-07-09T09:31:04.226+0530][info][gc,phases   ] GC(151)   Post Evacuate Collection Set: 0.6ms
[2025-07-09T09:31:04.226+0530][info][gc,phases   ] GC(151)   Other: 0.3ms
[2025-07-09T09:31:04.226+0530][info][gc,heap     ] GC(151) Eden regions: 77->0(76)
[2025-07-09T09:31:04.226+0530][info][gc,heap     ] GC(151) Survivor regions: 1->2(10)
[2025-07-09T09:31:04.226+0530][info][gc,heap     ] GC(151) Old regions: 8->8
[2025-07-09T09:31:04.226+0530][info][gc,heap     ] GC(151) Archive regions: 2->2
[2025-07-09T09:31:04.226+0530][info][gc,heap     ] GC(151) Humongous regions: 0->0
[2025-07-09T09:31:04.226+0530][info][gc,metaspace] GC(151) Metaspace: 18207K(38976K)->18207K(38976K) NonClass: 14847K(28736K)->14847K(28736K) Class: 3359K(10240K)->3359K(10240K)
[2025-07-09T09:31:04.226+0530][info][gc          ] GC(151) Pause Young (Normal) (G1 Evacuation Pause) 169M->15M(260M) 4.088ms
[2025-07-09T09:31:04.226+0530][info][gc,cpu      ] GC(151) User=0.02s Sys=0.00s Real=0.00s
[2025-07-09T09:31:04.408+0530][info][gc,start    ] GC(152) Pause Young (Normal) (G1 Evacuation Pause)
[2025-07-09T09:31:04.408+0530][info][gc,task     ] GC(152) Using 6 workers of 8 for evacuation
[2025-07-09T09:31:04.410+0530][info][gc,phases   ] GC(152)   Pre Evacuate Collection Set: 0.1ms
[2025-07-09T09:31:04.410+0530][info][gc,phases   ] GC(152)   Merge Heap Roots: 0.1ms
[2025-07-09T09:31:04.410+0530][info][gc,phases   ] GC(152)   Evacuate Collection Set: 1.2ms
[2025-07-09T09:31:04.410+0530][info][gc,phases   ] GC(152)   Post Evacuate Collection Set: 0.4ms
[2025-07-09T09:31:04.410+0530][info][gc,phases   ] GC(152)   Other: 0.2ms
[2025-07-09T09:31:04.410+0530][info][gc,heap     ] GC(152) Eden regions: 76->0(76)
[2025-07-09T09:31:04.410+0530][info][gc,heap     ] GC(152) Survivor regions: 2->2(10)
[2025-07-09T09:31:04.410+0530][info][gc,heap     ] GC(152) Old regions: 8->8
[2025-07-09T09:31:04.410+0530][info][gc,heap     ] GC(152) Archive regions: 2->2
[2025-07-09T09:31:04.410+0530][info][gc,heap     ] GC(152) Humongous regions: 0->0
[2025-07-09T09:31:04.410+0530][info][gc,metaspace] GC(152) Metaspace: 18253K(39168K)->18253K(39168K) NonClass: 14877K(28864K)->14877K(28864K) Class: 3375K(10304K)->3375K(10304K)
[2025-07-09T09:31:04.410+0530][info][gc          ] GC(152) Pause Young (Normal) (G1 Evacuation Pause) 167M->16M(260M) 1.903ms
[2025-07-09T09:31:04.410+0530][info][gc,cpu      ] GC(152) User=0.01s Sys=0.00s Real=0.01s
[2025-07-09T09:31:04.602+0530][info][gc,start    ] GC(153) Pause Young (Normal) (G1 Evacuation Pause)
[2025-07-09T09:31:04.602+0530][info][gc,task     ] GC(153) Using 6 workers of 8 for evacuation
[2025-07-09T09:31:04.603+0530][info][gc,phases   ] GC(153)   Pre Evacuate Collection Set: 0.1ms
[2025-07-09T09:31:04.603+0530][info][gc,phases   ] GC(153)   Merge Heap Roots: 0.1ms
[2025-07-09T09:31:04.603+0530][info][gc,phases   ] GC(153)   Evacuate Collection Set: 1.2ms
[2025-07-09T09:31:04.603+0530][info][gc,phases   ] GC(153)   Post Evacuate Collection Set: 0.3ms
[2025-07-09T09:31:04.603+0530][info][gc,phases   ] GC(153)   Other: 0.1ms
[2025-07-09T09:31:04.603+0530][info][gc,heap     ] GC(153) Eden regions: 76->0(77)
[2025-07-09T09:31:04.603+0530][info][gc,heap     ] GC(153) Survivor regions: 2->1(10)
[2025-07-09T09:31:04.603+0530][info][gc,heap     ] GC(153) Old regions: 8->8
[2025-07-09T09:31:04.603+0530][info][gc,heap     ] GC(153) Archive regions: 2->2
[2025-07-09T09:31:04.603+0530][info][gc,heap     ] GC(153) Humongous regions: 0->0
[2025-07-09T09:31:04.603+0530][info][gc,metaspace] GC(153) Metaspace: 18299K(39360K)->18299K(39360K) NonClass: 14907K(28992K)->14907K(28992K) Class: 3391K(10368K)->3391K(10368K)
[2025-07-09T09:31:04.603+0530][info][gc          ] GC(153) Pause Young (Normal) (G1 Evacuation Pause) 168M->15M(260M) 1.828ms
[2025-07-09T09:31:04.604+0530][info][gc,cpu      ] GC(153) User=0.01s Sys=0.01s Real=0.00s
[2025-07-09T09:31:04.793+0530][info][gc,start    ] GC(154) Pause Young (Normal) (G1 Evacuation Pause)
[2025-07-09T09:31:04.793+0530][info][gc,task     ] GC(154) Using 6 workers of 8 for evacuation
[2025-07-09T09:31:04.795+0530][info][gc,phases   ] GC(154)   Pre Evacuate Collection Set: 0.1ms
[2025-07-09T09:31:04.795+0530][info][gc,phases   ] GC(154)   Merge Heap Roots: 0.1ms
[2025-07-09T09:31:04.795+0530][info][gc,phases   ] GC(154)   Evacuate Collection Set: 1.2ms
[2025-07-09T09:31:04.795+0530][info][gc,phases   ] GC(154)   Post Evacuate Collection Set: 0.3ms
[2025-07-09T09:31:04.795+0530][info][gc,phases   ] GC(154)   Other: 0.2ms
[2025-07-09T09:31:04.795+0530][info][gc,heap     ] GC(154) Eden regions: 77->0(76)
[2025-07-09T09:31:04.795+0530][info][gc,heap     ] GC(154) Survivor regions: 1->2(10)
[2025-07-09T09:31:04.795+0530][info][gc,heap     ] GC(154) Old regions: 8->8
[2025-07-09T09:31:04.795+0530][info][gc,heap     ] GC(154) Archive regions: 2->2
[2025-07-09T09:31:04.795+0530][info][gc,heap     ] GC(154) Humongous regions: 0->0
[2025-07-09T09:31:04.795+0530][info][gc,metaspace] GC(154) Metaspace: 18345K(39552K)->18345K(39552K) NonClass: 14937K(29120K)->14937K(29120K) Class: 3407K(10432K)->3407K(10432K)
[2025-07-09T09:31:04.795+0530][info][gc          ] GC(154) Pause Young (Normal) (G1 Evacuation Pause) 169M->15M(260M) 2.009ms
[2025-07-09T09:31:04.795+0530][info][gc,cpu      ] GC(154) User=0.00s Sys=0.00s Real=0.00s
[2025-07-09T09:31:04.979+0530][info][gc,start    ] GC(155) Pause Young (Normal) (G1 Evacuation Pause)
[2025-07-09T09:31:04.979+0530][info][gc,task     ] GC(155) Using 6 workers of 8 for evacuation
[2025-07-09T09:31:04.981+0530][info][gc,phases   ] GC(155)   Pre Evacuate Collection Set: 0.1ms
[2025-07-09T09:31:04.981+0530][info][gc,phases   ] GC(155)   Merge Heap Roots: 0.1ms
[2025-07-09T09:31:04.981+0530][info][gc,phases   ] GC(155)   Evacuate Collection Set: 1.2ms
[2025-07-09T09:31:04.981+0530][info][gc,phases   ] GC(155)   Post Evacuate Collection Set: 0.3ms
[2025-07-09T09:31:04.981+0530][info][gc,phases   ] GC(155)   Other: 0.2ms
[2025-07-09T09:31:04.981+0530][info][gc,heap     ] GC(155) Eden regions: 76->0(76)
[2025-07-09T09:31:04.981+0530][info][gc,heap     ] GC(155) Survivor regions: 2->2(10)
[2025-07-09T09:31:04.981+0530][info][gc,heap     ] GC(155) Old regions: 8->8
[2025-07-09T09:31:04.981+0530][info][gc,heap     ] GC(155) Archive regions: 2->2
[2025-07-09T09:31:04.981+0530][info][gc,heap     ] GC(155) Humongous regions: 0->0
[2025-07-09T09:31:04.981+0530][info][gc,metaspace] GC(155) Metaspace: 18390K(39744K)->18390K(39744K) NonClass: 14966K(29248K)->14966K(29248K) Class: 3423K(10496K)->3423K(10496K)
[2025-07-09T09:31:04.981+0530][info][gc          ] GC(155) Pause Young (Normal) (G1 Evacuation Pause) 167M->16M(260M) 1.969ms
[2025-07-09T09:31:04.981+0530][info][gc,cpu      ] GC(155) User=0.01s Sys=0.00s Real=0.01s
[2025-07-09T09:31:05.170+0530][info][gc,start    ] GC(156) Pause Young (Normal) (G1 Evacuation Pause)
[2025-07-09T09:31:05.170+0530][info][gc,task     ] GC(156) Using 6 workers of 8 for evacuation
[2025-07-09T09:31:05.172+0530][info][gc,phases   ] GC(156)   Pre Evacuate Collection Set: 0.1ms
[2025-07-09T09:31:05.172+0530][info][gc,phases   ] GC(156)   Merge Heap Roots: 0.0ms
[2025-07-09T09:31:05.172+0530][info][gc,phases   ] GC(156)   Evacuate Collection Set: 1.3ms
[2025-07-09T09:31:05.172+0530][info][gc,phases   ] GC(156)   Post Evacuate Collection Set: 0.2ms
[2025-07-09T09:31:05.172+0530][info][gc,phases   ] GC(156)   Other: 0.1ms
[2025-07-09T09:31:05.172+0530][info][gc,heap     ] GC(156) Eden regions: 76->0(76)
[2025-07-09T09:31:05.172+0530][info][gc,heap     ] GC(156) Survivor regions: 2->2(10)
[2025-07-09T09:31:05.172+0530][info][gc,heap     ] GC(156) Old regions: 8->8
[2025-07-09T09:31:05.172+0530][info][gc,heap     ] GC(156) Archive regions: 2->2
[2025-07-09T09:31:05.172+0530][info][gc,heap     ] GC(156) Humongous regions: 0->0
[2025-07-09T09:31:05.172+0530][info][gc,metaspace] GC(156) Metaspace: 18435K(39936K)->18435K(39936K) NonClass: 14996K(29376K)->14996K(29376K) Class: 3439K(10560K)->3439K(10560K)
[2025-07-09T09:31:05.172+0530][info][gc          ] GC(156) Pause Young (Normal) (G1 Evacuation Pause) 168M->16M(260M) 1.890ms
[2025-07-09T09:31:05.172+0530][info][gc,cpu      ] GC(156) User=0.00s Sys=0.00s Real=0.00s
[2025-07-09T09:31:05.370+0530][info][gc,start    ] GC(157) Pause Young (Normal) (G1 Evacuation Pause)
[2025-07-09T09:31:05.370+0530][info][gc,task     ] GC(157) Using 6 workers of 8 for evacuation
[2025-07-09T09:31:05.372+0530][info][gc,phases   ] GC(157)   Pre Evacuate Collection Set: 0.1ms
[2025-07-09T09:31:05.372+0530][info][gc,phases   ] GC(157)   Merge Heap Roots: 0.1ms
[2025-07-09T09:31:05.372+0530][info][gc,phases   ] GC(157)   Evacuate Collection Set: 1.4ms
[2025-07-09T09:31:05.372+0530][info][gc,phases   ] GC(157)   Post Evacuate Collection Set: 0.4ms
[2025-07-09T09:31:05.372+0530][info][gc,phases   ] GC(157)   Other: 0.1ms
[2025-07-09T09:31:05.372+0530][info][gc,heap     ] GC(157) Eden regions: 76->0(77)
[2025-07-09T09:31:05.372+0530][info][gc,heap     ] GC(157) Survivor regions: 2->1(10)
[2025-07-09T09:31:05.372+0530][info][gc,heap     ] GC(157) Old regions: 8->8
[2025-07-09T09:31:05.372+0530][info][gc,heap     ] GC(157) Archive regions: 2->2
[2025-07-09T09:31:05.372+0530][info][gc,heap     ] GC(157) Humongous regions: 0->0
[2025-07-09T09:31:05.372+0530][info][gc,metaspace] GC(157) Metaspace: 18482K(40128K)->18482K(40128K) NonClass: 15026K(29504K)->15026K(29504K) Class: 3455K(10624K)->3455K(10624K)
[2025-07-09T09:31:05.372+0530][info][gc          ] GC(157) Pause Young (Normal) (G1 Evacuation Pause) 168M->16M(260M) 2.066ms
[2025-07-09T09:31:05.372+0530][info][gc,cpu      ] GC(157) User=0.01s Sys=0.00s Real=0.00s
[2025-07-09T09:31:05.558+0530][info][gc,start    ] GC(158) Pause Young (Normal) (G1 Evacuation Pause)
[2025-07-09T09:31:05.558+0530][info][gc,task     ] GC(158) Using 6 workers of 8 for evacuation
[2025-07-09T09:31:05.560+0530][info][gc,phases   ] GC(158)   Pre Evacuate Collection Set: 0.1ms
[2025-07-09T09:31:05.560+0530][info][gc,phases   ] GC(158)   Merge Heap Roots: 0.1ms
[2025-07-09T09:31:05.560+0530][info][gc,phases   ] GC(158)   Evacuate Collection Set: 1.5ms
[2025-07-09T09:31:05.560+0530][info][gc,phases   ] GC(158)   Post Evacuate Collection Set: 0.4ms
[2025-07-09T09:31:05.560+0530][info][gc,phases   ] GC(158)   Other: 0.2ms
[2025-07-09T09:31:05.560+0530][info][gc,heap     ] GC(158) Eden regions: 77->0(76)
[2025-07-09T09:31:05.560+0530][info][gc,heap     ] GC(158) Survivor regions: 1->2(10)
[2025-07-09T09:31:05.560+0530][info][gc,heap     ] GC(158) Old regions: 8->8
[2025-07-09T09:31:05.560+0530][info][gc,heap     ] GC(158) Archive regions: 2->2
[2025-07-09T09:31:05.560+0530][info][gc,heap     ] GC(158) Humongous regions: 0->0
[2025-07-09T09:31:05.560+0530][info][gc,metaspace] GC(158) Metaspace: 18527K(40320K)->18527K(40320K) NonClass: 15056K(29632K)->15056K(29632K) Class: 3471K(10688K)->3471K(10688K)
[2025-07-09T09:31:05.560+0530][info][gc          ] GC(158) Pause Young (Normal) (G1 Evacuation Pause) 170M->16M(260M) 2.267ms
[2025-07-09T09:31:05.560+0530][info][gc,cpu      ] GC(158) User=0.01s Sys=0.00s Real=0.01s
[2025-07-09T09:31:05.741+0530][info][gc,start    ] GC(159) Pause Young (Normal) (G1 Evacuation Pause)
[2025-07-09T09:31:05.741+0530][info][gc,task     ] GC(159) Using 6 workers of 8 for evacuation
[2025-07-09T09:31:05.743+0530][info][gc,phases   ] GC(159)   Pre Evacuate Collection Set: 0.1ms
[2025-07-09T09:31:05.743+0530][info][gc,phases   ] GC(159)   Merge Heap Roots: 0.1ms
[2025-07-09T09:31:05.743+0530][info][gc,phases   ] GC(159)   Evacuate Collection Set: 1.6ms
[2025-07-09T09:31:05.743+0530][info][gc,phases   ] GC(159)   Post Evacuate Collection Set: 0.3ms
[2025-07-09T09:31:05.743+0530][info][gc,phases   ] GC(159)   Other: 0.1ms
[2025-07-09T09:31:05.743+0530][info][gc,heap     ] GC(159) Eden regions: 76->0(76)
[2025-07-09T09:31:05.743+0530][info][gc,heap     ] GC(159) Survivor regions: 2->2(10)
[2025-07-09T09:31:05.743+0530][info][gc,heap     ] GC(159) Old regions: 8->8
[2025-07-09T09:31:05.743+0530][info][gc,heap     ] GC(159) Archive regions: 2->2
[2025-07-09T09:31:05.743+0530][info][gc,heap     ] GC(159) Humongous regions: 0->0
[2025-07-09T09:31:05.743+0530][info][gc,metaspace] GC(159) Metaspace: 18572K(40512K)->18572K(40512K) NonClass: 15086K(29760K)->15086K(29760K) Class: 3486K(10752K)->3486K(10752K)
[2025-07-09T09:31:05.743+0530][info][gc          ] GC(159) Pause Young (Normal) (G1 Evacuation Pause) 168M->17M(260M) 2.356ms
[2025-07-09T09:31:05.743+0530][info][gc,cpu      ] GC(159) User=0.01s Sys=0.00s Real=0.00s
[2025-07-09T09:31:05.988+0530][info][gc,start    ] GC(160) Pause Young (Normal) (G1 Evacuation Pause)
[2025-07-09T09:31:05.988+0530][info][gc,task     ] GC(160) Using 6 workers of 8 for evacuation
[2025-07-09T09:31:05.990+0530][info][gc,phases   ] GC(160)   Pre Evacuate Collection Set: 0.1ms
[2025-07-09T09:31:05.990+0530][info][gc,phases   ] GC(160)   Merge Heap Roots: 0.1ms
[2025-07-09T09:31:05.990+0530][info][gc,phases   ] GC(160)   Evacuate Collection Set: 1.2ms
[2025-07-09T09:31:05.990+0530][info][gc,phases   ] GC(160)   Post Evacuate Collection Set: 0.5ms
[2025-07-09T09:31:05.990+0530][info][gc,phases   ] GC(160)   Other: 0.1ms
[2025-07-09T09:31:05.990+0530][info][gc,heap     ] GC(160) Eden regions: 76->0(92)
[2025-07-09T09:31:05.990+0530][info][gc,heap     ] GC(160) Survivor regions: 2->1(10)
[2025-07-09T09:31:05.990+0530][info][gc,heap     ] GC(160) Old regions: 8->9
[2025-07-09T09:31:05.990+0530][info][gc,heap     ] GC(160) Archive regions: 2->2
[2025-07-09T09:31:05.990+0530][info][gc,heap     ] GC(160) Humongous regions: 0->0
[2025-07-09T09:31:05.990+0530][info][gc,metaspace] GC(160) Metaspace: 18619K(40704K)->18619K(40704K) NonClass: 15116K(29888K)->15116K(29888K) Class: 3503K(10816K)->3503K(10816K)
[2025-07-09T09:31:05.990+0530][info][gc          ] GC(160) Pause Young (Normal) (G1 Evacuation Pause) 169M->16M(312M) 1.996ms
[2025-07-09T09:31:05.990+0530][info][gc,cpu      ] GC(160) User=0.01s Sys=0.00s Real=0.01s
[2025-07-09T09:31:06.243+0530][info][gc,start    ] GC(161) Pause Young (Normal) (G1 Evacuation Pause)
[2025-07-09T09:31:06.243+0530][info][gc,task     ] GC(161) Using 7 workers of 8 for evacuation
[2025-07-09T09:31:06.245+0530][info][gc,phases   ] GC(161)   Pre Evacuate Collection Set: 0.1ms
[2025-07-09T09:31:06.245+0530][info][gc,phases   ] GC(161)   Merge Heap Roots: 0.1ms
[2025-07-09T09:31:06.245+0530][info][gc,phases   ] GC(161)   Evacuate Collection Set: 1.3ms
[2025-07-09T09:31:06.245+0530][info][gc,phases   ] GC(161)   Post Evacuate Collection Set: 0.4ms
[2025-07-09T09:31:06.245+0530][info][gc,phases   ] GC(161)   Other: 0.1ms
[2025-07-09T09:31:06.245+0530][info][gc,heap     ] GC(161) Eden regions: 92->0(91)
[2025-07-09T09:31:06.245+0530][info][gc,heap     ] GC(161) Survivor regions: 1->2(12)
[2025-07-09T09:31:06.245+0530][info][gc,heap     ] GC(161) Old regions: 9->9
[2025-07-09T09:31:06.245+0530][info][gc,heap     ] GC(161) Archive regions: 2->2
[2025-07-09T09:31:06.245+0530][info][gc,heap     ] GC(161) Humongous regions: 0->0
[2025-07-09T09:31:06.245+0530][info][gc,metaspace] GC(161) Metaspace: 18673K(40896K)->18673K(40896K) NonClass: 15151K(30016K)->15151K(30016K) Class: 3521K(10880K)->3521K(10880K)
[2025-07-09T09:31:06.245+0530][info][gc          ] GC(161) Pause Young (Normal) (G1 Evacuation Pause) 200M->17M(312M) 2.146ms
[2025-07-09T09:31:06.245+0530][info][gc,cpu      ] GC(161) User=0.01s Sys=0.00s Real=0.00s
[2025-07-09T09:31:06.470+0530][info][gc,start    ] GC(162) Pause Young (Normal) (G1 Evacuation Pause)
[2025-07-09T09:31:06.470+0530][info][gc,task     ] GC(162) Using 7 workers of 8 for evacuation
[2025-07-09T09:31:06.472+0530][info][gc,phases   ] GC(162)   Pre Evacuate Collection Set: 0.1ms
[2025-07-09T09:31:06.472+0530][info][gc,phases   ] GC(162)   Merge Heap Roots: 0.1ms
[2025-07-09T09:31:06.472+0530][info][gc,phases   ] GC(162)   Evacuate Collection Set: 1.3ms
[2025-07-09T09:31:06.472+0530][info][gc,phases   ] GC(162)   Post Evacuate Collection Set: 0.3ms
[2025-07-09T09:31:06.472+0530][info][gc,phases   ] GC(162)   Other: 0.2ms
[2025-07-09T09:31:06.472+0530][info][gc,heap     ] GC(162) Eden regions: 91->0(91)
[2025-07-09T09:31:06.472+0530][info][gc,heap     ] GC(162) Survivor regions: 2->2(12)
[2025-07-09T09:31:06.472+0530][info][gc,heap     ] GC(162) Old regions: 9->9
[2025-07-09T09:31:06.472+0530][info][gc,heap     ] GC(162) Archive regions: 2->2
[2025-07-09T09:31:06.472+0530][info][gc,heap     ] GC(162) Humongous regions: 0->0
[2025-07-09T09:31:06.472+0530][info][gc,metaspace] GC(162) Metaspace: 18729K(41088K)->18729K(41088K) NonClass: 15188K(30144K)->15188K(30144K) Class: 3541K(10944K)->3541K(10944K)
[2025-07-09T09:31:06.472+0530][info][gc          ] GC(162) Pause Young (Normal) (G1 Evacuation Pause) 199M->16M(312M) 1.996ms
[2025-07-09T09:31:06.472+0530][info][gc,cpu      ] GC(162) User=0.01s Sys=0.00s Real=0.00s
[2025-07-09T09:31:06.690+0530][info][gc,start    ] GC(163) Pause Young (Normal) (G1 Evacuation Pause)
[2025-07-09T09:31:06.690+0530][info][gc,task     ] GC(163) Using 7 workers of 8 for evacuation
[2025-07-09T09:31:06.692+0530][info][gc,phases   ] GC(163)   Pre Evacuate Collection Set: 0.1ms
[2025-07-09T09:31:06.692+0530][info][gc,phases   ] GC(163)   Merge Heap Roots: 0.1ms
[2025-07-09T09:31:06.692+0530][info][gc,phases   ] GC(163)   Evacuate Collection Set: 1.5ms
[2025-07-09T09:31:06.692+0530][info][gc,phases   ] GC(163)   Post Evacuate Collection Set: 0.3ms
[2025-07-09T09:31:06.692+0530][info][gc,phases   ] GC(163)   Other: 0.2ms
[2025-07-09T09:31:06.692+0530][info][gc,heap     ] GC(163) Eden regions: 91->0(91)
[2025-07-09T09:31:06.692+0530][info][gc,heap     ] GC(163) Survivor regions: 2->2(12)
[2025-07-09T09:31:06.692+0530][info][gc,heap     ] GC(163) Old regions: 9->9
[2025-07-09T09:31:06.692+0530][info][gc,heap     ] GC(163) Archive regions: 2->2
[2025-07-09T09:31:06.692+0530][info][gc,heap     ] GC(163) Humongous regions: 0->0
[2025-07-09T09:31:06.692+0530][info][gc,metaspace] GC(163) Metaspace: 18783K(41344K)->18783K(41344K) NonClass: 15223K(30336K)->15223K(30336K) Class: 3560K(11008K)->3560K(11008K)
[2025-07-09T09:31:06.692+0530][info][gc          ] GC(163) Pause Young (Normal) (G1 Evacuation Pause) 198M->16M(312M) 2.207ms
[2025-07-09T09:31:06.692+0530][info][gc,cpu      ] GC(163) User=0.01s Sys=0.00s Real=0.00s
[2025-07-09T09:31:06.913+0530][info][gc,start    ] GC(164) Pause Young (Normal) (G1 Evacuation Pause)
[2025-07-09T09:31:06.913+0530][info][gc,task     ] GC(164) Using 7 workers of 8 for evacuation
[2025-07-09T09:31:06.915+0530][info][gc,phases   ] GC(164)   Pre Evacuate Collection Set: 0.1ms
[2025-07-09T09:31:06.916+0530][info][gc,phases   ] GC(164)   Merge Heap Roots: 0.1ms
[2025-07-09T09:31:06.916+0530][info][gc,phases   ] GC(164)   Evacuate Collection Set: 1.9ms
[2025-07-09T09:31:06.916+0530][info][gc,phases   ] GC(164)   Post Evacuate Collection Set: 0.4ms
[2025-07-09T09:31:06.916+0530][info][gc,phases   ] GC(164)   Other: 0.2ms
[2025-07-09T09:31:06.916+0530][info][gc,heap     ] GC(164) Eden regions: 91->0(91)
[2025-07-09T09:31:06.916+0530][info][gc,heap     ] GC(164) Survivor regions: 2->2(12)
[2025-07-09T09:31:06.916+0530][info][gc,heap     ] GC(164) Old regions: 9->9
[2025-07-09T09:31:06.916+0530][info][gc,heap     ] GC(164) Archive regions: 2->2
[2025-07-09T09:31:06.916+0530][info][gc,heap     ] GC(164) Humongous regions: 0->0
[2025-07-09T09:31:06.916+0530][info][gc,metaspace] GC(164) Metaspace: 18837K(41536K)->18837K(41536K) NonClass: 15258K(30464K)->15258K(30464K) Class: 3578K(11072K)->3578K(11072K)
[2025-07-09T09:31:06.916+0530][info][gc          ] GC(164) Pause Young (Normal) (G1 Evacuation Pause) 198M->17M(312M) 2.674ms
[2025-07-09T09:31:06.916+0530][info][gc,cpu      ] GC(164) User=0.01s Sys=0.00s Real=0.00s
[2025-07-09T09:31:07.135+0530][info][gc,start    ] GC(165) Pause Young (Normal) (G1 Evacuation Pause)
[2025-07-09T09:31:07.135+0530][info][gc,task     ] GC(165) Using 7 workers of 8 for evacuation
[2025-07-09T09:31:07.138+0530][info][gc,phases   ] GC(165)   Pre Evacuate Collection Set: 0.1ms
[2025-07-09T09:31:07.138+0530][info][gc,phases   ] GC(165)   Merge Heap Roots: 0.1ms
[2025-07-09T09:31:07.138+0530][info][gc,phases   ] GC(165)   Evacuate Collection Set: 1.4ms
[2025-07-09T09:31:07.138+0530][info][gc,phases   ] GC(165)   Post Evacuate Collection Set: 0.4ms
[2025-07-09T09:31:07.138+0530][info][gc,phases   ] GC(165)   Other: 0.1ms
[2025-07-09T09:31:07.138+0530][info][gc,heap     ] GC(165) Eden regions: 91->0(91)
[2025-07-09T09:31:07.138+0530][info][gc,heap     ] GC(165) Survivor regions: 2->2(12)
[2025-07-09T09:31:07.138+0530][info][gc,heap     ] GC(165) Old regions: 9->9
[2025-07-09T09:31:07.138+0530][info][gc,heap     ] GC(165) Archive regions: 2->2
[2025-07-09T09:31:07.138+0530][info][gc,heap     ] GC(165) Humongous regions: 0->0
[2025-07-09T09:31:07.138+0530][info][gc,metaspace] GC(165) Metaspace: 18892K(41792K)->18892K(41792K) NonClass: 15294K(30592K)->15294K(30592K) Class: 3598K(11200K)->3598K(11200K)
[2025-07-09T09:31:07.138+0530][info][gc          ] GC(165) Pause Young (Normal) (G1 Evacuation Pause) 199M->16M(312M) 2.240ms
[2025-07-09T09:31:07.138+0530][info][gc,cpu      ] GC(165) User=0.01s Sys=0.00s Real=0.00s
[2025-07-09T09:31:07.356+0530][info][gc,start    ] GC(166) Pause Young (Normal) (G1 Evacuation Pause)
[2025-07-09T09:31:07.356+0530][info][gc,task     ] GC(166) Using 7 workers of 8 for evacuation
[2025-07-09T09:31:07.358+0530][info][gc,phases   ] GC(166)   Pre Evacuate Collection Set: 0.1ms
[2025-07-09T09:31:07.358+0530][info][gc,phases   ] GC(166)   Merge Heap Roots: 0.0ms
[2025-07-09T09:31:07.358+0530][info][gc,phases   ] GC(166)   Evacuate Collection Set: 1.6ms
[2025-07-09T09:31:07.358+0530][info][gc,phases   ] GC(166)   Post Evacuate Collection Set: 0.4ms
[2025-07-09T09:31:07.358+0530][info][gc,phases   ] GC(166)   Other: 0.1ms
[2025-07-09T09:31:07.358+0530][info][gc,heap     ] GC(166) Eden regions: 91->0(91)
[2025-07-09T09:31:07.358+0530][info][gc,heap     ] GC(166) Survivor regions: 2->2(12)
[2025-07-09T09:31:07.358+0530][info][gc,heap     ] GC(166) Old regions: 9->9
[2025-07-09T09:31:07.358+0530][info][gc,heap     ] GC(166) Archive regions: 2->2
[2025-07-09T09:31:07.358+0530][info][gc,heap     ] GC(166) Humongous regions: 0->0
[2025-07-09T09:31:07.358+0530][info][gc,metaspace] GC(166) Metaspace: 18946K(42048K)->18946K(42048K) NonClass: 15330K(30784K)->15330K(30784K) Class: 3616K(11264K)->3616K(11264K)
[2025-07-09T09:31:07.358+0530][info][gc          ] GC(166) Pause Young (Normal) (G1 Evacuation Pause) 198M->17M(312M) 2.322ms
[2025-07-09T09:31:07.358+0530][info][gc,cpu      ] GC(166) User=0.01s Sys=0.00s Real=0.00s
[2025-07-09T09:31:07.576+0530][info][gc,start    ] GC(167) Pause Young (Normal) (G1 Evacuation Pause)
[2025-07-09T09:31:07.576+0530][info][gc,task     ] GC(167) Using 7 workers of 8 for evacuation
[2025-07-09T09:31:07.579+0530][info][gc,phases   ] GC(167)   Pre Evacuate Collection Set: 0.1ms
[2025-07-09T09:31:07.579+0530][info][gc,phases   ] GC(167)   Merge Heap Roots: 0.1ms
[2025-07-09T09:31:07.579+0530][info][gc,phases   ] GC(167)   Evacuate Collection Set: 1.8ms
[2025-07-09T09:31:07.579+0530][info][gc,phases   ] GC(167)   Post Evacuate Collection Set: 0.3ms
[2025-07-09T09:31:07.579+0530][info][gc,phases   ] GC(167)   Other: 0.1ms
[2025-07-09T09:31:07.579+0530][info][gc,heap     ] GC(167) Eden regions: 91->0(91)
[2025-07-09T09:31:07.579+0530][info][gc,heap     ] GC(167) Survivor regions: 2->2(12)
[2025-07-09T09:31:07.579+0530][info][gc,heap     ] GC(167) Old regions: 9->9
[2025-07-09T09:31:07.579+0530][info][gc,heap     ] GC(167) Archive regions: 2->2
[2025-07-09T09:31:07.579+0530][info][gc,heap     ] GC(167) Humongous regions: 0->0
[2025-07-09T09:31:07.579+0530][info][gc,metaspace] GC(167) Metaspace: 19001K(42240K)->19001K(42240K) NonClass: 15365K(30912K)->15365K(30912K) Class: 3635K(11328K)->3635K(11328K)
[2025-07-09T09:31:07.579+0530][info][gc          ] GC(167) Pause Young (Normal) (G1 Evacuation Pause) 199M->17M(312M) 2.465ms
[2025-07-09T09:31:07.579+0530][info][gc,cpu      ] GC(167) User=0.01s Sys=0.00s Real=0.00s
[2025-07-09T09:31:07.865+0530][info][gc,start    ] GC(168) Pause Young (Normal) (G1 Evacuation Pause)
[2025-07-09T09:31:07.865+0530][info][gc,task     ] GC(168) Using 7 workers of 8 for evacuation
[2025-07-09T09:31:07.867+0530][info][gc,phases   ] GC(168)   Pre Evacuate Collection Set: 0.1ms
[2025-07-09T09:31:07.867+0530][info][gc,phases   ] GC(168)   Merge Heap Roots: 0.1ms
[2025-07-09T09:31:07.867+0530][info][gc,phases   ] GC(168)   Evacuate Collection Set: 1.7ms
[2025-07-09T09:31:07.867+0530][info][gc,phases   ] GC(168)   Post Evacuate Collection Set: 0.3ms
[2025-07-09T09:31:07.867+0530][info][gc,phases   ] GC(168)   Other: 0.1ms
[2025-07-09T09:31:07.867+0530][info][gc,heap     ] GC(168) Eden regions: 91->0(91)
[2025-07-09T09:31:07.867+0530][info][gc,heap     ] GC(168) Survivor regions: 2->2(12)
[2025-07-09T09:31:07.867+0530][info][gc,heap     ] GC(168) Old regions: 9->9
[2025-07-09T09:31:07.867+0530][info][gc,heap     ] GC(168) Archive regions: 2->2
[2025-07-09T09:31:07.867+0530][info][gc,heap     ] GC(168) Humongous regions: 0->0
[2025-07-09T09:31:07.867+0530][info][gc,metaspace] GC(168) Metaspace: 19056K(42432K)->19056K(42432K) NonClass: 15401K(31040K)->15401K(31040K) Class: 3654K(11392K)->3654K(11392K)
[2025-07-09T09:31:07.867+0530][info][gc          ] GC(168) Pause Young (Normal) (G1 Evacuation Pause) 199M->17M(312M) 2.450ms
[2025-07-09T09:31:07.867+0530][info][gc,cpu      ] GC(168) User=0.01s Sys=0.00s Real=0.00s
[2025-07-09T09:31:08.105+0530][info][gc,start    ] GC(169) Pause Young (Normal) (G1 Evacuation Pause)
[2025-07-09T09:31:08.105+0530][info][gc,task     ] GC(169) Using 7 workers of 8 for evacuation
[2025-07-09T09:31:08.107+0530][info][gc,phases   ] GC(169)   Pre Evacuate Collection Set: 0.1ms
[2025-07-09T09:31:08.107+0530][info][gc,phases   ] GC(169)   Merge Heap Roots: 0.1ms
[2025-07-09T09:31:08.107+0530][info][gc,phases   ] GC(169)   Evacuate Collection Set: 1.7ms
[2025-07-09T09:31:08.107+0530][info][gc,phases   ] GC(169)   Post Evacuate Collection Set: 0.3ms
[2025-07-09T09:31:08.107+0530][info][gc,phases   ] GC(169)   Other: 0.1ms
[2025-07-09T09:31:08.107+0530][info][gc,heap     ] GC(169) Eden regions: 91->0(91)
[2025-07-09T09:31:08.107+0530][info][gc,heap     ] GC(169) Survivor regions: 2->2(12)
[2025-07-09T09:31:08.107+0530][info][gc,heap     ] GC(169) Old regions: 9->9
[2025-07-09T09:31:08.107+0530][info][gc,heap     ] GC(169) Archive regions: 2->2
[2025-07-09T09:31:08.107+0530][info][gc,heap     ] GC(169) Humongous regions: 0->0
[2025-07-09T09:31:08.107+0530][info][gc,metaspace] GC(169) Metaspace: 19110K(42688K)->19110K(42688K) NonClass: 15436K(31232K)->15436K(31232K) Class: 3673K(11456K)->3673K(11456K)
[2025-07-09T09:31:08.107+0530][info][gc          ] GC(169) Pause Young (Normal) (G1 Evacuation Pause) 199M->17M(312M) 2.335ms
[2025-07-09T09:31:08.107+0530][info][gc,cpu      ] GC(169) User=0.01s Sys=0.00s Real=0.00s
[2025-07-09T09:31:08.330+0530][info][gc,start    ] GC(170) Pause Young (Normal) (G1 Evacuation Pause)
[2025-07-09T09:31:08.330+0530][info][gc,task     ] GC(170) Using 7 workers of 8 for evacuation
[2025-07-09T09:31:08.332+0530][info][gc,phases   ] GC(170)   Pre Evacuate Collection Set: 0.1ms
[2025-07-09T09:31:08.332+0530][info][gc,phases   ] GC(170)   Merge Heap Roots: 0.1ms
[2025-07-09T09:31:08.332+0530][info][gc,phases   ] GC(170)   Evacuate Collection Set: 1.6ms
[2025-07-09T09:31:08.332+0530][info][gc,phases   ] GC(170)   Post Evacuate Collection Set: 0.4ms
[2025-07-09T09:31:08.332+0530][info][gc,phases   ] GC(170)   Other: 0.1ms
[2025-07-09T09:31:08.332+0530][info][gc,heap     ] GC(170) Eden regions: 91->0(91)
[2025-07-09T09:31:08.333+0530][info][gc,heap     ] GC(170) Survivor regions: 2->2(12)
[2025-07-09T09:31:08.333+0530][info][gc,heap     ] GC(170) Old regions: 9->9
[2025-07-09T09:31:08.333+0530][info][gc,heap     ] GC(170) Archive regions: 2->2
[2025-07-09T09:31:08.333+0530][info][gc,heap     ] GC(170) Humongous regions: 0->0
[2025-07-09T09:31:08.333+0530][info][gc,metaspace] GC(170) Metaspace: 19164K(42880K)->19164K(42880K) NonClass: 15472K(31360K)->15472K(31360K) Class: 3692K(11520K)->3692K(11520K)
[2025-07-09T09:31:08.333+0530][info][gc          ] GC(170) Pause Young (Normal) (G1 Evacuation Pause) 199M->17M(312M) 2.338ms
[2025-07-09T09:31:08.333+0530][info][gc,cpu      ] GC(170) User=0.01s Sys=0.00s Real=0.00s
[2025-07-09T09:31:08.555+0530][info][gc,start    ] GC(171) Pause Young (Normal) (G1 Evacuation Pause)
[2025-07-09T09:31:08.555+0530][info][gc,task     ] GC(171) Using 7 workers of 8 for evacuation
[2025-07-09T09:31:08.557+0530][info][gc,phases   ] GC(171)   Pre Evacuate Collection Set: 0.1ms
[2025-07-09T09:31:08.557+0530][info][gc,phases   ] GC(171)   Merge Heap Roots: 0.1ms
[2025-07-09T09:31:08.557+0530][info][gc,phases   ] GC(171)   Evacuate Collection Set: 1.3ms
[2025-07-09T09:31:08.557+0530][info][gc,phases   ] GC(171)   Post Evacuate Collection Set: 0.3ms
[2025-07-09T09:31:08.557+0530][info][gc,phases   ] GC(171)   Other: 0.1ms
[2025-07-09T09:31:08.557+0530][info][gc,heap     ] GC(171) Eden regions: 91->0(92)
[2025-07-09T09:31:08.557+0530][info][gc,heap     ] GC(171) Survivor regions: 2->1(12)
[2025-07-09T09:31:08.557+0530][info][gc,heap     ] GC(171) Old regions: 9->9
[2025-07-09T09:31:08.557+0530][info][gc,heap     ] GC(171) Archive regions: 2->2
[2025-07-09T09:31:08.557+0530][info][gc,heap     ] GC(171) Humongous regions: 0->0
[2025-07-09T09:31:08.557+0530][info][gc,metaspace] GC(171) Metaspace: 19220K(43136K)->19220K(43136K) NonClass: 15508K(31488K)->15508K(31488K) Class: 3711K(11648K)->3711K(11648K)
[2025-07-09T09:31:08.557+0530][info][gc          ] GC(171) Pause Young (Normal) (G1 Evacuation Pause) 199M->17M(312M) 2.036ms
[2025-07-09T09:31:08.557+0530][info][gc,cpu      ] GC(171) User=0.01s Sys=0.00s Real=0.00s
[2025-07-09T09:31:08.780+0530][info][gc,start    ] GC(172) Pause Young (Normal) (G1 Evacuation Pause)
[2025-07-09T09:31:08.780+0530][info][gc,task     ] GC(172) Using 7 workers of 8 for evacuation
[2025-07-09T09:31:08.783+0530][info][gc,phases   ] GC(172)   Pre Evacuate Collection Set: 0.1ms
[2025-07-09T09:31:08.783+0530][info][gc,phases   ] GC(172)   Merge Heap Roots: 0.1ms
[2025-07-09T09:31:08.783+0530][info][gc,phases   ] GC(172)   Evacuate Collection Set: 2.2ms
[2025-07-09T09:31:08.783+0530][info][gc,phases   ] GC(172)   Post Evacuate Collection Set: 0.4ms
[2025-07-09T09:31:08.783+0530][info][gc,phases   ] GC(172)   Other: 0.1ms
[2025-07-09T09:31:08.783+0530][info][gc,heap     ] GC(172) Eden regions: 92->0(91)
[2025-07-09T09:31:08.783+0530][info][gc,heap     ] GC(172) Survivor regions: 1->2(12)
[2025-07-09T09:31:08.783+0530][info][gc,heap     ] GC(172) Old regions: 9->9
[2025-07-09T09:31:08.783+0530][info][gc,heap     ] GC(172) Archive regions: 2->2
[2025-07-09T09:31:08.783+0530][info][gc,heap     ] GC(172) Humongous regions: 0->0
[2025-07-09T09:31:08.783+0530][info][gc,metaspace] GC(172) Metaspace: 19274K(43392K)->19274K(43392K) NonClass: 15543K(31680K)->15543K(31680K) Class: 3730K(11712K)->3730K(11712K)
[2025-07-09T09:31:08.783+0530][info][gc          ] GC(172) Pause Young (Normal) (G1 Evacuation Pause) 201M->18M(312M) 2.886ms
[2025-07-09T09:31:08.783+0530][info][gc,cpu      ] GC(172) User=0.01s Sys=0.00s Real=0.00s
[2025-07-09T09:31:09.130+0530][info][gc,start    ] GC(173) Pause Young (Normal) (G1 Evacuation Pause)
[2025-07-09T09:31:09.130+0530][info][gc,task     ] GC(173) Using 7 workers of 8 for evacuation
[2025-07-09T09:31:09.132+0530][info][gc,phases   ] GC(173)   Pre Evacuate Collection Set: 0.1ms
[2025-07-09T09:31:09.132+0530][info][gc,phases   ] GC(173)   Merge Heap Roots: 0.0ms
[2025-07-09T09:31:09.132+0530][info][gc,phases   ] GC(173)   Evacuate Collection Set: 1.8ms
[2025-07-09T09:31:09.133+0530][info][gc,phases   ] GC(173)   Post Evacuate Collection Set: 0.4ms
[2025-07-09T09:31:09.133+0530][info][gc,phases   ] GC(173)   Other: 0.1ms
[2025-07-09T09:31:09.133+0530][info][gc,heap     ] GC(173) Eden regions: 91->0(91)
[2025-07-09T09:31:09.133+0530][info][gc,heap     ] GC(173) Survivor regions: 2->2(12)
[2025-07-09T09:31:09.133+0530][info][gc,heap     ] GC(173) Old regions: 9->9
[2025-07-09T09:31:09.133+0530][info][gc,heap     ] GC(173) Archive regions: 2->2
[2025-07-09T09:31:09.133+0530][info][gc,heap     ] GC(173) Humongous regions: 0->0
[2025-07-09T09:31:09.133+0530][info][gc,metaspace] GC(173) Metaspace: 19329K(43584K)->19329K(43584K) NonClass: 15579K(31808K)->15579K(31808K) Class: 3749K(11776K)->3749K(11776K)
[2025-07-09T09:31:09.133+0530][info][gc          ] GC(173) Pause Young (Normal) (G1 Evacuation Pause) 200M->17M(312M) 2.577ms
[2025-07-09T09:31:09.133+0530][info][gc,cpu      ] GC(173) User=0.01s Sys=0.00s Real=0.00s
[2025-07-09T09:31:09.449+0530][info][gc,start    ] GC(174) Pause Young (Normal) (G1 Evacuation Pause)
[2025-07-09T09:31:09.449+0530][info][gc,task     ] GC(174) Using 7 workers of 8 for evacuation
[2025-07-09T09:31:09.452+0530][info][gc,phases   ] GC(174)   Pre Evacuate Collection Set: 0.1ms
[2025-07-09T09:31:09.452+0530][info][gc,phases   ] GC(174)   Merge Heap Roots: 0.1ms
[2025-07-09T09:31:09.452+0530][info][gc,phases   ] GC(174)   Evacuate Collection Set: 2.4ms
[2025-07-09T09:31:09.452+0530][info][gc,phases   ] GC(174)   Post Evacuate Collection Set: 0.3ms
[2025-07-09T09:31:09.452+0530][info][gc,phases   ] GC(174)   Other: 0.2ms
[2025-07-09T09:31:09.452+0530][info][gc,heap     ] GC(174) Eden regions: 91->0(91)
[2025-07-09T09:31:09.452+0530][info][gc,heap     ] GC(174) Survivor regions: 2->2(12)
[2025-07-09T09:31:09.452+0530][info][gc,heap     ] GC(174) Old regions: 9->9
[2025-07-09T09:31:09.452+0530][info][gc,heap     ] GC(174) Archive regions: 2->2
[2025-07-09T09:31:09.452+0530][info][gc,heap     ] GC(174) Humongous regions: 0->0
[2025-07-09T09:31:09.452+0530][info][gc,metaspace] GC(174) Metaspace: 19383K(43776K)->19383K(43776K) NonClass: 15615K(31936K)->15615K(31936K) Class: 3768K(11840K)->3768K(11840K)
[2025-07-09T09:31:09.452+0530][info][gc          ] GC(174) Pause Young (Normal) (G1 Evacuation Pause) 199M->18M(312M) 3.160ms
[2025-07-09T09:31:09.452+0530][info][gc,cpu      ] GC(174) User=0.01s Sys=0.00s Real=0.01s
[2025-07-09T09:31:09.787+0530][info][gc,start    ] GC(175) Pause Young (Normal) (G1 Evacuation Pause)
[2025-07-09T09:31:09.787+0530][info][gc,task     ] GC(175) Using 7 workers of 8 for evacuation
[2025-07-09T09:31:09.789+0530][info][gc,phases   ] GC(175)   Pre Evacuate Collection Set: 0.1ms
[2025-07-09T09:31:09.789+0530][info][gc,phases   ] GC(175)   Merge Heap Roots: 0.1ms
[2025-07-09T09:31:09.789+0530][info][gc,phases   ] GC(175)   Evacuate Collection Set: 2.0ms
[2025-07-09T09:31:09.789+0530][info][gc,phases   ] GC(175)   Post Evacuate Collection Set: 0.3ms
[2025-07-09T09:31:09.789+0530][info][gc,phases   ] GC(175)   Other: 0.1ms
[2025-07-09T09:31:09.789+0530][info][gc,heap     ] GC(175) Eden regions: 91->0(91)
[2025-07-09T09:31:09.789+0530][info][gc,heap     ] GC(175) Survivor regions: 2->2(12)
[2025-07-09T09:31:09.789+0530][info][gc,heap     ] GC(175) Old regions: 9->9
[2025-07-09T09:31:09.789+0530][info][gc,heap     ] GC(175) Archive regions: 2->2
[2025-07-09T09:31:09.789+0530][info][gc,heap     ] GC(175) Humongous regions: 0->0
[2025-07-09T09:31:09.789+0530][info][gc,metaspace] GC(175) Metaspace: 19437K(44032K)->19437K(44032K) NonClass: 15650K(32128K)->15650K(32128K) Class: 3787K(11904K)->3787K(11904K)
[2025-07-09T09:31:09.789+0530][info][gc          ] GC(175) Pause Young (Normal) (G1 Evacuation Pause) 200M->18M(312M) 2.714ms
[2025-07-09T09:31:09.789+0530][info][gc,cpu      ] GC(175) User=0.01s Sys=0.00s Real=0.00s
[2025-07-09T09:31:10.092+0530][info][gc,start    ] GC(176) Pause Young (Normal) (G1 Evacuation Pause)
[2025-07-09T09:31:10.092+0530][info][gc,task     ] GC(176) Using 7 workers of 8 for evacuation
[2025-07-09T09:31:10.097+0530][info][gc,phases   ] GC(176)   Pre Evacuate Collection Set: 0.1ms
[2025-07-09T09:31:10.097+0530][info][gc,phases   ] GC(176)   Merge Heap Roots: 0.1ms
[2025-07-09T09:31:10.097+0530][info][gc,phases   ] GC(176)   Evacuate Collection Set: 3.7ms
[2025-07-09T09:31:10.097+0530][info][gc,phases   ] GC(176)   Post Evacuate Collection Set: 0.6ms
[2025-07-09T09:31:10.097+0530][info][gc,phases   ] GC(176)   Other: 0.3ms
[2025-07-09T09:31:10.097+0530][info][gc,heap     ] GC(176) Eden regions: 91->0(92)
[2025-07-09T09:31:10.097+0530][info][gc,heap     ] GC(176) Survivor regions: 2->1(12)
[2025-07-09T09:31:10.097+0530][info][gc,heap     ] GC(176) Old regions: 9->9
[2025-07-09T09:31:10.097+0530][info][gc,heap     ] GC(176) Archive regions: 2->2
[2025-07-09T09:31:10.097+0530][info][gc,heap     ] GC(176) Humongous regions: 0->0
[2025-07-09T09:31:10.097+0530][info][gc,metaspace] GC(176) Metaspace: 19493K(44224K)->19493K(44224K) NonClass: 15686K(32256K)->15686K(32256K) Class: 3806K(11968K)->3806K(11968K)
[2025-07-09T09:31:10.097+0530][info][gc          ] GC(176) Pause Young (Normal) (G1 Evacuation Pause) 200M->17M(312M) 5.060ms
[2025-07-09T09:31:10.097+0530][info][gc,cpu      ] GC(176) User=0.01s Sys=0.00s Real=0.00s
[2025-07-09T09:31:10.570+0530][info][gc,start    ] GC(177) Pause Young (Normal) (G1 Evacuation Pause)
[2025-07-09T09:31:10.570+0530][info][gc,task     ] GC(177) Using 7 workers of 8 for evacuation
[2025-07-09T09:31:10.573+0530][info][gc,phases   ] GC(177)   Pre Evacuate Collection Set: 0.1ms
[2025-07-09T09:31:10.573+0530][info][gc,phases   ] GC(177)   Merge Heap Roots: 0.1ms
[2025-07-09T09:31:10.573+0530][info][gc,phases   ] GC(177)   Evacuate Collection Set: 2.1ms
[2025-07-09T09:31:10.573+0530][info][gc,phases   ] GC(177)   Post Evacuate Collection Set: 0.3ms
[2025-07-09T09:31:10.573+0530][info][gc,phases   ] GC(177)   Other: 0.1ms
[2025-07-09T09:31:10.573+0530][info][gc,heap     ] GC(177) Eden regions: 92->0(91)
[2025-07-09T09:31:10.573+0530][info][gc,heap     ] GC(177) Survivor regions: 1->2(12)
[2025-07-09T09:31:10.573+0530][info][gc,heap     ] GC(177) Old regions: 9->9
[2025-07-09T09:31:10.573+0530][info][gc,heap     ] GC(177) Archive regions: 2->2
[2025-07-09T09:31:10.573+0530][info][gc,heap     ] GC(177) Humongous regions: 0->0
[2025-07-09T09:31:10.573+0530][info][gc,metaspace] GC(177) Metaspace: 19547K(44480K)->19547K(44480K) NonClass: 15721K(32384K)->15721K(32384K) Class: 3825K(12096K)->3825K(12096K)
[2025-07-09T09:31:10.573+0530][info][gc          ] GC(177) Pause Young (Normal) (G1 Evacuation Pause) 201M->18M(312M) 2.814ms
[2025-07-09T09:31:10.573+0530][info][gc,cpu      ] GC(177) User=0.02s Sys=0.00s Real=0.00s
[2025-07-09T09:31:10.871+0530][info][gc,start    ] GC(178) Pause Young (Normal) (G1 Evacuation Pause)
[2025-07-09T09:31:10.871+0530][info][gc,task     ] GC(178) Using 7 workers of 8 for evacuation
[2025-07-09T09:31:10.873+0530][info][gc,phases   ] GC(178)   Pre Evacuate Collection Set: 0.1ms
[2025-07-09T09:31:10.873+0530][info][gc,phases   ] GC(178)   Merge Heap Roots: 0.0ms
[2025-07-09T09:31:10.873+0530][info][gc,phases   ] GC(178)   Evacuate Collection Set: 1.7ms
[2025-07-09T09:31:10.873+0530][info][gc,phases   ] GC(178)   Post Evacuate Collection Set: 0.3ms
[2025-07-09T09:31:10.873+0530][info][gc,phases   ] GC(178)   Other: 0.1ms
[2025-07-09T09:31:10.873+0530][info][gc,heap     ] GC(178) Eden regions: 91->0(91)
[2025-07-09T09:31:10.873+0530][info][gc,heap     ] GC(178) Survivor regions: 2->2(12)
[2025-07-09T09:31:10.873+0530][info][gc,heap     ] GC(178) Old regions: 9->9
[2025-07-09T09:31:10.873+0530][info][gc,heap     ] GC(178) Archive regions: 2->2
[2025-07-09T09:31:10.873+0530][info][gc,heap     ] GC(178) Humongous regions: 0->0
[2025-07-09T09:31:10.873+0530][info][gc,metaspace] GC(178) Metaspace: 19602K(44736K)->19602K(44736K) NonClass: 15758K(32576K)->15758K(32576K) Class: 3844K(12160K)->3844K(12160K)
[2025-07-09T09:31:10.873+0530][info][gc          ] GC(178) Pause Young (Normal) (G1 Evacuation Pause) 200M->18M(312M) 2.351ms
[2025-07-09T09:31:10.873+0530][info][gc,cpu      ] GC(178) User=0.01s Sys=0.00s Real=0.00s
[2025-07-09T09:31:11.238+0530][info][gc,start    ] GC(179) Pause Young (Normal) (G1 Evacuation Pause)
[2025-07-09T09:31:11.238+0530][info][gc,task     ] GC(179) Using 7 workers of 8 for evacuation
[2025-07-09T09:31:11.240+0530][info][gc,phases   ] GC(179)   Pre Evacuate Collection Set: 0.1ms
[2025-07-09T09:31:11.240+0530][info][gc,phases   ] GC(179)   Merge Heap Roots: 0.1ms
[2025-07-09T09:31:11.240+0530][info][gc,phases   ] GC(179)   Evacuate Collection Set: 1.6ms
[2025-07-09T09:31:11.240+0530][info][gc,phases   ] GC(179)   Post Evacuate Collection Set: 0.3ms
[2025-07-09T09:31:11.240+0530][info][gc,phases   ] GC(179)   Other: 0.1ms
[2025-07-09T09:31:11.240+0530][info][gc,heap     ] GC(179) Eden regions: 91->0(91)
[2025-07-09T09:31:11.240+0530][info][gc,heap     ] GC(179) Survivor regions: 2->2(12)
[2025-07-09T09:31:11.240+0530][info][gc,heap     ] GC(179) Old regions: 9->9
[2025-07-09T09:31:11.240+0530][info][gc,heap     ] GC(179) Archive regions: 2->2
[2025-07-09T09:31:11.240+0530][info][gc,heap     ] GC(179) Humongous regions: 0->0
[2025-07-09T09:31:11.240+0530][info][gc,metaspace] GC(179) Metaspace: 19656K(44928K)->19656K(44928K) NonClass: 15793K(32704K)->15793K(32704K) Class: 3863K(12224K)->3863K(12224K)
[2025-07-09T09:31:11.240+0530][info][gc          ] GC(179) Pause Young (Normal) (G1 Evacuation Pause) 200M->18M(312M) 2.344ms
[2025-07-09T09:31:11.240+0530][info][gc,cpu      ] GC(179) User=0.02s Sys=0.00s Real=0.01s
[2025-07-09T09:31:11.491+0530][info][gc,start    ] GC(180) Pause Young (Normal) (G1 Evacuation Pause)
[2025-07-09T09:31:11.491+0530][info][gc,task     ] GC(180) Using 7 workers of 8 for evacuation
[2025-07-09T09:31:11.494+0530][info][gc,phases   ] GC(180)   Pre Evacuate Collection Set: 0.1ms
[2025-07-09T09:31:11.494+0530][info][gc,phases   ] GC(180)   Merge Heap Roots: 0.2ms
[2025-07-09T09:31:11.494+0530][info][gc,phases   ] GC(180)   Evacuate Collection Set: 1.9ms
[2025-07-09T09:31:11.494+0530][info][gc,phases   ] GC(180)   Post Evacuate Collection Set: 0.4ms
[2025-07-09T09:31:11.494+0530][info][gc,phases   ] GC(180)   Other: 0.1ms
[2025-07-09T09:31:11.494+0530][info][gc,heap     ] GC(180) Eden regions: 91->0(91)
[2025-07-09T09:31:11.494+0530][info][gc,heap     ] GC(180) Survivor regions: 2->2(12)
[2025-07-09T09:31:11.494+0530][info][gc,heap     ] GC(180) Old regions: 9->10
[2025-07-09T09:31:11.494+0530][info][gc,heap     ] GC(180) Archive regions: 2->2
[2025-07-09T09:31:11.494+0530][info][gc,heap     ] GC(180) Humongous regions: 0->0
[2025-07-09T09:31:11.494+0530][info][gc,metaspace] GC(180) Metaspace: 19711K(45120K)->19711K(45120K) NonClass: 15828K(32832K)->15828K(32832K) Class: 3882K(12288K)->3882K(12288K)
[2025-07-09T09:31:11.494+0530][info][gc          ] GC(180) Pause Young (Normal) (G1 Evacuation Pause) 200M->18M(312M) 2.793ms
[2025-07-09T09:31:11.494+0530][info][gc,cpu      ] GC(180) User=0.01s Sys=0.00s Real=0.00s
[2025-07-09T09:31:11.732+0530][info][gc,start    ] GC(181) Pause Young (Normal) (G1 Evacuation Pause)
[2025-07-09T09:31:11.732+0530][info][gc,task     ] GC(181) Using 7 workers of 8 for evacuation
[2025-07-09T09:31:11.734+0530][info][gc,phases   ] GC(181)   Pre Evacuate Collection Set: 0.1ms
[2025-07-09T09:31:11.734+0530][info][gc,phases   ] GC(181)   Merge Heap Roots: 0.1ms
[2025-07-09T09:31:11.734+0530][info][gc,phases   ] GC(181)   Evacuate Collection Set: 1.7ms
[2025-07-09T09:31:11.734+0530][info][gc,phases   ] GC(181)   Post Evacuate Collection Set: 0.3ms
[2025-07-09T09:31:11.734+0530][info][gc,phases   ] GC(181)   Other: 0.1ms
[2025-07-09T09:31:11.734+0530][info][gc,heap     ] GC(181) Eden regions: 91->0(91)
[2025-07-09T09:31:11.734+0530][info][gc,heap     ] GC(181) Survivor regions: 2->2(12)
[2025-07-09T09:31:11.734+0530][info][gc,heap     ] GC(181) Old regions: 10->10
[2025-07-09T09:31:11.734+0530][info][gc,heap     ] GC(181) Archive regions: 2->2
[2025-07-09T09:31:11.734+0530][info][gc,heap     ] GC(181) Humongous regions: 0->0
[2025-07-09T09:31:11.734+0530][info][gc,metaspace] GC(181) Metaspace: 19766K(45376K)->19766K(45376K) NonClass: 15864K(33024K)->15864K(33024K) Class: 3901K(12352K)->3901K(12352K)
[2025-07-09T09:31:11.734+0530][info][gc          ] GC(181) Pause Young (Normal) (G1 Evacuation Pause) 200M->18M(312M) 2.359ms
[2025-07-09T09:31:11.734+0530][info][gc,cpu      ] GC(181) User=0.01s Sys=0.00s Real=0.00s
[2025-07-09T09:31:12.001+0530][info][gc,start    ] GC(182) Pause Young (Normal) (G1 Evacuation Pause)
[2025-07-09T09:31:12.001+0530][info][gc,task     ] GC(182) Using 7 workers of 8 for evacuation
[2025-07-09T09:31:12.004+0530][info][gc,phases   ] GC(182)   Pre Evacuate Collection Set: 0.1ms
[2025-07-09T09:31:12.004+0530][info][gc,phases   ] GC(182)   Merge Heap Roots: 0.1ms
[2025-07-09T09:31:12.004+0530][info][gc,phases   ] GC(182)   Evacuate Collection Set: 2.0ms
[2025-07-09T09:31:12.004+0530][info][gc,phases   ] GC(182)   Post Evacuate Collection Set: 0.3ms
[2025-07-09T09:31:12.004+0530][info][gc,phases   ] GC(182)   Other: 0.1ms
[2025-07-09T09:31:12.004+0530][info][gc,heap     ] GC(182) Eden regions: 91->0(91)
[2025-07-09T09:31:12.004+0530][info][gc,heap     ] GC(182) Survivor regions: 2->2(12)
[2025-07-09T09:31:12.004+0530][info][gc,heap     ] GC(182) Old regions: 10->10
[2025-07-09T09:31:12.004+0530][info][gc,heap     ] GC(182) Archive regions: 2->2
[2025-07-09T09:31:12.004+0530][info][gc,heap     ] GC(182) Humongous regions: 0->0
[2025-07-09T09:31:12.004+0530][info][gc,metaspace] GC(182) Metaspace: 19820K(45568K)->19820K(45568K) NonClass: 15900K(33152K)->15900K(33152K) Class: 3920K(12416K)->3920K(12416K)
[2025-07-09T09:31:12.004+0530][info][gc          ] GC(182) Pause Young (Normal) (G1 Evacuation Pause) 200M->18M(312M) 2.745ms
[2025-07-09T09:31:12.004+0530][info][gc,cpu      ] GC(182) User=0.01s Sys=0.00s Real=0.00s
[2025-07-09T09:31:12.279+0530][info][gc,start    ] GC(183) Pause Young (Normal) (G1 Evacuation Pause)
[2025-07-09T09:31:12.279+0530][info][gc,task     ] GC(183) Using 7 workers of 8 for evacuation
[2025-07-09T09:31:12.282+0530][info][gc,phases   ] GC(183)   Pre Evacuate Collection Set: 0.1ms
[2025-07-09T09:31:12.282+0530][info][gc,phases   ] GC(183)   Merge Heap Roots: 0.1ms
[2025-07-09T09:31:12.282+0530][info][gc,phases   ] GC(183)   Evacuate Collection Set: 2.4ms
[2025-07-09T09:31:12.282+0530][info][gc,phases   ] GC(183)   Post Evacuate Collection Set: 0.4ms
[2025-07-09T09:31:12.282+0530][info][gc,phases   ] GC(183)   Other: 0.1ms
[2025-07-09T09:31:12.282+0530][info][gc,heap     ] GC(183) Eden regions: 91->0(91)
[2025-07-09T09:31:12.282+0530][info][gc,heap     ] GC(183) Survivor regions: 2->2(12)
[2025-07-09T09:31:12.282+0530][info][gc,heap     ] GC(183) Old regions: 10->10
[2025-07-09T09:31:12.282+0530][info][gc,heap     ] GC(183) Archive regions: 2->2
[2025-07-09T09:31:12.282+0530][info][gc,heap     ] GC(183) Humongous regions: 0->0
[2025-07-09T09:31:12.282+0530][info][gc,metaspace] GC(183) Metaspace: 19874K(45824K)->19874K(45824K) NonClass: 15935K(33280K)->15935K(33280K) Class: 3939K(12544K)->3939K(12544K)
[2025-07-09T09:31:12.282+0530][info][gc          ] GC(183) Pause Young (Normal) (G1 Evacuation Pause) 200M->19M(312M) 3.204ms
[2025-07-09T09:31:12.282+0530][info][gc,cpu      ] GC(183) User=0.02s Sys=0.01s Real=0.01s
[2025-07-09T09:31:12.548+0530][info][gc,start    ] GC(184) Pause Young (Normal) (G1 Evacuation Pause)
[2025-07-09T09:31:12.548+0530][info][gc,task     ] GC(184) Using 7 workers of 8 for evacuation
[2025-07-09T09:31:12.550+0530][info][gc,phases   ] GC(184)   Pre Evacuate Collection Set: 0.1ms
[2025-07-09T09:31:12.550+0530][info][gc,phases   ] GC(184)   Merge Heap Roots: 0.1ms
[2025-07-09T09:31:12.550+0530][info][gc,phases   ] GC(184)   Evacuate Collection Set: 1.5ms
[2025-07-09T09:31:12.550+0530][info][gc,phases   ] GC(184)   Post Evacuate Collection Set: 0.3ms
[2025-07-09T09:31:12.550+0530][info][gc,phases   ] GC(184)   Other: 0.1ms
[2025-07-09T09:31:12.550+0530][info][gc,heap     ] GC(184) Eden regions: 91->0(91)
[2025-07-09T09:31:12.550+0530][info][gc,heap     ] GC(184) Survivor regions: 2->2(12)
[2025-07-09T09:31:12.550+0530][info][gc,heap     ] GC(184) Old regions: 10->10
[2025-07-09T09:31:12.550+0530][info][gc,heap     ] GC(184) Archive regions: 2->2
[2025-07-09T09:31:12.550+0530][info][gc,heap     ] GC(184) Humongous regions: 0->0
[2025-07-09T09:31:12.550+0530][info][gc,metaspace] GC(184) Metaspace: 19930K(46080K)->19930K(46080K) NonClass: 15971K(33472K)->15971K(33472K) Class: 3958K(12608K)->3958K(12608K)
[2025-07-09T09:31:12.550+0530][info][gc          ] GC(184) Pause Young (Normal) (G1 Evacuation Pause) 201M->18M(312M) 2.218ms
[2025-07-09T09:31:12.550+0530][info][gc,cpu      ] GC(184) User=0.01s Sys=0.00s Real=0.01s
[2025-07-09T09:31:12.786+0530][info][gc,start    ] GC(185) Pause Young (Normal) (G1 Evacuation Pause)
[2025-07-09T09:31:12.786+0530][info][gc,task     ] GC(185) Using 7 workers of 8 for evacuation
[2025-07-09T09:31:12.789+0530][info][gc,phases   ] GC(185)   Pre Evacuate Collection Set: 0.1ms
[2025-07-09T09:31:12.789+0530][info][gc,phases   ] GC(185)   Merge Heap Roots: 0.1ms
[2025-07-09T09:31:12.789+0530][info][gc,phases   ] GC(185)   Evacuate Collection Set: 1.9ms
[2025-07-09T09:31:12.789+0530][info][gc,phases   ] GC(185)   Post Evacuate Collection Set: 0.5ms
[2025-07-09T09:31:12.789+0530][info][gc,phases   ] GC(185)   Other: 0.1ms
[2025-07-09T09:31:12.789+0530][info][gc,heap     ] GC(185) Eden regions: 91->0(91)
[2025-07-09T09:31:12.789+0530][info][gc,heap     ] GC(185) Survivor regions: 2->2(12)
[2025-07-09T09:31:12.789+0530][info][gc,heap     ] GC(185) Old regions: 10->10
[2025-07-09T09:31:12.789+0530][info][gc,heap     ] GC(185) Archive regions: 2->2
[2025-07-09T09:31:12.789+0530][info][gc,heap     ] GC(185) Humongous regions: 0->0
[2025-07-09T09:31:12.789+0530][info][gc,metaspace] GC(185) Metaspace: 19984K(46272K)->19984K(46272K) NonClass: 16006K(33600K)->16006K(33600K) Class: 3977K(12672K)->3977K(12672K)
[2025-07-09T09:31:12.789+0530][info][gc          ] GC(185) Pause Young (Normal) (G1 Evacuation Pause) 200M->18M(312M) 2.719ms
[2025-07-09T09:31:12.789+0530][info][gc,cpu      ] GC(185) User=0.01s Sys=0.00s Real=0.00s
[2025-07-09T09:31:13.023+0530][info][gc,start    ] GC(186) Pause Young (Normal) (G1 Evacuation Pause)
[2025-07-09T09:31:13.023+0530][info][gc,task     ] GC(186) Using 7 workers of 8 for evacuation
[2025-07-09T09:31:13.025+0530][info][gc,phases   ] GC(186)   Pre Evacuate Collection Set: 0.1ms
[2025-07-09T09:31:13.026+0530][info][gc,phases   ] GC(186)   Merge Heap Roots: 0.1ms
[2025-07-09T09:31:13.026+0530][info][gc,phases   ] GC(186)   Evacuate Collection Set: 1.7ms
[2025-07-09T09:31:13.026+0530][info][gc,phases   ] GC(186)   Post Evacuate Collection Set: 0.3ms
[2025-07-09T09:31:13.026+0530][info][gc,phases   ] GC(186)   Other: 0.1ms
[2025-07-09T09:31:13.026+0530][info][gc,heap     ] GC(186) Eden regions: 91->0(91)
[2025-07-09T09:31:13.026+0530][info][gc,heap     ] GC(186) Survivor regions: 2->2(12)
[2025-07-09T09:31:13.026+0530][info][gc,heap     ] GC(186) Old regions: 10->10
[2025-07-09T09:31:13.026+0530][info][gc,heap     ] GC(186) Archive regions: 2->2
[2025-07-09T09:31:13.026+0530][info][gc,heap     ] GC(186) Humongous regions: 0->0
[2025-07-09T09:31:13.026+0530][info][gc,metaspace] GC(186) Metaspace: 20038K(46464K)->20038K(46464K) NonClass: 16042K(33728K)->16042K(33728K) Class: 3996K(12736K)->3996K(12736K)
[2025-07-09T09:31:13.026+0530][info][gc          ] GC(186) Pause Young (Normal) (G1 Evacuation Pause) 200M->19M(312M) 2.532ms
[2025-07-09T09:31:13.026+0530][info][gc,cpu      ] GC(186) User=0.01s Sys=0.00s Real=0.00s
[2025-07-09T09:31:13.253+0530][info][gc,start    ] GC(187) Pause Young (Normal) (G1 Evacuation Pause)
[2025-07-09T09:31:13.253+0530][info][gc,task     ] GC(187) Using 7 workers of 8 for evacuation
[2025-07-09T09:31:13.256+0530][info][gc,phases   ] GC(187)   Pre Evacuate Collection Set: 0.1ms
[2025-07-09T09:31:13.256+0530][info][gc,phases   ] GC(187)   Merge Heap Roots: 0.1ms
[2025-07-09T09:31:13.256+0530][info][gc,phases   ] GC(187)   Evacuate Collection Set: 1.6ms
[2025-07-09T09:31:13.256+0530][info][gc,phases   ] GC(187)   Post Evacuate Collection Set: 0.3ms
[2025-07-09T09:31:13.256+0530][info][gc,phases   ] GC(187)   Other: 0.1ms
[2025-07-09T09:31:13.256+0530][info][gc,heap     ] GC(187) Eden regions: 91->0(92)
[2025-07-09T09:31:13.256+0530][info][gc,heap     ] GC(187) Survivor regions: 2->1(12)
[2025-07-09T09:31:13.256+0530][info][gc,heap     ] GC(187) Old regions: 10->10
[2025-07-09T09:31:13.256+0530][info][gc,heap     ] GC(187) Archive regions: 2->2
[2025-07-09T09:31:13.256+0530][info][gc,heap     ] GC(187) Humongous regions: 0->0
[2025-07-09T09:31:13.256+0530][info][gc,metaspace] GC(187) Metaspace: 20093K(46720K)->20093K(46720K) NonClass: 16078K(33920K)->16078K(33920K) Class: 4015K(12800K)->4015K(12800K)
[2025-07-09T09:31:13.256+0530][info][gc          ] GC(187) Pause Young (Normal) (G1 Evacuation Pause) 201M->18M(312M) 2.306ms
[2025-07-09T09:31:13.256+0530][info][gc,cpu      ] GC(187) User=0.01s Sys=0.00s Real=0.00s
[2025-07-09T09:31:13.514+0530][info][gc,start    ] GC(188) Pause Young (Normal) (G1 Evacuation Pause)
[2025-07-09T09:31:13.514+0530][info][gc,task     ] GC(188) Using 7 workers of 8 for evacuation
[2025-07-09T09:31:13.516+0530][info][gc,phases   ] GC(188)   Pre Evacuate Collection Set: 0.1ms
[2025-07-09T09:31:13.516+0530][info][gc,phases   ] GC(188)   Merge Heap Roots: 0.1ms
[2025-07-09T09:31:13.516+0530][info][gc,phases   ] GC(188)   Evacuate Collection Set: 1.4ms
[2025-07-09T09:31:13.516+0530][info][gc,phases   ] GC(188)   Post Evacuate Collection Set: 0.3ms
[2025-07-09T09:31:13.516+0530][info][gc,phases   ] GC(188)   Other: 0.1ms
[2025-07-09T09:31:13.516+0530][info][gc,heap     ] GC(188) Eden regions: 92->0(92)
[2025-07-09T09:31:13.516+0530][info][gc,heap     ] GC(188) Survivor regions: 1->1(12)
[2025-07-09T09:31:13.516+0530][info][gc,heap     ] GC(188) Old regions: 10->10
[2025-07-09T09:31:13.516+0530][info][gc,heap     ] GC(188) Archive regions: 2->2
[2025-07-09T09:31:13.516+0530][info][gc,heap     ] GC(188) Humongous regions: 0->0
[2025-07-09T09:31:13.516+0530][info][gc,metaspace] GC(188) Metaspace: 20149K(46912K)->20149K(46912K) NonClass: 16114K(34048K)->16114K(34048K) Class: 4034K(12864K)->4034K(12864K)
[2025-07-09T09:31:13.516+0530][info][gc          ] GC(188) Pause Young (Normal) (G1 Evacuation Pause) 202M->18M(312M) 2.188ms
[2025-07-09T09:31:13.516+0530][info][gc,cpu      ] GC(188) User=0.01s Sys=0.00s Real=0.00s
[2025-07-09T09:31:13.762+0530][info][gc,start    ] GC(189) Pause Young (Normal) (G1 Evacuation Pause)
[2025-07-09T09:31:13.762+0530][info][gc,task     ] GC(189) Using 7 workers of 8 for evacuation
[2025-07-09T09:31:13.765+0530][info][gc,phases   ] GC(189)   Pre Evacuate Collection Set: 0.1ms
[2025-07-09T09:31:13.765+0530][info][gc,phases   ] GC(189)   Merge Heap Roots: 0.1ms
[2025-07-09T09:31:13.765+0530][info][gc,phases   ] GC(189)   Evacuate Collection Set: 2.0ms
[2025-07-09T09:31:13.765+0530][info][gc,phases   ] GC(189)   Post Evacuate Collection Set: 0.3ms
[2025-07-09T09:31:13.765+0530][info][gc,phases   ] GC(189)   Other: 0.1ms
[2025-07-09T09:31:13.765+0530][info][gc,heap     ] GC(189) Eden regions: 92->0(91)
[2025-07-09T09:31:13.765+0530][info][gc,heap     ] GC(189) Survivor regions: 1->2(12)
[2025-07-09T09:31:13.765+0530][info][gc,heap     ] GC(189) Old regions: 10->10
[2025-07-09T09:31:13.765+0530][info][gc,heap     ] GC(189) Archive regions: 2->2
[2025-07-09T09:31:13.765+0530][info][gc,heap     ] GC(189) Humongous regions: 0->0
[2025-07-09T09:31:13.765+0530][info][gc,metaspace] GC(189) Metaspace: 20203K(47168K)->20203K(47168K) NonClass: 16149K(34176K)->16149K(34176K) Class: 4053K(12992K)->4053K(12992K)
[2025-07-09T09:31:13.765+0530][info][gc          ] GC(189) Pause Young (Normal) (G1 Evacuation Pause) 202M->19M(312M) 2.664ms
[2025-07-09T09:31:13.765+0530][info][gc,cpu      ] GC(189) User=0.01s Sys=0.00s Real=0.00s
[2025-07-09T09:31:14.008+0530][info][gc,start    ] GC(190) Pause Young (Normal) (G1 Evacuation Pause)
[2025-07-09T09:31:14.009+0530][info][gc,task     ] GC(190) Using 7 workers of 8 for evacuation
[2025-07-09T09:31:14.011+0530][info][gc,phases   ] GC(190)   Pre Evacuate Collection Set: 0.1ms
[2025-07-09T09:31:14.011+0530][info][gc,phases   ] GC(190)   Merge Heap Roots: 0.1ms
[2025-07-09T09:31:14.011+0530][info][gc,phases   ] GC(190)   Evacuate Collection Set: 1.5ms
[2025-07-09T09:31:14.011+0530][info][gc,phases   ] GC(190)   Post Evacuate Collection Set: 0.3ms
[2025-07-09T09:31:14.011+0530][info][gc,phases   ] GC(190)   Other: 0.2ms
[2025-07-09T09:31:14.011+0530][info][gc,heap     ] GC(190) Eden regions: 91->0(92)
[2025-07-09T09:31:14.011+0530][info][gc,heap     ] GC(190) Survivor regions: 2->1(12)
[2025-07-09T09:31:14.011+0530][info][gc,heap     ] GC(190) Old regions: 10->10
[2025-07-09T09:31:14.011+0530][info][gc,heap     ] GC(190) Archive regions: 2->2
[2025-07-09T09:31:14.011+0530][info][gc,heap     ] GC(190) Humongous regions: 0->0
[2025-07-09T09:31:14.011+0530][info][gc,metaspace] GC(190) Metaspace: 20258K(47424K)->20258K(47424K) NonClass: 16185K(34368K)->16185K(34368K) Class: 4072K(13056K)->4072K(13056K)
[2025-07-09T09:31:14.011+0530][info][gc          ] GC(190) Pause Young (Normal) (G1 Evacuation Pause) 201M->18M(312M) 2.346ms
[2025-07-09T09:31:14.011+0530][info][gc,cpu      ] GC(190) User=0.01s Sys=0.00s Real=0.01s
[2025-07-09T09:31:14.256+0530][info][gc,start    ] GC(191) Pause Young (Normal) (G1 Evacuation Pause)
[2025-07-09T09:31:14.256+0530][info][gc,task     ] GC(191) Using 7 workers of 8 for evacuation
[2025-07-09T09:31:14.259+0530][info][gc,phases   ] GC(191)   Pre Evacuate Collection Set: 0.3ms
[2025-07-09T09:31:14.259+0530][info][gc,phases   ] GC(191)   Merge Heap Roots: 0.1ms
[2025-07-09T09:31:14.259+0530][info][gc,phases   ] GC(191)   Evacuate Collection Set: 2.4ms
[2025-07-09T09:31:14.259+0530][info][gc,phases   ] GC(191)   Post Evacuate Collection Set: 0.4ms
[2025-07-09T09:31:14.259+0530][info][gc,phases   ] GC(191)   Other: 0.2ms
[2025-07-09T09:31:14.259+0530][info][gc,heap     ] GC(191) Eden regions: 92->0(91)
[2025-07-09T09:31:14.259+0530][info][gc,heap     ] GC(191) Survivor regions: 1->2(12)
[2025-07-09T09:31:14.259+0530][info][gc,heap     ] GC(191) Old regions: 10->10
[2025-07-09T09:31:14.259+0530][info][gc,heap     ] GC(191) Archive regions: 2->2
[2025-07-09T09:31:14.259+0530][info][gc,heap     ] GC(191) Humongous regions: 0->0
[2025-07-09T09:31:14.259+0530][info][gc,metaspace] GC(191) Metaspace: 20312K(47616K)->20312K(47616K) NonClass: 16221K(34496K)->16221K(34496K) Class: 4091K(13120K)->4091K(13120K)
[2025-07-09T09:31:14.259+0530][info][gc          ] GC(191) Pause Young (Normal) (G1 Evacuation Pause) 202M->19M(312M) 3.604ms
[2025-07-09T09:31:14.259+0530][info][gc,cpu      ] GC(191) User=0.01s Sys=0.00s Real=0.00s
[2025-07-09T09:31:14.511+0530][info][gc,start    ] GC(192) Pause Young (Normal) (G1 Evacuation Pause)
[2025-07-09T09:31:14.511+0530][info][gc,task     ] GC(192) Using 7 workers of 8 for evacuation
[2025-07-09T09:31:14.513+0530][info][gc,phases   ] GC(192)   Pre Evacuate Collection Set: 0.1ms
[2025-07-09T09:31:14.513+0530][info][gc,phases   ] GC(192)   Merge Heap Roots: 0.1ms
[2025-07-09T09:31:14.513+0530][info][gc,phases   ] GC(192)   Evacuate Collection Set: 1.5ms
[2025-07-09T09:31:14.513+0530][info][gc,phases   ] GC(192)   Post Evacuate Collection Set: 0.4ms
[2025-07-09T09:31:14.513+0530][info][gc,phases   ] GC(192)   Other: 0.1ms
[2025-07-09T09:31:14.513+0530][info][gc,heap     ] GC(192) Eden regions: 91->0(92)
[2025-07-09T09:31:14.513+0530][info][gc,heap     ] GC(192) Survivor regions: 2->1(12)
[2025-07-09T09:31:14.513+0530][info][gc,heap     ] GC(192) Old regions: 10->10
[2025-07-09T09:31:14.513+0530][info][gc,heap     ] GC(192) Archive regions: 2->2
[2025-07-09T09:31:14.513+0530][info][gc,heap     ] GC(192) Humongous regions: 0->0
[2025-07-09T09:31:14.513+0530][info][gc,metaspace] GC(192) Metaspace: 20368K(47808K)->20368K(47808K) NonClass: 16257K(34624K)->16257K(34624K) Class: 4110K(13184K)->4110K(13184K)
[2025-07-09T09:31:14.513+0530][info][gc          ] GC(192) Pause Young (Normal) (G1 Evacuation Pause) 201M->19M(312M) 2.285ms
[2025-07-09T09:31:14.513+0530][info][gc,cpu      ] GC(192) User=0.01s Sys=0.00s Real=0.00s
[2025-07-09T09:31:14.736+0530][info][gc,start    ] GC(193) Pause Young (Normal) (G1 Evacuation Pause)
[2025-07-09T09:31:14.736+0530][info][gc,task     ] GC(193) Using 7 workers of 8 for evacuation
[2025-07-09T09:31:14.739+0530][info][gc,phases   ] GC(193)   Pre Evacuate Collection Set: 0.1ms
[2025-07-09T09:31:14.739+0530][info][gc,phases   ] GC(193)   Merge Heap Roots: 0.0ms
[2025-07-09T09:31:14.739+0530][info][gc,phases   ] GC(193)   Evacuate Collection Set: 2.1ms
[2025-07-09T09:31:14.739+0530][info][gc,phases   ] GC(193)   Post Evacuate Collection Set: 0.4ms
[2025-07-09T09:31:14.739+0530][info][gc,phases   ] GC(193)   Other: 0.1ms
[2025-07-09T09:31:14.739+0530][info][gc,heap     ] GC(193) Eden regions: 92->0(91)
[2025-07-09T09:31:14.739+0530][info][gc,heap     ] GC(193) Survivor regions: 1->2(12)
[2025-07-09T09:31:14.739+0530][info][gc,heap     ] GC(193) Old regions: 10->10
[2025-07-09T09:31:14.739+0530][info][gc,heap     ] GC(193) Archive regions: 2->2
[2025-07-09T09:31:14.739+0530][info][gc,heap     ] GC(193) Humongous regions: 0->0
[2025-07-09T09:31:14.739+0530][info][gc,metaspace] GC(193) Metaspace: 20422K(48064K)->20422K(48064K) NonClass: 16292K(34816K)->16292K(34816K) Class: 4129K(13248K)->4129K(13248K)
[2025-07-09T09:31:14.739+0530][info][gc          ] GC(193) Pause Young (Normal) (G1 Evacuation Pause) 203M->19M(312M) 2.880ms
[2025-07-09T09:31:14.739+0530][info][gc,cpu      ] GC(193) User=0.01s Sys=0.00s Real=0.00s
[2025-07-09T09:31:14.980+0530][info][gc,start    ] GC(194) Pause Young (Normal) (G1 Evacuation Pause)
[2025-07-09T09:31:14.980+0530][info][gc,task     ] GC(194) Using 7 workers of 8 for evacuation
[2025-07-09T09:31:14.983+0530][info][gc,phases   ] GC(194)   Pre Evacuate Collection Set: 0.1ms
[2025-07-09T09:31:14.983+0530][info][gc,phases   ] GC(194)   Merge Heap Roots: 0.1ms
[2025-07-09T09:31:14.983+0530][info][gc,phases   ] GC(194)   Evacuate Collection Set: 2.0ms
[2025-07-09T09:31:14.983+0530][info][gc,phases   ] GC(194)   Post Evacuate Collection Set: 0.3ms
[2025-07-09T09:31:14.983+0530][info][gc,phases   ] GC(194)   Other: 0.1ms
[2025-07-09T09:31:14.983+0530][info][gc,heap     ] GC(194) Eden regions: 91->0(91)
[2025-07-09T09:31:14.983+0530][info][gc,heap     ] GC(194) Survivor regions: 2->2(12)
[2025-07-09T09:31:14.983+0530][info][gc,heap     ] GC(194) Old regions: 10->10
[2025-07-09T09:31:14.983+0530][info][gc,heap     ] GC(194) Archive regions: 2->2
[2025-07-09T09:31:14.983+0530][info][gc,heap     ] GC(194) Humongous regions: 0->0
[2025-07-09T09:31:14.983+0530][info][gc,metaspace] GC(194) Metaspace: 20478K(48320K)->20478K(48320K) NonClass: 16328K(34944K)->16328K(34944K) Class: 4149K(13376K)->4149K(13376K)
[2025-07-09T09:31:14.983+0530][info][gc          ] GC(194) Pause Young (Normal) (G1 Evacuation Pause) 201M->19M(312M) 2.756ms
[2025-07-09T09:31:14.983+0530][info][gc,cpu      ] GC(194) User=0.01s Sys=0.00s Real=0.00s
[2025-07-09T09:31:15.224+0530][info][gc,start    ] GC(195) Pause Young (Normal) (G1 Evacuation Pause)
[2025-07-09T09:31:15.224+0530][info][gc,task     ] GC(195) Using 7 workers of 8 for evacuation
[2025-07-09T09:31:15.227+0530][info][gc,phases   ] GC(195)   Pre Evacuate Collection Set: 0.1ms
[2025-07-09T09:31:15.227+0530][info][gc,phases   ] GC(195)   Merge Heap Roots: 0.1ms
[2025-07-09T09:31:15.227+0530][info][gc,phases   ] GC(195)   Evacuate Collection Set: 2.1ms
[2025-07-09T09:31:15.227+0530][info][gc,phases   ] GC(195)   Post Evacuate Collection Set: 0.3ms
[2025-07-09T09:31:15.227+0530][info][gc,phases   ] GC(195)   Other: 0.1ms
[2025-07-09T09:31:15.227+0530][info][gc,heap     ] GC(195) Eden regions: 91->0(91)
[2025-07-09T09:31:15.227+0530][info][gc,heap     ] GC(195) Survivor regions: 2->2(12)
[2025-07-09T09:31:15.227+0530][info][gc,heap     ] GC(195) Old regions: 10->10
[2025-07-09T09:31:15.227+0530][info][gc,heap     ] GC(195) Archive regions: 2->2
[2025-07-09T09:31:15.227+0530][info][gc,heap     ] GC(195) Humongous regions: 0->0
[2025-07-09T09:31:15.227+0530][info][gc,metaspace] GC(195) Metaspace: 20532K(48512K)->20532K(48512K) NonClass: 16364K(35072K)->16364K(35072K) Class: 4167K(13440K)->4167K(13440K)
[2025-07-09T09:31:15.227+0530][info][gc          ] GC(195) Pause Young (Normal) (G1 Evacuation Pause) 201M->19M(312M) 2.821ms
[2025-07-09T09:31:15.227+0530][info][gc,cpu      ] GC(195) User=0.01s Sys=0.00s Real=0.00s
[2025-07-09T09:31:15.503+0530][info][gc,start    ] GC(196) Pause Young (Normal) (G1 Evacuation Pause)
[2025-07-09T09:31:15.503+0530][info][gc,task     ] GC(196) Using 7 workers of 8 for evacuation
[2025-07-09T09:31:15.507+0530][info][gc,phases   ] GC(196)   Pre Evacuate Collection Set: 0.1ms
[2025-07-09T09:31:15.507+0530][info][gc,phases   ] GC(196)   Merge Heap Roots: 0.1ms
[2025-07-09T09:31:15.507+0530][info][gc,phases   ] GC(196)   Evacuate Collection Set: 3.4ms
[2025-07-09T09:31:15.507+0530][info][gc,phases   ] GC(196)   Post Evacuate Collection Set: 0.5ms
[2025-07-09T09:31:15.508+0530][info][gc,phases   ] GC(196)   Other: 0.1ms
[2025-07-09T09:31:15.508+0530][info][gc,heap     ] GC(196) Eden regions: 91->0(91)
[2025-07-09T09:31:15.508+0530][info][gc,heap     ] GC(196) Survivor regions: 2->2(12)
[2025-07-09T09:31:15.508+0530][info][gc,heap     ] GC(196) Old regions: 10->10
[2025-07-09T09:31:15.508+0530][info][gc,heap     ] GC(196) Archive regions: 2->2
[2025-07-09T09:31:15.508+0530][info][gc,heap     ] GC(196) Humongous regions: 0->0
[2025-07-09T09:31:15.508+0530][info][gc,metaspace] GC(196) Metaspace: 20586K(48768K)->20586K(48768K) NonClass: 16399K(35264K)->16399K(35264K) Class: 4186K(13504K)->4186K(13504K)
[2025-07-09T09:31:15.508+0530][info][gc          ] GC(196) Pause Young (Normal) (G1 Evacuation Pause) 201M->20M(312M) 4.513ms
[2025-07-09T09:31:15.508+0530][info][gc,cpu      ] GC(196) User=0.02s Sys=0.00s Real=0.00s
[2025-07-09T09:31:15.872+0530][info][gc,start    ] GC(197) Pause Young (Normal) (G1 Evacuation Pause)
[2025-07-09T09:31:15.872+0530][info][gc,task     ] GC(197) Using 7 workers of 8 for evacuation
[2025-07-09T09:31:15.875+0530][info][gc,phases   ] GC(197)   Pre Evacuate Collection Set: 0.1ms
[2025-07-09T09:31:15.875+0530][info][gc,phases   ] GC(197)   Merge Heap Roots: 0.1ms
[2025-07-09T09:31:15.875+0530][info][gc,phases   ] GC(197)   Evacuate Collection Set: 2.2ms
[2025-07-09T09:31:15.875+0530][info][gc,phases   ] GC(197)   Post Evacuate Collection Set: 0.4ms
[2025-07-09T09:31:15.875+0530][info][gc,phases   ] GC(197)   Other: 0.1ms
[2025-07-09T09:31:15.875+0530][info][gc,heap     ] GC(197) Eden regions: 91->0(91)
[2025-07-09T09:31:15.875+0530][info][gc,heap     ] GC(197) Survivor regions: 2->2(12)
[2025-07-09T09:31:15.875+0530][info][gc,heap     ] GC(197) Old regions: 10->10
[2025-07-09T09:31:15.875+0530][info][gc,heap     ] GC(197) Archive regions: 2->2
[2025-07-09T09:31:15.875+0530][info][gc,heap     ] GC(197) Humongous regions: 0->0
[2025-07-09T09:31:15.875+0530][info][gc,metaspace] GC(197) Metaspace: 20641K(48960K)->20641K(48960K) NonClass: 16435K(35392K)->16435K(35392K) Class: 4205K(13568K)->4205K(13568K)
[2025-07-09T09:31:15.875+0530][info][gc          ] GC(197) Pause Young (Normal) (G1 Evacuation Pause) 202M->19M(312M) 3.091ms
[2025-07-09T09:31:15.875+0530][info][gc,cpu      ] GC(197) User=0.01s Sys=0.00s Real=0.00s
[2025-07-09T09:31:16.151+0530][info][gc,start    ] GC(198) Pause Young (Normal) (G1 Evacuation Pause)
[2025-07-09T09:31:16.151+0530][info][gc,task     ] GC(198) Using 7 workers of 8 for evacuation
[2025-07-09T09:31:16.154+0530][info][gc,phases   ] GC(198)   Pre Evacuate Collection Set: 0.1ms
[2025-07-09T09:31:16.154+0530][info][gc,phases   ] GC(198)   Merge Heap Roots: 0.1ms
[2025-07-09T09:31:16.154+0530][info][gc,phases   ] GC(198)   Evacuate Collection Set: 2.2ms
[2025-07-09T09:31:16.154+0530][info][gc,phases   ] GC(198)   Post Evacuate Collection Set: 0.3ms
[2025-07-09T09:31:16.154+0530][info][gc,phases   ] GC(198)   Other: 0.1ms
[2025-07-09T09:31:16.154+0530][info][gc,heap     ] GC(198) Eden regions: 91->0(91)
[2025-07-09T09:31:16.154+0530][info][gc,heap     ] GC(198) Survivor regions: 2->2(12)
[2025-07-09T09:31:16.154+0530][info][gc,heap     ] GC(198) Old regions: 10->10
[2025-07-09T09:31:16.154+0530][info][gc,heap     ] GC(198) Archive regions: 2->2
[2025-07-09T09:31:16.154+0530][info][gc,heap     ] GC(198) Humongous regions: 0->0
[2025-07-09T09:31:16.154+0530][info][gc,metaspace] GC(198) Metaspace: 20695K(49152K)->20695K(49152K) NonClass: 16470K(35520K)->16470K(35520K) Class: 4224K(13632K)->4224K(13632K)
[2025-07-09T09:31:16.154+0530][info][gc          ] GC(198) Pause Young (Normal) (G1 Evacuation Pause) 201M->20M(312M) 2.886ms
[2025-07-09T09:31:16.154+0530][info][gc,cpu      ] GC(198) User=0.01s Sys=0.00s Real=0.00s
[2025-07-09T09:31:16.431+0530][info][gc,start    ] GC(199) Pause Young (Normal) (G1 Evacuation Pause)
[2025-07-09T09:31:16.431+0530][info][gc,task     ] GC(199) Using 7 workers of 8 for evacuation
[2025-07-09T09:31:16.433+0530][info][gc,phases   ] GC(199)   Pre Evacuate Collection Set: 0.1ms
[2025-07-09T09:31:16.433+0530][info][gc,phases   ] GC(199)   Merge Heap Roots: 0.0ms
[2025-07-09T09:31:16.433+0530][info][gc,phases   ] GC(199)   Evacuate Collection Set: 2.1ms
[2025-07-09T09:31:16.433+0530][info][gc,phases   ] GC(199)   Post Evacuate Collection Set: 0.3ms
[2025-07-09T09:31:16.433+0530][info][gc,phases   ] GC(199)   Other: 0.1ms
[2025-07-09T09:31:16.433+0530][info][gc,heap     ] GC(199) Eden regions: 91->0(91)
[2025-07-09T09:31:16.433+0530][info][gc,heap     ] GC(199) Survivor regions: 2->2(12)
[2025-07-09T09:31:16.433+0530][info][gc,heap     ] GC(199) Old regions: 10->10
[2025-07-09T09:31:16.433+0530][info][gc,heap     ] GC(199) Archive regions: 2->2
[2025-07-09T09:31:16.433+0530][info][gc,heap     ] GC(199) Humongous regions: 0->0
[2025-07-09T09:31:16.433+0530][info][gc,metaspace] GC(199) Metaspace: 20749K(49408K)->20749K(49408K) NonClass: 16506K(35712K)->16506K(35712K) Class: 4243K(13696K)->4243K(13696K)
[2025-07-09T09:31:16.434+0530][info][gc          ] GC(199) Pause Young (Normal) (G1 Evacuation Pause) 202M->20M(312M) 2.784ms
[2025-07-09T09:31:16.434+0530][info][gc,cpu      ] GC(199) User=0.01s Sys=0.00s Real=0.00s
[2025-07-09T09:31:16.682+0530][info][gc,start    ] GC(200) Pause Young (Normal) (G1 Evacuation Pause)
[2025-07-09T09:31:16.682+0530][info][gc,task     ] GC(200) Using 7 workers of 8 for evacuation
[2025-07-09T09:31:16.684+0530][info][gc,phases   ] GC(200)   Pre Evacuate Collection Set: 0.1ms
[2025-07-09T09:31:16.684+0530][info][gc,phases   ] GC(200)   Merge Heap Roots: 0.1ms
[2025-07-09T09:31:16.684+0530][info][gc,phases   ] GC(200)   Evacuate Collection Set: 1.6ms
[2025-07-09T09:31:16.684+0530][info][gc,phases   ] GC(200)   Post Evacuate Collection Set: 0.4ms
[2025-07-09T09:31:16.684+0530][info][gc,phases   ] GC(200)   Other: 0.1ms
[2025-07-09T09:31:16.684+0530][info][gc,heap     ] GC(200) Eden regions: 91->0(91)
[2025-07-09T09:31:16.684+0530][info][gc,heap     ] GC(200) Survivor regions: 2->2(12)
[2025-07-09T09:31:16.684+0530][info][gc,heap     ] GC(200) Old regions: 10->10
[2025-07-09T09:31:16.684+0530][info][gc,heap     ] GC(200) Archive regions: 2->2
[2025-07-09T09:31:16.684+0530][info][gc,heap     ] GC(200) Humongous regions: 0->0
[2025-07-09T09:31:16.684+0530][info][gc,metaspace] GC(200) Metaspace: 20805K(49664K)->20805K(49664K) NonClass: 16542K(35840K)->16542K(35840K) Class: 4262K(13824K)->4262K(13824K)
[2025-07-09T09:31:16.684+0530][info][gc          ] GC(200) Pause Young (Normal) (G1 Evacuation Pause) 202M->19M(312M) 2.488ms
[2025-07-09T09:31:16.684+0530][info][gc,cpu      ] GC(200) User=0.01s Sys=0.00s Real=0.00s
[2025-07-09T09:31:16.955+0530][info][gc,start    ] GC(201) Pause Young (Normal) (G1 Evacuation Pause)
[2025-07-09T09:31:16.955+0530][info][gc,task     ] GC(201) Using 7 workers of 8 for evacuation
[2025-07-09T09:31:16.958+0530][info][gc,phases   ] GC(201)   Pre Evacuate Collection Set: 0.1ms
[2025-07-09T09:31:16.958+0530][info][gc,phases   ] GC(201)   Merge Heap Roots: 0.0ms
[2025-07-09T09:31:16.958+0530][info][gc,phases   ] GC(201)   Evacuate Collection Set: 2.0ms
[2025-07-09T09:31:16.958+0530][info][gc,phases   ] GC(201)   Post Evacuate Collection Set: 0.5ms
[2025-07-09T09:31:16.958+0530][info][gc,phases   ] GC(201)   Other: 0.1ms
[2025-07-09T09:31:16.958+0530][info][gc,heap     ] GC(201) Eden regions: 91->0(91)
[2025-07-09T09:31:16.958+0530][info][gc,heap     ] GC(201) Survivor regions: 2->2(12)
[2025-07-09T09:31:16.958+0530][info][gc,heap     ] GC(201) Old regions: 10->10
[2025-07-09T09:31:16.958+0530][info][gc,heap     ] GC(201) Archive regions: 2->2
[2025-07-09T09:31:16.958+0530][info][gc,heap     ] GC(201) Humongous regions: 0->0
[2025-07-09T09:31:16.958+0530][info][gc,metaspace] GC(201) Metaspace: 20859K(49856K)->20859K(49856K) NonClass: 16577K(35968K)->16577K(35968K) Class: 4281K(13888K)->4281K(13888K)
[2025-07-09T09:31:16.958+0530][info][gc          ] GC(201) Pause Young (Normal) (G1 Evacuation Pause) 201M->20M(312M) 2.913ms
[2025-07-09T09:31:16.958+0530][info][gc,cpu      ] GC(201) User=0.01s Sys=0.00s Real=0.00s
[2025-07-09T09:31:17.187+0530][info][gc,start    ] GC(202) Pause Young (Normal) (G1 Evacuation Pause)
[2025-07-09T09:31:17.187+0530][info][gc,task     ] GC(202) Using 7 workers of 8 for evacuation
[2025-07-09T09:31:17.190+0530][info][gc,phases   ] GC(202)   Pre Evacuate Collection Set: 0.1ms
[2025-07-09T09:31:17.190+0530][info][gc,phases   ] GC(202)   Merge Heap Roots: 0.1ms
[2025-07-09T09:31:17.190+0530][info][gc,phases   ] GC(202)   Evacuate Collection Set: 1.9ms
[2025-07-09T09:31:17.190+0530][info][gc,phases   ] GC(202)   Post Evacuate Collection Set: 0.3ms
[2025-07-09T09:31:17.190+0530][info][gc,phases   ] GC(202)   Other: 0.2ms
[2025-07-09T09:31:17.190+0530][info][gc,heap     ] GC(202) Eden regions: 91->0(91)
[2025-07-09T09:31:17.190+0530][info][gc,heap     ] GC(202) Survivor regions: 2->2(12)
[2025-07-09T09:31:17.190+0530][info][gc,heap     ] GC(202) Old regions: 10->10
[2025-07-09T09:31:17.190+0530][info][gc,heap     ] GC(202) Archive regions: 2->2
[2025-07-09T09:31:17.190+0530][info][gc,heap     ] GC(202) Humongous regions: 0->0
[2025-07-09T09:31:17.190+0530][info][gc,metaspace] GC(202) Metaspace: 20913K(50112K)->20913K(50112K) NonClass: 16612K(36160K)->16612K(36160K) Class: 4300K(13952K)->4300K(13952K)
[2025-07-09T09:31:17.190+0530][info][gc          ] GC(202) Pause Young (Normal) (G1 Evacuation Pause) 202M->20M(312M) 2.727ms
[2025-07-09T09:31:17.190+0530][info][gc,cpu      ] GC(202) User=0.01s Sys=0.00s Real=0.01s
[2025-07-09T09:31:17.432+0530][info][gc,start    ] GC(203) Pause Young (Normal) (G1 Evacuation Pause)
[2025-07-09T09:31:17.432+0530][info][gc,task     ] GC(203) Using 7 workers of 8 for evacuation
[2025-07-09T09:31:17.435+0530][info][gc,phases   ] GC(203)   Pre Evacuate Collection Set: 0.1ms
[2025-07-09T09:31:17.435+0530][info][gc,phases   ] GC(203)   Merge Heap Roots: 0.1ms
[2025-07-09T09:31:17.435+0530][info][gc,phases   ] GC(203)   Evacuate Collection Set: 2.2ms
[2025-07-09T09:31:17.435+0530][info][gc,phases   ] GC(203)   Post Evacuate Collection Set: 0.4ms
[2025-07-09T09:31:17.436+0530][info][gc,phases   ] GC(203)   Other: 0.2ms
[2025-07-09T09:31:17.436+0530][info][gc,heap     ] GC(203) Eden regions: 91->0(91)
[2025-07-09T09:31:17.436+0530][info][gc,heap     ] GC(203) Survivor regions: 2->2(12)
[2025-07-09T09:31:17.436+0530][info][gc,heap     ] GC(203) Old regions: 10->10
[2025-07-09T09:31:17.436+0530][info][gc,heap     ] GC(203) Archive regions: 2->2
[2025-07-09T09:31:17.436+0530][info][gc,heap     ] GC(203) Humongous regions: 0->0
[2025-07-09T09:31:17.436+0530][info][gc,metaspace] GC(203) Metaspace: 20968K(50304K)->20968K(50304K) NonClass: 16649K(36288K)->16649K(36288K) Class: 4319K(14016K)->4319K(14016K)
[2025-07-09T09:31:17.436+0530][info][gc          ] GC(203) Pause Young (Normal) (G1 Evacuation Pause) 202M->20M(312M) 3.598ms
[2025-07-09T09:31:17.436+0530][info][gc,cpu      ] GC(203) User=0.02s Sys=0.00s Real=0.00s
[2025-07-09T09:31:17.724+0530][info][gc,start    ] GC(204) Pause Young (Normal) (G1 Evacuation Pause)
[2025-07-09T09:31:17.724+0530][info][gc,task     ] GC(204) Using 7 workers of 8 for evacuation
[2025-07-09T09:31:17.732+0530][info][gc,phases   ] GC(204)   Pre Evacuate Collection Set: 0.1ms
[2025-07-09T09:31:17.732+0530][info][gc,phases   ] GC(204)   Merge Heap Roots: 0.1ms
[2025-07-09T09:31:17.732+0530][info][gc,phases   ] GC(204)   Evacuate Collection Set: 7.7ms
[2025-07-09T09:31:17.732+0530][info][gc,phases   ] GC(204)   Post Evacuate Collection Set: 0.5ms
[2025-07-09T09:31:17.732+0530][info][gc,phases   ] GC(204)   Other: 0.2ms
[2025-07-09T09:31:17.732+0530][info][gc,heap     ] GC(204) Eden regions: 91->0(91)
[2025-07-09T09:31:17.732+0530][info][gc,heap     ] GC(204) Survivor regions: 2->2(12)
[2025-07-09T09:31:17.733+0530][info][gc,heap     ] GC(204) Old regions: 10->11
[2025-07-09T09:31:17.733+0530][info][gc,heap     ] GC(204) Archive regions: 2->2
[2025-07-09T09:31:17.733+0530][info][gc,heap     ] GC(204) Humongous regions: 0->0
[2025-07-09T09:31:17.733+0530][info][gc,metaspace] GC(204) Metaspace: 21022K(50496K)->21022K(50496K) NonClass: 16684K(36416K)->16684K(36416K) Class: 4338K(14080K)->4338K(14080K)
[2025-07-09T09:31:17.733+0530][info][gc          ] GC(204) Pause Young (Normal) (G1 Evacuation Pause) 202M->20M(312M) 8.986ms
[2025-07-09T09:31:17.733+0530][info][gc,cpu      ] GC(204) User=0.03s Sys=0.00s Real=0.01s
[2025-07-09T09:31:18.045+0530][info][gc,start    ] GC(205) Pause Young (Normal) (G1 Evacuation Pause)
[2025-07-09T09:31:18.045+0530][info][gc,task     ] GC(205) Using 7 workers of 8 for evacuation
[2025-07-09T09:31:18.049+0530][info][gc,phases   ] GC(205)   Pre Evacuate Collection Set: 0.1ms
[2025-07-09T09:31:18.049+0530][info][gc,phases   ] GC(205)   Merge Heap Roots: 0.1ms
[2025-07-09T09:31:18.049+0530][info][gc,phases   ] GC(205)   Evacuate Collection Set: 3.4ms
[2025-07-09T09:31:18.049+0530][info][gc,phases   ] GC(205)   Post Evacuate Collection Set: 0.5ms
[2025-07-09T09:31:18.049+0530][info][gc,phases   ] GC(205)   Other: 0.4ms
[2025-07-09T09:31:18.049+0530][info][gc,heap     ] GC(205) Eden regions: 91->0(91)
[2025-07-09T09:31:18.049+0530][info][gc,heap     ] GC(205) Survivor regions: 2->2(12)
[2025-07-09T09:31:18.049+0530][info][gc,heap     ] GC(205) Old regions: 11->11
[2025-07-09T09:31:18.049+0530][info][gc,heap     ] GC(205) Archive regions: 2->2
[2025-07-09T09:31:18.049+0530][info][gc,heap     ] GC(205) Humongous regions: 0->0
[2025-07-09T09:31:18.049+0530][info][gc,metaspace] GC(205) Metaspace: 21077K(50752K)->21077K(50752K) NonClass: 16719K(36608K)->16719K(36608K) Class: 4357K(14144K)->4357K(14144K)
[2025-07-09T09:31:18.049+0530][info][gc          ] GC(205) Pause Young (Normal) (G1 Evacuation Pause) 202M->21M(312M) 4.860ms
[2025-07-09T09:31:18.049+0530][info][gc,cpu      ] GC(205) User=0.01s Sys=0.00s Real=0.00s
[2025-07-09T09:31:18.303+0530][info][gc,start    ] GC(206) Pause Young (Normal) (G1 Evacuation Pause)
[2025-07-09T09:31:18.303+0530][info][gc,task     ] GC(206) Using 7 workers of 8 for evacuation
[2025-07-09T09:31:18.306+0530][info][gc,phases   ] GC(206)   Pre Evacuate Collection Set: 0.1ms
[2025-07-09T09:31:18.306+0530][info][gc,phases   ] GC(206)   Merge Heap Roots: 0.1ms
[2025-07-09T09:31:18.306+0530][info][gc,phases   ] GC(206)   Evacuate Collection Set: 2.0ms
[2025-07-09T09:31:18.306+0530][info][gc,phases   ] GC(206)   Post Evacuate Collection Set: 0.3ms
[2025-07-09T09:31:18.306+0530][info][gc,phases   ] GC(206)   Other: 0.1ms
[2025-07-09T09:31:18.306+0530][info][gc,heap     ] GC(206) Eden regions: 91->0(91)
[2025-07-09T09:31:18.306+0530][info][gc,heap     ] GC(206) Survivor regions: 2->2(12)
[2025-07-09T09:31:18.306+0530][info][gc,heap     ] GC(206) Old regions: 11->11
[2025-07-09T09:31:18.306+0530][info][gc,heap     ] GC(206) Archive regions: 2->2
[2025-07-09T09:31:18.306+0530][info][gc,heap     ] GC(206) Humongous regions: 0->0
[2025-07-09T09:31:18.306+0530][info][gc,metaspace] GC(206) Metaspace: 21132K(51008K)->21132K(51008K) NonClass: 16755K(36736K)->16755K(36736K) Class: 4376K(14272K)->4376K(14272K)
[2025-07-09T09:31:18.306+0530][info][gc          ] GC(206) Pause Young (Normal) (G1 Evacuation Pause) 203M->20M(312M) 2.807ms
[2025-07-09T09:31:18.306+0530][info][gc,cpu      ] GC(206) User=0.01s Sys=0.00s Real=0.00s
[2025-07-09T09:31:18.544+0530][info][gc,start    ] GC(207) Pause Young (Normal) (G1 Evacuation Pause)
[2025-07-09T09:31:18.544+0530][info][gc,task     ] GC(207) Using 7 workers of 8 for evacuation
[2025-07-09T09:31:18.547+0530][info][gc,phases   ] GC(207)   Pre Evacuate Collection Set: 0.1ms
[2025-07-09T09:31:18.547+0530][info][gc,phases   ] GC(207)   Merge Heap Roots: 0.1ms
[2025-07-09T09:31:18.547+0530][info][gc,phases   ] GC(207)   Evacuate Collection Set: 2.0ms
[2025-07-09T09:31:18.547+0530][info][gc,phases   ] GC(207)   Post Evacuate Collection Set: 0.4ms
[2025-07-09T09:31:18.547+0530][info][gc,phases   ] GC(207)   Other: 0.1ms
[2025-07-09T09:31:18.547+0530][info][gc,heap     ] GC(207) Eden regions: 91->0(91)
[2025-07-09T09:31:18.547+0530][info][gc,heap     ] GC(207) Survivor regions: 2->2(12)
[2025-07-09T09:31:18.547+0530][info][gc,heap     ] GC(207) Old regions: 11->11
[2025-07-09T09:31:18.547+0530][info][gc,heap     ] GC(207) Archive regions: 2->2
[2025-07-09T09:31:18.547+0530][info][gc,heap     ] GC(207) Humongous regions: 0->0
[2025-07-09T09:31:18.547+0530][info][gc,metaspace] GC(207) Metaspace: 21186K(51200K)->21186K(51200K) NonClass: 16791K(36864K)->16791K(36864K) Class: 4395K(14336K)->4395K(14336K)
[2025-07-09T09:31:18.547+0530][info][gc          ] GC(207) Pause Young (Normal) (G1 Evacuation Pause) 202M->20M(312M) 2.870ms
[2025-07-09T09:31:18.547+0530][info][gc,cpu      ] GC(207) User=0.01s Sys=0.00s Real=0.00s
[2025-07-09T09:31:18.774+0530][info][gc,start    ] GC(208) Pause Young (Normal) (G1 Evacuation Pause)
[2025-07-09T09:31:18.774+0530][info][gc,task     ] GC(208) Using 7 workers of 8 for evacuation
[2025-07-09T09:31:18.776+0530][info][gc,phases   ] GC(208)   Pre Evacuate Collection Set: 0.1ms
[2025-07-09T09:31:18.776+0530][info][gc,phases   ] GC(208)   Merge Heap Roots: 0.0ms
[2025-07-09T09:31:18.776+0530][info][gc,phases   ] GC(208)   Evacuate Collection Set: 1.9ms
[2025-07-09T09:31:18.776+0530][info][gc,phases   ] GC(208)   Post Evacuate Collection Set: 0.3ms
[2025-07-09T09:31:18.776+0530][info][gc,phases   ] GC(208)   Other: 0.1ms
[2025-07-09T09:31:18.776+0530][info][gc,heap     ] GC(208) Eden regions: 91->0(91)
[2025-07-09T09:31:18.776+0530][info][gc,heap     ] GC(208) Survivor regions: 2->2(12)
[2025-07-09T09:31:18.777+0530][info][gc,heap     ] GC(208) Old regions: 11->11
[2025-07-09T09:31:18.777+0530][info][gc,heap     ] GC(208) Archive regions: 2->2
[2025-07-09T09:31:18.777+0530][info][gc,heap     ] GC(208) Humongous regions: 0->0
[2025-07-09T09:31:18.777+0530][info][gc,metaspace] GC(208) Metaspace: 21240K(51456K)->21240K(51456K) NonClass: 16826K(37056K)->16826K(37056K) Class: 4414K(14400K)->4414K(14400K)
[2025-07-09T09:31:18.777+0530][info][gc          ] GC(208) Pause Young (Normal) (G1 Evacuation Pause) 202M->21M(312M) 2.658ms
[2025-07-09T09:31:18.777+0530][info][gc,cpu      ] GC(208) User=0.01s Sys=0.00s Real=0.00s
[2025-07-09T09:31:19.021+0530][info][gc,start    ] GC(209) Pause Young (Normal) (G1 Evacuation Pause)
[2025-07-09T09:31:19.021+0530][info][gc,task     ] GC(209) Using 7 workers of 8 for evacuation
[2025-07-09T09:31:19.023+0530][info][gc,phases   ] GC(209)   Pre Evacuate Collection Set: 0.1ms
[2025-07-09T09:31:19.023+0530][info][gc,phases   ] GC(209)   Merge Heap Roots: 0.0ms
[2025-07-09T09:31:19.023+0530][info][gc,phases   ] GC(209)   Evacuate Collection Set: 1.7ms
[2025-07-09T09:31:19.023+0530][info][gc,phases   ] GC(209)   Post Evacuate Collection Set: 0.3ms
[2025-07-09T09:31:19.023+0530][info][gc,phases   ] GC(209)   Other: 0.1ms
[2025-07-09T09:31:19.023+0530][info][gc,heap     ] GC(209) Eden regions: 91->0(91)
[2025-07-09T09:31:19.023+0530][info][gc,heap     ] GC(209) Survivor regions: 2->2(12)
[2025-07-09T09:31:19.023+0530][info][gc,heap     ] GC(209) Old regions: 11->11
[2025-07-09T09:31:19.023+0530][info][gc,heap     ] GC(209) Archive regions: 2->2
[2025-07-09T09:31:19.023+0530][info][gc,heap     ] GC(209) Humongous regions: 0->0
[2025-07-09T09:31:19.023+0530][info][gc,metaspace] GC(209) Metaspace: 21296K(51648K)->21296K(51648K) NonClass: 16862K(37184K)->16862K(37184K) Class: 4433K(14464K)->4433K(14464K)
[2025-07-09T09:31:19.023+0530][info][gc          ] GC(209) Pause Young (Normal) (G1 Evacuation Pause) 203M->20M(312M) 2.379ms
[2025-07-09T09:31:19.023+0530][info][gc,cpu      ] GC(209) User=0.01s Sys=0.01s Real=0.00s
[2025-07-09T09:31:19.264+0530][info][gc,start    ] GC(210) Pause Young (Normal) (G1 Evacuation Pause)
[2025-07-09T09:31:19.264+0530][info][gc,task     ] GC(210) Using 7 workers of 8 for evacuation
[2025-07-09T09:31:19.267+0530][info][gc,phases   ] GC(210)   Pre Evacuate Collection Set: 0.1ms
[2025-07-09T09:31:19.267+0530][info][gc,phases   ] GC(210)   Merge Heap Roots: 0.1ms
[2025-07-09T09:31:19.267+0530][info][gc,phases   ] GC(210)   Evacuate Collection Set: 2.6ms
[2025-07-09T09:31:19.267+0530][info][gc,phases   ] GC(210)   Post Evacuate Collection Set: 0.4ms
[2025-07-09T09:31:19.267+0530][info][gc,phases   ] GC(210)   Other: 0.2ms
[2025-07-09T09:31:19.267+0530][info][gc,heap     ] GC(210) Eden regions: 91->0(91)
[2025-07-09T09:31:19.267+0530][info][gc,heap     ] GC(210) Survivor regions: 2->2(12)
[2025-07-09T09:31:19.267+0530][info][gc,heap     ] GC(210) Old regions: 11->11
[2025-07-09T09:31:19.267+0530][info][gc,heap     ] GC(210) Archive regions: 2->2
[2025-07-09T09:31:19.267+0530][info][gc,heap     ] GC(210) Humongous regions: 0->0
[2025-07-09T09:31:19.267+0530][info][gc,metaspace] GC(210) Metaspace: 21350K(51840K)->21350K(51840K) NonClass: 16897K(37312K)->16897K(37312K) Class: 4452K(14528K)->4452K(14528K)
[2025-07-09T09:31:19.268+0530][info][gc          ] GC(210) Pause Young (Normal) (G1 Evacuation Pause) 202M->21M(312M) 3.517ms
[2025-07-09T09:31:19.268+0530][info][gc,cpu      ] GC(210) User=0.01s Sys=0.00s Real=0.00s
[2025-07-09T09:31:19.547+0530][info][gc,start    ] GC(211) Pause Young (Normal) (G1 Evacuation Pause)
[2025-07-09T09:31:19.547+0530][info][gc,task     ] GC(211) Using 7 workers of 8 for evacuation
[2025-07-09T09:31:19.550+0530][info][gc,phases   ] GC(211)   Pre Evacuate Collection Set: 0.1ms
[2025-07-09T09:31:19.550+0530][info][gc,phases   ] GC(211)   Merge Heap Roots: 0.1ms
[2025-07-09T09:31:19.550+0530][info][gc,phases   ] GC(211)   Evacuate Collection Set: 2.4ms
[2025-07-09T09:31:19.550+0530][info][gc,phases   ] GC(211)   Post Evacuate Collection Set: 0.7ms
[2025-07-09T09:31:19.551+0530][info][gc,phases   ] GC(211)   Other: 0.1ms
[2025-07-09T09:31:19.551+0530][info][gc,heap     ] GC(211) Eden regions: 91->0(91)
[2025-07-09T09:31:19.551+0530][info][gc,heap     ] GC(211) Survivor regions: 2->2(12)
[2025-07-09T09:31:19.551+0530][info][gc,heap     ] GC(211) Old regions: 11->11
[2025-07-09T09:31:19.551+0530][info][gc,heap     ] GC(211) Archive regions: 2->2
[2025-07-09T09:31:19.551+0530][info][gc,heap     ] GC(211) Humongous regions: 0->0
[2025-07-09T09:31:19.551+0530][info][gc,metaspace] GC(211) Metaspace: 21404K(52096K)->21404K(52096K) NonClass: 16933K(37504K)->16933K(37504K) Class: 4471K(14592K)->4471K(14592K)
[2025-07-09T09:31:19.551+0530][info][gc          ] GC(211) Pause Young (Normal) (G1 Evacuation Pause) 203M->21M(312M) 3.581ms
[2025-07-09T09:31:19.551+0530][info][gc,cpu      ] GC(211) User=0.01s Sys=0.00s Real=0.01s
[2025-07-09T09:31:19.814+0530][info][gc,start    ] GC(212) Pause Young (Normal) (G1 Evacuation Pause)
[2025-07-09T09:31:19.814+0530][info][gc,task     ] GC(212) Using 7 workers of 8 for evacuation
[2025-07-09T09:31:19.816+0530][info][gc,phases   ] GC(212)   Pre Evacuate Collection Set: 0.1ms
[2025-07-09T09:31:19.816+0530][info][gc,phases   ] GC(212)   Merge Heap Roots: 0.1ms
[2025-07-09T09:31:19.816+0530][info][gc,phases   ] GC(212)   Evacuate Collection Set: 1.8ms
[2025-07-09T09:31:19.816+0530][info][gc,phases   ] GC(212)   Post Evacuate Collection Set: 0.3ms
[2025-07-09T09:31:19.816+0530][info][gc,phases   ] GC(212)   Other: 0.1ms
[2025-07-09T09:31:19.816+0530][info][gc,heap     ] GC(212) Eden regions: 91->0(91)
[2025-07-09T09:31:19.816+0530][info][gc,heap     ] GC(212) Survivor regions: 2->2(12)
[2025-07-09T09:31:19.816+0530][info][gc,heap     ] GC(212) Old regions: 11->11
[2025-07-09T09:31:19.816+0530][info][gc,heap     ] GC(212) Archive regions: 2->2
[2025-07-09T09:31:19.816+0530][info][gc,heap     ] GC(212) Humongous regions: 0->0
[2025-07-09T09:31:19.816+0530][info][gc,metaspace] GC(212) Metaspace: 21459K(52352K)->21459K(52352K) NonClass: 16969K(37632K)->16969K(37632K) Class: 4490K(14720K)->4490K(14720K)
[2025-07-09T09:31:19.816+0530][info][gc          ] GC(212) Pause Young (Normal) (G1 Evacuation Pause) 203M->21M(312M) 2.622ms
[2025-07-09T09:31:19.816+0530][info][gc,cpu      ] GC(212) User=0.01s Sys=0.00s Real=0.00s
[2025-07-09T09:31:20.155+0530][info][gc,start    ] GC(213) Pause Young (Normal) (G1 Evacuation Pause)
[2025-07-09T09:31:20.155+0530][info][gc,task     ] GC(213) Using 7 workers of 8 for evacuation
[2025-07-09T09:31:20.158+0530][info][gc,phases   ] GC(213)   Pre Evacuate Collection Set: 0.1ms
[2025-07-09T09:31:20.158+0530][info][gc,phases   ] GC(213)   Merge Heap Roots: 0.1ms
[2025-07-09T09:31:20.158+0530][info][gc,phases   ] GC(213)   Evacuate Collection Set: 2.2ms
[2025-07-09T09:31:20.158+0530][info][gc,phases   ] GC(213)   Post Evacuate Collection Set: 0.7ms
[2025-07-09T09:31:20.158+0530][info][gc,phases   ] GC(213)   Other: 0.1ms
[2025-07-09T09:31:20.158+0530][info][gc,heap     ] GC(213) Eden regions: 91->0(91)
[2025-07-09T09:31:20.158+0530][info][gc,heap     ] GC(213) Survivor regions: 2->2(12)
[2025-07-09T09:31:20.158+0530][info][gc,heap     ] GC(213) Old regions: 11->11
[2025-07-09T09:31:20.158+0530][info][gc,heap     ] GC(213) Archive regions: 2->2
[2025-07-09T09:31:20.158+0530][info][gc,heap     ] GC(213) Humongous regions: 0->0
[2025-07-09T09:31:20.158+0530][info][gc,metaspace] GC(213) Metaspace: 21513K(52544K)->21513K(52544K) NonClass: 17004K(37760K)->17004K(37760K) Class: 4509K(14784K)->4509K(14784K)
[2025-07-09T09:31:20.158+0530][info][gc          ] GC(213) Pause Young (Normal) (G1 Evacuation Pause) 203M->21M(312M) 3.259ms
[2025-07-09T09:31:20.158+0530][info][gc,cpu      ] GC(213) User=0.01s Sys=0.00s Real=0.00s
[2025-07-09T09:31:20.455+0530][info][gc,start    ] GC(214) Pause Young (Normal) (G1 Evacuation Pause)
[2025-07-09T09:31:20.455+0530][info][gc,task     ] GC(214) Using 7 workers of 8 for evacuation
[2025-07-09T09:31:20.458+0530][info][gc,phases   ] GC(214)   Pre Evacuate Collection Set: 0.2ms
[2025-07-09T09:31:20.458+0530][info][gc,phases   ] GC(214)   Merge Heap Roots: 0.1ms
[2025-07-09T09:31:20.458+0530][info][gc,phases   ] GC(214)   Evacuate Collection Set: 2.2ms
[2025-07-09T09:31:20.458+0530][info][gc,phases   ] GC(214)   Post Evacuate Collection Set: 0.3ms
[2025-07-09T09:31:20.458+0530][info][gc,phases   ] GC(214)   Other: 0.1ms
[2025-07-09T09:31:20.458+0530][info][gc,heap     ] GC(214) Eden regions: 91->0(91)
[2025-07-09T09:31:20.458+0530][info][gc,heap     ] GC(214) Survivor regions: 2->2(12)
[2025-07-09T09:31:20.458+0530][info][gc,heap     ] GC(214) Old regions: 11->11
[2025-07-09T09:31:20.458+0530][info][gc,heap     ] GC(214) Archive regions: 2->2
[2025-07-09T09:31:20.458+0530][info][gc,heap     ] GC(214) Humongous regions: 0->0
[2025-07-09T09:31:20.458+0530][info][gc,metaspace] GC(214) Metaspace: 21567K(52800K)->21567K(52800K) NonClass: 17039K(37952K)->17039K(37952K) Class: 4527K(14848K)->4527K(14848K)
[2025-07-09T09:31:20.458+0530][info][gc          ] GC(214) Pause Young (Normal) (G1 Evacuation Pause) 203M->21M(312M) 3.142ms
[2025-07-09T09:31:20.458+0530][info][gc,cpu      ] GC(214) User=0.01s Sys=0.00s Real=0.00s
[2025-07-09T09:31:20.739+0530][info][gc,start    ] GC(215) Pause Young (Normal) (G1 Evacuation Pause)
[2025-07-09T09:31:20.739+0530][info][gc,task     ] GC(215) Using 7 workers of 8 for evacuation
[2025-07-09T09:31:20.776+0530][info][gc,phases   ] GC(215)   Pre Evacuate Collection Set: 0.1ms
[2025-07-09T09:31:20.776+0530][info][gc,phases   ] GC(215)   Merge Heap Roots: 0.1ms
[2025-07-09T09:31:20.776+0530][info][gc,phases   ] GC(215)   Evacuate Collection Set: 2.9ms
[2025-07-09T09:31:20.776+0530][info][gc,phases   ] GC(215)   Post Evacuate Collection Set: 33.6ms
[2025-07-09T09:31:20.776+0530][info][gc,phases   ] GC(215)   Other: 0.2ms
[2025-07-09T09:31:20.777+0530][info][gc,heap     ] GC(215) Eden regions: 91->0(92)
[2025-07-09T09:31:20.777+0530][info][gc,heap     ] GC(215) Survivor regions: 2->1(12)
[2025-07-09T09:31:20.777+0530][info][gc,heap     ] GC(215) Old regions: 11->11
[2025-07-09T09:31:20.777+0530][info][gc,heap     ] GC(215) Archive regions: 2->2
[2025-07-09T09:31:20.777+0530][info][gc,heap     ] GC(215) Humongous regions: 0->0
[2025-07-09T09:31:20.778+0530][info][gc,metaspace] GC(215) Metaspace: 21623K(52992K)->21623K(52992K) NonClass: 17076K(38080K)->17076K(38080K) Class: 4547K(14912K)->4547K(14912K)
[2025-07-09T09:31:20.778+0530][info][gc          ] GC(215) Pause Young (Normal) (G1 Evacuation Pause) 203M->21M(312M) 39.079ms
[2025-07-09T09:31:20.778+0530][info][gc,cpu      ] GC(215) User=0.01s Sys=0.00s Real=0.04s
[2025-07-09T09:31:21.156+0530][info][gc,start    ] GC(216) Pause Young (Normal) (G1 Evacuation Pause)
[2025-07-09T09:31:21.156+0530][info][gc,task     ] GC(216) Using 7 workers of 8 for evacuation
[2025-07-09T09:31:21.159+0530][info][gc,phases   ] GC(216)   Pre Evacuate Collection Set: 0.1ms
[2025-07-09T09:31:21.159+0530][info][gc,phases   ] GC(216)   Merge Heap Roots: 0.1ms
[2025-07-09T09:31:21.159+0530][info][gc,phases   ] GC(216)   Evacuate Collection Set: 2.2ms
[2025-07-09T09:31:21.159+0530][info][gc,phases   ] GC(216)   Post Evacuate Collection Set: 0.4ms
[2025-07-09T09:31:21.160+0530][info][gc,phases   ] GC(216)   Other: 0.2ms
[2025-07-09T09:31:21.160+0530][info][gc,heap     ] GC(216) Eden regions: 92->0(91)
[2025-07-09T09:31:21.160+0530][info][gc,heap     ] GC(216) Survivor regions: 1->2(12)
[2025-07-09T09:31:21.160+0530][info][gc,heap     ] GC(216) Old regions: 11->11
[2025-07-09T09:31:21.160+0530][info][gc,heap     ] GC(216) Archive regions: 2->2
[2025-07-09T09:31:21.160+0530][info][gc,heap     ] GC(216) Humongous regions: 0->0
[2025-07-09T09:31:21.160+0530][info][gc,metaspace] GC(216) Metaspace: 21677K(53184K)->21677K(53184K) NonClass: 17111K(38208K)->17111K(38208K) Class: 4565K(14976K)->4565K(14976K)
[2025-07-09T09:31:21.160+0530][info][gc          ] GC(216) Pause Young (Normal) (G1 Evacuation Pause) 205M->22M(312M) 3.416ms
[2025-07-09T09:31:21.160+0530][info][gc,cpu      ] GC(216) User=0.02s Sys=0.01s Real=0.01s
[2025-07-09T09:31:21.441+0530][info][gc,start    ] GC(217) Pause Young (Normal) (G1 Evacuation Pause)
[2025-07-09T09:31:21.441+0530][info][gc,task     ] GC(217) Using 7 workers of 8 for evacuation
[2025-07-09T09:31:21.444+0530][info][gc,phases   ] GC(217)   Pre Evacuate Collection Set: 0.1ms
[2025-07-09T09:31:21.444+0530][info][gc,phases   ] GC(217)   Merge Heap Roots: 0.1ms
[2025-07-09T09:31:21.444+0530][info][gc,phases   ] GC(217)   Evacuate Collection Set: 1.9ms
[2025-07-09T09:31:21.444+0530][info][gc,phases   ] GC(217)   Post Evacuate Collection Set: 0.3ms
[2025-07-09T09:31:21.444+0530][info][gc,phases   ] GC(217)   Other: 0.1ms
[2025-07-09T09:31:21.444+0530][info][gc,heap     ] GC(217) Eden regions: 91->0(91)
[2025-07-09T09:31:21.444+0530][info][gc,heap     ] GC(217) Survivor regions: 2->2(12)
[2025-07-09T09:31:21.444+0530][info][gc,heap     ] GC(217) Old regions: 11->11
[2025-07-09T09:31:21.444+0530][info][gc,heap     ] GC(217) Archive regions: 2->2
[2025-07-09T09:31:21.444+0530][info][gc,heap     ] GC(217) Humongous regions: 0->0
[2025-07-09T09:31:21.444+0530][info][gc,metaspace] GC(217) Metaspace: 21732K(53440K)->21732K(53440K) NonClass: 17147K(38400K)->17147K(38400K) Class: 4585K(15040K)->4585K(15040K)
[2025-07-09T09:31:21.444+0530][info][gc          ] GC(217) Pause Young (Normal) (G1 Evacuation Pause) 204M->21M(312M) 2.668ms
[2025-07-09T09:31:21.444+0530][info][gc,cpu      ] GC(217) User=0.01s Sys=0.00s Real=0.00s
[2025-07-09T09:31:21.680+0530][info][gc,start    ] GC(218) Pause Young (Normal) (G1 Evacuation Pause)
[2025-07-09T09:31:21.680+0530][info][gc,task     ] GC(218) Using 7 workers of 8 for evacuation
[2025-07-09T09:31:21.683+0530][info][gc,phases   ] GC(218)   Pre Evacuate Collection Set: 0.1ms
[2025-07-09T09:31:21.683+0530][info][gc,phases   ] GC(218)   Merge Heap Roots: 0.1ms
[2025-07-09T09:31:21.683+0530][info][gc,phases   ] GC(218)   Evacuate Collection Set: 2.7ms
[2025-07-09T09:31:21.683+0530][info][gc,phases   ] GC(218)   Post Evacuate Collection Set: 0.3ms
[2025-07-09T09:31:21.683+0530][info][gc,phases   ] GC(218)   Other: 0.1ms
[2025-07-09T09:31:21.683+0530][info][gc,heap     ] GC(218) Eden regions: 91->0(91)
[2025-07-09T09:31:21.683+0530][info][gc,heap     ] GC(218) Survivor regions: 2->2(12)
[2025-07-09T09:31:21.683+0530][info][gc,heap     ] GC(218) Old regions: 11->11
[2025-07-09T09:31:21.683+0530][info][gc,heap     ] GC(218) Archive regions: 2->2
[2025-07-09T09:31:21.683+0530][info][gc,heap     ] GC(218) Humongous regions: 0->0
[2025-07-09T09:31:21.683+0530][info][gc,metaspace] GC(218) Metaspace: 21787K(53696K)->21787K(53696K) NonClass: 17182K(38528K)->17182K(38528K) Class: 4604K(15168K)->4604K(15168K)
[2025-07-09T09:31:21.683+0530][info][gc          ] GC(218) Pause Young (Normal) (G1 Evacuation Pause) 203M->21M(312M) 3.503ms
[2025-07-09T09:31:21.683+0530][info][gc,cpu      ] GC(218) User=0.01s Sys=0.00s Real=0.00s
[2025-07-09T09:31:21.932+0530][info][gc,start    ] GC(219) Pause Young (Normal) (G1 Evacuation Pause)
[2025-07-09T09:31:21.932+0530][info][gc,task     ] GC(219) Using 7 workers of 8 for evacuation
[2025-07-09T09:31:21.934+0530][info][gc,phases   ] GC(219)   Pre Evacuate Collection Set: 0.1ms
[2025-07-09T09:31:21.935+0530][info][gc,phases   ] GC(219)   Merge Heap Roots: 0.1ms
[2025-07-09T09:31:21.935+0530][info][gc,phases   ] GC(219)   Evacuate Collection Set: 2.0ms
[2025-07-09T09:31:21.935+0530][info][gc,phases   ] GC(219)   Post Evacuate Collection Set: 0.3ms
[2025-07-09T09:31:21.935+0530][info][gc,phases   ] GC(219)   Other: 0.2ms
[2025-07-09T09:31:21.935+0530][info][gc,heap     ] GC(219) Eden regions: 91->0(92)
[2025-07-09T09:31:21.935+0530][info][gc,heap     ] GC(219) Survivor regions: 2->1(12)
[2025-07-09T09:31:21.935+0530][info][gc,heap     ] GC(219) Old regions: 11->11
[2025-07-09T09:31:21.935+0530][info][gc,heap     ] GC(219) Archive regions: 2->2
[2025-07-09T09:31:21.935+0530][info][gc,heap     ] GC(219) Humongous regions: 0->0
[2025-07-09T09:31:21.935+0530][info][gc,metaspace] GC(219) Metaspace: 21842K(53888K)->21842K(53888K) NonClass: 17219K(38656K)->17219K(38656K) Class: 4623K(15232K)->4623K(15232K)
[2025-07-09T09:31:21.935+0530][info][gc          ] GC(219) Pause Young (Normal) (G1 Evacuation Pause) 203M->20M(312M) 2.762ms
[2025-07-09T09:31:21.935+0530][info][gc,cpu      ] GC(219) User=0.01s Sys=0.00s Real=0.00s
[2025-07-09T09:31:22.172+0530][info][gc,start    ] GC(220) Pause Young (Normal) (G1 Evacuation Pause)
[2025-07-09T09:31:22.172+0530][info][gc,task     ] GC(220) Using 7 workers of 8 for evacuation
[2025-07-09T09:31:22.175+0530][info][gc,phases   ] GC(220)   Pre Evacuate Collection Set: 0.1ms
[2025-07-09T09:31:22.175+0530][info][gc,phases   ] GC(220)   Merge Heap Roots: 0.0ms
[2025-07-09T09:31:22.175+0530][info][gc,phases   ] GC(220)   Evacuate Collection Set: 2.0ms
[2025-07-09T09:31:22.175+0530][info][gc,phases   ] GC(220)   Post Evacuate Collection Set: 0.5ms
[2025-07-09T09:31:22.175+0530][info][gc,phases   ] GC(220)   Other: 0.1ms
[2025-07-09T09:31:22.175+0530][info][gc,heap     ] GC(220) Eden regions: 92->0(91)
[2025-07-09T09:31:22.175+0530][info][gc,heap     ] GC(220) Survivor regions: 1->2(12)
[2025-07-09T09:31:22.175+0530][info][gc,heap     ] GC(220) Old regions: 11->11
[2025-07-09T09:31:22.175+0530][info][gc,heap     ] GC(220) Archive regions: 2->2
[2025-07-09T09:31:22.175+0530][info][gc,heap     ] GC(220) Humongous regions: 0->0
[2025-07-09T09:31:22.175+0530][info][gc,metaspace] GC(220) Metaspace: 21896K(54144K)->21896K(54144K) NonClass: 17254K(38848K)->17254K(38848K) Class: 4642K(15296K)->4642K(15296K)
[2025-07-09T09:31:22.175+0530][info][gc          ] GC(220) Pause Young (Normal) (G1 Evacuation Pause) 204M->22M(312M) 3.070ms
[2025-07-09T09:31:22.175+0530][info][gc,cpu      ] GC(220) User=0.01s Sys=0.00s Real=0.00s
[2025-07-09T09:31:22.417+0530][info][gc,start    ] GC(221) Pause Young (Normal) (G1 Evacuation Pause)
[2025-07-09T09:31:22.417+0530][info][gc,task     ] GC(221) Using 7 workers of 8 for evacuation
[2025-07-09T09:31:22.419+0530][info][gc,phases   ] GC(221)   Pre Evacuate Collection Set: 0.1ms
[2025-07-09T09:31:22.419+0530][info][gc,phases   ] GC(221)   Merge Heap Roots: 0.1ms
[2025-07-09T09:31:22.419+0530][info][gc,phases   ] GC(221)   Evacuate Collection Set: 1.7ms
[2025-07-09T09:31:22.419+0530][info][gc,phases   ] GC(221)   Post Evacuate Collection Set: 0.4ms
[2025-07-09T09:31:22.419+0530][info][gc,phases   ] GC(221)   Other: 0.2ms
[2025-07-09T09:31:22.419+0530][info][gc,heap     ] GC(221) Eden regions: 91->0(92)
[2025-07-09T09:31:22.419+0530][info][gc,heap     ] GC(221) Survivor regions: 2->1(12)
[2025-07-09T09:31:22.419+0530][info][gc,heap     ] GC(221) Old regions: 11->11
[2025-07-09T09:31:22.419+0530][info][gc,heap     ] GC(221) Archive regions: 2->2
[2025-07-09T09:31:22.419+0530][info][gc,heap     ] GC(221) Humongous regions: 0->0
[2025-07-09T09:31:22.419+0530][info][gc,metaspace] GC(221) Metaspace: 21952K(54336K)->21952K(54336K) NonClass: 17290K(38976K)->17290K(38976K) Class: 4661K(15360K)->4661K(15360K)
[2025-07-09T09:31:22.419+0530][info][gc          ] GC(221) Pause Young (Normal) (G1 Evacuation Pause) 204M->21M(312M) 2.519ms
[2025-07-09T09:31:22.419+0530][info][gc,cpu      ] GC(221) User=0.01s Sys=0.00s Real=0.00s
[2025-07-09T09:31:22.663+0530][info][gc,start    ] GC(222) Pause Young (Normal) (G1 Evacuation Pause)
[2025-07-09T09:31:22.663+0530][info][gc,task     ] GC(222) Using 7 workers of 8 for evacuation
[2025-07-09T09:31:22.666+0530][info][gc,phases   ] GC(222)   Pre Evacuate Collection Set: 0.1ms
[2025-07-09T09:31:22.666+0530][info][gc,phases   ] GC(222)   Merge Heap Roots: 0.1ms
[2025-07-09T09:31:22.666+0530][info][gc,phases   ] GC(222)   Evacuate Collection Set: 2.1ms
[2025-07-09T09:31:22.666+0530][info][gc,phases   ] GC(222)   Post Evacuate Collection Set: 0.3ms
[2025-07-09T09:31:22.666+0530][info][gc,phases   ] GC(222)   Other: 0.1ms
[2025-07-09T09:31:22.666+0530][info][gc,heap     ] GC(222) Eden regions: 92->0(91)
[2025-07-09T09:31:22.666+0530][info][gc,heap     ] GC(222) Survivor regions: 1->2(12)
[2025-07-09T09:31:22.666+0530][info][gc,heap     ] GC(222) Old regions: 11->11
[2025-07-09T09:31:22.666+0530][info][gc,heap     ] GC(222) Archive regions: 2->2
[2025-07-09T09:31:22.666+0530][info][gc,heap     ] GC(222) Humongous regions: 0->0
[2025-07-09T09:31:22.666+0530][info][gc,metaspace] GC(222) Metaspace: 22006K(54528K)->22006K(54528K) NonClass: 17325K(39104K)->17325K(39104K) Class: 4680K(15424K)->4680K(15424K)
[2025-07-09T09:31:22.666+0530][info][gc          ] GC(222) Pause Young (Normal) (G1 Evacuation Pause) 205M->22M(312M) 2.967ms
[2025-07-09T09:31:22.666+0530][info][gc,cpu      ] GC(222) User=0.01s Sys=0.00s Real=0.00s
[2025-07-09T09:31:22.904+0530][info][gc,start    ] GC(223) Pause Young (Normal) (G1 Evacuation Pause)
[2025-07-09T09:31:22.904+0530][info][gc,task     ] GC(223) Using 7 workers of 8 for evacuation
[2025-07-09T09:31:22.906+0530][info][gc,phases   ] GC(223)   Pre Evacuate Collection Set: 0.1ms
[2025-07-09T09:31:22.906+0530][info][gc,phases   ] GC(223)   Merge Heap Roots: 0.1ms
[2025-07-09T09:31:22.906+0530][info][gc,phases   ] GC(223)   Evacuate Collection Set: 1.9ms
[2025-07-09T09:31:22.906+0530][info][gc,phases   ] GC(223)   Post Evacuate Collection Set: 0.4ms
[2025-07-09T09:31:22.906+0530][info][gc,phases   ] GC(223)   Other: 0.1ms
[2025-07-09T09:31:22.906+0530][info][gc,heap     ] GC(223) Eden regions: 91->0(92)
[2025-07-09T09:31:22.906+0530][info][gc,heap     ] GC(223) Survivor regions: 2->1(12)
[2025-07-09T09:31:22.906+0530][info][gc,heap     ] GC(223) Old regions: 11->11
[2025-07-09T09:31:22.906+0530][info][gc,heap     ] GC(223) Archive regions: 2->2
[2025-07-09T09:31:22.906+0530][info][gc,heap     ] GC(223) Humongous regions: 0->0
[2025-07-09T09:31:22.906+0530][info][gc,metaspace] GC(223) Metaspace: 22061K(54784K)->22061K(54784K) NonClass: 17362K(39296K)->17362K(39296K) Class: 4699K(15488K)->4699K(15488K)
[2025-07-09T09:31:22.906+0530][info][gc          ] GC(223) Pause Young (Normal) (G1 Evacuation Pause) 204M->21M(312M) 2.686ms
[2025-07-09T09:31:22.906+0530][info][gc,cpu      ] GC(223) User=0.01s Sys=0.01s Real=0.00s
[2025-07-09T09:31:23.165+0530][info][gc,start    ] GC(224) Pause Young (Normal) (G1 Evacuation Pause)
[2025-07-09T09:31:23.165+0530][info][gc,task     ] GC(224) Using 7 workers of 8 for evacuation
[2025-07-09T09:31:23.169+0530][info][gc,phases   ] GC(224)   Pre Evacuate Collection Set: 0.4ms
[2025-07-09T09:31:23.169+0530][info][gc,phases   ] GC(224)   Merge Heap Roots: 0.1ms
[2025-07-09T09:31:23.169+0530][info][gc,phases   ] GC(224)   Evacuate Collection Set: 2.8ms
[2025-07-09T09:31:23.169+0530][info][gc,phases   ] GC(224)   Post Evacuate Collection Set: 0.4ms
[2025-07-09T09:31:23.169+0530][info][gc,phases   ] GC(224)   Other: 0.1ms
[2025-07-09T09:31:23.169+0530][info][gc,heap     ] GC(224) Eden regions: 92->0(91)
[2025-07-09T09:31:23.169+0530][info][gc,heap     ] GC(224) Survivor regions: 1->2(12)
[2025-07-09T09:31:23.169+0530][info][gc,heap     ] GC(224) Old regions: 11->11
[2025-07-09T09:31:23.169+0530][info][gc,heap     ] GC(224) Archive regions: 2->2
[2025-07-09T09:31:23.169+0530][info][gc,heap     ] GC(224) Humongous regions: 0->0
[2025-07-09T09:31:23.169+0530][info][gc,metaspace] GC(224) Metaspace: 22115K(55040K)->22115K(55040K) NonClass: 17397K(39424K)->17397K(39424K) Class: 4718K(15616K)->4718K(15616K)
[2025-07-09T09:31:23.169+0530][info][gc          ] GC(224) Pause Young (Normal) (G1 Evacuation Pause) 205M->22M(312M) 3.995ms
[2025-07-09T09:31:23.169+0530][info][gc,cpu      ] GC(224) User=0.02s Sys=0.00s Real=0.00s
[2025-07-09T09:31:23.457+0530][info][gc,start    ] GC(225) Pause Young (Normal) (G1 Evacuation Pause)
[2025-07-09T09:31:23.457+0530][info][gc,task     ] GC(225) Using 7 workers of 8 for evacuation
[2025-07-09T09:31:23.460+0530][info][gc,phases   ] GC(225)   Pre Evacuate Collection Set: 0.1ms
[2025-07-09T09:31:23.460+0530][info][gc,phases   ] GC(225)   Merge Heap Roots: 0.1ms
[2025-07-09T09:31:23.460+0530][info][gc,phases   ] GC(225)   Evacuate Collection Set: 2.0ms
[2025-07-09T09:31:23.460+0530][info][gc,phases   ] GC(225)   Post Evacuate Collection Set: 0.3ms
[2025-07-09T09:31:23.460+0530][info][gc,phases   ] GC(225)   Other: 0.1ms
[2025-07-09T09:31:23.460+0530][info][gc,heap     ] GC(225) Eden regions: 91->0(92)
[2025-07-09T09:31:23.460+0530][info][gc,heap     ] GC(225) Survivor regions: 2->1(12)
[2025-07-09T09:31:23.460+0530][info][gc,heap     ] GC(225) Old regions: 11->11
[2025-07-09T09:31:23.460+0530][info][gc,heap     ] GC(225) Archive regions: 2->2
[2025-07-09T09:31:23.460+0530][info][gc,heap     ] GC(225) Humongous regions: 0->0
[2025-07-09T09:31:23.460+0530][info][gc,metaspace] GC(225) Metaspace: 22171K(55232K)->22171K(55232K) NonClass: 17433K(39552K)->17433K(39552K) Class: 4737K(15680K)->4737K(15680K)
[2025-07-09T09:31:23.460+0530][info][gc          ] GC(225) Pause Young (Normal) (G1 Evacuation Pause) 204M->22M(312M) 2.706ms
[2025-07-09T09:31:23.460+0530][info][gc,cpu      ] GC(225) User=0.00s Sys=0.00s Real=0.01s
[2025-07-09T09:31:23.705+0530][info][gc,start    ] GC(226) Pause Young (Normal) (G1 Evacuation Pause)
[2025-07-09T09:31:23.705+0530][info][gc,task     ] GC(226) Using 7 workers of 8 for evacuation
[2025-07-09T09:31:23.707+0530][info][gc,phases   ] GC(226)   Pre Evacuate Collection Set: 0.1ms
[2025-07-09T09:31:23.707+0530][info][gc,phases   ] GC(226)   Merge Heap Roots: 0.0ms
[2025-07-09T09:31:23.707+0530][info][gc,phases   ] GC(226)   Evacuate Collection Set: 1.6ms
[2025-07-09T09:31:23.707+0530][info][gc,phases   ] GC(226)   Post Evacuate Collection Set: 0.3ms
[2025-07-09T09:31:23.707+0530][info][gc,phases   ] GC(226)   Other: 0.1ms
[2025-07-09T09:31:23.707+0530][info][gc,heap     ] GC(226) Eden regions: 92->0(92)
[2025-07-09T09:31:23.708+0530][info][gc,heap     ] GC(226) Survivor regions: 1->1(12)
[2025-07-09T09:31:23.708+0530][info][gc,heap     ] GC(226) Old regions: 11->11
[2025-07-09T09:31:23.708+0530][info][gc,heap     ] GC(226) Archive regions: 2->2
[2025-07-09T09:31:23.708+0530][info][gc,heap     ] GC(226) Humongous regions: 0->0
[2025-07-09T09:31:23.708+0530][info][gc,metaspace] GC(226) Metaspace: 22226K(55488K)->22226K(55488K) NonClass: 17469K(39744K)->17469K(39744K) Class: 4756K(15744K)->4756K(15744K)
[2025-07-09T09:31:23.708+0530][info][gc          ] GC(226) Pause Young (Normal) (G1 Evacuation Pause) 206M->21M(312M) 2.277ms
[2025-07-09T09:31:23.708+0530][info][gc,cpu      ] GC(226) User=0.01s Sys=0.00s Real=0.00s
[2025-07-09T09:31:23.973+0530][info][gc,start    ] GC(227) Pause Young (Normal) (G1 Evacuation Pause)
[2025-07-09T09:31:23.973+0530][info][gc,task     ] GC(227) Using 7 workers of 8 for evacuation
[2025-07-09T09:31:23.976+0530][info][gc,phases   ] GC(227)   Pre Evacuate Collection Set: 0.1ms
[2025-07-09T09:31:23.976+0530][info][gc,phases   ] GC(227)   Merge Heap Roots: 0.0ms
[2025-07-09T09:31:23.976+0530][info][gc,phases   ] GC(227)   Evacuate Collection Set: 2.5ms
[2025-07-09T09:31:23.976+0530][info][gc,phases   ] GC(227)   Post Evacuate Collection Set: 0.4ms
[2025-07-09T09:31:23.976+0530][info][gc,phases   ] GC(227)   Other: 0.1ms
[2025-07-09T09:31:23.976+0530][info][gc,heap     ] GC(227) Eden regions: 92->0(91)
[2025-07-09T09:31:23.976+0530][info][gc,heap     ] GC(227) Survivor regions: 1->2(12)
[2025-07-09T09:31:23.976+0530][info][gc,heap     ] GC(227) Old regions: 11->12
[2025-07-09T09:31:23.976+0530][info][gc,heap     ] GC(227) Archive regions: 2->2
[2025-07-09T09:31:23.976+0530][info][gc,heap     ] GC(227) Humongous regions: 0->0
[2025-07-09T09:31:23.976+0530][info][gc,metaspace] GC(227) Metaspace: 22280K(55680K)->22280K(55680K) NonClass: 17505K(39872K)->17505K(39872K) Class: 4775K(15808K)->4775K(15808K)
[2025-07-09T09:31:23.976+0530][info][gc          ] GC(227) Pause Young (Normal) (G1 Evacuation Pause) 205M->22M(312M) 3.328ms
[2025-07-09T09:31:23.976+0530][info][gc,cpu      ] GC(227) User=0.01s Sys=0.01s Real=0.00s
[2025-07-09T09:31:24.217+0530][info][gc,start    ] GC(228) Pause Young (Normal) (G1 Evacuation Pause)
[2025-07-09T09:31:24.217+0530][info][gc,task     ] GC(228) Using 7 workers of 8 for evacuation
[2025-07-09T09:31:24.220+0530][info][gc,phases   ] GC(228)   Pre Evacuate Collection Set: 0.1ms
[2025-07-09T09:31:24.220+0530][info][gc,phases   ] GC(228)   Merge Heap Roots: 0.1ms
[2025-07-09T09:31:24.220+0530][info][gc,phases   ] GC(228)   Evacuate Collection Set: 1.6ms
[2025-07-09T09:31:24.220+0530][info][gc,phases   ] GC(228)   Post Evacuate Collection Set: 0.3ms
[2025-07-09T09:31:24.220+0530][info][gc,phases   ] GC(228)   Other: 0.1ms
[2025-07-09T09:31:24.220+0530][info][gc,heap     ] GC(228) Eden regions: 91->0(92)
[2025-07-09T09:31:24.220+0530][info][gc,heap     ] GC(228) Survivor regions: 2->1(12)
[2025-07-09T09:31:24.220+0530][info][gc,heap     ] GC(228) Old regions: 12->12
[2025-07-09T09:31:24.220+0530][info][gc,heap     ] GC(228) Archive regions: 2->2
[2025-07-09T09:31:24.220+0530][info][gc,heap     ] GC(228) Humongous regions: 0->0
[2025-07-09T09:31:24.220+0530][info][gc,metaspace] GC(228) Metaspace: 22336K(55936K)->22336K(55936K) NonClass: 17541K(40064K)->17541K(40064K) Class: 4795K(15872K)->4795K(15872K)
[2025-07-09T09:31:24.220+0530][info][gc          ] GC(228) Pause Young (Normal) (G1 Evacuation Pause) 204M->22M(312M) 2.360ms
[2025-07-09T09:31:24.220+0530][info][gc,cpu      ] GC(228) User=0.01s Sys=0.01s Real=0.01s
[2025-07-09T09:31:24.468+0530][info][gc,start    ] GC(229) Pause Young (Normal) (G1 Evacuation Pause)
[2025-07-09T09:31:24.468+0530][info][gc,task     ] GC(229) Using 7 workers of 8 for evacuation
[2025-07-09T09:31:24.471+0530][info][gc,phases   ] GC(229)   Pre Evacuate Collection Set: 0.1ms
[2025-07-09T09:31:24.471+0530][info][gc,phases   ] GC(229)   Merge Heap Roots: 0.1ms
[2025-07-09T09:31:24.471+0530][info][gc,phases   ] GC(229)   Evacuate Collection Set: 2.5ms
[2025-07-09T09:31:24.471+0530][info][gc,phases   ] GC(229)   Post Evacuate Collection Set: 0.4ms
[2025-07-09T09:31:24.471+0530][info][gc,phases   ] GC(229)   Other: 0.1ms
[2025-07-09T09:31:24.471+0530][info][gc,heap     ] GC(229) Eden regions: 92->0(91)
[2025-07-09T09:31:24.471+0530][info][gc,heap     ] GC(229) Survivor regions: 1->2(12)
[2025-07-09T09:31:24.471+0530][info][gc,heap     ] GC(229) Old regions: 12->12
[2025-07-09T09:31:24.471+0530][info][gc,heap     ] GC(229) Archive regions: 2->2
[2025-07-09T09:31:24.471+0530][info][gc,heap     ] GC(229) Humongous regions: 0->0
[2025-07-09T09:31:24.471+0530][info][gc,metaspace] GC(229) Metaspace: 22390K(56128K)->22390K(56128K) NonClass: 17576K(40192K)->17576K(40192K) Class: 4813K(15936K)->4813K(15936K)
[2025-07-09T09:31:24.471+0530][info][gc          ] GC(229) Pause Young (Normal) (G1 Evacuation Pause) 206M->23M(312M) 3.258ms
[2025-07-09T09:31:24.471+0530][info][gc,cpu      ] GC(229) User=0.01s Sys=0.00s Real=0.01s
[2025-07-09T09:31:24.756+0530][info][gc,start    ] GC(230) Pause Young (Normal) (G1 Evacuation Pause)
[2025-07-09T09:31:24.756+0530][info][gc,task     ] GC(230) Using 7 workers of 8 for evacuation
[2025-07-09T09:31:24.759+0530][info][gc,phases   ] GC(230)   Pre Evacuate Collection Set: 0.1ms
[2025-07-09T09:31:24.759+0530][info][gc,phases   ] GC(230)   Merge Heap Roots: 0.1ms
[2025-07-09T09:31:24.759+0530][info][gc,phases   ] GC(230)   Evacuate Collection Set: 2.3ms
[2025-07-09T09:31:24.759+0530][info][gc,phases   ] GC(230)   Post Evacuate Collection Set: 0.4ms
[2025-07-09T09:31:24.759+0530][info][gc,phases   ] GC(230)   Other: 0.1ms
[2025-07-09T09:31:24.759+0530][info][gc,heap     ] GC(230) Eden regions: 91->0(92)
[2025-07-09T09:31:24.759+0530][info][gc,heap     ] GC(230) Survivor regions: 2->1(12)
[2025-07-09T09:31:24.759+0530][info][gc,heap     ] GC(230) Old regions: 12->12
[2025-07-09T09:31:24.759+0530][info][gc,heap     ] GC(230) Archive regions: 2->2
[2025-07-09T09:31:24.759+0530][info][gc,heap     ] GC(230) Humongous regions: 0->0
[2025-07-09T09:31:24.759+0530][info][gc,metaspace] GC(230) Metaspace: 22445K(56384K)->22445K(56384K) NonClass: 17612K(40320K)->17612K(40320K) Class: 4833K(16064K)->4833K(16064K)
[2025-07-09T09:31:24.759+0530][info][gc          ] GC(230) Pause Young (Normal) (G1 Evacuation Pause) 205M->22M(312M) 3.102ms
[2025-07-09T09:31:24.759+0530][info][gc,cpu      ] GC(230) User=0.02s Sys=0.00s Real=0.00s
[2025-07-09T09:31:25.045+0530][info][gc,start    ] GC(231) Pause Young (Normal) (G1 Evacuation Pause)
[2025-07-09T09:31:25.045+0530][info][gc,task     ] GC(231) Using 7 workers of 8 for evacuation
[2025-07-09T09:31:25.049+0530][info][gc,phases   ] GC(231)   Pre Evacuate Collection Set: 0.3ms
[2025-07-09T09:31:25.049+0530][info][gc,phases   ] GC(231)   Merge Heap Roots: 0.1ms
[2025-07-09T09:31:25.049+0530][info][gc,phases   ] GC(231)   Evacuate Collection Set: 2.9ms
[2025-07-09T09:31:25.049+0530][info][gc,phases   ] GC(231)   Post Evacuate Collection Set: 0.4ms
[2025-07-09T09:31:25.049+0530][info][gc,phases   ] GC(231)   Other: 0.2ms
[2025-07-09T09:31:25.049+0530][info][gc,heap     ] GC(231) Eden regions: 92->0(91)
[2025-07-09T09:31:25.049+0530][info][gc,heap     ] GC(231) Survivor regions: 1->2(12)
[2025-07-09T09:31:25.049+0530][info][gc,heap     ] GC(231) Old regions: 12->12
[2025-07-09T09:31:25.049+0530][info][gc,heap     ] GC(231) Archive regions: 2->2
[2025-07-09T09:31:25.049+0530][info][gc,heap     ] GC(231) Humongous regions: 0->0
[2025-07-09T09:31:25.049+0530][info][gc,metaspace] GC(231) Metaspace: 22499K(56640K)->22499K(56640K) NonClass: 17648K(40512K)->17648K(40512K) Class: 4851K(16128K)->4851K(16128K)
[2025-07-09T09:31:25.049+0530][info][gc          ] GC(231) Pause Young (Normal) (G1 Evacuation Pause) 206M->23M(312M) 4.022ms
[2025-07-09T09:31:25.049+0530][info][gc,cpu      ] GC(231) User=0.02s Sys=0.00s Real=0.00s
[2025-07-09T09:31:25.309+0530][info][gc,start    ] GC(232) Pause Young (Normal) (G1 Evacuation Pause)
[2025-07-09T09:31:25.309+0530][info][gc,task     ] GC(232) Using 7 workers of 8 for evacuation
[2025-07-09T09:31:25.315+0530][info][gc,phases   ] GC(232)   Pre Evacuate Collection Set: 0.1ms
[2025-07-09T09:31:25.315+0530][info][gc,phases   ] GC(232)   Merge Heap Roots: 0.1ms
[2025-07-09T09:31:25.315+0530][info][gc,phases   ] GC(232)   Evacuate Collection Set: 4.9ms
[2025-07-09T09:31:25.315+0530][info][gc,phases   ] GC(232)   Post Evacuate Collection Set: 0.8ms
[2025-07-09T09:31:25.315+0530][info][gc,phases   ] GC(232)   Other: 0.2ms
[2025-07-09T09:31:25.315+0530][info][gc,heap     ] GC(232) Eden regions: 91->0(91)
[2025-07-09T09:31:25.315+0530][info][gc,heap     ] GC(232) Survivor regions: 2->2(12)
[2025-07-09T09:31:25.315+0530][info][gc,heap     ] GC(232) Old regions: 12->12
[2025-07-09T09:31:25.315+0530][info][gc,heap     ] GC(232) Archive regions: 2->2
[2025-07-09T09:31:25.315+0530][info][gc,heap     ] GC(232) Humongous regions: 0->0
[2025-07-09T09:31:25.315+0530][info][gc,metaspace] GC(232) Metaspace: 22555K(56832K)->22555K(56832K) NonClass: 17684K(40640K)->17684K(40640K) Class: 4871K(16192K)->4871K(16192K)
[2025-07-09T09:31:25.315+0530][info][gc          ] GC(232) Pause Young (Normal) (G1 Evacuation Pause) 205M->22M(312M) 6.280ms
[2025-07-09T09:31:25.315+0530][info][gc,cpu      ] GC(232) User=0.02s Sys=0.00s Real=0.01s
[2025-07-09T09:31:25.666+0530][info][gc,start    ] GC(233) Pause Young (Normal) (G1 Evacuation Pause)
[2025-07-09T09:31:25.666+0530][info][gc,task     ] GC(233) Using 7 workers of 8 for evacuation
[2025-07-09T09:31:25.668+0530][info][gc,phases   ] GC(233)   Pre Evacuate Collection Set: 0.1ms
[2025-07-09T09:31:25.668+0530][info][gc,phases   ] GC(233)   Merge Heap Roots: 0.1ms
[2025-07-09T09:31:25.668+0530][info][gc,phases   ] GC(233)   Evacuate Collection Set: 2.0ms
[2025-07-09T09:31:25.668+0530][info][gc,phases   ] GC(233)   Post Evacuate Collection Set: 0.3ms
[2025-07-09T09:31:25.668+0530][info][gc,phases   ] GC(233)   Other: 0.1ms
[2025-07-09T09:31:25.668+0530][info][gc,heap     ] GC(233) Eden regions: 91->0(91)
[2025-07-09T09:31:25.668+0530][info][gc,heap     ] GC(233) Survivor regions: 2->2(12)
[2025-07-09T09:31:25.668+0530][info][gc,heap     ] GC(233) Old regions: 12->12
[2025-07-09T09:31:25.668+0530][info][gc,heap     ] GC(233) Archive regions: 2->2
[2025-07-09T09:31:25.668+0530][info][gc,heap     ] GC(233) Humongous regions: 0->0
[2025-07-09T09:31:25.668+0530][info][gc,metaspace] GC(233) Metaspace: 22609K(57024K)->22609K(57024K) NonClass: 17719K(40768K)->17719K(40768K) Class: 4889K(16256K)->4889K(16256K)
[2025-07-09T09:31:25.668+0530][info][gc          ] GC(233) Pause Young (Normal) (G1 Evacuation Pause) 204M->23M(312M) 2.683ms
[2025-07-09T09:31:25.668+0530][info][gc,cpu      ] GC(233) User=0.01s Sys=0.00s Real=0.00s
[2025-07-09T09:31:25.932+0530][info][gc,start    ] GC(234) Pause Young (Normal) (G1 Evacuation Pause)
[2025-07-09T09:31:25.932+0530][info][gc,task     ] GC(234) Using 7 workers of 8 for evacuation
[2025-07-09T09:31:25.935+0530][info][gc,phases   ] GC(234)   Pre Evacuate Collection Set: 0.2ms
[2025-07-09T09:31:25.935+0530][info][gc,phases   ] GC(234)   Merge Heap Roots: 0.1ms
[2025-07-09T09:31:25.935+0530][info][gc,phases   ] GC(234)   Evacuate Collection Set: 2.4ms
[2025-07-09T09:31:25.935+0530][info][gc,phases   ] GC(234)   Post Evacuate Collection Set: 0.3ms
[2025-07-09T09:31:25.935+0530][info][gc,phases   ] GC(234)   Other: 0.2ms
[2025-07-09T09:31:25.935+0530][info][gc,heap     ] GC(234) Eden regions: 91->0(91)
[2025-07-09T09:31:25.935+0530][info][gc,heap     ] GC(234) Survivor regions: 2->2(12)
[2025-07-09T09:31:25.935+0530][info][gc,heap     ] GC(234) Old regions: 12->12
[2025-07-09T09:31:25.935+0530][info][gc,heap     ] GC(234) Archive regions: 2->2
[2025-07-09T09:31:25.935+0530][info][gc,heap     ] GC(234) Humongous regions: 0->0
[2025-07-09T09:31:25.935+0530][info][gc,metaspace] GC(234) Metaspace: 22663K(57280K)->22663K(57280K) NonClass: 17754K(40960K)->17754K(40960K) Class: 4908K(16320K)->4908K(16320K)
[2025-07-09T09:31:25.935+0530][info][gc          ] GC(234) Pause Young (Normal) (G1 Evacuation Pause) 205M->23M(312M) 3.285ms
[2025-07-09T09:31:25.935+0530][info][gc,cpu      ] GC(234) User=0.01s Sys=0.01s Real=0.00s
[2025-07-09T09:31:26.192+0530][info][gc,start    ] GC(235) Pause Young (Normal) (G1 Evacuation Pause)
[2025-07-09T09:31:26.192+0530][info][gc,task     ] GC(235) Using 7 workers of 8 for evacuation
[2025-07-09T09:31:26.195+0530][info][gc,phases   ] GC(235)   Pre Evacuate Collection Set: 0.1ms
[2025-07-09T09:31:26.195+0530][info][gc,phases   ] GC(235)   Merge Heap Roots: 0.1ms
[2025-07-09T09:31:26.195+0530][info][gc,phases   ] GC(235)   Evacuate Collection Set: 2.2ms
[2025-07-09T09:31:26.195+0530][info][gc,phases   ] GC(235)   Post Evacuate Collection Set: 0.6ms
[2025-07-09T09:31:26.195+0530][info][gc,phases   ] GC(235)   Other: 0.1ms
[2025-07-09T09:31:26.195+0530][info][gc,heap     ] GC(235) Eden regions: 91->0(91)
[2025-07-09T09:31:26.195+0530][info][gc,heap     ] GC(235) Survivor regions: 2->2(12)
[2025-07-09T09:31:26.195+0530][info][gc,heap     ] GC(235) Old regions: 12->12
[2025-07-09T09:31:26.195+0530][info][gc,heap     ] GC(235) Archive regions: 2->2
[2025-07-09T09:31:26.195+0530][info][gc,heap     ] GC(235) Humongous regions: 0->0
[2025-07-09T09:31:26.195+0530][info][gc,metaspace] GC(235) Metaspace: 22719K(57472K)->22719K(57472K) NonClass: 17791K(41088K)->17791K(41088K) Class: 4928K(16384K)->4928K(16384K)
[2025-07-09T09:31:26.195+0530][info][gc          ] GC(235) Pause Young (Normal) (G1 Evacuation Pause) 205M->23M(312M) 3.209ms
[2025-07-09T09:31:26.195+0530][info][gc,cpu      ] GC(235) User=0.01s Sys=0.00s Real=0.00s
[2025-07-09T09:31:26.440+0530][info][gc,start    ] GC(236) Pause Young (Normal) (G1 Evacuation Pause)
[2025-07-09T09:31:26.440+0530][info][gc,task     ] GC(236) Using 7 workers of 8 for evacuation
[2025-07-09T09:31:26.443+0530][info][gc,phases   ] GC(236)   Pre Evacuate Collection Set: 0.1ms
[2025-07-09T09:31:26.443+0530][info][gc,phases   ] GC(236)   Merge Heap Roots: 0.1ms
[2025-07-09T09:31:26.443+0530][info][gc,phases   ] GC(236)   Evacuate Collection Set: 2.1ms
[2025-07-09T09:31:26.443+0530][info][gc,phases   ] GC(236)   Post Evacuate Collection Set: 0.6ms
[2025-07-09T09:31:26.443+0530][info][gc,phases   ] GC(236)   Other: 0.1ms
[2025-07-09T09:31:26.443+0530][info][gc,heap     ] GC(236) Eden regions: 91->0(91)
[2025-07-09T09:31:26.443+0530][info][gc,heap     ] GC(236) Survivor regions: 2->2(12)
[2025-07-09T09:31:26.443+0530][info][gc,heap     ] GC(236) Old regions: 12->12
[2025-07-09T09:31:26.443+0530][info][gc,heap     ] GC(236) Archive regions: 2->2
[2025-07-09T09:31:26.443+0530][info][gc,heap     ] GC(236) Humongous regions: 0->0
[2025-07-09T09:31:26.443+0530][info][gc,metaspace] GC(236) Metaspace: 22773K(57728K)->22773K(57728K) NonClass: 17826K(41216K)->17826K(41216K) Class: 4946K(16512K)->4946K(16512K)
[2025-07-09T09:31:26.443+0530][info][gc          ] GC(236) Pause Young (Normal) (G1 Evacuation Pause) 205M->23M(312M) 3.031ms
[2025-07-09T09:31:26.443+0530][info][gc,cpu      ] GC(236) User=0.01s Sys=0.00s Real=0.00s
[2025-07-09T09:31:26.703+0530][info][gc,start    ] GC(237) Pause Young (Normal) (G1 Evacuation Pause)
[2025-07-09T09:31:26.703+0530][info][gc,task     ] GC(237) Using 7 workers of 8 for evacuation
[2025-07-09T09:31:26.707+0530][info][gc,phases   ] GC(237)   Pre Evacuate Collection Set: 0.1ms
[2025-07-09T09:31:26.707+0530][info][gc,phases   ] GC(237)   Merge Heap Roots: 0.1ms
[2025-07-09T09:31:26.707+0530][info][gc,phases   ] GC(237)   Evacuate Collection Set: 3.0ms
[2025-07-09T09:31:26.707+0530][info][gc,phases   ] GC(237)   Post Evacuate Collection Set: 0.5ms
[2025-07-09T09:31:26.707+0530][info][gc,phases   ] GC(237)   Other: 0.1ms
[2025-07-09T09:31:26.707+0530][info][gc,heap     ] GC(237) Eden regions: 91->0(91)
[2025-07-09T09:31:26.707+0530][info][gc,heap     ] GC(237) Survivor regions: 2->2(12)
[2025-07-09T09:31:26.707+0530][info][gc,heap     ] GC(237) Old regions: 12->12
[2025-07-09T09:31:26.707+0530][info][gc,heap     ] GC(237) Archive regions: 2->2
[2025-07-09T09:31:26.707+0530][info][gc,heap     ] GC(237) Humongous regions: 0->0
[2025-07-09T09:31:26.707+0530][info][gc,metaspace] GC(237) Metaspace: 22827K(57984K)->22827K(57984K) NonClass: 17861K(41408K)->17861K(41408K) Class: 4965K(16576K)->4965K(16576K)
[2025-07-09T09:31:26.707+0530][info][gc          ] GC(237) Pause Young (Normal) (G1 Evacuation Pause) 205M->23M(312M) 3.889ms
[2025-07-09T09:31:26.707+0530][info][gc,cpu      ] GC(237) User=0.02s Sys=0.00s Real=0.00s
[2025-07-09T09:31:26.983+0530][info][gc,start    ] GC(238) Pause Young (Normal) (G1 Evacuation Pause)
[2025-07-09T09:31:26.983+0530][info][gc,task     ] GC(238) Using 7 workers of 8 for evacuation
[2025-07-09T09:31:26.985+0530][info][gc,phases   ] GC(238)   Pre Evacuate Collection Set: 0.1ms
[2025-07-09T09:31:26.985+0530][info][gc,phases   ] GC(238)   Merge Heap Roots: 0.0ms
[2025-07-09T09:31:26.985+0530][info][gc,phases   ] GC(238)   Evacuate Collection Set: 1.9ms
[2025-07-09T09:31:26.985+0530][info][gc,phases   ] GC(238)   Post Evacuate Collection Set: 0.5ms
[2025-07-09T09:31:26.986+0530][info][gc,phases   ] GC(238)   Other: 0.1ms
[2025-07-09T09:31:26.986+0530][info][gc,heap     ] GC(238) Eden regions: 91->0(110)
[2025-07-09T09:31:26.986+0530][info][gc,heap     ] GC(238) Survivor regions: 2->2(12)
[2025-07-09T09:31:26.986+0530][info][gc,heap     ] GC(238) Old regions: 12->12
[2025-07-09T09:31:26.986+0530][info][gc,heap     ] GC(238) Archive regions: 2->2
[2025-07-09T09:31:26.986+0530][info][gc,heap     ] GC(238) Humongous regions: 0->0
[2025-07-09T09:31:26.986+0530][info][gc,metaspace] GC(238) Metaspace: 22882K(58176K)->22882K(58176K) NonClass: 17897K(41536K)->17897K(41536K) Class: 4984K(16640K)->4984K(16640K)
[2025-07-09T09:31:26.986+0530][info][gc          ] GC(238) Pause Young (Normal) (G1 Evacuation Pause) 205M->23M(376M) 2.770ms
[2025-07-09T09:31:26.986+0530][info][gc,cpu      ] GC(238) User=0.01s Sys=0.00s Real=0.00s
[2025-07-09T09:31:27.303+0530][info][gc,start    ] GC(239) Pause Young (Normal) (G1 Evacuation Pause)
[2025-07-09T09:31:27.303+0530][info][gc,task     ] GC(239) Using 8 workers of 8 for evacuation
[2025-07-09T09:31:27.306+0530][info][gc,phases   ] GC(239)   Pre Evacuate Collection Set: 0.1ms
[2025-07-09T09:31:27.306+0530][info][gc,phases   ] GC(239)   Merge Heap Roots: 0.0ms
[2025-07-09T09:31:27.306+0530][info][gc,phases   ] GC(239)   Evacuate Collection Set: 2.0ms
[2025-07-09T09:31:27.306+0530][info][gc,phases   ] GC(239)   Post Evacuate Collection Set: 0.5ms
[2025-07-09T09:31:27.306+0530][info][gc,phases   ] GC(239)   Other: 0.1ms
[2025-07-09T09:31:27.306+0530][info][gc,heap     ] GC(239) Eden regions: 110->0(110)
[2025-07-09T09:31:27.306+0530][info][gc,heap     ] GC(239) Survivor regions: 2->2(14)
[2025-07-09T09:31:27.306+0530][info][gc,heap     ] GC(239) Old regions: 12->12
[2025-07-09T09:31:27.306+0530][info][gc,heap     ] GC(239) Archive regions: 2->2
[2025-07-09T09:31:27.306+0530][info][gc,heap     ] GC(239) Humongous regions: 0->0
[2025-07-09T09:31:27.306+0530][info][gc,metaspace] GC(239) Metaspace: 22948K(58432K)->22948K(58432K) NonClass: 17940K(41728K)->17940K(41728K) Class: 5007K(16704K)->5007K(16704K)
[2025-07-09T09:31:27.306+0530][info][gc          ] GC(239) Pause Young (Normal) (G1 Evacuation Pause) 243M->23M(376M) 2.859ms
[2025-07-09T09:31:27.306+0530][info][gc,cpu      ] GC(239) User=0.01s Sys=0.00s Real=0.00s
[2025-07-09T09:31:27.673+0530][info][gc,start    ] GC(240) Pause Young (Normal) (G1 Evacuation Pause)
[2025-07-09T09:31:27.673+0530][info][gc,task     ] GC(240) Using 8 workers of 8 for evacuation
[2025-07-09T09:31:27.676+0530][info][gc,phases   ] GC(240)   Pre Evacuate Collection Set: 0.1ms
[2025-07-09T09:31:27.676+0530][info][gc,phases   ] GC(240)   Merge Heap Roots: 0.1ms
[2025-07-09T09:31:27.676+0530][info][gc,phases   ] GC(240)   Evacuate Collection Set: 2.1ms
[2025-07-09T09:31:27.676+0530][info][gc,phases   ] GC(240)   Post Evacuate Collection Set: 0.4ms
[2025-07-09T09:31:27.676+0530][info][gc,phases   ] GC(240)   Other: 0.1ms
[2025-07-09T09:31:27.676+0530][info][gc,heap     ] GC(240) Eden regions: 110->0(110)
[2025-07-09T09:31:27.676+0530][info][gc,heap     ] GC(240) Survivor regions: 2->2(14)
[2025-07-09T09:31:27.676+0530][info][gc,heap     ] GC(240) Old regions: 12->12
[2025-07-09T09:31:27.676+0530][info][gc,heap     ] GC(240) Archive regions: 2->2
[2025-07-09T09:31:27.676+0530][info][gc,heap     ] GC(240) Humongous regions: 0->0
[2025-07-09T09:31:27.676+0530][info][gc,metaspace] GC(240) Metaspace: 23014K(58752K)->23014K(58752K) NonClass: 17983K(41920K)->17983K(41920K) Class: 5030K(16832K)->5030K(16832K)
[2025-07-09T09:31:27.676+0530][info][gc          ] GC(240) Pause Young (Normal) (G1 Evacuation Pause) 243M->23M(376M) 2.903ms
[2025-07-09T09:31:27.676+0530][info][gc,cpu      ] GC(240) User=0.02s Sys=0.00s Real=0.00s
[2025-07-09T09:31:27.986+0530][info][gc,start    ] GC(241) Pause Young (Normal) (G1 Evacuation Pause)
[2025-07-09T09:31:27.986+0530][info][gc,task     ] GC(241) Using 8 workers of 8 for evacuation
[2025-07-09T09:31:27.989+0530][info][gc,phases   ] GC(241)   Pre Evacuate Collection Set: 0.1ms
[2025-07-09T09:31:27.989+0530][info][gc,phases   ] GC(241)   Merge Heap Roots: 0.1ms
[2025-07-09T09:31:27.989+0530][info][gc,phases   ] GC(241)   Evacuate Collection Set: 2.3ms
[2025-07-09T09:31:27.989+0530][info][gc,phases   ] GC(241)   Post Evacuate Collection Set: 0.4ms
[2025-07-09T09:31:27.989+0530][info][gc,phases   ] GC(241)   Other: 0.1ms
[2025-07-09T09:31:27.989+0530][info][gc,heap     ] GC(241) Eden regions: 110->0(110)
[2025-07-09T09:31:27.989+0530][info][gc,heap     ] GC(241) Survivor regions: 2->2(14)
[2025-07-09T09:31:27.989+0530][info][gc,heap     ] GC(241) Old regions: 12->12
[2025-07-09T09:31:27.989+0530][info][gc,heap     ] GC(241) Archive regions: 2->2
[2025-07-09T09:31:27.989+0530][info][gc,heap     ] GC(241) Humongous regions: 0->0
[2025-07-09T09:31:27.989+0530][info][gc,metaspace] GC(241) Metaspace: 23079K(58944K)->23079K(58944K) NonClass: 18026K(42048K)->18026K(42048K) Class: 5053K(16896K)->5053K(16896K)
[2025-07-09T09:31:27.989+0530][info][gc          ] GC(241) Pause Young (Normal) (G1 Evacuation Pause) 243M->23M(376M) 3.227ms
[2025-07-09T09:31:27.989+0530][info][gc,cpu      ] GC(241) User=0.01s Sys=0.00s Real=0.00s
[2025-07-09T09:31:28.295+0530][info][gc,start    ] GC(242) Pause Young (Normal) (G1 Evacuation Pause)
[2025-07-09T09:31:28.295+0530][info][gc,task     ] GC(242) Using 8 workers of 8 for evacuation
[2025-07-09T09:31:28.298+0530][info][gc,phases   ] GC(242)   Pre Evacuate Collection Set: 0.1ms
[2025-07-09T09:31:28.298+0530][info][gc,phases   ] GC(242)   Merge Heap Roots: 0.1ms
[2025-07-09T09:31:28.298+0530][info][gc,phases   ] GC(242)   Evacuate Collection Set: 2.1ms
[2025-07-09T09:31:28.298+0530][info][gc,phases   ] GC(242)   Post Evacuate Collection Set: 0.3ms
[2025-07-09T09:31:28.298+0530][info][gc,phases   ] GC(242)   Other: 0.1ms
[2025-07-09T09:31:28.298+0530][info][gc,heap     ] GC(242) Eden regions: 110->0(110)
[2025-07-09T09:31:28.298+0530][info][gc,heap     ] GC(242) Survivor regions: 2->2(14)
[2025-07-09T09:31:28.298+0530][info][gc,heap     ] GC(242) Old regions: 12->12
[2025-07-09T09:31:28.298+0530][info][gc,heap     ] GC(242) Archive regions: 2->2
[2025-07-09T09:31:28.298+0530][info][gc,heap     ] GC(242) Humongous regions: 0->0
[2025-07-09T09:31:28.298+0530][info][gc,metaspace] GC(242) Metaspace: 23145K(59264K)->23145K(59264K) NonClass: 18069K(42240K)->18069K(42240K) Class: 5076K(17024K)->5076K(17024K)
[2025-07-09T09:31:28.298+0530][info][gc          ] GC(242) Pause Young (Normal) (G1 Evacuation Pause) 243M->24M(376M) 2.802ms
[2025-07-09T09:31:28.298+0530][info][gc,cpu      ] GC(242) User=0.01s Sys=0.00s Real=0.00s
[2025-07-09T09:31:28.642+0530][info][gc,start    ] GC(243) Pause Young (Normal) (G1 Evacuation Pause)
[2025-07-09T09:31:28.642+0530][info][gc,task     ] GC(243) Using 8 workers of 8 for evacuation
[2025-07-09T09:31:28.646+0530][info][gc,phases   ] GC(243)   Pre Evacuate Collection Set: 0.1ms
[2025-07-09T09:31:28.646+0530][info][gc,phases   ] GC(243)   Merge Heap Roots: 0.2ms
[2025-07-09T09:31:28.646+0530][info][gc,phases   ] GC(243)   Evacuate Collection Set: 2.6ms
[2025-07-09T09:31:28.646+0530][info][gc,phases   ] GC(243)   Post Evacuate Collection Set: 0.4ms
[2025-07-09T09:31:28.646+0530][info][gc,phases   ] GC(243)   Other: 0.1ms
[2025-07-09T09:31:28.646+0530][info][gc,heap     ] GC(243) Eden regions: 110->0(110)
[2025-07-09T09:31:28.646+0530][info][gc,heap     ] GC(243) Survivor regions: 2->2(14)
[2025-07-09T09:31:28.646+0530][info][gc,heap     ] GC(243) Old regions: 12->12
[2025-07-09T09:31:28.646+0530][info][gc,heap     ] GC(243) Archive regions: 2->2
[2025-07-09T09:31:28.646+0530][info][gc,heap     ] GC(243) Humongous regions: 0->0
[2025-07-09T09:31:28.646+0530][info][gc,metaspace] GC(243) Metaspace: 23215K(59520K)->23215K(59520K) NonClass: 18115K(42432K)->18115K(42432K) Class: 5100K(17088K)->5100K(17088K)
[2025-07-09T09:31:28.646+0530][info][gc          ] GC(243) Pause Young (Normal) (G1 Evacuation Pause) 244M->24M(376M) 3.590ms
[2025-07-09T09:31:28.646+0530][info][gc,cpu      ] GC(243) User=0.02s Sys=0.00s Real=0.00s
[2025-07-09T09:31:28.946+0530][info][gc,start    ] GC(244) Pause Young (Normal) (G1 Evacuation Pause)
[2025-07-09T09:31:28.946+0530][info][gc,task     ] GC(244) Using 8 workers of 8 for evacuation
[2025-07-09T09:31:28.948+0530][info][gc,phases   ] GC(244)   Pre Evacuate Collection Set: 0.1ms
[2025-07-09T09:31:28.948+0530][info][gc,phases   ] GC(244)   Merge Heap Roots: 0.1ms
[2025-07-09T09:31:28.948+0530][info][gc,phases   ] GC(244)   Evacuate Collection Set: 1.8ms
[2025-07-09T09:31:28.948+0530][info][gc,phases   ] GC(244)   Post Evacuate Collection Set: 0.3ms
[2025-07-09T09:31:28.948+0530][info][gc,phases   ] GC(244)   Other: 0.1ms
[2025-07-09T09:31:28.948+0530][info][gc,heap     ] GC(244) Eden regions: 110->0(110)
[2025-07-09T09:31:28.948+0530][info][gc,heap     ] GC(244) Survivor regions: 2->2(14)
[2025-07-09T09:31:28.948+0530][info][gc,heap     ] GC(244) Old regions: 12->12
[2025-07-09T09:31:28.948+0530][info][gc,heap     ] GC(244) Archive regions: 2->2
[2025-07-09T09:31:28.948+0530][info][gc,heap     ] GC(244) Humongous regions: 0->0
[2025-07-09T09:31:28.948+0530][info][gc,metaspace] GC(244) Metaspace: 23282K(59776K)->23282K(59776K) NonClass: 18159K(42624K)->18159K(42624K) Class: 5123K(17152K)->5123K(17152K)
[2025-07-09T09:31:28.948+0530][info][gc          ] GC(244) Pause Young (Normal) (G1 Evacuation Pause) 244M->23M(376M) 2.529ms
[2025-07-09T09:31:28.948+0530][info][gc,cpu      ] GC(244) User=0.01s Sys=0.01s Real=0.00s
[2025-07-09T09:31:29.241+0530][info][gc,start    ] GC(245) Pause Young (Normal) (G1 Evacuation Pause)
[2025-07-09T09:31:29.241+0530][info][gc,task     ] GC(245) Using 8 workers of 8 for evacuation
[2025-07-09T09:31:29.244+0530][info][gc,phases   ] GC(245)   Pre Evacuate Collection Set: 0.1ms
[2025-07-09T09:31:29.244+0530][info][gc,phases   ] GC(245)   Merge Heap Roots: 0.1ms
[2025-07-09T09:31:29.244+0530][info][gc,phases   ] GC(245)   Evacuate Collection Set: 2.0ms
[2025-07-09T09:31:29.244+0530][info][gc,phases   ] GC(245)   Post Evacuate Collection Set: 0.4ms
[2025-07-09T09:31:29.244+0530][info][gc,phases   ] GC(245)   Other: 0.1ms
[2025-07-09T09:31:29.244+0530][info][gc,heap     ] GC(245) Eden regions: 110->0(110)
[2025-07-09T09:31:29.244+0530][info][gc,heap     ] GC(245) Survivor regions: 2->2(14)
[2025-07-09T09:31:29.244+0530][info][gc,heap     ] GC(245) Old regions: 12->12
[2025-07-09T09:31:29.244+0530][info][gc,heap     ] GC(245) Archive regions: 2->2
[2025-07-09T09:31:29.244+0530][info][gc,heap     ] GC(245) Humongous regions: 0->0
[2025-07-09T09:31:29.244+0530][info][gc,metaspace] GC(245) Metaspace: 23348K(60096K)->23348K(60096K) NonClass: 18201K(42816K)->18201K(42816K) Class: 5146K(17280K)->5146K(17280K)
[2025-07-09T09:31:29.244+0530][info][gc          ] GC(245) Pause Young (Normal) (G1 Evacuation Pause) 243M->23M(376M) 2.705ms
[2025-07-09T09:31:29.244+0530][info][gc,cpu      ] GC(245) User=0.01s Sys=0.00s Real=0.00s
[2025-07-09T09:31:29.338+0530][info][gc,start    ] GC(246) Pause Young (Concurrent Start) (Metadata GC Threshold)
[2025-07-09T09:31:29.338+0530][info][gc,task     ] GC(246) Using 8 workers of 8 for evacuation
[2025-07-09T09:31:29.342+0530][info][gc,phases   ] GC(246)   Pre Evacuate Collection Set: 0.9ms
[2025-07-09T09:31:29.342+0530][info][gc,phases   ] GC(246)   Merge Heap Roots: 0.1ms
[2025-07-09T09:31:29.342+0530][info][gc,phases   ] GC(246)   Evacuate Collection Set: 3.0ms
[2025-07-09T09:31:29.342+0530][info][gc,phases   ] GC(246)   Post Evacuate Collection Set: 0.3ms
[2025-07-09T09:31:29.342+0530][info][gc,phases   ] GC(246)   Other: 0.2ms
[2025-07-09T09:31:29.342+0530][info][gc,heap     ] GC(246) Eden regions: 34->0(111)
[2025-07-09T09:31:29.342+0530][info][gc,heap     ] GC(246) Survivor regions: 2->1(14)
[2025-07-09T09:31:29.342+0530][info][gc,heap     ] GC(246) Old regions: 12->12
[2025-07-09T09:31:29.342+0530][info][gc,heap     ] GC(246) Archive regions: 2->2
[2025-07-09T09:31:29.342+0530][info][gc,heap     ] GC(246) Humongous regions: 0->0
[2025-07-09T09:31:29.342+0530][info][gc,metaspace] GC(246) Metaspace: 23367K(60096K)->23367K(60096K) NonClass: 18214K(42816K)->18214K(42816K) Class: 5153K(17280K)->5153K(17280K)
[2025-07-09T09:31:29.342+0530][info][gc          ] GC(246) Pause Young (Concurrent Start) (Metadata GC Threshold) 90M->23M(376M) 4.607ms
[2025-07-09T09:31:29.342+0530][info][gc,cpu      ] GC(246) User=0.01s Sys=0.00s Real=0.01s
[2025-07-09T09:31:29.342+0530][info][gc          ] GC(247) Concurrent Mark Cycle
[2025-07-09T09:31:29.342+0530][info][gc,marking  ] GC(247) Concurrent Clear Claimed Marks
[2025-07-09T09:31:29.343+0530][info][gc,marking  ] GC(247) Concurrent Clear Claimed Marks 0.452ms
[2025-07-09T09:31:29.343+0530][info][gc,marking  ] GC(247) Concurrent Scan Root Regions
[2025-07-09T09:31:29.344+0530][info][gc,marking  ] GC(247) Concurrent Scan Root Regions 0.889ms
[2025-07-09T09:31:29.344+0530][info][gc,marking  ] GC(247) Concurrent Mark
[2025-07-09T09:31:29.344+0530][info][gc,marking  ] GC(247) Concurrent Mark From Roots
[2025-07-09T09:31:29.344+0530][info][gc,task     ] GC(247) Using 2 workers of 2 for marking
[2025-07-09T09:31:29.359+0530][info][gc,marking  ] GC(247) Concurrent Mark From Roots 15.435ms
[2025-07-09T09:31:29.359+0530][info][gc,marking  ] GC(247) Concurrent Preclean
[2025-07-09T09:31:29.359+0530][info][gc,marking  ] GC(247) Concurrent Preclean 0.049ms
[2025-07-09T09:31:29.359+0530][info][gc,start    ] GC(247) Pause Remark
[2025-07-09T09:31:29.362+0530][info][gc          ] GC(247) Pause Remark 35M->35M(140M) 3.036ms
[2025-07-09T09:31:29.363+0530][info][gc,cpu      ] GC(247) User=0.02s Sys=0.00s Real=0.01s
[2025-07-09T09:31:29.363+0530][info][gc,marking  ] GC(247) Concurrent Mark 18.983ms
[2025-07-09T09:31:29.363+0530][info][gc,marking  ] GC(247) Concurrent Rebuild Remembered Sets
[2025-07-09T09:31:29.376+0530][info][gc,marking  ] GC(247) Concurrent Rebuild Remembered Sets 12.830ms
[2025-07-09T09:31:29.376+0530][info][gc,start    ] GC(247) Pause Cleanup
[2025-07-09T09:31:29.376+0530][info][gc          ] GC(247) Pause Cleanup 41M->41M(140M) 0.134ms
[2025-07-09T09:31:29.376+0530][info][gc,cpu      ] GC(247) User=0.01s Sys=0.00s Real=0.00s
[2025-07-09T09:31:29.376+0530][info][gc,marking  ] GC(247) Concurrent Cleanup for Next Mark
[2025-07-09T09:31:29.377+0530][info][gc,marking  ] GC(247) Concurrent Cleanup for Next Mark 0.663ms
[2025-07-09T09:31:29.377+0530][info][gc          ] GC(247) Concurrent Mark Cycle 34.693ms
[2025-07-09T09:31:29.506+0530][info][gc,start    ] GC(248) Pause Young (Normal) (G1 Preventive Collection)
[2025-07-09T09:31:29.506+0530][info][gc,task     ] GC(248) Using 5 workers of 8 for evacuation
[2025-07-09T09:31:29.508+0530][info][gc,phases   ] GC(248)   Pre Evacuate Collection Set: 0.1ms
[2025-07-09T09:31:29.508+0530][info][gc,phases   ] GC(248)   Merge Heap Roots: 0.1ms
[2025-07-09T09:31:29.508+0530][info][gc,phases   ] GC(248)   Evacuate Collection Set: 1.8ms
[2025-07-09T09:31:29.508+0530][info][gc,phases   ] GC(248)   Post Evacuate Collection Set: 0.3ms
[2025-07-09T09:31:29.508+0530][info][gc,phases   ] GC(248)   Other: 0.1ms
[2025-07-09T09:31:29.508+0530][info][gc,heap     ] GC(248) Eden regions: 54->0(41)
[2025-07-09T09:31:29.508+0530][info][gc,heap     ] GC(248) Survivor regions: 1->1(14)
[2025-07-09T09:31:29.508+0530][info][gc,heap     ] GC(248) Old regions: 12->13
[2025-07-09T09:31:29.508+0530][info][gc,heap     ] GC(248) Archive regions: 2->2
[2025-07-09T09:31:29.508+0530][info][gc,heap     ] GC(248) Humongous regions: 0->0
[2025-07-09T09:31:29.508+0530][info][gc,metaspace] GC(248) Metaspace: 23401K(60288K)->23401K(60288K) NonClass: 18236K(42944K)->18236K(42944K) Class: 5164K(17344K)->5164K(17344K)
[2025-07-09T09:31:29.508+0530][info][gc          ] GC(248) Pause Young (Normal) (G1 Preventive Collection) 131M->23M(142M) 2.495ms
[2025-07-09T09:31:29.508+0530][info][gc,cpu      ] GC(248) User=0.01s Sys=0.00s Real=0.00s
[2025-07-09T09:31:29.614+0530][info][gc,start    ] GC(249) Pause Young (Normal) (G1 Evacuation Pause)
[2025-07-09T09:31:29.615+0530][info][gc,task     ] GC(249) Using 4 workers of 8 for evacuation
[2025-07-09T09:31:29.618+0530][info][gc,phases   ] GC(249)   Pre Evacuate Collection Set: 0.1ms
[2025-07-09T09:31:29.618+0530][info][gc,phases   ] GC(249)   Merge Heap Roots: 0.1ms
[2025-07-09T09:31:29.618+0530][info][gc,phases   ] GC(249)   Evacuate Collection Set: 2.6ms
[2025-07-09T09:31:29.618+0530][info][gc,phases   ] GC(249)   Post Evacuate Collection Set: 0.3ms
[2025-07-09T09:31:29.618+0530][info][gc,phases   ] GC(249)   Other: 0.2ms
[2025-07-09T09:31:29.618+0530][info][gc,heap     ] GC(249) Eden regions: 41->0(40)
[2025-07-09T09:31:29.618+0530][info][gc,heap     ] GC(249) Survivor regions: 1->2(6)
[2025-07-09T09:31:29.618+0530][info][gc,heap     ] GC(249) Old regions: 13->13
[2025-07-09T09:31:29.618+0530][info][gc,heap     ] GC(249) Archive regions: 2->2
[2025-07-09T09:31:29.618+0530][info][gc,heap     ] GC(249) Humongous regions: 0->0
[2025-07-09T09:31:29.618+0530][info][gc,metaspace] GC(249) Metaspace: 23424K(60352K)->23424K(60352K) NonClass: 18251K(43008K)->18251K(43008K) Class: 5172K(17344K)->5172K(17344K)
[2025-07-09T09:31:29.618+0530][info][gc          ] GC(249) Pause Young (Normal) (G1 Evacuation Pause) 105M->24M(142M) 3.379ms
[2025-07-09T09:31:29.618+0530][info][gc,cpu      ] GC(249) User=0.01s Sys=0.00s Real=0.00s
[2025-07-09T09:31:29.726+0530][info][gc,start    ] GC(250) Pause Young (Normal) (G1 Evacuation Pause)
[2025-07-09T09:31:29.726+0530][info][gc,task     ] GC(250) Using 3 workers of 8 for evacuation
[2025-07-09T09:31:29.737+0530][info][gc,phases   ] GC(250)   Pre Evacuate Collection Set: 0.1ms
[2025-07-09T09:31:29.737+0530][info][gc,phases   ] GC(250)   Merge Heap Roots: 0.0ms
[2025-07-09T09:31:29.737+0530][info][gc,phases   ] GC(250)   Evacuate Collection Set: 10.3ms
[2025-07-09T09:31:29.737+0530][info][gc,phases   ] GC(250)   Post Evacuate Collection Set: 0.3ms
[2025-07-09T09:31:29.737+0530][info][gc,phases   ] GC(250)   Other: 0.1ms
[2025-07-09T09:31:29.737+0530][info][gc,heap     ] GC(250) Eden regions: 40->0(40)
[2025-07-09T09:31:29.737+0530][info][gc,heap     ] GC(250) Survivor regions: 2->2(6)
[2025-07-09T09:31:29.737+0530][info][gc,heap     ] GC(250) Old regions: 13->13
[2025-07-09T09:31:29.737+0530][info][gc,heap     ] GC(250) Archive regions: 2->2
[2025-07-09T09:31:29.737+0530][info][gc,heap     ] GC(250) Humongous regions: 0->0
[2025-07-09T09:31:29.737+0530][info][gc,metaspace] GC(250) Metaspace: 23449K(60480K)->23449K(60480K) NonClass: 18267K(43072K)->18267K(43072K) Class: 5181K(17408K)->5181K(17408K)
[2025-07-09T09:31:29.737+0530][info][gc          ] GC(250) Pause Young (Normal) (G1 Evacuation Pause) 104M->24M(142M) 10.976ms
[2025-07-09T09:31:29.737+0530][info][gc,cpu      ] GC(250) User=0.01s Sys=0.00s Real=0.01s
[2025-07-09T09:31:29.844+0530][info][gc,start    ] GC(251) Pause Young (Normal) (G1 Evacuation Pause)
[2025-07-09T09:31:29.844+0530][info][gc,task     ] GC(251) Using 3 workers of 8 for evacuation
[2025-07-09T09:31:29.847+0530][info][gc,phases   ] GC(251)   Pre Evacuate Collection Set: 0.1ms
[2025-07-09T09:31:29.847+0530][info][gc,phases   ] GC(251)   Merge Heap Roots: 0.1ms
[2025-07-09T09:31:29.847+0530][info][gc,phases   ] GC(251)   Evacuate Collection Set: 2.0ms
[2025-07-09T09:31:29.847+0530][info][gc,phases   ] GC(251)   Post Evacuate Collection Set: 0.3ms
[2025-07-09T09:31:29.847+0530][info][gc,phases   ] GC(251)   Other: 0.1ms
[2025-07-09T09:31:29.847+0530][info][gc,heap     ] GC(251) Eden regions: 40->0(40)
[2025-07-09T09:31:29.847+0530][info][gc,heap     ] GC(251) Survivor regions: 2->2(6)
[2025-07-09T09:31:29.847+0530][info][gc,heap     ] GC(251) Old regions: 13->13
[2025-07-09T09:31:29.847+0530][info][gc,heap     ] GC(251) Archive regions: 2->2
[2025-07-09T09:31:29.847+0530][info][gc,heap     ] GC(251) Humongous regions: 0->0
[2025-07-09T09:31:29.847+0530][info][gc,metaspace] GC(251) Metaspace: 23472K(60544K)->23472K(60544K) NonClass: 18282K(43136K)->18282K(43136K) Class: 5189K(17408K)->5189K(17408K)
[2025-07-09T09:31:29.847+0530][info][gc          ] GC(251) Pause Young (Normal) (G1 Evacuation Pause) 104M->24M(142M) 2.634ms
[2025-07-09T09:31:29.847+0530][info][gc,cpu      ] GC(251) User=0.00s Sys=0.00s Real=0.00s
[2025-07-09T09:31:29.948+0530][info][gc,start    ] GC(252) Pause Young (Normal) (G1 Evacuation Pause)
[2025-07-09T09:31:29.948+0530][info][gc,task     ] GC(252) Using 3 workers of 8 for evacuation
[2025-07-09T09:31:29.950+0530][info][gc,phases   ] GC(252)   Pre Evacuate Collection Set: 0.1ms
[2025-07-09T09:31:29.950+0530][info][gc,phases   ] GC(252)   Merge Heap Roots: 0.1ms
[2025-07-09T09:31:29.950+0530][info][gc,phases   ] GC(252)   Evacuate Collection Set: 1.5ms
[2025-07-09T09:31:29.950+0530][info][gc,phases   ] GC(252)   Post Evacuate Collection Set: 0.4ms
[2025-07-09T09:31:29.950+0530][info][gc,phases   ] GC(252)   Other: 0.1ms
[2025-07-09T09:31:29.950+0530][info][gc,heap     ] GC(252) Eden regions: 40->0(58)
[2025-07-09T09:31:29.950+0530][info][gc,heap     ] GC(252) Survivor regions: 2->1(6)
[2025-07-09T09:31:29.950+0530][info][gc,heap     ] GC(252) Old regions: 13->13
[2025-07-09T09:31:29.950+0530][info][gc,heap     ] GC(252) Archive regions: 2->2
[2025-07-09T09:31:29.950+0530][info][gc,heap     ] GC(252) Humongous regions: 0->0
[2025-07-09T09:31:29.950+0530][info][gc,metaspace] GC(252) Metaspace: 23497K(60672K)->23497K(60672K) NonClass: 18299K(43200K)->18299K(43200K) Class: 5198K(17472K)->5198K(17472K)
[2025-07-09T09:31:29.950+0530][info][gc          ] GC(252) Pause Young (Normal) (G1 Evacuation Pause) 104M->24M(198M) 2.301ms
[2025-07-09T09:31:29.950+0530][info][gc,cpu      ] GC(252) User=0.00s Sys=0.00s Real=0.01s
[2025-07-09T09:31:30.136+0530][info][gc,start    ] GC(253) Pause Young (Normal) (G1 Evacuation Pause)
[2025-07-09T09:31:30.136+0530][info][gc,task     ] GC(253) Using 4 workers of 8 for evacuation
[2025-07-09T09:31:30.139+0530][info][gc,phases   ] GC(253)   Pre Evacuate Collection Set: 0.1ms
[2025-07-09T09:31:30.139+0530][info][gc,phases   ] GC(253)   Merge Heap Roots: 0.0ms
[2025-07-09T09:31:30.139+0530][info][gc,phases   ] GC(253)   Evacuate Collection Set: 1.9ms
[2025-07-09T09:31:30.139+0530][info][gc,phases   ] GC(253)   Post Evacuate Collection Set: 0.4ms
[2025-07-09T09:31:30.139+0530][info][gc,phases   ] GC(253)   Other: 0.1ms
[2025-07-09T09:31:30.139+0530][info][gc,heap     ] GC(253) Eden regions: 58->0(58)
[2025-07-09T09:31:30.139+0530][info][gc,heap     ] GC(253) Survivor regions: 1->1(8)
[2025-07-09T09:31:30.139+0530][info][gc,heap     ] GC(253) Old regions: 13->13
[2025-07-09T09:31:30.139+0530][info][gc,heap     ] GC(253) Archive regions: 2->2
[2025-07-09T09:31:30.139+0530][info][gc,heap     ] GC(253) Humongous regions: 0->0
[2025-07-09T09:31:30.139+0530][info][gc,metaspace] GC(253) Metaspace: 23532K(60864K)->23532K(60864K) NonClass: 18322K(43328K)->18322K(43328K) Class: 5210K(17536K)->5210K(17536K)
[2025-07-09T09:31:30.139+0530][info][gc          ] GC(253) Pause Young (Normal) (G1 Evacuation Pause) 140M->23M(198M) 2.639ms
[2025-07-09T09:31:30.139+0530][info][gc,cpu      ] GC(253) User=0.00s Sys=0.00s Real=0.00s
[2025-07-09T09:31:30.337+0530][info][gc,start    ] GC(254) Pause Young (Normal) (G1 Evacuation Pause)
[2025-07-09T09:31:30.338+0530][info][gc,task     ] GC(254) Using 4 workers of 8 for evacuation
[2025-07-09T09:31:30.344+0530][info][gc,phases   ] GC(254)   Pre Evacuate Collection Set: 0.2ms
[2025-07-09T09:31:30.344+0530][info][gc,phases   ] GC(254)   Merge Heap Roots: 0.1ms
[2025-07-09T09:31:30.344+0530][info][gc,phases   ] GC(254)   Evacuate Collection Set: 5.8ms
[2025-07-09T09:31:30.344+0530][info][gc,phases   ] GC(254)   Post Evacuate Collection Set: 0.5ms
[2025-07-09T09:31:30.344+0530][info][gc,phases   ] GC(254)   Other: 0.2ms
[2025-07-09T09:31:30.344+0530][info][gc,heap     ] GC(254) Eden regions: 58->0(57)
[2025-07-09T09:31:30.344+0530][info][gc,heap     ] GC(254) Survivor regions: 1->2(8)
[2025-07-09T09:31:30.344+0530][info][gc,heap     ] GC(254) Old regions: 13->13
[2025-07-09T09:31:30.344+0530][info][gc,heap     ] GC(254) Archive regions: 2->2
[2025-07-09T09:31:30.344+0530][info][gc,heap     ] GC(254) Humongous regions: 0->0
[2025-07-09T09:31:30.345+0530][info][gc,metaspace] GC(254) Metaspace: 23566K(60928K)->23566K(60928K) NonClass: 18343K(43392K)->18343K(43392K) Class: 5222K(17536K)->5222K(17536K)
[2025-07-09T09:31:30.345+0530][info][gc          ] GC(254) Pause Young (Normal) (G1 Evacuation Pause) 139M->24M(198M) 7.084ms
[2025-07-09T09:31:30.345+0530][info][gc,cpu      ] GC(254) User=0.01s Sys=0.00s Real=0.01s
[2025-07-09T09:31:30.560+0530][info][gc,start    ] GC(255) Pause Young (Normal) (G1 Evacuation Pause)
[2025-07-09T09:31:30.561+0530][info][gc,task     ] GC(255) Using 4 workers of 8 for evacuation
[2025-07-09T09:31:30.563+0530][info][gc,phases   ] GC(255)   Pre Evacuate Collection Set: 0.1ms
[2025-07-09T09:31:30.563+0530][info][gc,phases   ] GC(255)   Merge Heap Roots: 0.0ms
[2025-07-09T09:31:30.563+0530][info][gc,phases   ] GC(255)   Evacuate Collection Set: 1.8ms
[2025-07-09T09:31:30.563+0530][info][gc,phases   ] GC(255)   Post Evacuate Collection Set: 0.3ms
[2025-07-09T09:31:30.563+0530][info][gc,phases   ] GC(255)   Other: 0.1ms
[2025-07-09T09:31:30.563+0530][info][gc,heap     ] GC(255) Eden regions: 57->0(58)
[2025-07-09T09:31:30.563+0530][info][gc,heap     ] GC(255) Survivor regions: 2->1(8)
[2025-07-09T09:31:30.563+0530][info][gc,heap     ] GC(255) Old regions: 13->13
[2025-07-09T09:31:30.563+0530][info][gc,heap     ] GC(255) Archive regions: 2->2
[2025-07-09T09:31:30.563+0530][info][gc,heap     ] GC(255) Humongous regions: 0->0
[2025-07-09T09:31:30.563+0530][info][gc,metaspace] GC(255) Metaspace: 23601K(61056K)->23601K(61056K) NonClass: 18366K(43456K)->18366K(43456K) Class: 5234K(17600K)->5234K(17600K)
[2025-07-09T09:31:30.563+0530][info][gc          ] GC(255) Pause Young (Normal) (G1 Evacuation Pause) 138M->24M(198M) 2.451ms
[2025-07-09T09:31:30.563+0530][info][gc,cpu      ] GC(255) User=0.00s Sys=0.00s Real=0.00s
[2025-07-09T09:31:30.731+0530][info][gc,start    ] GC(256) Pause Young (Normal) (G1 Evacuation Pause)
[2025-07-09T09:31:30.731+0530][info][gc,task     ] GC(256) Using 4 workers of 8 for evacuation
[2025-07-09T09:31:30.734+0530][info][gc,phases   ] GC(256)   Pre Evacuate Collection Set: 0.1ms
[2025-07-09T09:31:30.734+0530][info][gc,phases   ] GC(256)   Merge Heap Roots: 0.1ms
[2025-07-09T09:31:30.734+0530][info][gc,phases   ] GC(256)   Evacuate Collection Set: 2.4ms
[2025-07-09T09:31:30.734+0530][info][gc,phases   ] GC(256)   Post Evacuate Collection Set: 0.5ms
[2025-07-09T09:31:30.734+0530][info][gc,phases   ] GC(256)   Other: 0.1ms
[2025-07-09T09:31:30.734+0530][info][gc,heap     ] GC(256) Eden regions: 58->0(69)
[2025-07-09T09:31:30.734+0530][info][gc,heap     ] GC(256) Survivor regions: 1->2(8)
[2025-07-09T09:31:30.734+0530][info][gc,heap     ] GC(256) Old regions: 13->13
[2025-07-09T09:31:30.734+0530][info][gc,heap     ] GC(256) Archive regions: 2->2
[2025-07-09T09:31:30.734+0530][info][gc,heap     ] GC(256) Humongous regions: 0->0
[2025-07-09T09:31:30.734+0530][info][gc,metaspace] GC(256) Metaspace: 23634K(61248K)->23634K(61248K) NonClass: 18388K(43584K)->18388K(43584K) Class: 5245K(17664K)->5245K(17664K)
[2025-07-09T09:31:30.734+0530][info][gc          ] GC(256) Pause Young (Normal) (G1 Evacuation Pause) 140M->25M(238M) 3.290ms
[2025-07-09T09:31:30.734+0530][info][gc,cpu      ] GC(256) User=0.02s Sys=0.00s Real=0.00s
[2025-07-09T09:31:30.957+0530][info][gc,start    ] GC(257) Pause Young (Normal) (G1 Evacuation Pause)
[2025-07-09T09:31:30.957+0530][info][gc,task     ] GC(257) Using 5 workers of 8 for evacuation
[2025-07-09T09:31:30.971+0530][info][gc,phases   ] GC(257)   Pre Evacuate Collection Set: 0.1ms
[2025-07-09T09:31:30.971+0530][info][gc,phases   ] GC(257)   Merge Heap Roots: 0.0ms
[2025-07-09T09:31:30.971+0530][info][gc,phases   ] GC(257)   Evacuate Collection Set: 12.8ms
[2025-07-09T09:31:30.971+0530][info][gc,phases   ] GC(257)   Post Evacuate Collection Set: 0.4ms
[2025-07-09T09:31:30.971+0530][info][gc,phases   ] GC(257)   Other: 0.1ms
[2025-07-09T09:31:30.971+0530][info][gc,heap     ] GC(257) Eden regions: 69->0(70)
[2025-07-09T09:31:30.971+0530][info][gc,heap     ] GC(257) Survivor regions: 2->1(9)
[2025-07-09T09:31:30.971+0530][info][gc,heap     ] GC(257) Old regions: 13->13
[2025-07-09T09:31:30.971+0530][info][gc,heap     ] GC(257) Archive regions: 2->2
[2025-07-09T09:31:30.971+0530][info][gc,heap     ] GC(257) Humongous regions: 0->0
[2025-07-09T09:31:30.971+0530][info][gc,metaspace] GC(257) Metaspace: 23677K(61440K)->23677K(61440K) NonClass: 18416K(43712K)->18416K(43712K) Class: 5260K(17728K)->5260K(17728K)
[2025-07-09T09:31:30.971+0530][info][gc          ] GC(257) Pause Young (Normal) (G1 Evacuation Pause) 163M->24M(238M) 13.635ms
[2025-07-09T09:31:30.971+0530][info][gc,cpu      ] GC(257) User=0.01s Sys=0.00s Real=0.02s
[2025-07-09T09:31:31.159+0530][info][gc,start    ] GC(258) Pause Young (Normal) (G1 Evacuation Pause)
[2025-07-09T09:31:31.159+0530][info][gc,task     ] GC(258) Using 5 workers of 8 for evacuation
[2025-07-09T09:31:31.161+0530][info][gc,phases   ] GC(258)   Pre Evacuate Collection Set: 0.1ms
[2025-07-09T09:31:31.161+0530][info][gc,phases   ] GC(258)   Merge Heap Roots: 0.1ms
[2025-07-09T09:31:31.161+0530][info][gc,phases   ] GC(258)   Evacuate Collection Set: 1.5ms
[2025-07-09T09:31:31.161+0530][info][gc,phases   ] GC(258)   Post Evacuate Collection Set: 0.3ms
[2025-07-09T09:31:31.161+0530][info][gc,phases   ] GC(258)   Other: 0.1ms
[2025-07-09T09:31:31.161+0530][info][gc,heap     ] GC(258) Eden regions: 70->0(70)
[2025-07-09T09:31:31.161+0530][info][gc,heap     ] GC(258) Survivor regions: 1->1(9)
[2025-07-09T09:31:31.161+0530][info][gc,heap     ] GC(258) Old regions: 13->13
[2025-07-09T09:31:31.161+0530][info][gc,heap     ] GC(258) Archive regions: 2->2
[2025-07-09T09:31:31.161+0530][info][gc,heap     ] GC(258) Humongous regions: 0->0
[2025-07-09T09:31:31.161+0530][info][gc,metaspace] GC(258) Metaspace: 23719K(61632K)->23719K(61632K) NonClass: 18444K(43840K)->18444K(43840K) Class: 5275K(17792K)->5275K(17792K)
[2025-07-09T09:31:31.161+0530][info][gc          ] GC(258) Pause Young (Normal) (G1 Evacuation Pause) 164M->23M(238M) 2.187ms
[2025-07-09T09:31:31.161+0530][info][gc,cpu      ] GC(258) User=0.00s Sys=0.00s Real=0.01s
[2025-07-09T09:31:31.347+0530][info][gc,start    ] GC(259) Pause Young (Normal) (G1 Evacuation Pause)
[2025-07-09T09:31:31.347+0530][info][gc,task     ] GC(259) Using 5 workers of 8 for evacuation
[2025-07-09T09:31:31.350+0530][info][gc,phases   ] GC(259)   Pre Evacuate Collection Set: 0.1ms
[2025-07-09T09:31:31.350+0530][info][gc,phases   ] GC(259)   Merge Heap Roots: 0.0ms
[2025-07-09T09:31:31.350+0530][info][gc,phases   ] GC(259)   Evacuate Collection Set: 2.1ms
[2025-07-09T09:31:31.350+0530][info][gc,phases   ] GC(259)   Post Evacuate Collection Set: 0.4ms
[2025-07-09T09:31:31.350+0530][info][gc,phases   ] GC(259)   Other: 0.1ms
[2025-07-09T09:31:31.350+0530][info][gc,heap     ] GC(259) Eden regions: 70->0(69)
[2025-07-09T09:31:31.350+0530][info][gc,heap     ] GC(259) Survivor regions: 1->2(9)
[2025-07-09T09:31:31.350+0530][info][gc,heap     ] GC(259) Old regions: 13->13
[2025-07-09T09:31:31.350+0530][info][gc,heap     ] GC(259) Archive regions: 2->2
[2025-07-09T09:31:31.350+0530][info][gc,heap     ] GC(259) Humongous regions: 0->0
[2025-07-09T09:31:31.350+0530][info][gc,metaspace] GC(259) Metaspace: 23760K(61760K)->23760K(61760K) NonClass: 18470K(43904K)->18470K(43904K) Class: 5289K(17856K)->5289K(17856K)
[2025-07-09T09:31:31.350+0530][info][gc          ] GC(259) Pause Young (Normal) (G1 Evacuation Pause) 163M->24M(238M) 2.834ms
[2025-07-09T09:31:31.350+0530][info][gc,cpu      ] GC(259) User=0.01s Sys=0.00s Real=0.01s
[2025-07-09T09:31:31.534+0530][info][gc,start    ] GC(260) Pause Young (Normal) (G1 Evacuation Pause)
[2025-07-09T09:31:31.534+0530][info][gc,task     ] GC(260) Using 5 workers of 8 for evacuation
[2025-07-09T09:31:31.541+0530][info][gc,phases   ] GC(260)   Pre Evacuate Collection Set: 0.1ms
[2025-07-09T09:31:31.541+0530][info][gc,phases   ] GC(260)   Merge Heap Roots: 0.0ms
[2025-07-09T09:31:31.541+0530][info][gc,phases   ] GC(260)   Evacuate Collection Set: 6.6ms
[2025-07-09T09:31:31.541+0530][info][gc,phases   ] GC(260)   Post Evacuate Collection Set: 0.5ms
[2025-07-09T09:31:31.541+0530][info][gc,phases   ] GC(260)   Other: 0.1ms
[2025-07-09T09:31:31.541+0530][info][gc,heap     ] GC(260) Eden regions: 69->0(84)
[2025-07-09T09:31:31.541+0530][info][gc,heap     ] GC(260) Survivor regions: 2->1(9)
[2025-07-09T09:31:31.541+0530][info][gc,heap     ] GC(260) Old regions: 13->13
[2025-07-09T09:31:31.541+0530][info][gc,heap     ] GC(260) Archive regions: 2->2
[2025-07-09T09:31:31.541+0530][info][gc,heap     ] GC(260) Humongous regions: 0->0
[2025-07-09T09:31:31.541+0530][info][gc,metaspace] GC(260) Metaspace: 23802K(61952K)->23802K(61952K) NonClass: 18498K(44032K)->18498K(44032K) Class: 5304K(17920K)->5304K(17920K)
[2025-07-09T09:31:31.541+0530][info][gc          ] GC(260) Pause Young (Normal) (G1 Evacuation Pause) 162M->24M(286M) 7.435ms
[2025-07-09T09:31:31.541+0530][info][gc,cpu      ] GC(260) User=0.01s Sys=0.00s Real=0.01s
[2025-07-09T09:31:31.785+0530][info][gc,start    ] GC(261) Pause Young (Normal) (G1 Evacuation Pause)
[2025-07-09T09:31:31.785+0530][info][gc,task     ] GC(261) Using 6 workers of 8 for evacuation
[2025-07-09T09:31:31.788+0530][info][gc,phases   ] GC(261)   Pre Evacuate Collection Set: 0.1ms
[2025-07-09T09:31:31.788+0530][info][gc,phases   ] GC(261)   Merge Heap Roots: 0.1ms
[2025-07-09T09:31:31.788+0530][info][gc,phases   ] GC(261)   Evacuate Collection Set: 1.9ms
[2025-07-09T09:31:31.788+0530][info][gc,phases   ] GC(261)   Post Evacuate Collection Set: 0.6ms
[2025-07-09T09:31:31.788+0530][info][gc,phases   ] GC(261)   Other: 0.1ms
[2025-07-09T09:31:31.788+0530][info][gc,heap     ] GC(261) Eden regions: 84->0(84)
[2025-07-09T09:31:31.788+0530][info][gc,heap     ] GC(261) Survivor regions: 1->1(11)
[2025-07-09T09:31:31.788+0530][info][gc,heap     ] GC(261) Old regions: 13->13
[2025-07-09T09:31:31.788+0530][info][gc,heap     ] GC(261) Archive regions: 2->2
[2025-07-09T09:31:31.788+0530][info][gc,heap     ] GC(261) Humongous regions: 0->0
[2025-07-09T09:31:31.788+0530][info][gc,metaspace] GC(261) Metaspace: 23852K(62144K)->23852K(62144K) NonClass: 18530K(44160K)->18530K(44160K) Class: 5321K(17984K)->5321K(17984K)
[2025-07-09T09:31:31.788+0530][info][gc          ] GC(261) Pause Young (Normal) (G1 Evacuation Pause) 192M->24M(286M) 2.966ms
[2025-07-09T09:31:31.788+0530][info][gc,cpu      ] GC(261) User=0.01s Sys=0.00s Real=0.00s
[2025-07-09T09:31:32.020+0530][info][gc,start    ] GC(262) Pause Young (Normal) (G1 Evacuation Pause)
[2025-07-09T09:31:32.020+0530][info][gc,task     ] GC(262) Using 6 workers of 8 for evacuation
[2025-07-09T09:31:32.022+0530][info][gc,phases   ] GC(262)   Pre Evacuate Collection Set: 0.1ms
[2025-07-09T09:31:32.022+0530][info][gc,phases   ] GC(262)   Merge Heap Roots: 0.0ms
[2025-07-09T09:31:32.022+0530][info][gc,phases   ] GC(262)   Evacuate Collection Set: 1.5ms
[2025-07-09T09:31:32.022+0530][info][gc,phases   ] GC(262)   Post Evacuate Collection Set: 0.3ms
[2025-07-09T09:31:32.022+0530][info][gc,phases   ] GC(262)   Other: 0.1ms
[2025-07-09T09:31:32.022+0530][info][gc,heap     ] GC(262) Eden regions: 84->0(84)
[2025-07-09T09:31:32.022+0530][info][gc,heap     ] GC(262) Survivor regions: 1->1(11)
[2025-07-09T09:31:32.022+0530][info][gc,heap     ] GC(262) Old regions: 13->13
[2025-07-09T09:31:32.022+0530][info][gc,heap     ] GC(262) Archive regions: 2->2
[2025-07-09T09:31:32.022+0530][info][gc,heap     ] GC(262) Humongous regions: 0->0
[2025-07-09T09:31:32.022+0530][info][gc,metaspace] GC(262) Metaspace: 23903K(62336K)->23903K(62336K) NonClass: 18564K(44288K)->18564K(44288K) Class: 5339K(18048K)->5339K(18048K)
[2025-07-09T09:31:32.022+0530][info][gc          ] GC(262) Pause Young (Normal) (G1 Evacuation Pause) 192M->23M(286M) 2.148ms
[2025-07-09T09:31:32.022+0530][info][gc,cpu      ] GC(262) User=0.01s Sys=0.01s Real=0.00s
[2025-07-09T09:31:32.296+0530][info][gc,start    ] GC(263) Pause Young (Normal) (G1 Evacuation Pause)
[2025-07-09T09:31:32.296+0530][info][gc,task     ] GC(263) Using 6 workers of 8 for evacuation
[2025-07-09T09:31:32.302+0530][info][gc,phases   ] GC(263)   Pre Evacuate Collection Set: 0.2ms
[2025-07-09T09:31:32.302+0530][info][gc,phases   ] GC(263)   Merge Heap Roots: 0.1ms
[2025-07-09T09:31:32.302+0530][info][gc,phases   ] GC(263)   Evacuate Collection Set: 4.4ms
[2025-07-09T09:31:32.302+0530][info][gc,phases   ] GC(263)   Post Evacuate Collection Set: 0.7ms
[2025-07-09T09:31:32.302+0530][info][gc,phases   ] GC(263)   Other: 0.5ms
[2025-07-09T09:31:32.302+0530][info][gc,heap     ] GC(263) Eden regions: 84->0(84)
[2025-07-09T09:31:32.302+0530][info][gc,heap     ] GC(263) Survivor regions: 1->1(11)
[2025-07-09T09:31:32.302+0530][info][gc,heap     ] GC(263) Old regions: 13->13
[2025-07-09T09:31:32.302+0530][info][gc,heap     ] GC(263) Archive regions: 2->2
[2025-07-09T09:31:32.302+0530][info][gc,heap     ] GC(263) Humongous regions: 0->0
[2025-07-09T09:31:32.302+0530][info][gc,metaspace] GC(263) Metaspace: 23953K(62592K)->23953K(62592K) NonClass: 18596K(44480K)->18596K(44480K) Class: 5356K(18112K)->5356K(18112K)
[2025-07-09T09:31:32.302+0530][info][gc          ] GC(263) Pause Young (Normal) (G1 Evacuation Pause) 191M->25M(286M) 5.968ms
[2025-07-09T09:31:32.302+0530][info][gc,cpu      ] GC(263) User=0.01s Sys=0.00s Real=0.01s
[2025-07-09T09:31:32.525+0530][info][gc,start    ] GC(264) Pause Young (Normal) (G1 Evacuation Pause)
[2025-07-09T09:31:32.525+0530][info][gc,task     ] GC(264) Using 6 workers of 8 for evacuation
[2025-07-09T09:31:32.528+0530][info][gc,phases   ] GC(264)   Pre Evacuate Collection Set: 0.1ms
[2025-07-09T09:31:32.528+0530][info][gc,phases   ] GC(264)   Merge Heap Roots: 0.1ms
[2025-07-09T09:31:32.528+0530][info][gc,phases   ] GC(264)   Evacuate Collection Set: 2.0ms
[2025-07-09T09:31:32.528+0530][info][gc,phases   ] GC(264)   Post Evacuate Collection Set: 0.7ms
[2025-07-09T09:31:32.528+0530][info][gc,phases   ] GC(264)   Other: 0.2ms
[2025-07-09T09:31:32.528+0530][info][gc,heap     ] GC(264) Eden regions: 84->0(83)
[2025-07-09T09:31:32.528+0530][info][gc,heap     ] GC(264) Survivor regions: 1->2(11)
[2025-07-09T09:31:32.528+0530][info][gc,heap     ] GC(264) Old regions: 13->13
[2025-07-09T09:31:32.528+0530][info][gc,heap     ] GC(264) Archive regions: 2->2
[2025-07-09T09:31:32.528+0530][info][gc,heap     ] GC(264) Humongous regions: 0->0
[2025-07-09T09:31:32.528+0530][info][gc,metaspace] GC(264) Metaspace: 24002K(62784K)->24002K(62784K) NonClass: 18628K(44608K)->18628K(44608K) Class: 5373K(18176K)->5373K(18176K)
[2025-07-09T09:31:32.528+0530][info][gc          ] GC(264) Pause Young (Normal) (G1 Evacuation Pause) 193M->25M(286M) 3.309ms
[2025-07-09T09:31:32.528+0530][info][gc,cpu      ] GC(264) User=0.01s Sys=0.00s Real=0.00s
[2025-07-09T09:31:32.758+0530][info][gc,start    ] GC(265) Pause Young (Normal) (G1 Evacuation Pause)
[2025-07-09T09:31:32.758+0530][info][gc,task     ] GC(265) Using 6 workers of 8 for evacuation
[2025-07-09T09:31:32.761+0530][info][gc,phases   ] GC(265)   Pre Evacuate Collection Set: 0.1ms
[2025-07-09T09:31:32.761+0530][info][gc,phases   ] GC(265)   Merge Heap Roots: 0.1ms
[2025-07-09T09:31:32.761+0530][info][gc,phases   ] GC(265)   Evacuate Collection Set: 1.6ms
[2025-07-09T09:31:32.761+0530][info][gc,phases   ] GC(265)   Post Evacuate Collection Set: 0.5ms
[2025-07-09T09:31:32.761+0530][info][gc,phases   ] GC(265)   Other: 0.1ms
[2025-07-09T09:31:32.761+0530][info][gc,heap     ] GC(265) Eden regions: 83->0(102)
[2025-07-09T09:31:32.761+0530][info][gc,heap     ] GC(265) Survivor regions: 2->1(11)
[2025-07-09T09:31:32.761+0530][info][gc,heap     ] GC(265) Old regions: 13->13
[2025-07-09T09:31:32.761+0530][info][gc,heap     ] GC(265) Archive regions: 2->2
[2025-07-09T09:31:32.761+0530][info][gc,heap     ] GC(265) Humongous regions: 0->0
[2025-07-09T09:31:32.761+0530][info][gc,metaspace] GC(265) Metaspace: 24054K(62976K)->24054K(62976K) NonClass: 18662K(44736K)->18662K(44736K) Class: 5391K(18240K)->5391K(18240K)
[2025-07-09T09:31:32.761+0530][info][gc          ] GC(265) Pause Young (Normal) (G1 Evacuation Pause) 191M->24M(344M) 2.451ms
[2025-07-09T09:31:32.761+0530][info][gc,cpu      ] GC(265) User=0.00s Sys=0.01s Real=0.01s
[2025-07-09T09:31:33.075+0530][info][gc,start    ] GC(266) Pause Young (Normal) (G1 Evacuation Pause)
[2025-07-09T09:31:33.075+0530][info][gc,task     ] GC(266) Using 8 workers of 8 for evacuation
[2025-07-09T09:31:33.078+0530][info][gc,phases   ] GC(266)   Pre Evacuate Collection Set: 0.1ms
[2025-07-09T09:31:33.078+0530][info][gc,phases   ] GC(266)   Merge Heap Roots: 0.1ms
[2025-07-09T09:31:33.078+0530][info][gc,phases   ] GC(266)   Evacuate Collection Set: 2.1ms
[2025-07-09T09:31:33.078+0530][info][gc,phases   ] GC(266)   Post Evacuate Collection Set: 0.4ms
[2025-07-09T09:31:33.078+0530][info][gc,phases   ] GC(266)   Other: 0.1ms
[2025-07-09T09:31:33.078+0530][info][gc,heap     ] GC(266) Eden regions: 102->0(101)
[2025-07-09T09:31:33.078+0530][info][gc,heap     ] GC(266) Survivor regions: 1->2(13)
[2025-07-09T09:31:33.078+0530][info][gc,heap     ] GC(266) Old regions: 13->13
[2025-07-09T09:31:33.078+0530][info][gc,heap     ] GC(266) Archive regions: 2->2
[2025-07-09T09:31:33.078+0530][info][gc,heap     ] GC(266) Humongous regions: 0->0
[2025-07-09T09:31:33.078+0530][info][gc,metaspace] GC(266) Metaspace: 24113K(63168K)->24113K(63168K) NonClass: 18701K(44864K)->18701K(44864K) Class: 5412K(18304K)->5412K(18304K)
[2025-07-09T09:31:33.078+0530][info][gc          ] GC(266) Pause Young (Normal) (G1 Evacuation Pause) 228M->25M(344M) 2.897ms
[2025-07-09T09:31:33.078+0530][info][gc,cpu      ] GC(266) User=0.01s Sys=0.00s Real=0.00s
[2025-07-09T09:31:33.353+0530][info][gc,start    ] GC(267) Pause Young (Normal) (G1 Evacuation Pause)
[2025-07-09T09:31:33.353+0530][info][gc,task     ] GC(267) Using 8 workers of 8 for evacuation
[2025-07-09T09:31:33.357+0530][info][gc,phases   ] GC(267)   Pre Evacuate Collection Set: 0.1ms
[2025-07-09T09:31:33.357+0530][info][gc,phases   ] GC(267)   Merge Heap Roots: 0.1ms
[2025-07-09T09:31:33.357+0530][info][gc,phases   ] GC(267)   Evacuate Collection Set: 2.7ms
[2025-07-09T09:31:33.357+0530][info][gc,phases   ] GC(267)   Post Evacuate Collection Set: 0.5ms
[2025-07-09T09:31:33.357+0530][info][gc,phases   ] GC(267)   Other: 0.1ms
[2025-07-09T09:31:33.357+0530][info][gc,heap     ] GC(267) Eden regions: 101->0(102)
[2025-07-09T09:31:33.357+0530][info][gc,heap     ] GC(267) Survivor regions: 2->1(13)
[2025-07-09T09:31:33.357+0530][info][gc,heap     ] GC(267) Old regions: 13->13
[2025-07-09T09:31:33.357+0530][info][gc,heap     ] GC(267) Archive regions: 2->2
[2025-07-09T09:31:33.357+0530][info][gc,heap     ] GC(267) Humongous regions: 0->0
[2025-07-09T09:31:33.357+0530][info][gc,metaspace] GC(267) Metaspace: 24175K(63488K)->24175K(63488K) NonClass: 18741K(45056K)->18741K(45056K) Class: 5433K(18432K)->5433K(18432K)
[2025-07-09T09:31:33.357+0530][info][gc          ] GC(267) Pause Young (Normal) (G1 Evacuation Pause) 227M->25M(344M) 3.659ms
[2025-07-09T09:31:33.357+0530][info][gc,cpu      ] GC(267) User=0.01s Sys=0.00s Real=0.00s
[2025-07-09T09:31:33.634+0530][info][gc,start    ] GC(268) Pause Young (Normal) (G1 Evacuation Pause)
[2025-07-09T09:31:33.634+0530][info][gc,task     ] GC(268) Using 8 workers of 8 for evacuation
[2025-07-09T09:31:33.636+0530][info][gc,phases   ] GC(268)   Pre Evacuate Collection Set: 0.1ms
[2025-07-09T09:31:33.636+0530][info][gc,phases   ] GC(268)   Merge Heap Roots: 0.1ms
[2025-07-09T09:31:33.636+0530][info][gc,phases   ] GC(268)   Evacuate Collection Set: 2.0ms
[2025-07-09T09:31:33.636+0530][info][gc,phases   ] GC(268)   Post Evacuate Collection Set: 0.4ms
[2025-07-09T09:31:33.636+0530][info][gc,phases   ] GC(268)   Other: 0.2ms
[2025-07-09T09:31:33.636+0530][info][gc,heap     ] GC(268) Eden regions: 102->0(102)
[2025-07-09T09:31:33.637+0530][info][gc,heap     ] GC(268) Survivor regions: 1->1(13)
[2025-07-09T09:31:33.637+0530][info][gc,heap     ] GC(268) Old regions: 13->13
[2025-07-09T09:31:33.637+0530][info][gc,heap     ] GC(268) Archive regions: 2->2
[2025-07-09T09:31:33.637+0530][info][gc,heap     ] GC(268) Humongous regions: 0->0
[2025-07-09T09:31:33.637+0530][info][gc,metaspace] GC(268) Metaspace: 24236K(63744K)->24236K(63744K) NonClass: 18781K(45248K)->18781K(45248K) Class: 5455K(18496K)->5455K(18496K)
[2025-07-09T09:31:33.637+0530][info][gc          ] GC(268) Pause Young (Normal) (G1 Evacuation Pause) 229M->25M(344M) 2.766ms
[2025-07-09T09:31:33.637+0530][info][gc,cpu      ] GC(268) User=0.01s Sys=0.00s Real=0.00s
[2025-07-09T09:31:33.913+0530][info][gc,start    ] GC(269) Pause Young (Normal) (G1 Evacuation Pause)
[2025-07-09T09:31:33.913+0530][info][gc,task     ] GC(269) Using 8 workers of 8 for evacuation
[2025-07-09T09:31:33.918+0530][info][gc,phases   ] GC(269)   Pre Evacuate Collection Set: 0.1ms
[2025-07-09T09:31:33.918+0530][info][gc,phases   ] GC(269)   Merge Heap Roots: 0.1ms
[2025-07-09T09:31:33.918+0530][info][gc,phases   ] GC(269)   Evacuate Collection Set: 3.2ms
[2025-07-09T09:31:33.918+0530][info][gc,phases   ] GC(269)   Post Evacuate Collection Set: 0.6ms
[2025-07-09T09:31:33.918+0530][info][gc,phases   ] GC(269)   Other: 0.3ms
[2025-07-09T09:31:33.918+0530][info][gc,heap     ] GC(269) Eden regions: 102->0(102)
[2025-07-09T09:31:33.918+0530][info][gc,heap     ] GC(269) Survivor regions: 1->1(13)
[2025-07-09T09:31:33.918+0530][info][gc,heap     ] GC(269) Old regions: 13->13
[2025-07-09T09:31:33.918+0530][info][gc,heap     ] GC(269) Archive regions: 2->2
[2025-07-09T09:31:33.918+0530][info][gc,heap     ] GC(269) Humongous regions: 0->0
[2025-07-09T09:31:33.918+0530][info][gc,metaspace] GC(269) Metaspace: 24298K(63936K)->24298K(63936K) NonClass: 18821K(45376K)->18821K(45376K) Class: 5476K(18560K)->5476K(18560K)
[2025-07-09T09:31:33.918+0530][info][gc          ] GC(269) Pause Young (Normal) (G1 Evacuation Pause) 229M->24M(344M) 4.496ms
[2025-07-09T09:31:33.918+0530][info][gc,cpu      ] GC(269) User=0.01s Sys=0.00s Real=0.00s
[2025-07-09T09:31:34.330+0530][info][gc,start    ] GC(270) Pause Young (Normal) (G1 Evacuation Pause)
[2025-07-09T09:31:34.330+0530][info][gc,task     ] GC(270) Using 8 workers of 8 for evacuation
[2025-07-09T09:31:34.334+0530][info][gc,phases   ] GC(270)   Pre Evacuate Collection Set: 0.4ms
[2025-07-09T09:31:34.334+0530][info][gc,phases   ] GC(270)   Merge Heap Roots: 0.1ms
[2025-07-09T09:31:34.334+0530][info][gc,phases   ] GC(270)   Evacuate Collection Set: 2.5ms
[2025-07-09T09:31:34.334+0530][info][gc,phases   ] GC(270)   Post Evacuate Collection Set: 0.5ms
[2025-07-09T09:31:34.334+0530][info][gc,phases   ] GC(270)   Other: 0.2ms
[2025-07-09T09:31:34.334+0530][info][gc,heap     ] GC(270) Eden regions: 102->0(101)
[2025-07-09T09:31:34.334+0530][info][gc,heap     ] GC(270) Survivor regions: 1->2(13)
[2025-07-09T09:31:34.334+0530][info][gc,heap     ] GC(270) Old regions: 13->13
[2025-07-09T09:31:34.334+0530][info][gc,heap     ] GC(270) Archive regions: 2->2
[2025-07-09T09:31:34.334+0530][info][gc,heap     ] GC(270) Humongous regions: 0->0
[2025-07-09T09:31:34.334+0530][info][gc,metaspace] GC(270) Metaspace: 24357K(64192K)->24357K(64192K) NonClass: 18860K(45568K)->18860K(45568K) Class: 5497K(18624K)->5497K(18624K)
[2025-07-09T09:31:34.334+0530][info][gc          ] GC(270) Pause Young (Normal) (G1 Evacuation Pause) 228M->25M(344M) 3.952ms
[2025-07-09T09:31:34.334+0530][info][gc,cpu      ] GC(270) User=0.02s Sys=0.00s Real=0.00s
[2025-07-09T09:31:34.782+0530][info][gc,start    ] GC(271) Pause Young (Normal) (G1 Evacuation Pause)
[2025-07-09T09:31:34.782+0530][info][gc,task     ] GC(271) Using 8 workers of 8 for evacuation
[2025-07-09T09:31:34.785+0530][info][gc,phases   ] GC(271)   Pre Evacuate Collection Set: 0.1ms
[2025-07-09T09:31:34.785+0530][info][gc,phases   ] GC(271)   Merge Heap Roots: 0.1ms
[2025-07-09T09:31:34.785+0530][info][gc,phases   ] GC(271)   Evacuate Collection Set: 2.2ms
[2025-07-09T09:31:34.785+0530][info][gc,phases   ] GC(271)   Post Evacuate Collection Set: 0.5ms
[2025-07-09T09:31:34.785+0530][info][gc,phases   ] GC(271)   Other: 0.1ms
[2025-07-09T09:31:34.785+0530][info][gc,heap     ] GC(271) Eden regions: 101->0(101)
[2025-07-09T09:31:34.785+0530][info][gc,heap     ] GC(271) Survivor regions: 2->2(13)
[2025-07-09T09:31:34.785+0530][info][gc,heap     ] GC(271) Old regions: 13->13
[2025-07-09T09:31:34.785+0530][info][gc,heap     ] GC(271) Archive regions: 2->2
[2025-07-09T09:31:34.785+0530][info][gc,heap     ] GC(271) Humongous regions: 0->0
[2025-07-09T09:31:34.785+0530][info][gc,metaspace] GC(271) Metaspace: 24419K(64448K)->24419K(64448K) NonClass: 18900K(45696K)->18900K(45696K) Class: 5518K(18752K)->5518K(18752K)
[2025-07-09T09:31:34.785+0530][info][gc          ] GC(271) Pause Young (Normal) (G1 Evacuation Pause) 227M->25M(344M) 3.255ms
[2025-07-09T09:31:34.785+0530][info][gc,cpu      ] GC(271) User=0.01s Sys=0.00s Real=0.00s
[2025-07-09T09:31:35.111+0530][info][gc,start    ] GC(272) Pause Young (Normal) (G1 Evacuation Pause)
[2025-07-09T09:31:35.111+0530][info][gc,task     ] GC(272) Using 8 workers of 8 for evacuation
[2025-07-09T09:31:35.114+0530][info][gc,phases   ] GC(272)   Pre Evacuate Collection Set: 0.1ms
[2025-07-09T09:31:35.114+0530][info][gc,phases   ] GC(272)   Merge Heap Roots: 0.1ms
[2025-07-09T09:31:35.114+0530][info][gc,phases   ] GC(272)   Evacuate Collection Set: 2.3ms
[2025-07-09T09:31:35.114+0530][info][gc,phases   ] GC(272)   Post Evacuate Collection Set: 0.4ms
[2025-07-09T09:31:35.114+0530][info][gc,phases   ] GC(272)   Other: 0.1ms
[2025-07-09T09:31:35.114+0530][info][gc,heap     ] GC(272) Eden regions: 101->0(101)
[2025-07-09T09:31:35.114+0530][info][gc,heap     ] GC(272) Survivor regions: 2->2(13)
[2025-07-09T09:31:35.114+0530][info][gc,heap     ] GC(272) Old regions: 13->13
[2025-07-09T09:31:35.114+0530][info][gc,heap     ] GC(272) Archive regions: 2->2
[2025-07-09T09:31:35.114+0530][info][gc,heap     ] GC(272) Humongous regions: 0->0
[2025-07-09T09:31:35.114+0530][info][gc,metaspace] GC(272) Metaspace: 24479K(64704K)->24479K(64704K) NonClass: 18939K(45888K)->18939K(45888K) Class: 5539K(18816K)->5539K(18816K)
[2025-07-09T09:31:35.114+0530][info][gc          ] GC(272) Pause Young (Normal) (G1 Evacuation Pause) 227M->26M(344M) 3.090ms
[2025-07-09T09:31:35.114+0530][info][gc,cpu      ] GC(272) User=0.01s Sys=0.00s Real=0.00s
[2025-07-09T09:31:35.530+0530][info][gc,start    ] GC(273) Pause Young (Normal) (G1 Evacuation Pause)
[2025-07-09T09:31:35.530+0530][info][gc,task     ] GC(273) Using 8 workers of 8 for evacuation
[2025-07-09T09:31:35.532+0530][info][gc,phases   ] GC(273)   Pre Evacuate Collection Set: 0.1ms
[2025-07-09T09:31:35.532+0530][info][gc,phases   ] GC(273)   Merge Heap Roots: 0.1ms
[2025-07-09T09:31:35.532+0530][info][gc,phases   ] GC(273)   Evacuate Collection Set: 2.0ms
[2025-07-09T09:31:35.532+0530][info][gc,phases   ] GC(273)   Post Evacuate Collection Set: 0.3ms
[2025-07-09T09:31:35.532+0530][info][gc,phases   ] GC(273)   Other: 0.1ms
[2025-07-09T09:31:35.532+0530][info][gc,heap     ] GC(273) Eden regions: 101->0(101)
[2025-07-09T09:31:35.532+0530][info][gc,heap     ] GC(273) Survivor regions: 2->2(13)
[2025-07-09T09:31:35.532+0530][info][gc,heap     ] GC(273) Old regions: 13->13
[2025-07-09T09:31:35.532+0530][info][gc,heap     ] GC(273) Archive regions: 2->2
[2025-07-09T09:31:35.532+0530][info][gc,heap     ] GC(273) Humongous regions: 0->0
[2025-07-09T09:31:35.532+0530][info][gc,metaspace] GC(273) Metaspace: 24540K(64960K)->24540K(64960K) NonClass: 18979K(46080K)->18979K(46080K) Class: 5560K(18880K)->5560K(18880K)
[2025-07-09T09:31:35.532+0530][info][gc          ] GC(273) Pause Young (Normal) (G1 Evacuation Pause) 228M->25M(344M) 2.691ms
[2025-07-09T09:31:35.532+0530][info][gc,cpu      ] GC(273) User=0.01s Sys=0.00s Real=0.00s
[2025-07-09T09:31:35.821+0530][info][gc,start    ] GC(274) Pause Young (Normal) (G1 Evacuation Pause)
[2025-07-09T09:31:35.821+0530][info][gc,task     ] GC(274) Using 8 workers of 8 for evacuation
[2025-07-09T09:31:35.824+0530][info][gc,phases   ] GC(274)   Pre Evacuate Collection Set: 0.1ms
[2025-07-09T09:31:35.824+0530][info][gc,phases   ] GC(274)   Merge Heap Roots: 0.0ms
[2025-07-09T09:31:35.824+0530][info][gc,phases   ] GC(274)   Evacuate Collection Set: 2.4ms
[2025-07-09T09:31:35.824+0530][info][gc,phases   ] GC(274)   Post Evacuate Collection Set: 0.4ms
[2025-07-09T09:31:35.824+0530][info][gc,phases   ] GC(274)   Other: 0.1ms
[2025-07-09T09:31:35.824+0530][info][gc,heap     ] GC(274) Eden regions: 101->0(101)
[2025-07-09T09:31:35.824+0530][info][gc,heap     ] GC(274) Survivor regions: 2->2(13)
[2025-07-09T09:31:35.824+0530][info][gc,heap     ] GC(274) Old regions: 13->13
[2025-07-09T09:31:35.824+0530][info][gc,heap     ] GC(274) Archive regions: 2->2
[2025-07-09T09:31:35.824+0530][info][gc,heap     ] GC(274) Humongous regions: 0->0
[2025-07-09T09:31:35.824+0530][info][gc,metaspace] GC(274) Metaspace: 24600K(65216K)->24600K(65216K) NonClass: 19018K(46208K)->19018K(46208K) Class: 5581K(19008K)->5581K(19008K)
[2025-07-09T09:31:35.825+0530][info][gc          ] GC(274) Pause Young (Normal) (G1 Evacuation Pause) 227M->26M(344M) 3.078ms
[2025-07-09T09:31:35.825+0530][info][gc,cpu      ] GC(274) User=0.01s Sys=0.00s Real=0.00s
[2025-07-09T09:31:36.107+0530][info][gc,start    ] GC(275) Pause Young (Normal) (G1 Evacuation Pause)
[2025-07-09T09:31:36.107+0530][info][gc,task     ] GC(275) Using 8 workers of 8 for evacuation
[2025-07-09T09:31:36.109+0530][info][gc,phases   ] GC(275)   Pre Evacuate Collection Set: 0.1ms
[2025-07-09T09:31:36.109+0530][info][gc,phases   ] GC(275)   Merge Heap Roots: 0.1ms
[2025-07-09T09:31:36.109+0530][info][gc,phases   ] GC(275)   Evacuate Collection Set: 2.0ms
[2025-07-09T09:31:36.109+0530][info][gc,phases   ] GC(275)   Post Evacuate Collection Set: 0.3ms
[2025-07-09T09:31:36.109+0530][info][gc,phases   ] GC(275)   Other: 0.1ms
[2025-07-09T09:31:36.109+0530][info][gc,heap     ] GC(275) Eden regions: 101->0(102)
[2025-07-09T09:31:36.109+0530][info][gc,heap     ] GC(275) Survivor regions: 2->1(13)
[2025-07-09T09:31:36.109+0530][info][gc,heap     ] GC(275) Old regions: 13->14
[2025-07-09T09:31:36.109+0530][info][gc,heap     ] GC(275) Archive regions: 2->2
[2025-07-09T09:31:36.109+0530][info][gc,heap     ] GC(275) Humongous regions: 0->0
[2025-07-09T09:31:36.109+0530][info][gc,metaspace] GC(275) Metaspace: 24661K(65472K)->24661K(65472K) NonClass: 19058K(46400K)->19058K(46400K) Class: 5602K(19072K)->5602K(19072K)
[2025-07-09T09:31:36.109+0530][info][gc          ] GC(275) Pause Young (Normal) (G1 Evacuation Pause) 228M->25M(344M) 2.678ms
[2025-07-09T09:31:36.109+0530][info][gc,cpu      ] GC(275) User=0.01s Sys=0.01s Real=0.00s
[2025-07-09T09:31:36.247+0530][info][gc,start    ] GC(276) Pause Young (Concurrent Start) (Metadata GC Threshold)
[2025-07-09T09:31:36.247+0530][info][gc,task     ] GC(276) Using 8 workers of 8 for evacuation
[2025-07-09T09:31:36.251+0530][info][gc,phases   ] GC(276)   Pre Evacuate Collection Set: 0.9ms
[2025-07-09T09:31:36.251+0530][info][gc,phases   ] GC(276)   Merge Heap Roots: 0.1ms
[2025-07-09T09:31:36.251+0530][info][gc,phases   ] GC(276)   Evacuate Collection Set: 2.9ms
[2025-07-09T09:31:36.251+0530][info][gc,phases   ] GC(276)   Post Evacuate Collection Set: 0.4ms
[2025-07-09T09:31:36.251+0530][info][gc,phases   ] GC(276)   Other: 0.1ms
[2025-07-09T09:31:36.251+0530][info][gc,heap     ] GC(276) Eden regions: 46->0(102)
[2025-07-09T09:31:36.251+0530][info][gc,heap     ] GC(276) Survivor regions: 1->1(13)
[2025-07-09T09:31:36.251+0530][info][gc,heap     ] GC(276) Old regions: 14->14
[2025-07-09T09:31:36.251+0530][info][gc,heap     ] GC(276) Archive regions: 2->2
[2025-07-09T09:31:36.251+0530][info][gc,heap     ] GC(276) Humongous regions: 0->0
[2025-07-09T09:31:36.251+0530][info][gc,metaspace] GC(276) Metaspace: 24688K(65536K)->24688K(65536K) NonClass: 19076K(46464K)->19076K(46464K) Class: 5612K(19072K)->5612K(19072K)
[2025-07-09T09:31:36.251+0530][info][gc          ] GC(276) Pause Young (Concurrent Start) (Metadata GC Threshold) 117M->25M(344M) 4.525ms
[2025-07-09T09:31:36.251+0530][info][gc,cpu      ] GC(276) User=0.01s Sys=0.00s Real=0.01s
[2025-07-09T09:31:36.251+0530][info][gc          ] GC(277) Concurrent Mark Cycle
[2025-07-09T09:31:36.251+0530][info][gc,task     ] GC(278) Using 8 workers of 8 for full compaction
[2025-07-09T09:31:36.251+0530][info][gc,marking  ] GC(277) Concurrent Clear Claimed Marks
[2025-07-09T09:31:36.251+0530][info][gc,start    ] GC(278) Pause Full (Metadata GC Threshold)
[2025-07-09T09:31:36.252+0530][info][gc,marking  ] GC(277) Concurrent Clear Claimed Marks 0.459ms
[2025-07-09T09:31:36.252+0530][info][gc,marking  ] GC(277) Concurrent Scan Root Regions
[2025-07-09T09:31:36.252+0530][info][gc,marking  ] GC(277) Concurrent Scan Root Regions 0.025ms
[2025-07-09T09:31:36.252+0530][info][gc,marking  ] GC(277) Concurrent Mark
[2025-07-09T09:31:36.252+0530][info][gc,marking  ] GC(277) Concurrent Mark From Roots
[2025-07-09T09:31:36.252+0530][info][gc,task     ] GC(277) Using 2 workers of 2 for marking
[2025-07-09T09:31:36.253+0530][info][gc,phases,start] GC(278) Phase 1: Mark live objects
[2025-07-09T09:31:36.268+0530][info][gc,phases      ] GC(278) Phase 1: Mark live objects 15.261ms
[2025-07-09T09:31:36.268+0530][info][gc,phases,start] GC(278) Phase 2: Prepare for compaction
[2025-07-09T09:31:36.271+0530][info][gc,phases      ] GC(278) Phase 2: Prepare for compaction 2.700ms
[2025-07-09T09:31:36.271+0530][info][gc,phases,start] GC(278) Phase 3: Adjust pointers
[2025-07-09T09:31:36.279+0530][info][gc,phases      ] GC(278) Phase 3: Adjust pointers 7.958ms
[2025-07-09T09:31:36.279+0530][info][gc,phases,start] GC(278) Phase 4: Compact heap
[2025-07-09T09:31:36.282+0530][info][gc,phases      ] GC(278) Phase 4: Compact heap 3.246ms
[2025-07-09T09:31:36.287+0530][info][gc,heap        ] GC(278) Eden regions: 0->0(26)
[2025-07-09T09:31:36.288+0530][info][gc,heap        ] GC(278) Survivor regions: 1->0(13)
[2025-07-09T09:31:36.288+0530][info][gc,heap        ] GC(278) Old regions: 14->12
[2025-07-09T09:31:36.288+0530][info][gc,heap        ] GC(278) Archive regions: 2->2
[2025-07-09T09:31:36.288+0530][info][gc,heap        ] GC(278) Humongous regions: 0->0
[2025-07-09T09:31:36.288+0530][info][gc,metaspace   ] GC(278) Metaspace: 24688K(65536K)->24688K(65536K) NonClass: 19076K(46464K)->19076K(46464K) Class: 5612K(19072K)->5612K(19072K)
[2025-07-09T09:31:36.288+0530][info][gc             ] GC(278) Pause Full (Metadata GC Threshold) 25M->22M(94M) 36.330ms
[2025-07-09T09:31:36.288+0530][info][gc,cpu         ] GC(278) User=0.13s Sys=0.02s Real=0.03s
[2025-07-09T09:31:36.288+0530][info][gc,task        ] GC(279) Using 4 workers of 8 for full compaction
[2025-07-09T09:31:36.288+0530][info][gc,start       ] GC(279) Pause Full (Metadata GC Clear Soft References)
[2025-07-09T09:31:36.288+0530][info][gc,phases,start] GC(279) Phase 1: Mark live objects
[2025-07-09T09:31:36.311+0530][info][gc,phases      ] GC(279) Phase 1: Mark live objects 22.556ms
[2025-07-09T09:31:36.311+0530][info][gc,phases,start] GC(279) Phase 2: Prepare for compaction
[2025-07-09T09:31:36.313+0530][info][gc,phases      ] GC(279) Phase 2: Prepare for compaction 2.245ms
[2025-07-09T09:31:36.313+0530][info][gc,phases,start] GC(279) Phase 3: Adjust pointers
[2025-07-09T09:31:36.320+0530][info][gc,phases      ] GC(279) Phase 3: Adjust pointers 6.512ms
[2025-07-09T09:31:36.320+0530][info][gc,phases,start] GC(279) Phase 4: Compact heap
[2025-07-09T09:31:36.322+0530][info][gc,phases      ] GC(279) Phase 4: Compact heap 2.028ms
[2025-07-09T09:31:36.325+0530][info][gc,heap        ] GC(279) Eden regions: 0->0(24)
[2025-07-09T09:31:36.325+0530][info][gc,heap        ] GC(279) Survivor regions: 0->0(13)
[2025-07-09T09:31:36.325+0530][info][gc,heap        ] GC(279) Old regions: 12->11
[2025-07-09T09:31:36.325+0530][info][gc,heap        ] GC(279) Archive regions: 2->2
[2025-07-09T09:31:36.325+0530][info][gc,heap        ] GC(279) Humongous regions: 0->0
[2025-07-09T09:31:36.325+0530][info][gc,metaspace   ] GC(279) Metaspace: 24688K(65536K)->24667K(65536K) NonClass: 19076K(46464K)->19060K(46464K) Class: 5612K(19072K)->5607K(19072K)
[2025-07-09T09:31:36.325+0530][info][gc             ] GC(279) Pause Full (Metadata GC Clear Soft References) 22M->18M(88M) 37.195ms
[2025-07-09T09:31:36.326+0530][info][gc,cpu         ] GC(279) User=0.11s Sys=0.00s Real=0.04s
[2025-07-09T09:31:36.326+0530][info][gc,marking     ] GC(277) Concurrent Mark From Roots 74.041ms
[2025-07-09T09:31:36.326+0530][info][gc,marking     ] GC(277) Concurrent Mark Abort
[2025-07-09T09:31:36.326+0530][info][gc             ] GC(277) Concurrent Mark Cycle 74.668ms
[2025-07-09T09:31:36.390+0530][info][gc,start       ] GC(280) Pause Young (Concurrent Start) (Metadata GC Threshold)
[2025-07-09T09:31:36.390+0530][info][gc,task        ] GC(280) Using 3 workers of 8 for evacuation
[2025-07-09T09:31:36.394+0530][info][gc,phases      ] GC(280)   Pre Evacuate Collection Set: 0.8ms
[2025-07-09T09:31:36.394+0530][info][gc,phases      ] GC(280)   Merge Heap Roots: 0.0ms
[2025-07-09T09:31:36.394+0530][info][gc,phases      ] GC(280)   Evacuate Collection Set: 1.7ms
[2025-07-09T09:31:36.394+0530][info][gc,phases      ] GC(280)   Post Evacuate Collection Set: 0.5ms
[2025-07-09T09:31:36.394+0530][info][gc,phases      ] GC(280)   Other: 0.1ms
[2025-07-09T09:31:36.394+0530][info][gc,heap        ] GC(280) Eden regions: 20->0(23)
[2025-07-09T09:31:36.394+0530][info][gc,heap        ] GC(280) Survivor regions: 0->1(3)
[2025-07-09T09:31:36.394+0530][info][gc,heap        ] GC(280) Old regions: 11->11
[2025-07-09T09:31:36.394+0530][info][gc,heap        ] GC(280) Archive regions: 2->2
[2025-07-09T09:31:36.394+0530][info][gc,heap        ] GC(280) Humongous regions: 0->0
[2025-07-09T09:31:36.394+0530][info][gc,metaspace   ] GC(280) Metaspace: 24681K(65536K)->24681K(65536K) NonClass: 19069K(46464K)->19069K(46464K) Class: 5611K(19072K)->5611K(19072K)
[2025-07-09T09:31:36.394+0530][info][gc             ] GC(280) Pause Young (Concurrent Start) (Metadata GC Threshold) 58M->19M(88M) 3.413ms
[2025-07-09T09:31:36.394+0530][info][gc,cpu         ] GC(280) User=0.00s Sys=0.00s Real=0.00s
[2025-07-09T09:31:36.394+0530][info][gc,task        ] GC(281) Using 2 workers of 8 for full compaction
[2025-07-09T09:31:36.394+0530][info][gc             ] GC(282) Concurrent Mark Cycle
[2025-07-09T09:31:36.394+0530][info][gc,start       ] GC(281) Pause Full (Metadata GC Threshold)
[2025-07-09T09:31:36.394+0530][info][gc,marking     ] GC(282) Concurrent Clear Claimed Marks
[2025-07-09T09:31:36.394+0530][info][gc,marking     ] GC(282) Concurrent Clear Claimed Marks 0.444ms
[2025-07-09T09:31:36.394+0530][info][gc,marking     ] GC(282) Concurrent Scan Root Regions
[2025-07-09T09:31:36.394+0530][info][gc,marking     ] GC(282) Concurrent Scan Root Regions 0.021ms
[2025-07-09T09:31:36.394+0530][info][gc,marking     ] GC(282) Concurrent Mark
[2025-07-09T09:31:36.394+0530][info][gc,marking     ] GC(282) Concurrent Mark From Roots
[2025-07-09T09:31:36.394+0530][info][gc,task        ] GC(282) Using 2 workers of 2 for marking
[2025-07-09T09:31:36.394+0530][info][gc,phases,start] GC(281) Phase 1: Mark live objects
[2025-07-09T09:31:36.418+0530][info][gc,phases      ] GC(281) Phase 1: Mark live objects 23.197ms
[2025-07-09T09:31:36.418+0530][info][gc,phases,start] GC(281) Phase 2: Prepare for compaction
[2025-07-09T09:31:36.419+0530][info][gc,phases      ] GC(281) Phase 2: Prepare for compaction 1.140ms
[2025-07-09T09:31:36.419+0530][info][gc,phases,start] GC(281) Phase 3: Adjust pointers
[2025-07-09T09:31:36.426+0530][info][gc,phases      ] GC(281) Phase 3: Adjust pointers 6.914ms
[2025-07-09T09:31:36.426+0530][info][gc,phases,start] GC(281) Phase 4: Compact heap
[2025-07-09T09:31:36.426+0530][info][gc,phases      ] GC(281) Phase 4: Compact heap 0.535ms
[2025-07-09T09:31:36.431+0530][info][gc,heap        ] GC(281) Eden regions: 0->0(20)
[2025-07-09T09:31:36.431+0530][info][gc,heap        ] GC(281) Survivor regions: 1->0(3)
[2025-07-09T09:31:36.432+0530][info][gc,heap        ] GC(281) Old regions: 11->9
[2025-07-09T09:31:36.432+0530][info][gc,heap        ] GC(281) Archive regions: 2->2
[2025-07-09T09:31:36.432+0530][info][gc,heap        ] GC(281) Humongous regions: 0->0
[2025-07-09T09:31:36.432+0530][info][gc,metaspace   ] GC(281) Metaspace: 24681K(65536K)->24681K(65536K) NonClass: 19069K(46464K)->19069K(46464K) Class: 5611K(19072K)->5611K(19072K)
[2025-07-09T09:31:36.432+0530][info][gc             ] GC(281) Pause Full (Metadata GC Threshold) 19M->19M(74M) 37.813ms
[2025-07-09T09:31:36.432+0530][info][gc,cpu         ] GC(281) User=0.07s Sys=0.01s Real=0.04s
[2025-07-09T09:31:36.432+0530][info][gc,task        ] GC(283) Using 2 workers of 8 for full compaction
[2025-07-09T09:31:36.432+0530][info][gc,start       ] GC(283) Pause Full (Metadata GC Clear Soft References)
[2025-07-09T09:31:36.432+0530][info][gc,phases,start] GC(283) Phase 1: Mark live objects
[2025-07-09T09:31:36.450+0530][info][gc,phases      ] GC(283) Phase 1: Mark live objects 18.297ms
[2025-07-09T09:31:36.450+0530][info][gc,phases,start] GC(283) Phase 2: Prepare for compaction
[2025-07-09T09:31:36.453+0530][info][gc,phases      ] GC(283) Phase 2: Prepare for compaction 3.012ms
[2025-07-09T09:31:36.453+0530][info][gc,phases,start] GC(283) Phase 3: Adjust pointers
[2025-07-09T09:31:36.461+0530][info][gc,phases      ] GC(283) Phase 3: Adjust pointers 7.877ms
[2025-07-09T09:31:36.461+0530][info][gc,phases,start] GC(283) Phase 4: Compact heap
[2025-07-09T09:31:36.463+0530][info][gc,phases      ] GC(283) Phase 4: Compact heap 2.216ms
[2025-07-09T09:31:36.467+0530][info][gc,heap        ] GC(283) Eden regions: 0->0(20)
[2025-07-09T09:31:36.467+0530][info][gc,heap        ] GC(283) Survivor regions: 0->0(3)
[2025-07-09T09:31:36.467+0530][info][gc,heap        ] GC(283) Old regions: 9->9
[2025-07-09T09:31:36.467+0530][info][gc,heap        ] GC(283) Archive regions: 2->2
[2025-07-09T09:31:36.467+0530][info][gc,heap        ] GC(283) Humongous regions: 0->0
[2025-07-09T09:31:36.467+0530][info][gc,metaspace   ] GC(283) Metaspace: 24681K(65536K)->24681K(65536K) NonClass: 19069K(46464K)->19069K(46464K) Class: 5611K(19072K)->5611K(19072K)
[2025-07-09T09:31:36.467+0530][info][gc             ] GC(283) Pause Full (Metadata GC Clear Soft References) 19M->18M(74M) 35.384ms
[2025-07-09T09:31:36.467+0530][info][gc,cpu         ] GC(283) User=0.06s Sys=0.00s Real=0.03s
[2025-07-09T09:31:36.467+0530][info][gc,metaspace,freelist,oom] Metaspace (class) allocation failed for size 65
[2025-07-09T09:31:36.467+0530][info][gc,marking               ] GC(282) Concurrent Mark From Roots 73.104ms
[2025-07-09T09:31:36.467+0530][info][gc,marking               ] GC(282) Concurrent Mark Abort
[2025-07-09T09:31:36.467+0530][info][gc                       ] GC(282) Concurrent Mark Cycle 73.733ms
[2025-07-09T09:31:36.468+0530][info][gc,metaspace,freelist,oom] 
[2025-07-09T09:31:36.468+0530][info][gc,metaspace,freelist,oom] Usage:
[2025-07-09T09:31:36.468+0530][info][gc,metaspace,freelist,oom]   Non-class:     18.62 MB used.
[2025-07-09T09:31:36.468+0530][info][gc,metaspace,freelist,oom]       Class:      5.48 MB used.
[2025-07-09T09:31:36.468+0530][info][gc,metaspace,freelist,oom]        Both:     24.10 MB used.
[2025-07-09T09:31:36.468+0530][info][gc,metaspace,freelist,oom] 
[2025-07-09T09:31:36.468+0530][info][gc,metaspace,freelist,oom] Virtual space:
[2025-07-09T09:31:36.468+0530][info][gc,metaspace,freelist,oom]   Non-class space:       64.00 MB reserved,      45.38 MB ( 71%) committed,  1 nodes.
[2025-07-09T09:31:36.468+0530][info][gc,metaspace,freelist,oom]       Class space:       64.00 MB reserved,      18.62 MB ( 29%) committed,  1 nodes.
[2025-07-09T09:31:36.468+0530][info][gc,metaspace,freelist,oom]              Both:      128.00 MB reserved,      64.00 MB ( 50%) committed. 
[2025-07-09T09:31:36.468+0530][info][gc,metaspace,freelist,oom] 
[2025-07-09T09:31:36.468+0530][info][gc,metaspace,freelist,oom] Chunk freelists:
[2025-07-09T09:31:36.468+0530][info][gc,metaspace,freelist,oom]    Non-Class:  862.00 KB
[2025-07-09T09:31:36.468+0530][info][gc,metaspace,freelist,oom]        Class:  13.31 MB
[2025-07-09T09:31:36.468+0530][info][gc,metaspace,freelist,oom]         Both:  14.15 MB
[2025-07-09T09:31:36.468+0530][info][gc,metaspace,freelist,oom] 
[2025-07-09T09:31:36.468+0530][info][gc,metaspace,freelist,oom] MaxMetaspaceSize: 64.00 MB
[2025-07-09T09:31:36.468+0530][info][gc,metaspace,freelist,oom] CompressedClassSpaceSize: 64.00 MB
[2025-07-09T09:31:36.468+0530][info][gc,metaspace,freelist,oom] Initial GC threshold: 21.00 MB
[2025-07-09T09:31:36.468+0530][info][gc,metaspace,freelist,oom] Current GC threshold: 64.00 MB
[2025-07-09T09:31:36.468+0530][info][gc,metaspace,freelist,oom] CDS: on
[2025-07-09T09:31:36.468+0530][info][gc,metaspace,freelist,oom] MetaspaceReclaimPolicy: balanced
[2025-07-09T09:31:36.468+0530][info][gc,metaspace,freelist,oom]  - commit_granule_bytes: 65536.
[2025-07-09T09:31:36.468+0530][info][gc,metaspace,freelist,oom]  - commit_granule_words: 8192.
[2025-07-09T09:31:36.468+0530][info][gc,metaspace,freelist,oom]  - virtual_space_node_default_size: 8388608.
[2025-07-09T09:31:36.468+0530][info][gc,metaspace,freelist,oom]  - enlarge_chunks_in_place: 1.
[2025-07-09T09:31:36.468+0530][info][gc,metaspace,freelist,oom]  - new_chunks_are_fully_committed: 0.
[2025-07-09T09:31:36.468+0530][info][gc,metaspace,freelist,oom]  - uncommit_free_chunks: 1.
[2025-07-09T09:31:36.468+0530][info][gc,metaspace,freelist,oom]  - use_allocation_guard: 0.
[2025-07-09T09:31:36.468+0530][info][gc,metaspace,freelist,oom]  - handle_deallocations: 1.
[2025-07-09T09:31:36.468+0530][info][gc,metaspace,freelist,oom] 
[2025-07-09T09:31:36.468+0530][info][gc,metaspace,freelist,oom] 
[2025-07-09T09:31:36.468+0530][info][gc,metaspace,freelist,oom] Internal statistics:
[2025-07-09T09:31:36.468+0530][info][gc,metaspace,freelist,oom] 
[2025-07-09T09:31:36.468+0530][info][gc,metaspace,freelist,oom] num_allocs_failed_limit: 22.
[2025-07-09T09:31:36.468+0530][info][gc,metaspace,freelist,oom] num_arena_births: 18040.
[2025-07-09T09:31:36.468+0530][info][gc,metaspace,freelist,oom] num_arena_deaths: 20.
[2025-07-09T09:31:36.468+0530][info][gc,metaspace,freelist,oom] num_vsnodes_births: 2.
[2025-07-09T09:31:36.468+0530][info][gc,metaspace,freelist,oom] num_vsnodes_deaths: 0.
[2025-07-09T09:31:36.468+0530][info][gc,metaspace,freelist,oom] num_space_committed: 1024.
[2025-07-09T09:31:36.468+0530][info][gc,metaspace,freelist,oom] num_space_uncommitted: 0.
[2025-07-09T09:31:36.468+0530][info][gc,metaspace,freelist,oom] num_chunks_returned_to_freelist: 44.
[2025-07-09T09:31:36.468+0530][info][gc,metaspace,freelist,oom] num_chunks_taken_from_freelist: 18478.
[2025-07-09T09:31:36.468+0530][info][gc,metaspace,freelist,oom] num_chunk_merges: 26.
[2025-07-09T09:31:36.468+0530][info][gc,metaspace,freelist,oom] num_chunk_splits: 9327.
[2025-07-09T09:31:36.468+0530][info][gc,metaspace,freelist,oom] num_chunks_enlarged: 243.
[2025-07-09T09:31:36.468+0530][info][gc,metaspace,freelist,oom] num_purges: 2.
[2025-07-09T09:31:36.468+0530][info][gc,metaspace,freelist,oom] num_inconsistent_stats: 0.
[2025-07-09T09:31:36.468+0530][info][gc,metaspace,freelist,oom] 
[2025-07-09T09:31:36.595+0530][info][gc,heap,exit             ] Heap
[2025-07-09T09:31:36.595+0530][info][gc,heap,exit             ]  garbage-first heap   total 75776K, used 20975K [0x0000000700000000, 0x0000000800000000)
[2025-07-09T09:31:36.595+0530][info][gc,heap,exit             ]   region size 2048K, 1 young (2048K), 0 survivors (0K)
[2025-07-09T09:31:36.595+0530][info][gc,heap,exit             ]  Metaspace       used 24689K, committed 65536K, reserved 131072K
[2025-07-09T09:31:36.595+0530][info][gc,heap,exit             ]   class space    used 5612K, committed 19072K, reserved 65536K
